03 Clean Data/daily_store_performance_clean.csv
dept_id,sale_date,wm_yr_wk,weekday,store_id,state_id,cat_id,event_name_1,event_type_1,event_name_2,event_type_2,snap_TX,total_units_sold,total_revenue,average_selling_price
FOODS_1,2014-05-24,11417,Saturday,TX_1,TX,FOODS,NULL,NULL,NULL,NULL,0,237,546.77,2.31
FOODS_1,2014-05-25,11417,Sunday,TX_1,TX,FOODS,NULL,NULL,NULL,NULL,0,206,497.37,2.41
FOODS_1,2014-05-27,11417,Tuesday,TX_1,TX,FOODS,NULL,NULL,NULL,NULL,0,170,404.06,2.38
FOODS_1,2014-05-28,11417,Wednesday,TX_1,TX,FOODS,NULL,NULL,NULL,NULL,0,196,449.42,2.29
FOODS_1,2014-05-29,11417,Thursday,TX_1,TX,FOODS,NULL,NULL,NULL,NULL,0,150,382.79,2.55
FOODS_1,2014-05-30,11417,Friday,TX_1,TX,FOODS,NULL,NULL,NULL,NULL,0,193,476.77,2.47
FOODS_1,2014-05-31,11418,Saturday,TX_1,TX,FOODS,NULL,NULL,NULL,NULL,0,182,437.04,2.40
FOODS_1,2014-06-01,11418,Sunday,TX_1,TX,FOODS,NULL,NULL,NULL,NULL,1,240,575.69,2.40
FOODS_1,2014-06-02,11418,Monday,TX_1,TX,FOODS,NULL,NULL,NULL,NULL,0,140,336.87,2.41
FOODS_1,2014-06-03,11418,Tuesday,TX_1,TX,FOODS,NULL,NULL,NULL,NULL,1,183,445.02,2.43
FOODS_1,2014-06-04,11418,Wednesday,TX_1,TX,FOODS,NULL,NULL,NULL,NULL,0,142,328.95,2.32
FOODS_1,2014-06-06,11418,Friday,TX_1,TX,FOODS,NULL,NULL,NULL,NULL,1,174,421.43,2.42
FOODS_1,2014-06-07,11419,Saturday,TX_1,TX,FOODS,NULL,NULL,NULL,NULL,1,221,551.20,2.49
FOODS_1,2014-06-08,11419,Sunday,TX_1,TX,FOODS,NULL,NULL,NULL,NULL,0,221,443.84,2.01
FOODS_1,2014-06-09,11419,Monday,TX_1,TX,FOODS,NULL,NULL,NULL,NULL,1,157,367.78,2.34
FOODS_1,2014-06-10,11419,Tuesday,TX_1,TX,FOODS,NULL,NULL,NULL,NULL,0,197,493.10,2.50
FOODS_1,2014-06-11,11419,Wednesday,TX_1,TX,FOODS,NULL,NULL,NULL,NULL,1,186,436.37,2.35
FOODS_1,2014-06-12,11419,Thursday,TX_1,TX,FOODS,NULL,NULL,NULL,NULL,1,230,593.34,2.58
FOODS_1,2014-06-13,11419,Friday,TX_1,TX,FOODS,NULL,NULL,NULL,NULL,1,186,475.01,2.55
FOODS_1,2014-06-14,11420,Saturday,TX_1,TX,FOODS,NULL,NULL,NULL,NULL,0,271,629.12,2.32
FOODS_1,2014-06-16,11420,Monday,TX_1,TX,FOODS,NULL,NULL,NULL,NULL,0,156,438.63,2.81
FOODS_1,2014-06-17,11420,Tuesday,TX_1,TX,FOODS,NULL,NULL,NULL,NULL,0,242,569.38,2.35
FOODS_1,2014-06-18,11420,Wednesday,TX_1,TX,FOODS,NULL,NULL,NULL,NULL,0,213,484.44,2.27
FOODS_1,2014-06-19,11420,Thursday,TX_1,TX,FOODS,NULL,NULL,NULL,NULL,0,202,510.71,2.53
FOODS_1,2014-06-20,11420,Friday,TX_1,TX,FOODS,NULL,NULL,NULL,NULL,0,181,430.35,2.38
FOODS_1,2014-06-21,11421,Saturday,TX_1,TX,FOODS,NULL,NULL,NULL,NULL,0,196,466.10,2.38
FOODS_1,2014-06-22,11421,Sunday,TX_1,TX,FOODS,NULL,NULL,NULL,NULL,0,204,436.89,2.14
FOODS_1,2014-06-23,11421,Monday,TX_1,TX,FOODS,NULL,NULL,NULL,NULL,0,179,387.14,2.16
FOODS_1,2014-06-24,11421,Tuesday,TX_1,TX,FOODS,NULL,NULL,NULL,NULL,0,203,475.53,2.34
FOODS_1,2014-06-25,11421,Wednesday,TX_1,TX,FOODS,NULL,NULL,NULL,NULL,0,131,359.67,2.75
FOODS_1,2014-06-26,11421,Thursday,TX_1,TX,FOODS,NULL,NULL,NULL,NULL,0,113,378.86,3.35
FOODS_1,2014-06-27,11421,Friday,TX_1,TX,FOODS,NULL,NULL,NULL,NULL,0,148,438.08,2.96
FOODS_1,2014-06-28,11422,Saturday,TX_1,TX,FOODS,NULL,NULL,NULL,NULL,0,123,338.61,2.75
FOODS_1,2014-06-30,11422,Monday,TX_1,TX,FOODS,NULL,NULL,NULL,NULL,0,149,412.64,2.77
FOODS_1,2014-07-01,11422,Tuesday,TX_1,TX,FOODS,NULL,NULL,NULL,NULL,1,166,437.64,2.64
FOODS_1,2014-07-02,11422,Wednesday,TX_1,TX,FOODS,NULL,NULL,NULL,NULL,0,153,353.42,2.31
FOODS_1,2014-07-03,11422,Thursday,TX_1,TX,FOODS,NULL,NULL,NULL,NULL,1,255,532.92,2.09
FOODS_1,2014-07-05,11423,Saturday,TX_1,TX,FOODS,NULL,NULL,NULL,NULL,1,284,627.38,2.21
FOODS_1,2014-07-06,11423,Sunday,TX_1,TX,FOODS,NULL,NULL,NULL,NULL,1,192,438.22,2.28
FOODS_1,2014-07-07,11423,Monday,TX_1,TX,FOODS,NULL,NULL,NULL,NULL,1,165,367.53,2.23
FOODS_1,2014-07-08,11423,Tuesday,TX_1,TX,FOODS,NULL,NULL,NULL,NULL,0,188,461.24,2.45
FOODS_1,2014-07-09,11423,Wednesday,TX_1,TX,FOODS,NULL,NULL,NULL,NULL,1,213,457.58,2.15
FOODS_1,2014-07-10,11423,Thursday,TX_1,TX,FOODS,NULL,NULL,NULL,NULL,0,150,339.76,2.27
FOODS_1,2014-07-11,11423,Friday,TX_1,TX,FOODS,NULL,NULL,NULL,NULL,1,223,497.84,2.23
FOODS_1,2014-07-12,11424,Saturday,TX_1,TX,FOODS,NULL,NULL,NULL,NULL,1,271,624.88,2.31
FOODS_1,2014-07-13,11424,Sunday,TX_1,TX,FOODS,NULL,NULL,NULL,NULL,1,233,575.03,2.47
FOODS_1,2014-07-14,11424,Monday,TX_1,TX,FOODS,NULL,NULL,NULL,NULL,0,196,481.43,2.46
FOODS_1,2014-07-15,11424,Tuesday,TX_1,TX,FOODS,NULL,NULL,NULL,NULL,1,219,532.97,2.43
FOODS_1,2014-07-16,11424,Wednesday,TX_1,TX,FOODS,NULL,NULL,NULL,NULL,0,159,428.41,2.69
FOODS_1,2014-07-17,11424,Thursday,TX_1,TX,FOODS,NULL,NULL,NULL,NULL,0,178,496.86,2.79
FOODS_1,2014-07-18,11424,Friday,TX_1,TX,FOODS,NULL,NULL,NULL,NULL,0,160,415.97,2.60
FOODS_1,2014-07-19,11425,Saturday,TX_1,TX,FOODS,NULL,NULL,NULL,NULL,0,240,585.78,2.44
FOODS_1,2014-07-20,11425,Sunday,TX_1,TX,FOODS,NULL,NULL,NULL,NULL,0,243,624.43,2.57
FOODS_1,2014-07-21,11425,Monday,TX_1,TX,FOODS,NULL,NULL,NULL,NULL,0,173,488.37,2.82
FOODS_1,2014-07-22,11425,Tuesday,TX_1,TX,FOODS,NULL,NULL,NULL,NULL,0,180,518.02,2.88
FOODS_1,2014-07-23,11425,Wednesday,TX_1,TX,FOODS,NULL,NULL,NULL,NULL,0,163,448.15,2.75
FOODS_1,2014-07-24,11425,Thursday,TX_1,TX,FOODS,NULL,NULL,NULL,NULL,0,200,486.87,2.43
FOODS_1,2014-07-25,11425,Friday,TX_1,TX,FOODS,NULL,NULL,NULL,NULL,0,163,494.81,3.04
FOODS_1,2014-07-26,11426,Saturday,TX_1,TX,FOODS,NULL,NULL,NULL,NULL,0,153,414.15,2.71
FOODS_1,2014-07-27,11426,Sunday,TX_1,TX,FOODS,NULL,NULL,NULL,NULL,0,204,503.80,2.47
FOODS_1,2014-07-28,11426,Monday,TX_1,TX,FOODS,NULL,NULL,NULL,NULL,0,126,341.22,2.71
FOODS_1,2014-07-30,11426,Wednesday,TX_1,TX,FOODS,NULL,NULL,NULL,NULL,0,142,368.24,2.59
FOODS_1,2014-07-31,11426,Thursday,TX_1,TX,FOODS,NULL,NULL,NULL,NULL,0,199,525.63,2.64
FOODS_1,2014-08-01,11426,Friday,TX_1,TX,FOODS,NULL,NULL,NULL,NULL,1,218,596.14,2.73
FOODS_1,2014-08-02,11427,Saturday,TX_1,TX,FOODS,NULL,NULL,NULL,NULL,0,265,707.17,2.67
FOODS_1,2014-08-03,11427,Sunday,TX_1,TX,FOODS,NULL,NULL,NULL,NULL,1,245,519.65,2.12
FOODS_1,2014-08-04,11427,Monday,TX_1,TX,FOODS,NULL,NULL,NULL,NULL,0,203,554.34,2.73
FOODS_1,2014-08-05,11427,Tuesday,TX_1,TX,FOODS,NULL,NULL,NULL,NULL,1,150,386.82,2.58
FOODS_1,2014-08-06,11427,Wednesday,TX_1,TX,FOODS,NULL,NULL,NULL,NULL,1,175,489.77,2.80
FOODS_1,2014-08-07,11427,Thursday,TX_1,TX,FOODS,NULL,NULL,NULL,NULL,1,158,481.72,3.05
FOODS_1,2014-08-08,11427,Friday,TX_1,TX,FOODS,NULL,NULL,NULL,NULL,0,199,553.40,2.78
FOODS_1,2014-08-09,11428,Saturday,TX_1,TX,FOODS,NULL,NULL,NULL,NULL,1,188,473.20,2.52
FOODS_1,2014-08-10,11428,Sunday,TX_1,TX,FOODS,NULL,NULL,NULL,NULL,0,137,363.04,2.65
FOODS_1,2014-08-11,11428,Monday,TX_1,TX,FOODS,NULL,NULL,NULL,NULL,1,132,334.29,2.53
FOODS_1,2014-08-12,11428,Tuesday,TX_1,TX,FOODS,NULL,NULL,NULL,NULL,1,150,386.12,2.57
FOODS_1,2014-08-13,11428,Wednesday,TX_1,TX,FOODS,NULL,NULL,NULL,NULL,1,153,411.73,2.69
FOODS_1,2014-08-14,11428,Thursday,TX_1,TX,FOODS,NULL,NULL,NULL,NULL,0,169,443.65,2.63
FOODS_1,2014-08-15,11428,Friday,TX_1,TX,FOODS,NULL,NULL,NULL,NULL,1,183,479.92,2.62
FOODS_1,2014-08-16,11429,Saturday,TX_1,TX,FOODS,NULL,NULL,NULL,NULL,0,225,579.98,2.58
FOODS_1,2014-08-17,11429,Sunday,TX_1,TX,FOODS,NULL,NULL,NULL,NULL,0,213,552.84,2.60
FOODS_1,2014-08-18,11429,Monday,TX_1,TX,FOODS,NULL,NULL,NULL,NULL,0,155,405.41,2.62
FOODS_1,2014-08-19,11429,Tuesday,TX_1,TX,FOODS,NULL,NULL,NULL,NULL,0,173,468.49,2.71
FOODS_1,2014-08-20,11429,Wednesday,TX_1,TX,FOODS,NULL,NULL,NULL,NULL,0,176,542.28,3.08
FOODS_1,2014-08-21,11429,Thursday,TX_1,TX,FOODS,NULL,NULL,NULL,NULL,0,217,618.54,2.85
FOODS_1,2014-08-22,11429,Friday,TX_1,TX,FOODS,NULL,NULL,NULL,NULL,0,197,521.39,2.65
FOODS_1,2014-08-23,11430,Saturday,TX_1,TX,FOODS,NULL,NULL,NULL,NULL,0,209,584.62,2.80
FOODS_1,2014-08-24,11430,Sunday,TX_1,TX,FOODS,NULL,NULL,NULL,NULL,0,211,596.99,2.83
FOODS_1,2014-08-25,11430,Monday,TX_1,TX,FOODS,NULL,NULL,NULL,NULL,0,150,479.44,3.20
FOODS_1,2014-08-26,11430,Tuesday,TX_1,TX,FOODS,NULL,NULL,NULL,NULL,0,132,373.65,2.83
FOODS_1,2014-08-27,11430,Wednesday,TX_1,TX,FOODS,NULL,NULL,NULL,NULL,0,159,450.54,2.83
FOODS_1,2014-08-28,11430,Thursday,TX_1,TX,FOODS,NULL,NULL,NULL,NULL,0,127,407.96,3.21
FOODS_1,2014-08-29,11430,Friday,TX_1,TX,FOODS,NULL,NULL,NULL,NULL,0,151,411.88,2.73
FOODS_1,2014-08-30,11431,Saturday,TX_1,TX,FOODS,NULL,NULL,NULL,NULL,0,200,666.14,3.33
FOODS_1,2014-08-31,11431,Sunday,TX_1,TX,FOODS,NULL,NULL,NULL,NULL,0,188,544.22,2.89
FOODS_1,2014-09-02,11431,Tuesday,TX_1,TX,FOODS,NULL,NULL,NULL,NULL,0,145,445.13,3.07
FOODS_1,2014-09-03,11431,Wednesday,TX_1,TX,FOODS,NULL,NULL,NULL,NULL,1,157,453.07,2.89
FOODS_1,2014-09-04,11431,Thursday,TX_1,TX,FOODS,NULL,NULL,NULL,NULL,0,165,503.10,3.05
FOODS_1,2014-09-05,11431,Friday,TX_1,TX,FOODS,NULL,NULL,NULL,NULL,1,168,492.70,2.93
FOODS_1,2014-09-06,11432,Saturday,TX_1,TX,FOODS,NULL,NULL,NULL,NULL,1,201,506.95,2.52
FOODS_1,2014-09-07,11432,Sunday,TX_1,TX,FOODS,NULL,NULL,NULL,NULL,1,109,272.38,2.50
FOODS_1,2014-09-08,11432,Monday,TX_1,TX,FOODS,NULL,NULL,NULL,NULL,0,201,543.50,2.70
FOODS_1,2014-09-09,11432,Tuesday,TX_1,TX,FOODS,NULL,NULL,NULL,NULL,1,202,538.19,2.66
FOODS_1,2014-09-10,11432,Wednesday,TX_1,TX,FOODS,NULL,NULL,NULL,NULL,0,140,370.97,2.65
FOODS_1,2014-09-11,11432,Thursday,TX_1,TX,FOODS,NULL,NULL,NULL,NULL,1,205,586.03,2.86
FOODS_1,2014-09-12,11432,Friday,TX_1,TX,FOODS,NULL,NULL,NULL,NULL,1,139,339.98,2.45
FOODS_1,2014-09-13,11433,Saturday,TX_1,TX,FOODS,NULL,NULL,NULL,NULL,1,189,513.64,2.72
FOODS_1,2014-09-14,11433,Sunday,TX_1,TX,FOODS,NULL,NULL,NULL,NULL,0,205,500.15,2.44
FOODS_1,2014-09-15,11433,Monday,TX_1,TX,FOODS,NULL,NULL,NULL,NULL,1,160,396.92,2.48
FOODS_1,2014-09-16,11433,Tuesday,TX_1,TX,FOODS,NULL,NULL,NULL,NULL,0,203,584.64,2.88
FOODS_1,2014-09-17,11433,Wednesday,TX_1,TX,FOODS,NULL,NULL,NULL,NULL,0,117,334.94,2.86
FOODS_1,2014-09-18,11433,Thursday,TX_1,TX,FOODS,NULL,NULL,NULL,NULL,0,124,306.72,2.47
FOODS_1,2014-09-19,11433,Friday,TX_1,TX,FOODS,NULL,NULL,NULL,NULL,0,158,455.02,2.88
FOODS_1,2014-09-20,11434,Saturday,TX_1,TX,FOODS,NULL,NULL,NULL,NULL,0,197,569.39,2.89
FOODS_1,2014-09-21,11434,Sunday,TX_1,TX,FOODS,NULL,NULL,NULL,NULL,0,213,599.12,2.81
FOODS_1,2014-09-22,11434,Monday,TX_1,TX,FOODS,NULL,NULL,NULL,NULL,0,166,517.54,3.12
FOODS_1,2014-09-23,11434,Tuesday,TX_1,TX,FOODS,NULL,NULL,NULL,NULL,0,148,485.08,3.28
FOODS_1,2014-09-24,11434,Wednesday,TX_1,TX,FOODS,NULL,NULL,NULL,NULL,0,132,397.60,3.01
FOODS_1,2014-09-25,11434,Thursday,TX_1,TX,FOODS,NULL,NULL,NULL,NULL,0,165,503.82,3.05
FOODS_1,2014-09-26,11434,Friday,TX_1,TX,FOODS,NULL,NULL,NULL,NULL,0,137,466.88,3.41
FOODS_1,2014-09-27,11435,Saturday,TX_1,TX,FOODS,NULL,NULL,NULL,NULL,0,183,504.22,2.76
FOODS_1,2014-09-28,11435,Sunday,TX_1,TX,FOODS,NULL,NULL,NULL,NULL,0,201,587.67,2.92
FOODS_1,2014-09-29,11435,Monday,TX_1,TX,FOODS,NULL,NULL,NULL,NULL,0,127,363.56,2.86
FOODS_1,2014-09-30,11435,Tuesday,TX_1,TX,FOODS,NULL,NULL,NULL,NULL,0,129,332.75,2.58
FOODS_1,2014-10-01,11435,Wednesday,TX_1,TX,FOODS,NULL,NULL,NULL,NULL,1,182,562.17,3.09
FOODS_1,2014-10-02,11435,Thursday,TX_1,TX,FOODS,NULL,NULL,NULL,NULL,0,127,410.17,3.23
FOODS_1,2014-10-03,11435,Friday,TX_1,TX,FOODS,NULL,NULL,NULL,NULL,1,208,505.64,2.43
FOODS_1,2014-10-05,11436,Sunday,TX_1,TX,FOODS,NULL,NULL,NULL,NULL,1,180,509.94,2.83
FOODS_1,2014-10-06,11436,Monday,TX_1,TX,FOODS,NULL,NULL,NULL,NULL,1,169,499.28,2.95
FOODS_1,2014-10-07,11436,Tuesday,TX_1,TX,FOODS,NULL,NULL,NULL,NULL,1,178,582.71,3.27
FOODS_1,2014-10-08,11436,Wednesday,TX_1,TX,FOODS,NULL,NULL,NULL,NULL,0,137,455.80,3.33
FOODS_1,2014-10-09,11436,Thursday,TX_1,TX,FOODS,NULL,NULL,NULL,NULL,1,132,401.64,3.04
FOODS_1,2014-10-10,11436,Friday,TX_1,TX,FOODS,NULL,NULL,NULL,NULL,0,190,519.03,2.73
FOODS_1,2014-10-11,11437,Saturday,TX_1,TX,FOODS,NULL,NULL,NULL,NULL,1,255,588.04,2.31
FOODS_1,2014-10-12,11437,Sunday,TX_1,TX,FOODS,NULL,NULL,NULL,NULL,1,205,514.73,2.51
FOODS_1,2014-10-14,11437,Tuesday,TX_1,TX,FOODS,NULL,NULL,NULL,NULL,0,180,488.82,2.72
FOODS_1,2014-10-15,11437,Wednesday,TX_1,TX,FOODS,NULL,NULL,NULL,NULL,1,141,363.82,2.58
FOODS_1,2014-10-16,11437,Thursday,TX_1,TX,FOODS,NULL,NULL,NULL,NULL,0,185,498.86,2.70
FOODS_1,2014-10-17,11437,Friday,TX_1,TX,FOODS,NULL,NULL,NULL,NULL,0,191,559.66,2.93
FOODS_1,2014-10-18,11438,Saturday,TX_1,TX,FOODS,NULL,NULL,NULL,NULL,0,217,537.78,2.48
FOODS_1,2014-10-19,11438,Sunday,TX_1,TX,FOODS,NULL,NULL,NULL,NULL,0,204,554.79,2.72
FOODS_1,2014-10-20,11438,Monday,TX_1,TX,FOODS,NULL,NULL,NULL,NULL,0,144,452.38,3.14
FOODS_1,2014-10-21,11438,Tuesday,TX_1,TX,FOODS,NULL,NULL,NULL,NULL,0,158,503.82,3.19
FOODS_1,2014-10-22,11438,Wednesday,TX_1,TX,FOODS,NULL,NULL,NULL,NULL,0,148,464.58,3.14
FOODS_1,2014-10-23,11438,Thursday,TX_1,TX,FOODS,NULL,NULL,NULL,NULL,0,132,405.47,3.07
FOODS_1,2014-10-24,11438,Friday,TX_1,TX,FOODS,NULL,NULL,NULL,NULL,0,161,458.30,2.85
FOODS_1,2014-10-25,11439,Saturday,TX_1,TX,FOODS,NULL,NULL,NULL,NULL,0,220,615.35,2.80
FOODS_1,2014-10-26,11439,Sunday,TX_1,TX,FOODS,NULL,NULL,NULL,NULL,0,210,571.42,2.72
FOODS_1,2014-10-27,11439,Monday,TX_1,TX,FOODS,NULL,NULL,NULL,NULL,0,159,521.68,3.28
FOODS_1,2014-10-28,11439,Tuesday,TX_1,TX,FOODS,NULL,NULL,NULL,NULL,0,183,612.17,3.35
FOODS_1,2014-10-29,11439,Wednesday,TX_1,TX,FOODS,NULL,NULL,NULL,NULL,0,208,626.61,3.01
FOODS_1,2014-10-30,11439,Thursday,TX_1,TX,FOODS,NULL,NULL,NULL,NULL,0,255,756.20,2.97
FOODS_1,2014-11-01,11440,Saturday,TX_1,TX,FOODS,NULL,NULL,NULL,NULL,1,243,686.02,2.82
FOODS_1,2014-11-02,11440,Sunday,TX_1,TX,FOODS,NULL,NULL,NULL,NULL,0,157,511.98,3.26
FOODS_1,2014-11-03,11440,Monday,TX_1,TX,FOODS,NULL,NULL,NULL,NULL,1,142,420.84,2.96
FOODS_1,2014-11-04,11440,Tuesday,TX_1,TX,FOODS,NULL,NULL,NULL,NULL,0,99,345.17,3.49
FOODS_1,2014-11-05,11440,Wednesday,TX_1,TX,FOODS,NULL,NULL,NULL,NULL,1,109,356.05,3.27
FOODS_1,2014-11-06,11440,Thursday,TX_1,TX,FOODS,NULL,NULL,NULL,NULL,1,170,438.57,2.58
FOODS_1,2014-11-07,11440,Friday,TX_1,TX,FOODS,NULL,NULL,NULL,NULL,1,180,577.85,3.21
FOODS_1,2014-11-08,11441,Saturday,TX_1,TX,FOODS,NULL,NULL,NULL,NULL,0,161,456.38,2.83
FOODS_1,2014-11-09,11441,Sunday,TX_1,TX,FOODS,NULL,NULL,NULL,NULL,1,176,458.09,2.60
FOODS_1,2014-11-10,11441,Monday,TX_1,TX,FOODS,NULL,NULL,NULL,NULL,0,145,409.84,2.83
FOODS_1,2014-11-12,11441,Wednesday,TX_1,TX,FOODS,NULL,NULL,NULL,NULL,1,195,542.93,2.78
FOODS_1,2014-11-13,11441,Thursday,TX_1,TX,FOODS,NULL,NULL,NULL,NULL,1,178,521.91,2.93
FOODS_1,2014-11-14,11441,Friday,TX_1,TX,FOODS,NULL,NULL,NULL,NULL,0,220,732.26,3.33
FOODS_1,2014-11-15,11442,Saturday,TX_1,TX,FOODS,NULL,NULL,NULL,NULL,1,225,609.48,2.71
FOODS_1,2014-11-16,11442,Sunday,TX_1,TX,FOODS,NULL,NULL,NULL,NULL,0,211,661.75,3.14
FOODS_1,2014-11-17,11442,Monday,TX_1,TX,FOODS,NULL,NULL,NULL,NULL,0,178,492.80,2.77
FOODS_1,2014-11-18,11442,Tuesday,TX_1,TX,FOODS,NULL,NULL,NULL,NULL,0,193,549.86,2.85
FOODS_1,2014-11-19,11442,Wednesday,TX_1,TX,FOODS,NULL,NULL,NULL,NULL,0,247,723.79,2.93
FOODS_1,2014-11-20,11442,Thursday,TX_1,TX,FOODS,NULL,NULL,NULL,NULL,0,131,444.57,3.39
FOODS_1,2014-11-21,11442,Friday,TX_1,TX,FOODS,NULL,NULL,NULL,NULL,0,151,464.59,3.08
FOODS_1,2014-11-22,11443,Saturday,TX_1,TX,FOODS,NULL,NULL,NULL,NULL,0,191,512.10,2.68
FOODS_1,2014-11-23,11443,Sunday,TX_1,TX,FOODS,NULL,NULL,NULL,NULL,0,157,466.77,2.97
FOODS_1,2014-11-24,11443,Monday,TX_1,TX,FOODS,NULL,NULL,NULL,NULL,0,200,566.74,2.83
FOODS_1,2014-11-25,11443,Tuesday,TX_1,TX,FOODS,NULL,NULL,NULL,NULL,0,164,449.49,2.74
FOODS_1,2014-11-26,11443,Wednesday,TX_1,TX,FOODS,NULL,NULL,NULL,NULL,0,180,569.99,3.17
FOODS_1,2014-11-28,11443,Friday,TX_1,TX,FOODS,NULL,NULL,NULL,NULL,0,261,743.49,2.85
FOODS_1,2014-11-29,11444,Saturday,TX_1,TX,FOODS,NULL,NULL,NULL,NULL,0,230,605.53,2.63
FOODS_1,2014-11-30,11444,Sunday,TX_1,TX,FOODS,NULL,NULL,NULL,NULL,0,247,669.19,2.71
FOODS_1,2014-12-01,11444,Monday,TX_1,TX,FOODS,NULL,NULL,NULL,NULL,1,205,551.80,2.69
FOODS_1,2014-12-02,11444,Tuesday,TX_1,TX,FOODS,NULL,NULL,NULL,NULL,0,182,469.53,2.58
FOODS_1,2014-12-03,11444,Wednesday,TX_1,TX,FOODS,NULL,NULL,NULL,NULL,1,228,589.55,2.59
FOODS_1,2014-12-04,11444,Thursday,TX_1,TX,FOODS,NULL,NULL,NULL,NULL,0,200,497.20,2.49
FOODS_1,2014-12-05,11444,Friday,TX_1,TX,FOODS,NULL,NULL,NULL,NULL,1,247,686.33,2.78
FOODS_1,2014-12-06,11445,Saturday,TX_1,TX,FOODS,NULL,NULL,NULL,NULL,1,312,840.17,2.69
FOODS_1,2014-12-07,11445,Sunday,TX_1,TX,FOODS,NULL,NULL,NULL,NULL,1,268,784.33,2.93
FOODS_1,2014-12-08,11445,Monday,TX_1,TX,FOODS,NULL,NULL,NULL,NULL,0,179,472.82,2.64
FOODS_1,2014-12-09,11445,Tuesday,TX_1,TX,FOODS,NULL,NULL,NULL,NULL,1,204,537.49,2.63
FOODS_1,2014-12-10,11445,Wednesday,TX_1,TX,FOODS,NULL,NULL,NULL,NULL,0,198,610.94,3.09
FOODS_1,2014-12-11,11445,Thursday,TX_1,TX,FOODS,NULL,NULL,NULL,NULL,1,196,612.82,3.13
FOODS_1,2014-12-12,11445,Friday,TX_1,TX,FOODS,NULL,NULL,NULL,NULL,1,206,663.14,3.22
FOODS_1,2014-12-13,11446,Saturday,TX_1,TX,FOODS,NULL,NULL,NULL,NULL,1,257,750.23,2.92
FOODS_1,2014-12-14,11446,Sunday,TX_1,TX,FOODS,NULL,NULL,NULL,NULL,0,256,720.11,2.81
FOODS_1,2014-12-15,11446,Monday,TX_1,TX,FOODS,NULL,NULL,NULL,NULL,1,190,441.75,2.33
FOODS_1,2014-12-16,11446,Tuesday,TX_1,TX,FOODS,NULL,NULL,NULL,NULL,0,233,700.82,3.01
FOODS_1,2014-12-17,11446,Wednesday,TX_1,TX,FOODS,NULL,NULL,NULL,NULL,0,273,806.79,2.96
FOODS_1,2014-12-18,11446,Thursday,TX_1,TX,FOODS,NULL,NULL,NULL,NULL,0,353,982.60,2.78
FOODS_1,2014-12-19,11446,Friday,TX_1,TX,FOODS,NULL,NULL,NULL,NULL,0,213,620.09,2.91
FOODS_1,2014-12-20,11447,Saturday,TX_1,TX,FOODS,NULL,NULL,NULL,NULL,0,298,821.61,2.76
FOODS_1,2014-12-21,11447,Sunday,TX_1,TX,FOODS,NULL,NULL,NULL,NULL,0,242,753.94,3.12
FOODS_1,2014-12-22,11447,Monday,TX_1,TX,FOODS,NULL,NULL,NULL,NULL,0,217,658.27,3.03
FOODS_1,2014-12-23,11447,Tuesday,TX_1,TX,FOODS,NULL,NULL,NULL,NULL,0,286,811.82,2.84
FOODS_1,2014-12-26,11447,Friday,TX_1,TX,FOODS,NULL,NULL,NULL,NULL,0,224,676.46,3.02
FOODS_1,2014-12-27,11448,Saturday,TX_1,TX,FOODS,NULL,NULL,NULL,NULL,0,199,563.39,2.83
FOODS_1,2014-12-28,11448,Sunday,TX_1,TX,FOODS,NULL,NULL,NULL,NULL,0,168,421.10,2.51
FOODS_1,2014-12-29,11448,Monday,TX_1,TX,FOODS,NULL,NULL,NULL,NULL,0,185,550.61,2.98
FOODS_1,2014-12-30,11448,Tuesday,TX_1,TX,FOODS,NULL,NULL,NULL,NULL,0,181,503.31,2.78
FOODS_1,2014-12-31,11448,Wednesday,TX_1,TX,FOODS,NULL,NULL,NULL,NULL,0,240,709.22,2.96
