03 Clean Data/daily_store_performance_clean.csv
dept_id,sale_date,wm_yr_wk,weekday,store_id,state_id,cat_id,event_name_1,event_type_1,event_name_2,event_type_2,snap_TX,total_units_sold,total_revenue,average_selling_price
FOODS_1,2015-01-02,11448,Friday,TX_1,TX,FOODS,NULL,NULL,NULL,NULL,0,289,791.49,2.74
FOODS_1,2015-01-03,11449,Saturday,TX_1,TX,FOODS,NULL,NULL,NULL,NULL,1,203,574.83,2.83
FOODS_1,2015-01-04,11449,Sunday,TX_1,TX,FOODS,NULL,NULL,NULL,NULL,0,228,636.95,2.79
FOODS_1,2015-01-05,11449,Monday,TX_1,TX,FOODS,NULL,NULL,NULL,NULL,1,206,618.29,3.00
FOODS_1,2015-01-06,11449,Tuesday,TX_1,TX,FOODS,NULL,NULL,NULL,NULL,1,229,648.69,2.83
FOODS_1,2015-01-08,11449,Thursday,TX_1,TX,FOODS,NULL,NULL,NULL,NULL,0,175,518.42,2.96
FOODS_1,2015-01-09,11449,Friday,TX_1,TX,FOODS,NULL,NULL,NULL,NULL,1,204,568.57,2.79
FOODS_1,2015-01-10,11450,Saturday,TX_1,TX,FOODS,NULL,NULL,NULL,NULL,0,228,634.90,2.78
FOODS_1,2015-01-11,11450,Sunday,TX_1,TX,FOODS,NULL,NULL,NULL,NULL,1,346,1000.09,2.89
FOODS_1,2015-01-12,11450,Monday,TX_1,TX,FOODS,NULL,NULL,NULL,NULL,1,220,633.60,2.88
FOODS_1,2015-01-13,11450,Tuesday,TX_1,TX,FOODS,NULL,NULL,NULL,NULL,1,294,837.37,2.85
FOODS_1,2015-01-14,11450,Wednesday,TX_1,TX,FOODS,NULL,NULL,NULL,NULL,0,266,667.15,2.51
FOODS_1,2015-01-15,11450,Thursday,TX_1,TX,FOODS,NULL,NULL,NULL,NULL,1,265,810.88,3.06
FOODS_1,2015-01-16,11450,Friday,TX_1,TX,FOODS,NULL,NULL,NULL,NULL,0,217,570.47,2.63
FOODS_1,2015-01-17,11451,Saturday,TX_1,TX,FOODS,NULL,NULL,NULL,NULL,0,352,925.21,2.63
FOODS_1,2015-01-18,11451,Sunday,TX_1,TX,FOODS,NULL,NULL,NULL,NULL,0,246,706.70,2.87
FOODS_1,2015-01-20,11451,Tuesday,TX_1,TX,FOODS,NULL,NULL,NULL,NULL,0,225,713.42,3.17
FOODS_1,2015-01-21,11451,Wednesday,TX_1,TX,FOODS,NULL,NULL,NULL,NULL,0,211,645.94,3.06
FOODS_1,2015-01-22,11451,Thursday,TX_1,TX,FOODS,NULL,NULL,NULL,NULL,0,242,717.06,2.96
FOODS_1,2015-01-23,11451,Friday,TX_1,TX,FOODS,NULL,NULL,NULL,NULL,0,234,595.05,2.54
FOODS_1,2015-01-24,11452,Saturday,TX_1,TX,FOODS,NULL,NULL,NULL,NULL,0,290,780.72,2.69
FOODS_1,2015-01-25,11452,Sunday,TX_1,TX,FOODS,NULL,NULL,NULL,NULL,0,277,763.15,2.76
FOODS_1,2015-01-26,11452,Monday,TX_1,TX,FOODS,NULL,NULL,NULL,NULL,0,299,811.03,2.71
FOODS_1,2015-01-27,11452,Tuesday,TX_1,TX,FOODS,NULL,NULL,NULL,NULL,0,206,615.71,2.99
FOODS_1,2015-01-28,11452,Wednesday,TX_1,TX,FOODS,NULL,NULL,NULL,NULL,0,209,595.50,2.85
FOODS_1,2015-01-29,11452,Thursday,TX_1,TX,FOODS,NULL,NULL,NULL,NULL,0,233,701.27,3.01
FOODS_1,2015-01-30,11452,Friday,TX_1,TX,FOODS,NULL,NULL,NULL,NULL,0,192,621.54,3.24
FOODS_1,2015-01-31,11501,Saturday,TX_1,TX,FOODS,NULL,NULL,NULL,NULL,0,285,708.18,2.48
FOODS_1,2015-02-02,11501,Monday,TX_1,TX,FOODS,NULL,NULL,NULL,NULL,0,234,584.10,2.50
FOODS_1,2015-02-03,11501,Tuesday,TX_1,TX,FOODS,NULL,NULL,NULL,NULL,1,243,679.21,2.80
FOODS_1,2015-02-04,11501,Wednesday,TX_1,TX,FOODS,NULL,NULL,NULL,NULL,0,267,778.19,2.91
FOODS_1,2015-02-05,11501,Thursday,TX_1,TX,FOODS,NULL,NULL,NULL,NULL,1,217,655.19,3.02
FOODS_1,2015-02-06,11501,Friday,TX_1,TX,FOODS,NULL,NULL,NULL,NULL,1,280,763.39,2.73
FOODS_1,2015-02-07,11502,Saturday,TX_1,TX,FOODS,NULL,NULL,NULL,NULL,1,249,675.18,2.71
FOODS_1,2015-02-08,11502,Sunday,TX_1,TX,FOODS,NULL,NULL,NULL,NULL,0,294,781.72,2.66
FOODS_1,2015-02-09,11502,Monday,TX_1,TX,FOODS,NULL,NULL,NULL,NULL,1,232,632.42,2.73
FOODS_1,2015-02-10,11502,Tuesday,TX_1,TX,FOODS,NULL,NULL,NULL,NULL,0,243,699.59,2.88
FOODS_1,2015-02-11,11502,Wednesday,TX_1,TX,FOODS,NULL,NULL,NULL,NULL,1,309,793.73,2.57
FOODS_1,2015-02-12,11502,Thursday,TX_1,TX,FOODS,NULL,NULL,NULL,NULL,1,395,1031.71,2.61
FOODS_1,2015-02-13,11502,Friday,TX_1,TX,FOODS,NULL,NULL,NULL,NULL,1,351,962.24,2.74
FOODS_1,2015-02-15,11503,Sunday,TX_1,TX,FOODS,NULL,NULL,NULL,NULL,1,222,620.02,2.79
FOODS_1,2015-02-17,11503,Tuesday,TX_1,TX,FOODS,NULL,NULL,NULL,NULL,0,166,497.78,3.00
FOODS_1,2015-02-19,11503,Thursday,TX_1,TX,FOODS,NULL,NULL,NULL,NULL,0,154,385.47,2.50
FOODS_1,2015-02-20,11503,Friday,TX_1,TX,FOODS,NULL,NULL,NULL,NULL,0,126,404.79,3.21
FOODS_1,2015-02-21,11504,Saturday,TX_1,TX,FOODS,NULL,NULL,NULL,NULL,0,281,761.95,2.71
FOODS_1,2015-02-22,11504,Sunday,TX_1,TX,FOODS,NULL,NULL,NULL,NULL,0,209,597.49,2.86
FOODS_1,2015-02-23,11504,Monday,TX_1,TX,FOODS,NULL,NULL,NULL,NULL,0,195,531.37,2.73
FOODS_1,2015-02-24,11504,Tuesday,TX_1,TX,FOODS,NULL,NULL,NULL,NULL,0,240,744.31,3.10
FOODS_1,2015-02-26,11504,Thursday,TX_1,TX,FOODS,NULL,NULL,NULL,NULL,0,191,556.71,2.91
FOODS_1,2015-02-27,11504,Friday,TX_1,TX,FOODS,NULL,NULL,NULL,NULL,0,246,632.11,2.57
FOODS_1,2015-02-28,11505,Saturday,TX_1,TX,FOODS,NULL,NULL,NULL,NULL,0,252,667.01,2.65
FOODS_1,2015-03-01,11505,Sunday,TX_1,TX,FOODS,NULL,NULL,NULL,NULL,1,238,616.88,2.59
FOODS_1,2015-03-02,11505,Monday,TX_1,TX,FOODS,NULL,NULL,NULL,NULL,0,184,541.25,2.94
FOODS_1,2015-03-03,11505,Tuesday,TX_1,TX,FOODS,NULL,NULL,NULL,NULL,1,150,451.88,3.01
FOODS_1,2015-03-04,11505,Wednesday,TX_1,TX,FOODS,NULL,NULL,NULL,NULL,0,229,727.49,3.18
FOODS_1,2015-03-06,11505,Friday,TX_1,TX,FOODS,NULL,NULL,NULL,NULL,1,191,613.70,3.21
FOODS_1,2015-03-07,11506,Saturday,TX_1,TX,FOODS,NULL,NULL,NULL,NULL,1,231,642.73,2.78
FOODS_1,2015-03-08,11506,Sunday,TX_1,TX,FOODS,NULL,NULL,NULL,NULL,0,225,634.20,2.82
FOODS_1,2015-03-09,11506,Monday,TX_1,TX,FOODS,NULL,NULL,NULL,NULL,1,139,415.47,2.99
FOODS_1,2015-03-10,11506,Tuesday,TX_1,TX,FOODS,NULL,NULL,NULL,NULL,0,187,572.49,3.06
FOODS_1,2015-03-11,11506,Wednesday,TX_1,TX,FOODS,NULL,NULL,NULL,NULL,1,174,502.86,2.89
FOODS_1,2015-03-12,11506,Thursday,TX_1,TX,FOODS,NULL,NULL,NULL,NULL,1,171,510.33,2.98
FOODS_1,2015-03-13,11506,Friday,TX_1,TX,FOODS,NULL,NULL,NULL,NULL,1,220,648.92,2.95
FOODS_1,2015-03-14,11507,Saturday,TX_1,TX,FOODS,NULL,NULL,NULL,NULL,0,221,530.38,2.40
FOODS_1,2015-03-15,11507,Sunday,TX_1,TX,FOODS,NULL,NULL,NULL,NULL,1,229,663.58,2.90
FOODS_1,2015-03-16,11507,Monday,TX_1,TX,FOODS,NULL,NULL,NULL,NULL,0,142,372.87,2.63
FOODS_1,2015-03-18,11507,Wednesday,TX_1,TX,FOODS,NULL,NULL,NULL,NULL,0,152,482.16,3.17
FOODS_1,2015-03-19,11507,Thursday,TX_1,TX,FOODS,NULL,NULL,NULL,NULL,0,183,435.52,2.38
FOODS_1,2015-03-20,11507,Friday,TX_1,TX,FOODS,NULL,NULL,NULL,NULL,0,193,615.22,3.19
FOODS_1,2015-03-21,11508,Saturday,TX_1,TX,FOODS,NULL,NULL,NULL,NULL,0,234,612.45,2.62
FOODS_1,2015-03-22,11508,Sunday,TX_1,TX,FOODS,NULL,NULL,NULL,NULL,0,241,583.71,2.42
FOODS_1,2015-03-23,11508,Monday,TX_1,TX,FOODS,NULL,NULL,NULL,NULL,0,195,584.46,3.00
FOODS_1,2015-03-24,11508,Tuesday,TX_1,TX,FOODS,NULL,NULL,NULL,NULL,0,196,505.14,2.58
FOODS_1,2015-03-25,11508,Wednesday,TX_1,TX,FOODS,NULL,NULL,NULL,NULL,0,159,444.61,2.80
FOODS_1,2015-03-26,11508,Thursday,TX_1,TX,FOODS,NULL,NULL,NULL,NULL,0,146,468.71,3.21
FOODS_1,2015-03-27,11508,Friday,TX_1,TX,FOODS,NULL,NULL,NULL,NULL,0,143,383.93,2.68
FOODS_1,2015-03-28,11509,Saturday,TX_1,TX,FOODS,NULL,NULL,NULL,NULL,0,212,614.08,2.90
FOODS_1,2015-03-29,11509,Sunday,TX_1,TX,FOODS,NULL,NULL,NULL,NULL,0,262,675.70,2.58
FOODS_1,2015-03-30,11509,Monday,TX_1,TX,FOODS,NULL,NULL,NULL,NULL,0,207,575.91,2.78
FOODS_1,2015-03-31,11509,Tuesday,TX_1,TX,FOODS,NULL,NULL,NULL,NULL,0,216,574.33,2.66
FOODS_1,2015-04-01,11509,Wednesday,TX_1,TX,FOODS,NULL,NULL,NULL,NULL,1,244,732.23,3.00
FOODS_1,2015-04-02,11509,Thursday,TX_1,TX,FOODS,NULL,NULL,NULL,NULL,0,262,715.48,2.73
FOODS_1,2015-04-03,11509,Friday,TX_1,TX,FOODS,NULL,NULL,NULL,NULL,1,399,1039.62,2.61
FOODS_1,2015-04-04,11510,Saturday,TX_1,TX,FOODS,NULL,NULL,NULL,NULL,0,401,1043.12,2.60
FOODS_1,2015-04-06,11510,Monday,TX_1,TX,FOODS,NULL,NULL,NULL,NULL,1,192,502.12,2.62
FOODS_1,2015-04-07,11510,Tuesday,TX_1,TX,FOODS,NULL,NULL,NULL,NULL,1,229,696.11,3.04
FOODS_1,2015-04-08,11510,Wednesday,TX_1,TX,FOODS,NULL,NULL,NULL,NULL,0,168,578.87,3.45
FOODS_1,2015-04-09,11510,Thursday,TX_1,TX,FOODS,NULL,NULL,NULL,NULL,1,241,737.14,3.06
FOODS_1,2015-04-10,11510,Friday,TX_1,TX,FOODS,NULL,NULL,NULL,NULL,0,239,674.49,2.82
FOODS_1,2015-04-13,11511,Monday,TX_1,TX,FOODS,NULL,NULL,NULL,NULL,1,198,493.13,2.49
FOODS_1,2015-04-14,11511,Tuesday,TX_1,TX,FOODS,NULL,NULL,NULL,NULL,0,225,614.87,2.73
FOODS_1,2015-04-15,11511,Wednesday,TX_1,TX,FOODS,NULL,NULL,NULL,NULL,1,222,699.47,3.15
FOODS_1,2015-04-16,11511,Thursday,TX_1,TX,FOODS,NULL,NULL,NULL,NULL,0,206,576.81,2.80
FOODS_1,2015-04-17,11511,Friday,TX_1,TX,FOODS,NULL,NULL,NULL,NULL,0,252,758.48,3.01
FOODS_1,2015-04-18,11512,Saturday,TX_1,TX,FOODS,NULL,NULL,NULL,NULL,0,267,739.94,2.77
FOODS_1,2015-04-19,11512,Sunday,TX_1,TX,FOODS,NULL,NULL,NULL,NULL,0,216,551.97,2.56
FOODS_1,2015-04-20,11512,Monday,TX_1,TX,FOODS,NULL,NULL,NULL,NULL,0,185,457.82,2.47
FOODS_1,2015-04-21,11512,Tuesday,TX_1,TX,FOODS,NULL,NULL,NULL,NULL,0,185,484.91,2.62
FOODS_1,2015-04-22,11512,Wednesday,TX_1,TX,FOODS,NULL,NULL,NULL,NULL,0,216,646.84,2.99
FOODS_1,2015-04-23,11512,Thursday,TX_1,TX,FOODS,NULL,NULL,NULL,NULL,0,236,671.24,2.84
FOODS_1,2015-04-24,11512,Friday,TX_1,TX,FOODS,NULL,NULL,NULL,NULL,0,188,497.05,2.64
FOODS_1,2015-04-25,11513,Saturday,TX_1,TX,FOODS,NULL,NULL,NULL,NULL,0,244,646.74,2.65
FOODS_1,2015-04-26,11513,Sunday,TX_1,TX,FOODS,NULL,NULL,NULL,NULL,0,236,583.64,2.47
FOODS_1,2015-04-27,11513,Monday,TX_1,TX,FOODS,NULL,NULL,NULL,NULL,0,229,608.40,2.66
FOODS_1,2015-04-28,11513,Tuesday,TX_1,TX,FOODS,NULL,NULL,NULL,NULL,0,169,438.30,2.59
FOODS_1,2015-04-29,11513,Wednesday,TX_1,TX,FOODS,NULL,NULL,NULL,NULL,0,204,617.06,3.02
FOODS_1,2015-04-30,11513,Thursday,TX_1,TX,FOODS,NULL,NULL,NULL,NULL,0,210,585.47,2.79
FOODS_1,2015-05-01,11513,Friday,TX_1,TX,FOODS,NULL,NULL,NULL,NULL,1,237,629.91,2.66
FOODS_1,2015-05-02,11514,Saturday,TX_1,TX,FOODS,NULL,NULL,NULL,NULL,0,247,656.16,2.66
FOODS_1,2015-05-03,11514,Sunday,TX_1,TX,FOODS,NULL,NULL,NULL,NULL,1,242,636.98,2.63
FOODS_1,2015-05-04,11514,Monday,TX_1,TX,FOODS,NULL,NULL,NULL,NULL,0,191,497.84,2.61
FOODS_1,2015-05-06,11514,Wednesday,TX_1,TX,FOODS,NULL,NULL,NULL,NULL,1,215,562.48,2.62
FOODS_1,2015-05-07,11514,Thursday,TX_1,TX,FOODS,NULL,NULL,NULL,NULL,1,329,900.97,2.74
FOODS_1,2015-05-08,11514,Friday,TX_1,TX,FOODS,NULL,NULL,NULL,NULL,0,241,656.30,2.72
FOODS_1,2015-05-09,11515,Saturday,TX_1,TX,FOODS,NULL,NULL,NULL,NULL,1,308,804.26,2.61
FOODS_1,2015-05-11,11515,Monday,TX_1,TX,FOODS,NULL,NULL,NULL,NULL,1,196,522.53,2.67
FOODS_1,2015-05-12,11515,Tuesday,TX_1,TX,FOODS,NULL,NULL,NULL,NULL,1,213,650.29,3.05
FOODS_1,2015-05-13,11515,Wednesday,TX_1,TX,FOODS,NULL,NULL,NULL,NULL,1,254,682.02,2.69
FOODS_1,2015-05-14,11515,Thursday,TX_1,TX,FOODS,NULL,NULL,NULL,NULL,0,257,708.04,2.76
FOODS_1,2015-05-15,11515,Friday,TX_1,TX,FOODS,NULL,NULL,NULL,NULL,1,261,722.77,2.77
FOODS_1,2015-05-16,11516,Saturday,TX_1,TX,FOODS,NULL,NULL,NULL,NULL,0,298,744.40,2.50
FOODS_1,2015-05-17,11516,Sunday,TX_1,TX,FOODS,NULL,NULL,NULL,NULL,0,341,841.15,2.47
FOODS_1,2015-05-18,11516,Monday,TX_1,TX,FOODS,NULL,NULL,NULL,NULL,0,226,633.52,2.80
FOODS_1,2015-05-19,11516,Tuesday,TX_1,TX,FOODS,NULL,NULL,NULL,NULL,0,194,435.54,2.25
FOODS_1,2015-05-20,11516,Wednesday,TX_1,TX,FOODS,NULL,NULL,NULL,NULL,0,290,791.18,2.73
FOODS_1,2015-05-21,11516,Thursday,TX_1,TX,FOODS,NULL,NULL,NULL,NULL,0,201,562.99,2.80
FOODS_1,2015-05-22,11516,Friday,TX_1,TX,FOODS,NULL,NULL,NULL,NULL,0,295,773.70,2.62
FOODS_1,2015-05-23,11517,Saturday,TX_1,TX,FOODS,NULL,NULL,NULL,NULL,0,312,839.97,2.69
FOODS_1,2015-05-24,11517,Sunday,TX_1,TX,FOODS,NULL,NULL,NULL,NULL,0,212,547.33,2.58
FOODS_1,2015-05-26,11517,Tuesday,TX_1,TX,FOODS,NULL,NULL,NULL,NULL,0,203,641.39,3.16
FOODS_1,2015-05-27,11517,Wednesday,TX_1,TX,FOODS,NULL,NULL,NULL,NULL,0,245,696.17,2.84
FOODS_1,2015-05-28,11517,Thursday,TX_1,TX,FOODS,NULL,NULL,NULL,NULL,0,219,570.65,2.61
FOODS_1,2015-05-29,11517,Friday,TX_1,TX,FOODS,NULL,NULL,NULL,NULL,0,219,473.51,2.16
FOODS_1,2015-05-30,11518,Saturday,TX_1,TX,FOODS,NULL,NULL,NULL,NULL,0,213,631.58,2.97
FOODS_1,2015-05-31,11518,Sunday,TX_1,TX,FOODS,NULL,NULL,NULL,NULL,0,264,684.76,2.59
FOODS_1,2015-06-01,11518,Monday,TX_1,TX,FOODS,NULL,NULL,NULL,NULL,1,282,731.55,2.59
FOODS_1,2015-06-02,11518,Tuesday,TX_1,TX,FOODS,NULL,NULL,NULL,NULL,0,302,737.77,2.44
FOODS_1,2015-06-03,11518,Wednesday,TX_1,TX,FOODS,NULL,NULL,NULL,NULL,1,319,908.60,2.85
FOODS_1,2015-06-05,11518,Friday,TX_1,TX,FOODS,NULL,NULL,NULL,NULL,1,254,631.05,2.48
FOODS_1,2015-06-06,11519,Saturday,TX_1,TX,FOODS,NULL,NULL,NULL,NULL,1,272,662.45,2.44
FOODS_1,2015-06-07,11519,Sunday,TX_1,TX,FOODS,NULL,NULL,NULL,NULL,1,276,735.87,2.67
FOODS_1,2015-06-08,11519,Monday,TX_1,TX,FOODS,NULL,NULL,NULL,NULL,0,233,584.51,2.51
FOODS_1,2015-06-09,11519,Tuesday,TX_1,TX,FOODS,NULL,NULL,NULL,NULL,1,222,624.83,2.81
FOODS_1,2015-06-10,11519,Wednesday,TX_1,TX,FOODS,NULL,NULL,NULL,NULL,0,246,730.32,2.97
FOODS_1,2015-06-11,11519,Thursday,TX_1,TX,FOODS,NULL,NULL,NULL,NULL,1,254,633.73,2.50
FOODS_1,2015-06-12,11519,Friday,TX_1,TX,FOODS,NULL,NULL,NULL,NULL,1,278,743.25,2.67
FOODS_1,2015-06-13,11520,Saturday,TX_1,TX,FOODS,NULL,NULL,NULL,NULL,1,352,887.62,2.52
FOODS_1,2015-06-14,11520,Sunday,TX_1,TX,FOODS,NULL,NULL,NULL,NULL,0,308,842.20,2.73
FOODS_1,2015-06-15,11520,Monday,TX_1,TX,FOODS,NULL,NULL,NULL,NULL,1,408,1001.99,2.46
FOODS_1,2015-06-17,11520,Wednesday,TX_1,TX,FOODS,NULL,NULL,NULL,NULL,0,277,718.48,2.59
FOODS_1,2015-06-19,11520,Friday,TX_1,TX,FOODS,NULL,NULL,NULL,NULL,0,277,777.58,2.81
FOODS_1,2015-06-20,11521,Saturday,TX_1,TX,FOODS,NULL,NULL,NULL,NULL,0,365,975.87,2.67
FOODS_1,2015-06-22,11521,Monday,TX_1,TX,FOODS,NULL,NULL,NULL,NULL,0,273,748.16,2.74
FOODS_1,2015-06-23,11521,Tuesday,TX_1,TX,FOODS,NULL,NULL,NULL,NULL,0,197,514.95,2.61
FOODS_1,2015-06-24,11521,Wednesday,TX_1,TX,FOODS,NULL,NULL,NULL,NULL,0,335,842.63,2.52
FOODS_1,2015-06-25,11521,Thursday,TX_1,TX,FOODS,NULL,NULL,NULL,NULL,0,250,683.93,2.74
FOODS_1,2015-06-26,11521,Friday,TX_1,TX,FOODS,NULL,NULL,NULL,NULL,0,325,917.18,2.82
FOODS_1,2015-06-27,11522,Saturday,TX_1,TX,FOODS,NULL,NULL,NULL,NULL,0,285,828.91,2.91
FOODS_1,2015-06-28,11522,Sunday,TX_1,TX,FOODS,NULL,NULL,NULL,NULL,0,300,791.84,2.64
FOODS_1,2015-06-29,11522,Monday,TX_1,TX,FOODS,NULL,NULL,NULL,NULL,0,311,790.81,2.54
FOODS_1,2015-06-30,11522,Tuesday,TX_1,TX,FOODS,NULL,NULL,NULL,NULL,0,213,628.57,2.95
FOODS_1,2015-07-01,11522,Wednesday,TX_1,TX,FOODS,NULL,NULL,NULL,NULL,1,335,919.61,2.75
FOODS_1,2015-07-02,11522,Thursday,TX_1,TX,FOODS,NULL,NULL,NULL,NULL,0,297,695.19,2.34
FOODS_1,2015-07-03,11522,Friday,TX_1,TX,FOODS,NULL,NULL,NULL,NULL,1,353,923.54,2.62
FOODS_1,2015-07-05,11523,Sunday,TX_1,TX,FOODS,NULL,NULL,NULL,NULL,1,328,838.37,2.56
FOODS_1,2015-07-06,11523,Monday,TX_1,TX,FOODS,NULL,NULL,NULL,NULL,1,291,744.46,2.56
FOODS_1,2015-07-07,11523,Tuesday,TX_1,TX,FOODS,NULL,NULL,NULL,NULL,1,286,669.35,2.34
FOODS_1,2015-07-08,11523,Wednesday,TX_1,TX,FOODS,NULL,NULL,NULL,NULL,0,253,699.59,2.77
FOODS_1,2015-07-09,11523,Thursday,TX_1,TX,FOODS,NULL,NULL,NULL,NULL,1,316,835.81,2.65
FOODS_1,2015-07-10,11523,Friday,TX_1,TX,FOODS,NULL,NULL,NULL,NULL,0,249,713.62,2.87
FOODS_1,2015-07-11,11524,Saturday,TX_1,TX,FOODS,NULL,NULL,NULL,NULL,1,284,672.31,2.37
FOODS_1,2015-07-12,11524,Sunday,TX_1,TX,FOODS,NULL,NULL,NULL,NULL,1,279,672.82,2.41
FOODS_1,2015-07-13,11524,Monday,TX_1,TX,FOODS,NULL,NULL,NULL,NULL,1,308,790.57,2.57
FOODS_1,2015-07-14,11524,Tuesday,TX_1,TX,FOODS,NULL,NULL,NULL,NULL,0,235,561.60,2.39
FOODS_1,2015-07-15,11524,Wednesday,TX_1,TX,FOODS,NULL,NULL,NULL,NULL,1,266,671.22,2.52
FOODS_1,2015-07-16,11524,Thursday,TX_1,TX,FOODS,NULL,NULL,NULL,NULL,0,272,683.38,2.51
FOODS_1,2015-07-17,11524,Friday,TX_1,TX,FOODS,NULL,NULL,NULL,NULL,0,281,739.83,2.63
FOODS_1,2015-07-19,11525,Sunday,TX_1,TX,FOODS,NULL,NULL,NULL,NULL,0,320,762.98,2.38
FOODS_1,2015-07-20,11525,Monday,TX_1,TX,FOODS,NULL,NULL,NULL,NULL,0,227,643.44,2.83
FOODS_1,2015-07-21,11525,Tuesday,TX_1,TX,FOODS,NULL,NULL,NULL,NULL,0,208,577.87,2.78
FOODS_1,2015-07-22,11525,Wednesday,TX_1,TX,FOODS,NULL,NULL,NULL,NULL,0,247,661.78,2.68
FOODS_1,2015-07-23,11525,Thursday,TX_1,TX,FOODS,NULL,NULL,NULL,NULL,0,226,550.27,2.43
FOODS_1,2015-07-24,11525,Friday,TX_1,TX,FOODS,NULL,NULL,NULL,NULL,0,255,703.78,2.76
FOODS_1,2015-07-25,11526,Saturday,TX_1,TX,FOODS,NULL,NULL,NULL,NULL,0,199,574.98,2.89
FOODS_1,2015-07-26,11526,Sunday,TX_1,TX,FOODS,NULL,NULL,NULL,NULL,0,242,662.15,2.74
FOODS_1,2015-07-27,11526,Monday,TX_1,TX,FOODS,NULL,NULL,NULL,NULL,0,248,716.20,2.89
FOODS_1,2015-07-28,11526,Tuesday,TX_1,TX,FOODS,NULL,NULL,NULL,NULL,0,217,664.05,3.06
FOODS_1,2015-07-29,11526,Wednesday,TX_1,TX,FOODS,NULL,NULL,NULL,NULL,0,208,609.78,2.93
FOODS_1,2015-07-30,11526,Thursday,TX_1,TX,FOODS,NULL,NULL,NULL,NULL,0,225,520.16,2.31
FOODS_1,2015-07-31,11526,Friday,TX_1,TX,FOODS,NULL,NULL,NULL,NULL,0,264,821.83,3.11
FOODS_1,2015-08-01,11527,Saturday,TX_1,TX,FOODS,NULL,NULL,NULL,NULL,1,280,771.95,2.76
FOODS_1,2015-08-02,11527,Sunday,TX_1,TX,FOODS,NULL,NULL,NULL,NULL,0,250,585.65,2.34
FOODS_1,2015-08-03,11527,Monday,TX_1,TX,FOODS,NULL,NULL,NULL,NULL,1,222,641.57,2.89
FOODS_1,2015-08-04,11527,Tuesday,TX_1,TX,FOODS,NULL,NULL,NULL,NULL,0,224,487.95,2.18
FOODS_1,2015-08-05,11527,Wednesday,TX_1,TX,FOODS,NULL,NULL,NULL,NULL,1,255,641.74,2.52
FOODS_1,2015-08-06,11527,Thursday,TX_1,TX,FOODS,NULL,NULL,NULL,NULL,1,228,656.78,2.88
FOODS_1,2015-08-07,11527,Friday,TX_1,TX,FOODS,NULL,NULL,NULL,NULL,1,193,547.08,2.83
FOODS_1,2015-08-08,11528,Saturday,TX_1,TX,FOODS,NULL,NULL,NULL,NULL,0,250,733.67,2.93
FOODS_1,2015-08-09,11528,Sunday,TX_1,TX,FOODS,NULL,NULL,NULL,NULL,1,287,784.41,2.73
FOODS_1,2015-08-10,11528,Monday,TX_1,TX,FOODS,NULL,NULL,NULL,NULL,0,254,619.30,2.44
FOODS_1,2015-08-11,11528,Tuesday,TX_1,TX,FOODS,NULL,NULL,NULL,NULL,1,198,489.61,2.47
FOODS_1,2015-08-12,11528,Wednesday,TX_1,TX,FOODS,NULL,NULL,NULL,NULL,1,241,634.70,2.63
FOODS_1,2015-08-13,11528,Thursday,TX_1,TX,FOODS,NULL,NULL,NULL,NULL,1,188,497.56,2.65
FOODS_1,2015-08-14,11528,Friday,TX_1,TX,FOODS,NULL,NULL,NULL,NULL,0,244,692.59,2.84
FOODS_1,2015-08-15,11529,Saturday,TX_1,TX,FOODS,NULL,NULL,NULL,NULL,1,268,777.39,2.90
FOODS_1,2015-08-16,11529,Sunday,TX_1,TX,FOODS,NULL,NULL,NULL,NULL,0,270,791.40,2.93
FOODS_1,2015-08-17,11529,Monday,TX_1,TX,FOODS,NULL,NULL,NULL,NULL,0,214,494.20,2.31
FOODS_1,2015-08-18,11529,Tuesday,TX_1,TX,FOODS,NULL,NULL,NULL,NULL,0,187,534.39,2.86
