03 Clean Data/daily_store_performance_clean.csv
dept_id,sale_date,wm_yr_wk,weekday,store_id,state_id,cat_id,event_name_1,event_type_1,event_name_2,event_type_2,snap_TX,total_units_sold,total_revenue,average_selling_price
FOODS_1,2015-08-19,11529,Wednesday,TX_1,TX,FOODS,NULL,NULL,NULL,NULL,0,164,489.93,2.99
FOODS_1,2015-08-20,11529,Thursday,TX_1,TX,FOODS,NULL,NULL,NULL,NULL,0,180,469.17,2.61
FOODS_1,2015-08-21,11529,Friday,TX_1,TX,FOODS,NULL,NULL,NULL,NULL,0,262,655.47,2.50
FOODS_1,2015-08-22,11530,Saturday,TX_1,TX,FOODS,NULL,NULL,NULL,NULL,0,255,628.81,2.47
FOODS_1,2015-08-23,11530,Sunday,TX_1,TX,FOODS,NULL,NULL,NULL,NULL,0,225,503.24,2.24
FOODS_1,2015-08-24,11530,Monday,TX_1,TX,FOODS,NULL,NULL,NULL,NULL,0,176,488.95,2.78
FOODS_1,2015-08-25,11530,Tuesday,TX_1,TX,FOODS,NULL,NULL,NULL,NULL,0,173,499.30,2.89
FOODS_1,2015-08-26,11530,Wednesday,TX_1,TX,FOODS,NULL,NULL,NULL,NULL,0,143,446.20,3.12
FOODS_1,2015-08-27,11530,Thursday,TX_1,TX,FOODS,NULL,NULL,NULL,NULL,0,162,460.39,2.84
FOODS_1,2015-08-28,11530,Friday,TX_1,TX,FOODS,NULL,NULL,NULL,NULL,0,218,653.18,3.00
FOODS_1,2015-08-29,11531,Saturday,TX_1,TX,FOODS,NULL,NULL,NULL,NULL,0,192,585.22,3.05
FOODS_1,2015-08-30,11531,Sunday,TX_1,TX,FOODS,NULL,NULL,NULL,NULL,0,259,622.24,2.40
FOODS_1,2015-08-31,11531,Monday,TX_1,TX,FOODS,NULL,NULL,NULL,NULL,0,194,598.82,3.09
FOODS_1,2015-09-01,11531,Tuesday,TX_1,TX,FOODS,NULL,NULL,NULL,NULL,1,262,767.43,2.93
FOODS_1,2015-09-02,11531,Wednesday,TX_1,TX,FOODS,NULL,NULL,NULL,NULL,0,194,552.17,2.85
FOODS_1,2015-09-03,11531,Thursday,TX_1,TX,FOODS,NULL,NULL,NULL,NULL,1,232,647.18,2.79
FOODS_1,2015-09-04,11531,Friday,TX_1,TX,FOODS,NULL,NULL,NULL,NULL,0,246,660.71,2.69
FOODS_1,2015-09-05,11532,Saturday,TX_1,TX,FOODS,NULL,NULL,NULL,NULL,1,265,658.11,2.48
FOODS_1,2015-09-06,11532,Sunday,TX_1,TX,FOODS,NULL,NULL,NULL,NULL,1,246,619.21,2.52
FOODS_1,2015-09-08,11532,Tuesday,TX_1,TX,FOODS,NULL,NULL,NULL,NULL,0,194,460.30,2.37
FOODS_1,2015-09-09,11532,Wednesday,TX_1,TX,FOODS,NULL,NULL,NULL,NULL,1,256,663.11,2.59
FOODS_1,2015-09-10,11532,Thursday,TX_1,TX,FOODS,NULL,NULL,NULL,NULL,0,216,598.30,2.77
FOODS_1,2015-09-11,11532,Friday,TX_1,TX,FOODS,NULL,NULL,NULL,NULL,1,263,699.11,2.66
FOODS_1,2015-09-12,11533,Saturday,TX_1,TX,FOODS,NULL,NULL,NULL,NULL,1,240,526.72,2.19
FOODS_1,2015-09-13,11533,Sunday,TX_1,TX,FOODS,NULL,NULL,NULL,NULL,1,269,676.36,2.51
FOODS_1,2015-09-14,11533,Monday,TX_1,TX,FOODS,NULL,NULL,NULL,NULL,0,222,571.65,2.58
FOODS_1,2015-09-15,11533,Tuesday,TX_1,TX,FOODS,NULL,NULL,NULL,NULL,1,227,640.36,2.82
FOODS_1,2015-09-16,11533,Wednesday,TX_1,TX,FOODS,NULL,NULL,NULL,NULL,0,175,499.51,2.85
FOODS_1,2015-09-17,11533,Thursday,TX_1,TX,FOODS,NULL,NULL,NULL,NULL,0,216,611.71,2.83
FOODS_1,2015-09-18,11533,Friday,TX_1,TX,FOODS,NULL,NULL,NULL,NULL,0,269,712.96,2.65
FOODS_1,2015-09-19,11534,Saturday,TX_1,TX,FOODS,NULL,NULL,NULL,NULL,0,244,614.27,2.52
FOODS_1,2015-09-20,11534,Sunday,TX_1,TX,FOODS,NULL,NULL,NULL,NULL,0,275,696.97,2.53
FOODS_1,2015-09-21,11534,Monday,TX_1,TX,FOODS,NULL,NULL,NULL,NULL,0,183,520.55,2.84
FOODS_1,2015-09-22,11534,Tuesday,TX_1,TX,FOODS,NULL,NULL,NULL,NULL,0,201,600.19,2.99
FOODS_1,2015-09-23,11534,Wednesday,TX_1,TX,FOODS,NULL,NULL,NULL,NULL,0,264,761.02,2.88
FOODS_1,2015-09-25,11534,Friday,TX_1,TX,FOODS,NULL,NULL,NULL,NULL,0,246,753.98,3.07
FOODS_1,2015-09-26,11535,Saturday,TX_1,TX,FOODS,NULL,NULL,NULL,NULL,0,261,706.98,2.71
FOODS_1,2015-09-27,11535,Sunday,TX_1,TX,FOODS,NULL,NULL,NULL,NULL,0,287,735.75,2.56
FOODS_1,2015-09-28,11535,Monday,TX_1,TX,FOODS,NULL,NULL,NULL,NULL,0,173,474.79,2.74
FOODS_1,2015-09-29,11535,Tuesday,TX_1,TX,FOODS,NULL,NULL,NULL,NULL,0,161,387.94,2.41
FOODS_1,2015-09-30,11535,Wednesday,TX_1,TX,FOODS,NULL,NULL,NULL,NULL,0,191,490.44,2.57
FOODS_1,2015-10-01,11535,Thursday,TX_1,TX,FOODS,NULL,NULL,NULL,NULL,1,215,530.56,2.47
FOODS_1,2015-10-02,11535,Friday,TX_1,TX,FOODS,NULL,NULL,NULL,NULL,0,277,845.94,3.05
FOODS_1,2015-10-03,11536,Saturday,TX_1,TX,FOODS,NULL,NULL,NULL,NULL,1,241,634.50,2.63
FOODS_1,2015-10-04,11536,Sunday,TX_1,TX,FOODS,NULL,NULL,NULL,NULL,0,271,724.98,2.68
FOODS_1,2015-10-05,11536,Monday,TX_1,TX,FOODS,NULL,NULL,NULL,NULL,1,179,502.59,2.81
FOODS_1,2015-10-06,11536,Tuesday,TX_1,TX,FOODS,NULL,NULL,NULL,NULL,1,213,569.42,2.67
FOODS_1,2015-10-07,11536,Wednesday,TX_1,TX,FOODS,NULL,NULL,NULL,NULL,1,233,609.78,2.62
FOODS_1,2015-10-08,11536,Thursday,TX_1,TX,FOODS,NULL,NULL,NULL,NULL,0,196,481.74,2.46
FOODS_1,2015-10-09,11536,Friday,TX_1,TX,FOODS,NULL,NULL,NULL,NULL,1,235,585.88,2.49
FOODS_1,2015-10-10,11537,Saturday,TX_1,TX,FOODS,NULL,NULL,NULL,NULL,0,291,810.58,2.79
FOODS_1,2015-10-11,11537,Sunday,TX_1,TX,FOODS,NULL,NULL,NULL,NULL,1,287,749.39,2.61
FOODS_1,2015-10-13,11537,Tuesday,TX_1,TX,FOODS,NULL,NULL,NULL,NULL,1,227,661.96,2.92
FOODS_1,2015-10-14,11537,Wednesday,TX_1,TX,FOODS,NULL,NULL,NULL,NULL,0,181,490.18,2.71
FOODS_1,2015-10-15,11537,Thursday,TX_1,TX,FOODS,NULL,NULL,NULL,NULL,1,195,614.71,3.15
FOODS_1,2015-10-16,11537,Friday,TX_1,TX,FOODS,NULL,NULL,NULL,NULL,0,230,670.62,2.92
FOODS_1,2015-10-17,11538,Saturday,TX_1,TX,FOODS,NULL,NULL,NULL,NULL,0,257,745.27,2.90
FOODS_1,2015-10-18,11538,Sunday,TX_1,TX,FOODS,NULL,NULL,NULL,NULL,0,264,778.01,2.95
FOODS_1,2015-10-19,11538,Monday,TX_1,TX,FOODS,NULL,NULL,NULL,NULL,0,201,567.52,2.82
FOODS_1,2015-10-20,11538,Tuesday,TX_1,TX,FOODS,NULL,NULL,NULL,NULL,0,212,583.31,2.75
FOODS_1,2015-10-21,11538,Wednesday,TX_1,TX,FOODS,NULL,NULL,NULL,NULL,0,235,736.43,3.13
FOODS_1,2015-10-22,11538,Thursday,TX_1,TX,FOODS,NULL,NULL,NULL,NULL,0,219,715.89,3.27
FOODS_1,2015-10-23,11538,Friday,TX_1,TX,FOODS,NULL,NULL,NULL,NULL,0,269,701.69,2.61
FOODS_1,2015-10-24,11539,Saturday,TX_1,TX,FOODS,NULL,NULL,NULL,NULL,0,241,707.75,2.94
FOODS_1,2015-10-25,11539,Sunday,TX_1,TX,FOODS,NULL,NULL,NULL,NULL,0,225,641.30,2.85
FOODS_1,2015-10-26,11539,Monday,TX_1,TX,FOODS,NULL,NULL,NULL,NULL,0,188,591.01,3.14
FOODS_1,2015-10-27,11539,Tuesday,TX_1,TX,FOODS,NULL,NULL,NULL,NULL,0,124,416.20,3.36
FOODS_1,2015-10-28,11539,Wednesday,TX_1,TX,FOODS,NULL,NULL,NULL,NULL,0,153,519.11,3.39
FOODS_1,2015-10-29,11539,Thursday,TX_1,TX,FOODS,NULL,NULL,NULL,NULL,0,213,686.03,3.22
FOODS_1,2015-10-30,11539,Friday,TX_1,TX,FOODS,NULL,NULL,NULL,NULL,0,287,891.82,3.11
FOODS_1,2015-11-01,11540,Sunday,TX_1,TX,FOODS,NULL,NULL,NULL,NULL,1,170,559.27,3.29
FOODS_1,2015-11-02,11540,Monday,TX_1,TX,FOODS,NULL,NULL,NULL,NULL,0,167,557.29,3.34
FOODS_1,2015-11-03,11540,Tuesday,TX_1,TX,FOODS,NULL,NULL,NULL,NULL,1,171,600.78,3.51
FOODS_1,2015-11-04,11540,Wednesday,TX_1,TX,FOODS,NULL,NULL,NULL,NULL,0,154,566.52,3.68
FOODS_1,2015-11-05,11540,Thursday,TX_1,TX,FOODS,NULL,NULL,NULL,NULL,1,177,607.18,3.43
FOODS_1,2015-11-06,11540,Friday,TX_1,TX,FOODS,NULL,NULL,NULL,NULL,1,225,743.21,3.30
FOODS_1,2015-11-07,11541,Saturday,TX_1,TX,FOODS,NULL,NULL,NULL,NULL,1,227,686.61,3.02
FOODS_1,2015-11-08,11541,Sunday,TX_1,TX,FOODS,NULL,NULL,NULL,NULL,0,181,567.99,3.14
FOODS_1,2015-11-09,11541,Monday,TX_1,TX,FOODS,NULL,NULL,NULL,NULL,1,144,463.53,3.22
FOODS_1,2015-11-10,11541,Tuesday,TX_1,TX,FOODS,NULL,NULL,NULL,NULL,0,144,451.77,3.14
FOODS_1,2015-11-12,11541,Thursday,TX_1,TX,FOODS,NULL,NULL,NULL,NULL,1,182,496.38,2.73
FOODS_1,2015-11-13,11541,Friday,TX_1,TX,FOODS,NULL,NULL,NULL,NULL,1,189,742.30,3.93
FOODS_1,2015-11-14,11542,Saturday,TX_1,TX,FOODS,NULL,NULL,NULL,NULL,0,214,667.70,3.12
FOODS_1,2015-11-15,11542,Sunday,TX_1,TX,FOODS,NULL,NULL,NULL,NULL,1,217,668.61,3.08
FOODS_1,2015-11-16,11542,Monday,TX_1,TX,FOODS,NULL,NULL,NULL,NULL,0,207,622.09,3.01
FOODS_1,2015-11-17,11542,Tuesday,TX_1,TX,FOODS,NULL,NULL,NULL,NULL,0,204,648.24,3.18
FOODS_1,2015-11-18,11542,Wednesday,TX_1,TX,FOODS,NULL,NULL,NULL,NULL,0,242,727.12,3.00
FOODS_1,2015-11-19,11542,Thursday,TX_1,TX,FOODS,NULL,NULL,NULL,NULL,0,218,665.23,3.05
FOODS_1,2015-11-20,11542,Friday,TX_1,TX,FOODS,NULL,NULL,NULL,NULL,0,155,501.85,3.24
FOODS_1,2015-11-21,11543,Saturday,TX_1,TX,FOODS,NULL,NULL,NULL,NULL,0,301,934.41,3.10
FOODS_1,2015-11-22,11543,Sunday,TX_1,TX,FOODS,NULL,NULL,NULL,NULL,0,196,583.55,2.98
FOODS_1,2015-11-23,11543,Monday,TX_1,TX,FOODS,NULL,NULL,NULL,NULL,0,171,623.39,3.65
FOODS_1,2015-11-24,11543,Tuesday,TX_1,TX,FOODS,NULL,NULL,NULL,NULL,0,145,518.97,3.58
FOODS_1,2015-11-25,11543,Wednesday,TX_1,TX,FOODS,NULL,NULL,NULL,NULL,0,238,847.65,3.56
FOODS_1,2015-11-27,11543,Friday,TX_1,TX,FOODS,NULL,NULL,NULL,NULL,0,134,465.18,3.47
FOODS_1,2015-11-28,11544,Saturday,TX_1,TX,FOODS,NULL,NULL,NULL,NULL,0,144,347.55,2.41
FOODS_1,2015-11-29,11544,Sunday,TX_1,TX,FOODS,NULL,NULL,NULL,NULL,0,129,359.78,2.79
FOODS_1,2015-11-30,11544,Monday,TX_1,TX,FOODS,NULL,NULL,NULL,NULL,0,128,402.45,3.14
FOODS_1,2015-12-01,11544,Tuesday,TX_1,TX,FOODS,NULL,NULL,NULL,NULL,1,174,613.04,3.52
FOODS_1,2015-12-02,11544,Wednesday,TX_1,TX,FOODS,NULL,NULL,NULL,NULL,0,167,549.98,3.29
FOODS_1,2015-12-03,11544,Thursday,TX_1,TX,FOODS,NULL,NULL,NULL,NULL,1,204,646.30,3.17
FOODS_1,2015-12-04,11544,Friday,TX_1,TX,FOODS,NULL,NULL,NULL,NULL,0,219,719.61,3.29
FOODS_1,2015-12-05,11545,Saturday,TX_1,TX,FOODS,NULL,NULL,NULL,NULL,1,295,973.09,3.30
FOODS_1,2015-12-06,11545,Sunday,TX_1,TX,FOODS,NULL,NULL,NULL,NULL,1,266,771.22,2.90
FOODS_1,2015-12-07,11545,Monday,TX_1,TX,FOODS,NULL,NULL,NULL,NULL,1,130,500.77,3.85
FOODS_1,2015-12-08,11545,Tuesday,TX_1,TX,FOODS,NULL,NULL,NULL,NULL,0,159,525.80,3.31
FOODS_1,2015-12-09,11545,Wednesday,TX_1,TX,FOODS,NULL,NULL,NULL,NULL,1,178,523.61,2.94
FOODS_1,2015-12-10,11545,Thursday,TX_1,TX,FOODS,NULL,NULL,NULL,NULL,0,147,500.47,3.40
FOODS_1,2015-12-11,11545,Friday,TX_1,TX,FOODS,NULL,NULL,NULL,NULL,1,222,739.62,3.33
FOODS_1,2015-12-12,11546,Saturday,TX_1,TX,FOODS,NULL,NULL,NULL,NULL,1,179,644.11,3.60
FOODS_1,2015-12-13,11546,Sunday,TX_1,TX,FOODS,NULL,NULL,NULL,NULL,1,222,772.50,3.48
FOODS_1,2015-12-15,11546,Tuesday,TX_1,TX,FOODS,NULL,NULL,NULL,NULL,1,254,846.18,3.33
FOODS_1,2015-12-16,11546,Wednesday,TX_1,TX,FOODS,NULL,NULL,NULL,NULL,0,239,748.36,3.13
FOODS_1,2015-12-17,11546,Thursday,TX_1,TX,FOODS,NULL,NULL,NULL,NULL,0,359,1049.33,2.92
FOODS_1,2015-12-18,11546,Friday,TX_1,TX,FOODS,NULL,NULL,NULL,NULL,0,253,924.02,3.65
FOODS_1,2015-12-19,11547,Saturday,TX_1,TX,FOODS,NULL,NULL,NULL,NULL,0,219,644.53,2.94
FOODS_1,2015-12-20,11547,Sunday,TX_1,TX,FOODS,NULL,NULL,NULL,NULL,0,214,755.00,3.53
FOODS_1,2015-12-21,11547,Monday,TX_1,TX,FOODS,NULL,NULL,NULL,NULL,0,171,644.82,3.77
FOODS_1,2015-12-22,11547,Tuesday,TX_1,TX,FOODS,NULL,NULL,NULL,NULL,0,224,643.76,2.87
FOODS_1,2015-12-23,11547,Wednesday,TX_1,TX,FOODS,NULL,NULL,NULL,NULL,0,210,533.01,2.54
FOODS_1,2015-12-24,11547,Thursday,TX_1,TX,FOODS,NULL,NULL,NULL,NULL,0,178,543.64,3.05
FOODS_1,2015-12-26,11548,Saturday,TX_1,TX,FOODS,NULL,NULL,NULL,NULL,0,219,691.17,3.16
FOODS_1,2015-12-27,11548,Sunday,TX_1,TX,FOODS,NULL,NULL,NULL,NULL,0,201,614.81,3.06
FOODS_1,2015-12-28,11548,Monday,TX_1,TX,FOODS,NULL,NULL,NULL,NULL,0,203,628.01,3.09
FOODS_1,2015-12-29,11548,Tuesday,TX_1,TX,FOODS,NULL,NULL,NULL,NULL,0,216,585.03,2.71
FOODS_1,2015-12-30,11548,Wednesday,TX_1,TX,FOODS,NULL,NULL,NULL,NULL,0,190,574.93,3.03
FOODS_1,2015-12-31,11548,Thursday,TX_1,TX,FOODS,NULL,NULL,NULL,NULL,0,211,652.01,3.09
FOODS_1,2016-01-02,11549,Saturday,TX_1,TX,FOODS,NULL,NULL,NULL,NULL,0,252,617.87,2.45
FOODS_1,2016-01-03,11549,Sunday,TX_1,TX,FOODS,NULL,NULL,NULL,NULL,1,231,639.02,2.77
FOODS_1,2016-01-04,11549,Monday,TX_1,TX,FOODS,NULL,NULL,NULL,NULL,0,194,555.83,2.87
FOODS_1,2016-01-05,11549,Tuesday,TX_1,TX,FOODS,NULL,NULL,NULL,NULL,1,293,774.53,2.64
FOODS_1,2016-01-06,11549,Wednesday,TX_1,TX,FOODS,NULL,NULL,NULL,NULL,1,209,573.76,2.75
FOODS_1,2016-01-08,11549,Friday,TX_1,TX,FOODS,NULL,NULL,NULL,NULL,0,283,675.19,2.39
FOODS_1,2016-01-09,11550,Saturday,TX_1,TX,FOODS,NULL,NULL,NULL,NULL,1,347,910.62,2.62
FOODS_1,2016-01-10,11550,Sunday,TX_1,TX,FOODS,NULL,NULL,NULL,NULL,0,331,867.60,2.62
FOODS_1,2016-01-11,11550,Monday,TX_1,TX,FOODS,NULL,NULL,NULL,NULL,1,246,656.55,2.67
FOODS_1,2016-01-12,11550,Tuesday,TX_1,TX,FOODS,NULL,NULL,NULL,NULL,1,309,718.82,2.33
FOODS_1,2016-01-13,11550,Wednesday,TX_1,TX,FOODS,NULL,NULL,NULL,NULL,1,253,697.88,2.76
FOODS_1,2016-01-14,11550,Thursday,TX_1,TX,FOODS,NULL,NULL,NULL,NULL,0,358,860.67,2.40
FOODS_1,2016-01-15,11550,Friday,TX_1,TX,FOODS,NULL,NULL,NULL,NULL,1,351,1006.59,2.87
FOODS_1,2016-01-16,11551,Saturday,TX_1,TX,FOODS,NULL,NULL,NULL,NULL,0,301,684.07,2.27
FOODS_1,2016-01-17,11551,Sunday,TX_1,TX,FOODS,NULL,NULL,NULL,NULL,0,344,736.62,2.14
FOODS_1,2016-01-19,11551,Tuesday,TX_1,TX,FOODS,NULL,NULL,NULL,NULL,0,219,607.81,2.78
FOODS_1,2016-01-20,11551,Wednesday,TX_1,TX,FOODS,NULL,NULL,NULL,NULL,0,282,774.13,2.75
FOODS_1,2016-01-21,11551,Thursday,TX_1,TX,FOODS,NULL,NULL,NULL,NULL,0,229,634.65,2.77
FOODS_1,2016-01-22,11551,Friday,TX_1,TX,FOODS,NULL,NULL,NULL,NULL,0,391,923.34,2.36
FOODS_1,2016-01-23,11552,Saturday,TX_1,TX,FOODS,NULL,NULL,NULL,NULL,0,254,600.91,2.37
FOODS_1,2016-01-24,11552,Sunday,TX_1,TX,FOODS,NULL,NULL,NULL,NULL,0,348,784.20,2.25
FOODS_1,2016-01-25,11552,Monday,TX_1,TX,FOODS,NULL,NULL,NULL,NULL,0,312,770.38,2.47
FOODS_1,2016-01-26,11552,Tuesday,TX_1,TX,FOODS,NULL,NULL,NULL,NULL,0,206,515.55,2.50
FOODS_1,2016-01-27,11552,Wednesday,TX_1,TX,FOODS,NULL,NULL,NULL,NULL,0,230,568.51,2.47
FOODS_1,2016-01-28,11552,Thursday,TX_1,TX,FOODS,NULL,NULL,NULL,NULL,0,213,613.53,2.88
FOODS_1,2016-01-29,11552,Friday,TX_1,TX,FOODS,NULL,NULL,NULL,NULL,0,228,676.19,2.97
FOODS_1,2016-01-30,11601,Saturday,TX_1,TX,FOODS,NULL,NULL,NULL,NULL,0,197,642.43,3.26
FOODS_1,2016-01-31,11601,Sunday,TX_1,TX,FOODS,NULL,NULL,NULL,NULL,0,219,780.56,3.56
FOODS_1,2016-02-01,11601,Monday,TX_1,TX,FOODS,NULL,NULL,NULL,NULL,1,212,622.42,2.94
FOODS_1,2016-02-02,11601,Tuesday,TX_1,TX,FOODS,NULL,NULL,NULL,NULL,0,149,477.15,3.20
FOODS_1,2016-02-03,11601,Wednesday,TX_1,TX,FOODS,NULL,NULL,NULL,NULL,1,267,823.86,3.09
FOODS_1,2016-02-04,11601,Thursday,TX_1,TX,FOODS,NULL,NULL,NULL,NULL,0,203,590.34,2.91
FOODS_1,2016-02-05,11601,Friday,TX_1,TX,FOODS,NULL,NULL,NULL,NULL,1,230,633.45,2.75
FOODS_1,2016-02-06,11602,Saturday,TX_1,TX,FOODS,NULL,NULL,NULL,NULL,1,260,693.78,2.67
FOODS_1,2016-02-08,11602,Monday,TX_1,TX,FOODS,NULL,NULL,NULL,NULL,0,146,408.93,2.80
FOODS_1,2016-02-09,11602,Tuesday,TX_1,TX,FOODS,NULL,NULL,NULL,NULL,1,164,570.69,3.48
FOODS_1,2016-02-11,11602,Thursday,TX_1,TX,FOODS,NULL,NULL,NULL,NULL,1,300,944.75,3.15
FOODS_1,2016-02-12,11602,Friday,TX_1,TX,FOODS,NULL,NULL,NULL,NULL,1,248,712.06,2.87
FOODS_1,2016-02-13,11603,Saturday,TX_1,TX,FOODS,NULL,NULL,NULL,NULL,1,291,758.06,2.61
FOODS_1,2016-02-16,11603,Tuesday,TX_1,TX,FOODS,NULL,NULL,NULL,NULL,0,211,496.74,2.35
FOODS_1,2016-02-18,11603,Thursday,TX_1,TX,FOODS,NULL,NULL,NULL,NULL,0,204,517.70,2.54
FOODS_1,2016-02-19,11603,Friday,TX_1,TX,FOODS,NULL,NULL,NULL,NULL,0,219,504.85,2.31
FOODS_1,2016-02-20,11604,Saturday,TX_1,TX,FOODS,NULL,NULL,NULL,NULL,0,194,483.74,2.49
FOODS_1,2016-02-21,11604,Sunday,TX_1,TX,FOODS,NULL,NULL,NULL,NULL,0,214,535.10,2.50
FOODS_1,2016-02-22,11604,Monday,TX_1,TX,FOODS,NULL,NULL,NULL,NULL,0,202,603.86,2.99
FOODS_1,2016-02-23,11604,Tuesday,TX_1,TX,FOODS,NULL,NULL,NULL,NULL,0,137,414.27,3.02
FOODS_1,2016-02-24,11604,Wednesday,TX_1,TX,FOODS,NULL,NULL,NULL,NULL,0,127,409.79,3.23
FOODS_1,2016-02-25,11604,Thursday,TX_1,TX,FOODS,NULL,NULL,NULL,NULL,0,155,492.06,3.17
FOODS_1,2016-02-26,11604,Friday,TX_1,TX,FOODS,NULL,NULL,NULL,NULL,0,200,591.68,2.96
FOODS_1,2016-02-27,11605,Saturday,TX_1,TX,FOODS,NULL,NULL,NULL,NULL,0,224,656.09,2.93
FOODS_1,2016-02-28,11605,Sunday,TX_1,TX,FOODS,NULL,NULL,NULL,NULL,0,205,603.81,2.95
FOODS_1,2016-02-29,11605,Monday,TX_1,TX,FOODS,NULL,NULL,NULL,NULL,0,175,686.79,3.92
FOODS_1,2016-03-01,11605,Tuesday,TX_1,TX,FOODS,NULL,NULL,NULL,NULL,1,200,731.76,3.66
FOODS_1,2016-03-02,11605,Wednesday,TX_1,TX,FOODS,NULL,NULL,NULL,NULL,0,176,587.83,3.34
FOODS_1,2016-03-03,11605,Thursday,TX_1,TX,FOODS,NULL,NULL,NULL,NULL,1,191,480.24,2.51
FOODS_1,2016-03-04,11605,Friday,TX_1,TX,FOODS,NULL,NULL,NULL,NULL,0,235,675.94,2.88
FOODS_1,2016-03-05,11606,Saturday,TX_1,TX,FOODS,NULL,NULL,NULL,NULL,1,206,574.03,2.79
FOODS_1,2016-03-06,11606,Sunday,TX_1,TX,FOODS,NULL,NULL,NULL,NULL,1,242,674.77,2.79
FOODS_1,2016-03-07,11606,Monday,TX_1,TX,FOODS,NULL,NULL,NULL,NULL,1,159,483.19,3.04
FOODS_1,2016-03-08,11606,Tuesday,TX_1,TX,FOODS,NULL,NULL,NULL,NULL,0,155,515.24,3.32
FOODS_1,2016-03-09,11606,Wednesday,TX_1,TX,FOODS,NULL,NULL,NULL,NULL,1,178,643.78,3.62
FOODS_1,2016-03-10,11606,Thursday,TX_1,TX,FOODS,NULL,NULL,NULL,NULL,0,151,578.35,3.83
FOODS_1,2016-03-11,11606,Friday,TX_1,TX,FOODS,NULL,NULL,NULL,NULL,1,205,624.71,3.05
FOODS_1,2016-03-12,11607,Saturday,TX_1,TX,FOODS,NULL,NULL,NULL,NULL,1,229,710.32,3.10
FOODS_1,2016-03-13,11607,Sunday,TX_1,TX,FOODS,NULL,NULL,NULL,NULL,1,191,557.70,2.92
FOODS_1,2016-03-14,11607,Monday,TX_1,TX,FOODS,NULL,NULL,NULL,NULL,0,177,529.77,2.99
FOODS_1,2016-03-15,11607,Tuesday,TX_1,TX,FOODS,NULL,NULL,NULL,NULL,1,190,600.96,3.16
FOODS_1,2016-03-16,11607,Wednesday,TX_1,TX,FOODS,NULL,NULL,NULL,NULL,0,186,411.93,2.21
FOODS_1,2016-03-18,11607,Friday,TX_1,TX,FOODS,NULL,NULL,NULL,NULL,0,161,560.23,3.48
FOODS_1,2016-03-19,11608,Saturday,TX_1,TX,FOODS,NULL,NULL,NULL,NULL,0,204,586.75,2.88
FOODS_1,2016-03-20,11608,Sunday,TX_1,TX,FOODS,NULL,NULL,NULL,NULL,0,250,744.79,2.98
FOODS_1,2016-03-21,11608,Monday,TX_1,TX,FOODS,NULL,NULL,NULL,NULL,0,148,453.89,3.07
FOODS_1,2016-03-22,11608,Tuesday,TX_1,TX,FOODS,NULL,NULL,NULL,NULL,0,243,675.84,2.78
FOODS_1,2016-03-23,11608,Wednesday,TX_1,TX,FOODS,NULL,NULL,NULL,NULL,0,194,612.20,3.16
FOODS_1,2016-03-25,11608,Friday,TX_1,TX,FOODS,NULL,NULL,NULL,NULL,0,272,719.38,2.64
FOODS_1,2016-03-26,11609,Saturday,TX_1,TX,FOODS,NULL,NULL,NULL,NULL,0,338,901.29,2.67
FOODS_1,2016-03-28,11609,Monday,TX_1,TX,FOODS,NULL,NULL,NULL,NULL,0,156,474.77,3.04
FOODS_1,2016-03-29,11609,Tuesday,TX_1,TX,FOODS,NULL,NULL,NULL,NULL,0,145,414.39,2.86
FOODS_1,2016-03-30,11609,Wednesday,TX_1,TX,FOODS,NULL,NULL,NULL,NULL,0,149,538.62,3.61
FOODS_1,2016-03-31,11609,Thursday,TX_1,TX,FOODS,NULL,NULL,NULL,NULL,0,135,495.77,3.67
FOODS_1,2016-04-01,11609,Friday,TX_1,TX,FOODS,NULL,NULL,NULL,NULL,1,258,814.85,3.16
