03 Clean Data/daily_store_performance_clean.csv
dept_id,sale_date,wm_yr_wk,weekday,store_id,state_id,cat_id,event_name_1,event_type_1,event_name_2,event_type_2,snap_TX,total_units_sold,total_revenue,average_selling_price
FOODS_1,2016-04-02,11610,Saturday,TX_1,TX,FOODS,NULL,NULL,NULL,NULL,0,263,735.63,2.80
FOODS_1,2016-04-03,11610,Sunday,TX_1,TX,FOODS,NULL,NULL,NULL,NULL,1,227,677.70,2.99
FOODS_1,2016-04-04,11610,Monday,TX_1,TX,FOODS,NULL,NULL,NULL,NULL,0,145,470.60,3.25
FOODS_1,2016-04-05,11610,Tuesday,TX_1,TX,FOODS,NULL,NULL,NULL,NULL,1,199,602.62,3.03
FOODS_1,2016-04-06,11610,Wednesday,TX_1,TX,FOODS,NULL,NULL,NULL,NULL,1,210,618.93,2.95
FOODS_1,2016-04-07,11610,Thursday,TX_1,TX,FOODS,NULL,NULL,NULL,NULL,1,170,530.40,3.12
FOODS_1,2016-04-08,11610,Friday,TX_1,TX,FOODS,NULL,NULL,NULL,NULL,0,233,705.24,3.03
FOODS_1,2016-04-09,11611,Saturday,TX_1,TX,FOODS,NULL,NULL,NULL,NULL,1,258,702.17,2.72
FOODS_1,2016-04-10,11611,Sunday,TX_1,TX,FOODS,NULL,NULL,NULL,NULL,0,247,723.69,2.93
FOODS_1,2016-04-11,11611,Monday,TX_1,TX,FOODS,NULL,NULL,NULL,NULL,1,171,464.57,2.72
FOODS_1,2016-04-12,11611,Tuesday,TX_1,TX,FOODS,NULL,NULL,NULL,NULL,1,181,551.71,3.05
FOODS_1,2016-04-13,11611,Wednesday,TX_1,TX,FOODS,NULL,NULL,NULL,NULL,1,218,694.08,3.18
FOODS_1,2016-04-14,11611,Thursday,TX_1,TX,FOODS,NULL,NULL,NULL,NULL,0,165,477.41,2.89
FOODS_1,2016-04-15,11611,Friday,TX_1,TX,FOODS,NULL,NULL,NULL,NULL,1,204,696.32,3.41
FOODS_1,2016-04-16,11612,Saturday,TX_1,TX,FOODS,NULL,NULL,NULL,NULL,0,244,733.66,3.01
FOODS_1,2016-04-17,11612,Sunday,TX_1,TX,FOODS,NULL,NULL,NULL,NULL,0,245,747.72,3.05
FOODS_1,2016-04-18,11612,Monday,TX_1,TX,FOODS,NULL,NULL,NULL,NULL,0,193,476.08,2.47
FOODS_1,2016-04-19,11612,Tuesday,TX_1,TX,FOODS,NULL,NULL,NULL,NULL,0,138,474.41,3.44
FOODS_1,2016-04-20,11612,Wednesday,TX_1,TX,FOODS,NULL,NULL,NULL,NULL,0,176,617.79,3.51
FOODS_1,2016-04-21,11612,Thursday,TX_1,TX,FOODS,NULL,NULL,NULL,NULL,0,198,574.75,2.90
FOODS_1,2016-04-22,11612,Friday,TX_1,TX,FOODS,NULL,NULL,NULL,NULL,0,201,578.18,2.88
FOODS_1,2016-04-23,11613,Saturday,TX_1,TX,FOODS,NULL,NULL,NULL,NULL,0,218,616.85,2.83
FOODS_1,2016-04-24,11613,Sunday,TX_1,TX,FOODS,NULL,NULL,NULL,NULL,0,221,680.87,3.08
FOODS_1,2016-04-25,11613,Monday,TX_1,TX,FOODS,NULL,NULL,NULL,NULL,0,219,771.62,3.52
FOODS_1,2016-04-26,11613,Tuesday,TX_1,TX,FOODS,NULL,NULL,NULL,NULL,0,167,504.91,3.02
FOODS_1,2016-04-27,11613,Wednesday,TX_1,TX,FOODS,NULL,NULL,NULL,NULL,0,198,550.77,2.78
FOODS_1,2016-04-28,11613,Thursday,TX_1,TX,FOODS,NULL,NULL,NULL,NULL,0,169,430.58,2.55
FOODS_1,2016-04-29,11613,Friday,TX_1,TX,FOODS,NULL,NULL,NULL,NULL,0,241,710.15,2.95
FOODS_1,2016-05-02,11614,Monday,TX_1,TX,FOODS,NULL,NULL,NULL,NULL,0,187,510.34,2.73
FOODS_1,2016-05-03,11614,Tuesday,TX_1,TX,FOODS,NULL,NULL,NULL,NULL,1,307,928.19,3.02
FOODS_1,2016-05-04,11614,Wednesday,TX_1,TX,FOODS,NULL,NULL,NULL,NULL,0,248,787.77,3.18
FOODS_1,2016-05-06,11614,Friday,TX_1,TX,FOODS,NULL,NULL,NULL,NULL,1,333,958.04,2.88
FOODS_1,2016-05-07,11615,Saturday,TX_1,TX,FOODS,NULL,NULL,NULL,NULL,1,303,811.44,2.68
FOODS_1,2016-05-09,11615,Monday,TX_1,TX,FOODS,NULL,NULL,NULL,NULL,1,220,665.68,3.03
FOODS_1,2016-05-10,11615,Tuesday,TX_1,TX,FOODS,NULL,NULL,NULL,NULL,0,252,767.20,3.04
FOODS_1,2016-05-11,11615,Wednesday,TX_1,TX,FOODS,NULL,NULL,NULL,NULL,1,270,782.18,2.90
FOODS_1,2016-05-12,11615,Thursday,TX_1,TX,FOODS,NULL,NULL,NULL,NULL,1,231,625.41,2.71
FOODS_1,2016-05-13,11615,Friday,TX_1,TX,FOODS,NULL,NULL,NULL,NULL,1,239,722.10,3.02
FOODS_1,2016-05-14,11616,Saturday,TX_1,TX,FOODS,NULL,NULL,NULL,NULL,0,281,828.05,2.95
FOODS_1,2016-05-15,11616,Sunday,TX_1,TX,FOODS,NULL,NULL,NULL,NULL,1,316,974.46,3.08
FOODS_1,2016-05-16,11616,Monday,TX_1,TX,FOODS,NULL,NULL,NULL,NULL,0,261,748.00,2.87
FOODS_1,2016-05-17,11616,Tuesday,TX_1,TX,FOODS,NULL,NULL,NULL,NULL,0,235,715.90,3.05
FOODS_1,2016-05-18,11616,Wednesday,TX_1,TX,FOODS,NULL,NULL,NULL,NULL,0,241,739.75,3.07
FOODS_1,2016-05-19,11616,Thursday,TX_1,TX,FOODS,NULL,NULL,NULL,NULL,0,220,693.32,3.15
FOODS_1,2016-05-20,11616,Friday,TX_1,TX,FOODS,NULL,NULL,NULL,NULL,0,299,829.27,2.77
FOODS_1,2016-05-21,11617,Saturday,TX_1,TX,FOODS,NULL,NULL,NULL,NULL,0,279,811.64,2.91
FOODS_1,2016-05-22,11617,Sunday,TX_1,TX,FOODS,NULL,NULL,NULL,NULL,0,398,1174.92,2.95
HOUSEHOLD_1,2014-05-24,11417,Saturday,TX_1,TX,HOUSEHOLD,NULL,NULL,NULL,NULL,0,722,2734.76,3.79
HOUSEHOLD_1,2014-05-25,11417,Sunday,TX_1,TX,HOUSEHOLD,NULL,NULL,NULL,NULL,0,672,2444.54,3.64
HOUSEHOLD_1,2014-05-27,11417,Tuesday,TX_1,TX,HOUSEHOLD,NULL,NULL,NULL,NULL,0,487,1825.80,3.75
HOUSEHOLD_1,2014-05-28,11417,Wednesday,TX_1,TX,HOUSEHOLD,NULL,NULL,NULL,NULL,0,514,1897.09,3.69
HOUSEHOLD_1,2014-05-29,11417,Thursday,TX_1,TX,HOUSEHOLD,NULL,NULL,NULL,NULL,0,597,1939.32,3.25
HOUSEHOLD_1,2014-05-30,11417,Friday,TX_1,TX,HOUSEHOLD,NULL,NULL,NULL,NULL,0,646,2226.01,3.45
HOUSEHOLD_1,2014-05-31,11418,Saturday,TX_1,TX,HOUSEHOLD,NULL,NULL,NULL,NULL,0,730,2695.48,3.69
HOUSEHOLD_1,2014-06-01,11418,Sunday,TX_1,TX,HOUSEHOLD,NULL,NULL,NULL,NULL,1,790,2929.09,3.71
HOUSEHOLD_1,2014-06-02,11418,Monday,TX_1,TX,HOUSEHOLD,NULL,NULL,NULL,NULL,0,540,2082.92,3.86
HOUSEHOLD_1,2014-06-03,11418,Tuesday,TX_1,TX,HOUSEHOLD,NULL,NULL,NULL,NULL,1,636,2533.46,3.98
HOUSEHOLD_1,2014-06-04,11418,Wednesday,TX_1,TX,HOUSEHOLD,NULL,NULL,NULL,NULL,0,523,1879.48,3.59
HOUSEHOLD_1,2014-06-06,11418,Friday,TX_1,TX,HOUSEHOLD,NULL,NULL,NULL,NULL,1,583,2193.89,3.76
HOUSEHOLD_1,2014-06-07,11419,Saturday,TX_1,TX,HOUSEHOLD,NULL,NULL,NULL,NULL,1,736,2746.58,3.73
HOUSEHOLD_1,2014-06-08,11419,Sunday,TX_1,TX,HOUSEHOLD,NULL,NULL,NULL,NULL,0,779,2845.54,3.65
HOUSEHOLD_1,2014-06-09,11419,Monday,TX_1,TX,HOUSEHOLD,NULL,NULL,NULL,NULL,1,597,2168.68,3.63
HOUSEHOLD_1,2014-06-10,11419,Tuesday,TX_1,TX,HOUSEHOLD,NULL,NULL,NULL,NULL,0,508,1880.69,3.70
HOUSEHOLD_1,2014-06-11,11419,Wednesday,TX_1,TX,HOUSEHOLD,NULL,NULL,NULL,NULL,1,527,1938.72,3.68
HOUSEHOLD_1,2014-06-12,11419,Thursday,TX_1,TX,HOUSEHOLD,NULL,NULL,NULL,NULL,1,508,1965.75,3.87
HOUSEHOLD_1,2014-06-13,11419,Friday,TX_1,TX,HOUSEHOLD,NULL,NULL,NULL,NULL,1,645,2403.55,3.73
HOUSEHOLD_1,2014-06-14,11420,Saturday,TX_1,TX,HOUSEHOLD,NULL,NULL,NULL,NULL,0,718,2629.02,3.66
HOUSEHOLD_1,2014-06-16,11420,Monday,TX_1,TX,HOUSEHOLD,NULL,NULL,NULL,NULL,0,622,2447.53,3.93
HOUSEHOLD_1,2014-06-17,11420,Tuesday,TX_1,TX,HOUSEHOLD,NULL,NULL,NULL,NULL,0,505,1898.31,3.76
HOUSEHOLD_1,2014-06-18,11420,Wednesday,TX_1,TX,HOUSEHOLD,NULL,NULL,NULL,NULL,0,526,2064.34,3.92
HOUSEHOLD_1,2014-06-19,11420,Thursday,TX_1,TX,HOUSEHOLD,NULL,NULL,NULL,NULL,0,529,1706.64,3.23
HOUSEHOLD_1,2014-06-20,11420,Friday,TX_1,TX,HOUSEHOLD,NULL,NULL,NULL,NULL,0,632,2344.38,3.71
HOUSEHOLD_1,2014-06-21,11421,Saturday,TX_1,TX,HOUSEHOLD,NULL,NULL,NULL,NULL,0,723,2641.72,3.65
HOUSEHOLD_1,2014-06-22,11421,Sunday,TX_1,TX,HOUSEHOLD,NULL,NULL,NULL,NULL,0,749,2794.33,3.73
HOUSEHOLD_1,2014-06-23,11421,Monday,TX_1,TX,HOUSEHOLD,NULL,NULL,NULL,NULL,0,530,2015.44,3.80
HOUSEHOLD_1,2014-06-24,11421,Tuesday,TX_1,TX,HOUSEHOLD,NULL,NULL,NULL,NULL,0,550,1937.04,3.52
HOUSEHOLD_1,2014-06-25,11421,Wednesday,TX_1,TX,HOUSEHOLD,NULL,NULL,NULL,NULL,0,485,1917.18,3.95
HOUSEHOLD_1,2014-06-26,11421,Thursday,TX_1,TX,HOUSEHOLD,NULL,NULL,NULL,NULL,0,518,1738.98,3.36
HOUSEHOLD_1,2014-06-27,11421,Friday,TX_1,TX,HOUSEHOLD,NULL,NULL,NULL,NULL,0,602,2159.14,3.59
HOUSEHOLD_1,2014-06-28,11422,Saturday,TX_1,TX,HOUSEHOLD,NULL,NULL,NULL,NULL,0,686,2461.53,3.59
HOUSEHOLD_1,2014-06-30,11422,Monday,TX_1,TX,HOUSEHOLD,NULL,NULL,NULL,NULL,0,583,2077.86,3.56
HOUSEHOLD_1,2014-07-01,11422,Tuesday,TX_1,TX,HOUSEHOLD,NULL,NULL,NULL,NULL,1,626,2330.47,3.72
HOUSEHOLD_1,2014-07-02,11422,Wednesday,TX_1,TX,HOUSEHOLD,NULL,NULL,NULL,NULL,0,524,1870.81,3.57
HOUSEHOLD_1,2014-07-03,11422,Thursday,TX_1,TX,HOUSEHOLD,NULL,NULL,NULL,NULL,1,723,2518.49,3.48
HOUSEHOLD_1,2014-07-05,11423,Saturday,TX_1,TX,HOUSEHOLD,NULL,NULL,NULL,NULL,1,712,2378.23,3.34
HOUSEHOLD_1,2014-07-06,11423,Sunday,TX_1,TX,HOUSEHOLD,NULL,NULL,NULL,NULL,1,799,3057.30,3.83
HOUSEHOLD_1,2014-07-07,11423,Monday,TX_1,TX,HOUSEHOLD,NULL,NULL,NULL,NULL,1,595,2197.30,3.69
HOUSEHOLD_1,2014-07-08,11423,Tuesday,TX_1,TX,HOUSEHOLD,NULL,NULL,NULL,NULL,0,493,1942.95,3.94
HOUSEHOLD_1,2014-07-09,11423,Wednesday,TX_1,TX,HOUSEHOLD,NULL,NULL,NULL,NULL,1,501,1923.27,3.84
HOUSEHOLD_1,2014-07-10,11423,Thursday,TX_1,TX,HOUSEHOLD,NULL,NULL,NULL,NULL,0,511,1819.19,3.56
HOUSEHOLD_1,2014-07-11,11423,Friday,TX_1,TX,HOUSEHOLD,NULL,NULL,NULL,NULL,1,582,2194.98,3.77
HOUSEHOLD_1,2014-07-12,11424,Saturday,TX_1,TX,HOUSEHOLD,NULL,NULL,NULL,NULL,1,768,2784.28,3.63
HOUSEHOLD_1,2014-07-13,11424,Sunday,TX_1,TX,HOUSEHOLD,NULL,NULL,NULL,NULL,1,755,2735.88,3.62
HOUSEHOLD_1,2014-07-14,11424,Monday,TX_1,TX,HOUSEHOLD,NULL,NULL,NULL,NULL,0,555,2123.53,3.83
HOUSEHOLD_1,2014-07-15,11424,Tuesday,TX_1,TX,HOUSEHOLD,NULL,NULL,NULL,NULL,1,514,2072.44,4.03
HOUSEHOLD_1,2014-07-16,11424,Wednesday,TX_1,TX,HOUSEHOLD,NULL,NULL,NULL,NULL,0,522,1881.61,3.60
HOUSEHOLD_1,2014-07-17,11424,Thursday,TX_1,TX,HOUSEHOLD,NULL,NULL,NULL,NULL,0,478,1789.63,3.74
HOUSEHOLD_1,2014-07-18,11424,Friday,TX_1,TX,HOUSEHOLD,NULL,NULL,NULL,NULL,0,548,1907.84,3.48
HOUSEHOLD_1,2014-07-19,11425,Saturday,TX_1,TX,HOUSEHOLD,NULL,NULL,NULL,NULL,0,850,3184.05,3.75
HOUSEHOLD_1,2014-07-20,11425,Sunday,TX_1,TX,HOUSEHOLD,NULL,NULL,NULL,NULL,0,813,3122.29,3.84
HOUSEHOLD_1,2014-07-21,11425,Monday,TX_1,TX,HOUSEHOLD,NULL,NULL,NULL,NULL,0,568,2056.21,3.62
HOUSEHOLD_1,2014-07-22,11425,Tuesday,TX_1,TX,HOUSEHOLD,NULL,NULL,NULL,NULL,0,517,1917.42,3.71
HOUSEHOLD_1,2014-07-23,11425,Wednesday,TX_1,TX,HOUSEHOLD,NULL,NULL,NULL,NULL,0,482,1583.92,3.29
HOUSEHOLD_1,2014-07-24,11425,Thursday,TX_1,TX,HOUSEHOLD,NULL,NULL,NULL,NULL,0,489,1722.99,3.52
HOUSEHOLD_1,2014-07-25,11425,Friday,TX_1,TX,HOUSEHOLD,NULL,NULL,NULL,NULL,0,525,1825.80,3.48
HOUSEHOLD_1,2014-07-26,11426,Saturday,TX_1,TX,HOUSEHOLD,NULL,NULL,NULL,NULL,0,744,2790.21,3.75
HOUSEHOLD_1,2014-07-27,11426,Sunday,TX_1,TX,HOUSEHOLD,NULL,NULL,NULL,NULL,0,770,2909.13,3.78
HOUSEHOLD_1,2014-07-28,11426,Monday,TX_1,TX,HOUSEHOLD,NULL,NULL,NULL,NULL,0,540,1973.48,3.65
HOUSEHOLD_1,2014-07-30,11426,Wednesday,TX_1,TX,HOUSEHOLD,NULL,NULL,NULL,NULL,0,532,1737.93,3.27
HOUSEHOLD_1,2014-07-31,11426,Thursday,TX_1,TX,HOUSEHOLD,NULL,NULL,NULL,NULL,0,610,2085.24,3.42
HOUSEHOLD_1,2014-08-01,11426,Friday,TX_1,TX,HOUSEHOLD,NULL,NULL,NULL,NULL,1,896,2920.03,3.26
HOUSEHOLD_1,2014-08-02,11427,Saturday,TX_1,TX,HOUSEHOLD,NULL,NULL,NULL,NULL,0,772,2837.82,3.68
HOUSEHOLD_1,2014-08-03,11427,Sunday,TX_1,TX,HOUSEHOLD,NULL,NULL,NULL,NULL,1,727,2548.91,3.51
HOUSEHOLD_1,2014-08-04,11427,Monday,TX_1,TX,HOUSEHOLD,NULL,NULL,NULL,NULL,0,575,2003.21,3.48
HOUSEHOLD_1,2014-08-05,11427,Tuesday,TX_1,TX,HOUSEHOLD,NULL,NULL,NULL,NULL,1,631,2107.88,3.34
HOUSEHOLD_1,2014-08-06,11427,Wednesday,TX_1,TX,HOUSEHOLD,NULL,NULL,NULL,NULL,1,506,1790.67,3.54
HOUSEHOLD_1,2014-08-07,11427,Thursday,TX_1,TX,HOUSEHOLD,NULL,NULL,NULL,NULL,1,494,1708.02,3.46
HOUSEHOLD_1,2014-08-08,11427,Friday,TX_1,TX,HOUSEHOLD,NULL,NULL,NULL,NULL,0,624,2351.60,3.77
HOUSEHOLD_1,2014-08-09,11428,Saturday,TX_1,TX,HOUSEHOLD,NULL,NULL,NULL,NULL,1,707,2763.26,3.91
HOUSEHOLD_1,2014-08-10,11428,Sunday,TX_1,TX,HOUSEHOLD,NULL,NULL,NULL,NULL,0,895,2999.58,3.35
HOUSEHOLD_1,2014-08-11,11428,Monday,TX_1,TX,HOUSEHOLD,NULL,NULL,NULL,NULL,1,578,1832.59,3.17
HOUSEHOLD_1,2014-08-12,11428,Tuesday,TX_1,TX,HOUSEHOLD,NULL,NULL,NULL,NULL,1,675,2052.10,3.04
HOUSEHOLD_1,2014-08-13,11428,Wednesday,TX_1,TX,HOUSEHOLD,NULL,NULL,NULL,NULL,1,575,1736.73,3.02
HOUSEHOLD_1,2014-08-14,11428,Thursday,TX_1,TX,HOUSEHOLD,NULL,NULL,NULL,NULL,0,564,1854.12,3.29
HOUSEHOLD_1,2014-08-15,11428,Friday,TX_1,TX,HOUSEHOLD,NULL,NULL,NULL,NULL,1,655,2527.65,3.86
HOUSEHOLD_1,2014-08-16,11429,Saturday,TX_1,TX,HOUSEHOLD,NULL,NULL,NULL,NULL,0,783,2752.46,3.52
HOUSEHOLD_1,2014-08-17,11429,Sunday,TX_1,TX,HOUSEHOLD,NULL,NULL,NULL,NULL,0,879,2914.69,3.32
HOUSEHOLD_1,2014-08-18,11429,Monday,TX_1,TX,HOUSEHOLD,NULL,NULL,NULL,NULL,0,629,2225.24,3.54
HOUSEHOLD_1,2014-08-19,11429,Tuesday,TX_1,TX,HOUSEHOLD,NULL,NULL,NULL,NULL,0,614,2069.21,3.37
HOUSEHOLD_1,2014-08-20,11429,Wednesday,TX_1,TX,HOUSEHOLD,NULL,NULL,NULL,NULL,0,585,1892.18,3.23
HOUSEHOLD_1,2014-08-21,11429,Thursday,TX_1,TX,HOUSEHOLD,NULL,NULL,NULL,NULL,0,602,1969.28,3.27
HOUSEHOLD_1,2014-08-22,11429,Friday,TX_1,TX,HOUSEHOLD,NULL,NULL,NULL,NULL,0,599,2118.17,3.54
HOUSEHOLD_1,2014-08-23,11430,Saturday,TX_1,TX,HOUSEHOLD,NULL,NULL,NULL,NULL,0,854,2786.76,3.26
HOUSEHOLD_1,2014-08-24,11430,Sunday,TX_1,TX,HOUSEHOLD,NULL,NULL,NULL,NULL,0,818,3189.30,3.90
HOUSEHOLD_1,2014-08-25,11430,Monday,TX_1,TX,HOUSEHOLD,NULL,NULL,NULL,NULL,0,625,2040.36,3.26
HOUSEHOLD_1,2014-08-26,11430,Tuesday,TX_1,TX,HOUSEHOLD,NULL,NULL,NULL,NULL,0,619,2162.16,3.49
HOUSEHOLD_1,2014-08-27,11430,Wednesday,TX_1,TX,HOUSEHOLD,NULL,NULL,NULL,NULL,0,533,1805.55,3.39
HOUSEHOLD_1,2014-08-28,11430,Thursday,TX_1,TX,HOUSEHOLD,NULL,NULL,NULL,NULL,0,538,1716.65,3.19
HOUSEHOLD_1,2014-08-29,11430,Friday,TX_1,TX,HOUSEHOLD,NULL,NULL,NULL,NULL,0,626,2071.68,3.31
HOUSEHOLD_1,2014-08-30,11431,Saturday,TX_1,TX,HOUSEHOLD,NULL,NULL,NULL,NULL,0,779,2631.77,3.38
HOUSEHOLD_1,2014-08-31,11431,Sunday,TX_1,TX,HOUSEHOLD,NULL,NULL,NULL,NULL,0,700,2675.84,3.82
HOUSEHOLD_1,2014-09-02,11431,Tuesday,TX_1,TX,HOUSEHOLD,NULL,NULL,NULL,NULL,0,466,1597.27,3.43
HOUSEHOLD_1,2014-09-03,11431,Wednesday,TX_1,TX,HOUSEHOLD,NULL,NULL,NULL,NULL,1,582,2050.77,3.52
HOUSEHOLD_1,2014-09-04,11431,Thursday,TX_1,TX,HOUSEHOLD,NULL,NULL,NULL,NULL,0,444,1659.93,3.74
HOUSEHOLD_1,2014-09-05,11431,Friday,TX_1,TX,HOUSEHOLD,NULL,NULL,NULL,NULL,1,528,1853.87,3.51
HOUSEHOLD_1,2014-09-06,11432,Saturday,TX_1,TX,HOUSEHOLD,NULL,NULL,NULL,NULL,1,756,2646.02,3.50
HOUSEHOLD_1,2014-09-07,11432,Sunday,TX_1,TX,HOUSEHOLD,NULL,NULL,NULL,NULL,1,549,2177.42,3.97
HOUSEHOLD_1,2014-09-08,11432,Monday,TX_1,TX,HOUSEHOLD,NULL,NULL,NULL,NULL,0,600,2171.92,3.62
HOUSEHOLD_1,2014-09-09,11432,Tuesday,TX_1,TX,HOUSEHOLD,NULL,NULL,NULL,NULL,1,540,2119.06,3.92
HOUSEHOLD_1,2014-09-10,11432,Wednesday,TX_1,TX,HOUSEHOLD,NULL,NULL,NULL,NULL,0,579,2033.85,3.51
HOUSEHOLD_1,2014-09-11,11432,Thursday,TX_1,TX,HOUSEHOLD,NULL,NULL,NULL,NULL,1,544,1936.12,3.56
HOUSEHOLD_1,2014-09-12,11432,Friday,TX_1,TX,HOUSEHOLD,NULL,NULL,NULL,NULL,1,591,2101.27,3.56
HOUSEHOLD_1,2014-09-13,11433,Saturday,TX_1,TX,HOUSEHOLD,NULL,NULL,NULL,NULL,1,855,3083.89,3.61
HOUSEHOLD_1,2014-09-14,11433,Sunday,TX_1,TX,HOUSEHOLD,NULL,NULL,NULL,NULL,0,759,2849.44,3.75
HOUSEHOLD_1,2014-09-15,11433,Monday,TX_1,TX,HOUSEHOLD,NULL,NULL,NULL,NULL,1,558,2089.08,3.74
HOUSEHOLD_1,2014-09-16,11433,Tuesday,TX_1,TX,HOUSEHOLD,NULL,NULL,NULL,NULL,0,472,1756.03,3.72
HOUSEHOLD_1,2014-09-17,11433,Wednesday,TX_1,TX,HOUSEHOLD,NULL,NULL,NULL,NULL,0,531,1873.65,3.53
HOUSEHOLD_1,2014-09-18,11433,Thursday,TX_1,TX,HOUSEHOLD,NULL,NULL,NULL,NULL,0,497,2026.28,4.08
HOUSEHOLD_1,2014-09-19,11433,Friday,TX_1,TX,HOUSEHOLD,NULL,NULL,NULL,NULL,0,598,2197.08,3.67
HOUSEHOLD_1,2014-09-20,11434,Saturday,TX_1,TX,HOUSEHOLD,NULL,NULL,NULL,NULL,0,768,2963.74,3.86
HOUSEHOLD_1,2014-09-21,11434,Sunday,TX_1,TX,HOUSEHOLD,NULL,NULL,NULL,NULL,0,841,3349.81,3.98
HOUSEHOLD_1,2014-09-22,11434,Monday,TX_1,TX,HOUSEHOLD,NULL,NULL,NULL,NULL,0,591,2017.07,3.41
HOUSEHOLD_1,2014-09-23,11434,Tuesday,TX_1,TX,HOUSEHOLD,NULL,NULL,NULL,NULL,0,599,1905.42,3.18
HOUSEHOLD_1,2014-09-24,11434,Wednesday,TX_1,TX,HOUSEHOLD,NULL,NULL,NULL,NULL,0,462,1629.80,3.53
HOUSEHOLD_1,2014-09-25,11434,Thursday,TX_1,TX,HOUSEHOLD,NULL,NULL,NULL,NULL,0,476,1641.74,3.45
HOUSEHOLD_1,2014-09-26,11434,Friday,TX_1,TX,HOUSEHOLD,NULL,NULL,NULL,NULL,0,538,1968.42,3.66
HOUSEHOLD_1,2014-09-27,11435,Saturday,TX_1,TX,HOUSEHOLD,NULL,NULL,NULL,NULL,0,671,2543.99,3.79
HOUSEHOLD_1,2014-09-28,11435,Sunday,TX_1,TX,HOUSEHOLD,NULL,NULL,NULL,NULL,0,766,2842.43,3.71
HOUSEHOLD_1,2014-09-29,11435,Monday,TX_1,TX,HOUSEHOLD,NULL,NULL,NULL,NULL,0,589,2093.43,3.55
HOUSEHOLD_1,2014-09-30,11435,Tuesday,TX_1,TX,HOUSEHOLD,NULL,NULL,NULL,NULL,0,525,1901.63,3.62
HOUSEHOLD_1,2014-10-01,11435,Wednesday,TX_1,TX,HOUSEHOLD,NULL,NULL,NULL,NULL,1,620,2139.87,3.45
HOUSEHOLD_1,2014-10-02,11435,Thursday,TX_1,TX,HOUSEHOLD,NULL,NULL,NULL,NULL,0,548,2042.95,3.73
HOUSEHOLD_1,2014-10-03,11435,Friday,TX_1,TX,HOUSEHOLD,NULL,NULL,NULL,NULL,1,724,2520.09,3.48
HOUSEHOLD_1,2014-10-05,11436,Sunday,TX_1,TX,HOUSEHOLD,NULL,NULL,NULL,NULL,1,814,3045.08,3.74
HOUSEHOLD_1,2014-10-06,11436,Monday,TX_1,TX,HOUSEHOLD,NULL,NULL,NULL,NULL,1,530,1734.68,3.27
HOUSEHOLD_1,2014-10-07,11436,Tuesday,TX_1,TX,HOUSEHOLD,NULL,NULL,NULL,NULL,1,516,1784.11,3.46
HOUSEHOLD_1,2014-10-08,11436,Wednesday,TX_1,TX,HOUSEHOLD,NULL,NULL,NULL,NULL,0,635,2073.54,3.27
HOUSEHOLD_1,2014-10-09,11436,Thursday,TX_1,TX,HOUSEHOLD,NULL,NULL,NULL,NULL,1,566,1855.13,3.28
HOUSEHOLD_1,2014-10-10,11436,Friday,TX_1,TX,HOUSEHOLD,NULL,NULL,NULL,NULL,0,604,2224.56,3.68
HOUSEHOLD_1,2014-10-11,11437,Saturday,TX_1,TX,HOUSEHOLD,NULL,NULL,NULL,NULL,1,856,3030.03,3.54
HOUSEHOLD_1,2014-10-12,11437,Sunday,TX_1,TX,HOUSEHOLD,NULL,NULL,NULL,NULL,1,857,2791.09,3.26
HOUSEHOLD_1,2014-10-14,11437,Tuesday,TX_1,TX,HOUSEHOLD,NULL,NULL,NULL,NULL,0,490,1718.24,3.51
HOUSEHOLD_1,2014-10-15,11437,Wednesday,TX_1,TX,HOUSEHOLD,NULL,NULL,NULL,NULL,1,564,1968.86,3.49
HOUSEHOLD_1,2014-10-16,11437,Thursday,TX_1,TX,HOUSEHOLD,NULL,NULL,NULL,NULL,0,484,1741.90,3.60
HOUSEHOLD_1,2014-10-17,11437,Friday,TX_1,TX,HOUSEHOLD,NULL,NULL,NULL,NULL,0,558,2095.59,3.76
HOUSEHOLD_1,2014-10-18,11438,Saturday,TX_1,TX,HOUSEHOLD,NULL,NULL,NULL,NULL,0,725,2655.90,3.66
HOUSEHOLD_1,2014-10-19,11438,Sunday,TX_1,TX,HOUSEHOLD,NULL,NULL,NULL,NULL,0,821,3040.76,3.70
HOUSEHOLD_1,2014-10-20,11438,Monday,TX_1,TX,HOUSEHOLD,NULL,NULL,NULL,NULL,0,526,1903.44,3.62
HOUSEHOLD_1,2014-10-21,11438,Tuesday,TX_1,TX,HOUSEHOLD,NULL,NULL,NULL,NULL,0,488,1971.95,4.04
HOUSEHOLD_1,2014-10-22,11438,Wednesday,TX_1,TX,HOUSEHOLD,NULL,NULL,NULL,NULL,0,459,1783.69,3.89
HOUSEHOLD_1,2014-10-23,11438,Thursday,TX_1,TX,HOUSEHOLD,NULL,NULL,NULL,NULL,0,500,1817.73,3.64
HOUSEHOLD_1,2014-10-24,11438,Friday,TX_1,TX,HOUSEHOLD,NULL,NULL,NULL,NULL,0,569,1995.73,3.51
HOUSEHOLD_1,2014-10-25,11439,Saturday,TX_1,TX,HOUSEHOLD,NULL,NULL,NULL,NULL,0,687,2546.80,3.71
