03 Clean Data/daily_store_performance_clean.csv
dept_id,sale_date,wm_yr_wk,weekday,store_id,state_id,cat_id,event_name_1,event_type_1,event_name_2,event_type_2,snap_TX,total_units_sold,total_revenue,average_selling_price
HOUSEHOLD_1,2014-10-26,11439,Sunday,TX_1,TX,HOUSEHOLD,NULL,NULL,NULL,NULL,0,763,2948.01,3.86
HOUSEHOLD_1,2014-10-27,11439,Monday,TX_1,TX,HOUSEHOLD,NULL,NULL,NULL,NULL,0,526,1831.28,3.48
HOUSEHOLD_1,2014-10-28,11439,Tuesday,TX_1,TX,HOUSEHOLD,NULL,NULL,NULL,NULL,0,416,1421.07,3.42
HOUSEHOLD_1,2014-10-29,11439,Wednesday,TX_1,TX,HOUSEHOLD,NULL,NULL,NULL,NULL,0,417,1529.67,3.67
HOUSEHOLD_1,2014-10-30,11439,Thursday,TX_1,TX,HOUSEHOLD,NULL,NULL,NULL,NULL,0,509,1884.67,3.70
HOUSEHOLD_1,2014-11-01,11440,Saturday,TX_1,TX,HOUSEHOLD,NULL,NULL,NULL,NULL,1,827,3044.17,3.68
HOUSEHOLD_1,2014-11-02,11440,Sunday,TX_1,TX,HOUSEHOLD,NULL,NULL,NULL,NULL,0,774,2907.24,3.76
HOUSEHOLD_1,2014-11-03,11440,Monday,TX_1,TX,HOUSEHOLD,NULL,NULL,NULL,NULL,1,627,2049.30,3.27
HOUSEHOLD_1,2014-11-04,11440,Tuesday,TX_1,TX,HOUSEHOLD,NULL,NULL,NULL,NULL,0,519,1864.52,3.59
HOUSEHOLD_1,2014-11-05,11440,Wednesday,TX_1,TX,HOUSEHOLD,NULL,NULL,NULL,NULL,1,531,1687.95,3.18
HOUSEHOLD_1,2014-11-06,11440,Thursday,TX_1,TX,HOUSEHOLD,NULL,NULL,NULL,NULL,1,485,1615.45,3.33
HOUSEHOLD_1,2014-11-07,11440,Friday,TX_1,TX,HOUSEHOLD,NULL,NULL,NULL,NULL,1,709,2611.15,3.68
HOUSEHOLD_1,2014-11-08,11441,Saturday,TX_1,TX,HOUSEHOLD,NULL,NULL,NULL,NULL,0,723,2681.16,3.71
HOUSEHOLD_1,2014-11-09,11441,Sunday,TX_1,TX,HOUSEHOLD,NULL,NULL,NULL,NULL,1,896,3063.72,3.42
HOUSEHOLD_1,2014-11-10,11441,Monday,TX_1,TX,HOUSEHOLD,NULL,NULL,NULL,NULL,0,637,2341.95,3.68
HOUSEHOLD_1,2014-11-12,11441,Wednesday,TX_1,TX,HOUSEHOLD,NULL,NULL,NULL,NULL,1,452,1783.35,3.95
HOUSEHOLD_1,2014-11-13,11441,Thursday,TX_1,TX,HOUSEHOLD,NULL,NULL,NULL,NULL,1,460,1749.45,3.80
HOUSEHOLD_1,2014-11-14,11441,Friday,TX_1,TX,HOUSEHOLD,NULL,NULL,NULL,NULL,0,526,1848.52,3.51
HOUSEHOLD_1,2014-11-15,11442,Saturday,TX_1,TX,HOUSEHOLD,NULL,NULL,NULL,NULL,1,854,3133.17,3.67
HOUSEHOLD_1,2014-11-16,11442,Sunday,TX_1,TX,HOUSEHOLD,NULL,NULL,NULL,NULL,0,795,3052.48,3.84
HOUSEHOLD_1,2014-11-17,11442,Monday,TX_1,TX,HOUSEHOLD,NULL,NULL,NULL,NULL,0,480,1880.54,3.92
HOUSEHOLD_1,2014-11-18,11442,Tuesday,TX_1,TX,HOUSEHOLD,NULL,NULL,NULL,NULL,0,548,2087.82,3.81
HOUSEHOLD_1,2014-11-19,11442,Wednesday,TX_1,TX,HOUSEHOLD,NULL,NULL,NULL,NULL,0,479,1708.30,3.57
HOUSEHOLD_1,2014-11-20,11442,Thursday,TX_1,TX,HOUSEHOLD,NULL,NULL,NULL,NULL,0,490,1901.66,3.88
HOUSEHOLD_1,2014-11-21,11442,Friday,TX_1,TX,HOUSEHOLD,NULL,NULL,NULL,NULL,0,543,1964.32,3.62
HOUSEHOLD_1,2014-11-22,11443,Saturday,TX_1,TX,HOUSEHOLD,NULL,NULL,NULL,NULL,0,841,3264.53,3.88
HOUSEHOLD_1,2014-11-23,11443,Sunday,TX_1,TX,HOUSEHOLD,NULL,NULL,NULL,NULL,0,846,3293.95,3.89
HOUSEHOLD_1,2014-11-24,11443,Monday,TX_1,TX,HOUSEHOLD,NULL,NULL,NULL,NULL,0,558,2174.45,3.90
HOUSEHOLD_1,2014-11-25,11443,Tuesday,TX_1,TX,HOUSEHOLD,NULL,NULL,NULL,NULL,0,549,1989.03,3.62
HOUSEHOLD_1,2014-11-26,11443,Wednesday,TX_1,TX,HOUSEHOLD,NULL,NULL,NULL,NULL,0,625,2331.15,3.73
HOUSEHOLD_1,2014-11-28,11443,Friday,TX_1,TX,HOUSEHOLD,NULL,NULL,NULL,NULL,0,510,2070.42,4.06
HOUSEHOLD_1,2014-11-29,11444,Saturday,TX_1,TX,HOUSEHOLD,NULL,NULL,NULL,NULL,0,649,2557.77,3.94
HOUSEHOLD_1,2014-11-30,11444,Sunday,TX_1,TX,HOUSEHOLD,NULL,NULL,NULL,NULL,0,688,2684.45,3.90
HOUSEHOLD_1,2014-12-01,11444,Monday,TX_1,TX,HOUSEHOLD,NULL,NULL,NULL,NULL,1,582,2105.30,3.62
HOUSEHOLD_1,2014-12-02,11444,Tuesday,TX_1,TX,HOUSEHOLD,NULL,NULL,NULL,NULL,0,507,1944.99,3.84
HOUSEHOLD_1,2014-12-03,11444,Wednesday,TX_1,TX,HOUSEHOLD,NULL,NULL,NULL,NULL,1,584,2262.54,3.87
HOUSEHOLD_1,2014-12-04,11444,Thursday,TX_1,TX,HOUSEHOLD,NULL,NULL,NULL,NULL,0,563,1974.19,3.51
HOUSEHOLD_1,2014-12-05,11444,Friday,TX_1,TX,HOUSEHOLD,NULL,NULL,NULL,NULL,1,668,2601.06,3.89
HOUSEHOLD_1,2014-12-06,11445,Saturday,TX_1,TX,HOUSEHOLD,NULL,NULL,NULL,NULL,1,776,2856.27,3.68
HOUSEHOLD_1,2014-12-07,11445,Sunday,TX_1,TX,HOUSEHOLD,NULL,NULL,NULL,NULL,1,848,2979.52,3.51
HOUSEHOLD_1,2014-12-08,11445,Monday,TX_1,TX,HOUSEHOLD,NULL,NULL,NULL,NULL,0,568,1955.83,3.44
HOUSEHOLD_1,2014-12-09,11445,Tuesday,TX_1,TX,HOUSEHOLD,NULL,NULL,NULL,NULL,1,470,1770.11,3.77
HOUSEHOLD_1,2014-12-10,11445,Wednesday,TX_1,TX,HOUSEHOLD,NULL,NULL,NULL,NULL,0,538,2077.60,3.86
HOUSEHOLD_1,2014-12-11,11445,Thursday,TX_1,TX,HOUSEHOLD,NULL,NULL,NULL,NULL,1,456,1692.34,3.71
HOUSEHOLD_1,2014-12-12,11445,Friday,TX_1,TX,HOUSEHOLD,NULL,NULL,NULL,NULL,1,611,2093.21,3.43
HOUSEHOLD_1,2014-12-13,11446,Saturday,TX_1,TX,HOUSEHOLD,NULL,NULL,NULL,NULL,1,713,2644.81,3.71
HOUSEHOLD_1,2014-12-14,11446,Sunday,TX_1,TX,HOUSEHOLD,NULL,NULL,NULL,NULL,0,763,3107.22,4.07
HOUSEHOLD_1,2014-12-15,11446,Monday,TX_1,TX,HOUSEHOLD,NULL,NULL,NULL,NULL,1,650,2402.68,3.70
HOUSEHOLD_1,2014-12-16,11446,Tuesday,TX_1,TX,HOUSEHOLD,NULL,NULL,NULL,NULL,0,632,2182.69,3.45
HOUSEHOLD_1,2014-12-17,11446,Wednesday,TX_1,TX,HOUSEHOLD,NULL,NULL,NULL,NULL,0,539,1789.46,3.32
HOUSEHOLD_1,2014-12-18,11446,Thursday,TX_1,TX,HOUSEHOLD,NULL,NULL,NULL,NULL,0,503,1710.12,3.40
HOUSEHOLD_1,2014-12-19,11446,Friday,TX_1,TX,HOUSEHOLD,NULL,NULL,NULL,NULL,0,468,1608.53,3.44
HOUSEHOLD_1,2014-12-20,11447,Saturday,TX_1,TX,HOUSEHOLD,NULL,NULL,NULL,NULL,0,745,2666.27,3.58
HOUSEHOLD_1,2014-12-21,11447,Sunday,TX_1,TX,HOUSEHOLD,NULL,NULL,NULL,NULL,0,743,2861.17,3.85
HOUSEHOLD_1,2014-12-22,11447,Monday,TX_1,TX,HOUSEHOLD,NULL,NULL,NULL,NULL,0,543,1907.14,3.51
HOUSEHOLD_1,2014-12-23,11447,Tuesday,TX_1,TX,HOUSEHOLD,NULL,NULL,NULL,NULL,0,657,2391.02,3.64
HOUSEHOLD_1,2014-12-26,11447,Friday,TX_1,TX,HOUSEHOLD,NULL,NULL,NULL,NULL,0,773,2826.81,3.66
HOUSEHOLD_1,2014-12-27,11448,Saturday,TX_1,TX,HOUSEHOLD,NULL,NULL,NULL,NULL,0,706,2487.54,3.52
HOUSEHOLD_1,2014-12-28,11448,Sunday,TX_1,TX,HOUSEHOLD,NULL,NULL,NULL,NULL,0,636,2314.15,3.64
HOUSEHOLD_1,2014-12-29,11448,Monday,TX_1,TX,HOUSEHOLD,NULL,NULL,NULL,NULL,0,617,2228.14,3.61
HOUSEHOLD_1,2014-12-30,11448,Tuesday,TX_1,TX,HOUSEHOLD,NULL,NULL,NULL,NULL,0,638,2335.71,3.66
HOUSEHOLD_1,2014-12-31,11448,Wednesday,TX_1,TX,HOUSEHOLD,NULL,NULL,NULL,NULL,0,578,2041.48,3.53
HOUSEHOLD_1,2015-01-02,11448,Friday,TX_1,TX,HOUSEHOLD,NULL,NULL,NULL,NULL,0,581,2231.38,3.84
HOUSEHOLD_1,2015-01-03,11449,Saturday,TX_1,TX,HOUSEHOLD,NULL,NULL,NULL,NULL,1,757,2687.26,3.55
HOUSEHOLD_1,2015-01-04,11449,Sunday,TX_1,TX,HOUSEHOLD,NULL,NULL,NULL,NULL,0,698,2612.96,3.74
HOUSEHOLD_1,2015-01-05,11449,Monday,TX_1,TX,HOUSEHOLD,NULL,NULL,NULL,NULL,1,585,2030.37,3.47
HOUSEHOLD_1,2015-01-06,11449,Tuesday,TX_1,TX,HOUSEHOLD,NULL,NULL,NULL,NULL,1,483,1725.27,3.57
HOUSEHOLD_1,2015-01-08,11449,Thursday,TX_1,TX,HOUSEHOLD,NULL,NULL,NULL,NULL,0,449,1584.62,3.53
HOUSEHOLD_1,2015-01-09,11449,Friday,TX_1,TX,HOUSEHOLD,NULL,NULL,NULL,NULL,1,524,1858.12,3.55
HOUSEHOLD_1,2015-01-10,11450,Saturday,TX_1,TX,HOUSEHOLD,NULL,NULL,NULL,NULL,0,746,2648.80,3.55
HOUSEHOLD_1,2015-01-11,11450,Sunday,TX_1,TX,HOUSEHOLD,NULL,NULL,NULL,NULL,1,928,3456.34,3.72
HOUSEHOLD_1,2015-01-12,11450,Monday,TX_1,TX,HOUSEHOLD,NULL,NULL,NULL,NULL,1,600,2046.71,3.41
HOUSEHOLD_1,2015-01-13,11450,Tuesday,TX_1,TX,HOUSEHOLD,NULL,NULL,NULL,NULL,1,441,1582.09,3.59
HOUSEHOLD_1,2015-01-14,11450,Wednesday,TX_1,TX,HOUSEHOLD,NULL,NULL,NULL,NULL,0,571,2156.01,3.78
HOUSEHOLD_1,2015-01-15,11450,Thursday,TX_1,TX,HOUSEHOLD,NULL,NULL,NULL,NULL,1,617,2228.13,3.61
HOUSEHOLD_1,2015-01-16,11450,Friday,TX_1,TX,HOUSEHOLD,NULL,NULL,NULL,NULL,0,628,2164.81,3.45
HOUSEHOLD_1,2015-01-17,11451,Saturday,TX_1,TX,HOUSEHOLD,NULL,NULL,NULL,NULL,0,837,2999.84,3.58
HOUSEHOLD_1,2015-01-18,11451,Sunday,TX_1,TX,HOUSEHOLD,NULL,NULL,NULL,NULL,0,832,3023.28,3.63
HOUSEHOLD_1,2015-01-20,11451,Tuesday,TX_1,TX,HOUSEHOLD,NULL,NULL,NULL,NULL,0,629,1947.53,3.10
HOUSEHOLD_1,2015-01-21,11451,Wednesday,TX_1,TX,HOUSEHOLD,NULL,NULL,NULL,NULL,0,658,2236.31,3.40
HOUSEHOLD_1,2015-01-22,11451,Thursday,TX_1,TX,HOUSEHOLD,NULL,NULL,NULL,NULL,0,509,1482.65,2.91
HOUSEHOLD_1,2015-01-23,11451,Friday,TX_1,TX,HOUSEHOLD,NULL,NULL,NULL,NULL,0,617,2049.05,3.32
HOUSEHOLD_1,2015-01-24,11452,Saturday,TX_1,TX,HOUSEHOLD,NULL,NULL,NULL,NULL,0,837,2922.05,3.49
HOUSEHOLD_1,2015-01-25,11452,Sunday,TX_1,TX,HOUSEHOLD,NULL,NULL,NULL,NULL,0,797,2920.97,3.67
HOUSEHOLD_1,2015-01-26,11452,Monday,TX_1,TX,HOUSEHOLD,NULL,NULL,NULL,NULL,0,567,1989.29,3.51
HOUSEHOLD_1,2015-01-27,11452,Tuesday,TX_1,TX,HOUSEHOLD,NULL,NULL,NULL,NULL,0,528,1768.77,3.35
HOUSEHOLD_1,2015-01-28,11452,Wednesday,TX_1,TX,HOUSEHOLD,NULL,NULL,NULL,NULL,0,509,1828.83,3.59
HOUSEHOLD_1,2015-01-29,11452,Thursday,TX_1,TX,HOUSEHOLD,NULL,NULL,NULL,NULL,0,619,2138.96,3.46
HOUSEHOLD_1,2015-01-30,11452,Friday,TX_1,TX,HOUSEHOLD,NULL,NULL,NULL,NULL,0,697,2461.65,3.53
HOUSEHOLD_1,2015-01-31,11501,Saturday,TX_1,TX,HOUSEHOLD,NULL,NULL,NULL,NULL,0,1052,3564.40,3.39
HOUSEHOLD_1,2015-02-02,11501,Monday,TX_1,TX,HOUSEHOLD,NULL,NULL,NULL,NULL,0,566,2002.24,3.54
HOUSEHOLD_1,2015-02-03,11501,Tuesday,TX_1,TX,HOUSEHOLD,NULL,NULL,NULL,NULL,1,684,2410.79,3.52
HOUSEHOLD_1,2015-02-04,11501,Wednesday,TX_1,TX,HOUSEHOLD,NULL,NULL,NULL,NULL,0,626,2006.54,3.21
HOUSEHOLD_1,2015-02-05,11501,Thursday,TX_1,TX,HOUSEHOLD,NULL,NULL,NULL,NULL,1,597,2136.56,3.58
HOUSEHOLD_1,2015-02-06,11501,Friday,TX_1,TX,HOUSEHOLD,NULL,NULL,NULL,NULL,1,678,2494.48,3.68
HOUSEHOLD_1,2015-02-07,11502,Saturday,TX_1,TX,HOUSEHOLD,NULL,NULL,NULL,NULL,1,905,3163.88,3.50
HOUSEHOLD_1,2015-02-08,11502,Sunday,TX_1,TX,HOUSEHOLD,NULL,NULL,NULL,NULL,0,976,3536.75,3.62
HOUSEHOLD_1,2015-02-09,11502,Monday,TX_1,TX,HOUSEHOLD,NULL,NULL,NULL,NULL,1,762,2615.76,3.43
HOUSEHOLD_1,2015-02-10,11502,Tuesday,TX_1,TX,HOUSEHOLD,NULL,NULL,NULL,NULL,0,771,2505.56,3.25
HOUSEHOLD_1,2015-02-11,11502,Wednesday,TX_1,TX,HOUSEHOLD,NULL,NULL,NULL,NULL,1,724,2390.03,3.30
HOUSEHOLD_1,2015-02-12,11502,Thursday,TX_1,TX,HOUSEHOLD,NULL,NULL,NULL,NULL,1,784,2476.39,3.16
HOUSEHOLD_1,2015-02-13,11502,Friday,TX_1,TX,HOUSEHOLD,NULL,NULL,NULL,NULL,1,796,2496.25,3.14
HOUSEHOLD_1,2015-02-15,11503,Sunday,TX_1,TX,HOUSEHOLD,NULL,NULL,NULL,NULL,1,1083,3762.01,3.47
HOUSEHOLD_1,2015-02-17,11503,Tuesday,TX_1,TX,HOUSEHOLD,NULL,NULL,NULL,NULL,0,611,1892.80,3.10
HOUSEHOLD_1,2015-02-19,11503,Thursday,TX_1,TX,HOUSEHOLD,NULL,NULL,NULL,NULL,0,767,2341.26,3.05
HOUSEHOLD_1,2015-02-20,11503,Friday,TX_1,TX,HOUSEHOLD,NULL,NULL,NULL,NULL,0,824,2637.53,3.20
HOUSEHOLD_1,2015-02-21,11504,Saturday,TX_1,TX,HOUSEHOLD,NULL,NULL,NULL,NULL,0,1050,3269.00,3.11
HOUSEHOLD_1,2015-02-22,11504,Sunday,TX_1,TX,HOUSEHOLD,NULL,NULL,NULL,NULL,0,1171,3731.50,3.19
HOUSEHOLD_1,2015-02-23,11504,Monday,TX_1,TX,HOUSEHOLD,NULL,NULL,NULL,NULL,0,775,2538.22,3.28
HOUSEHOLD_1,2015-02-24,11504,Tuesday,TX_1,TX,HOUSEHOLD,NULL,NULL,NULL,NULL,0,642,2155.22,3.36
HOUSEHOLD_1,2015-02-26,11504,Thursday,TX_1,TX,HOUSEHOLD,NULL,NULL,NULL,NULL,0,622,2389.00,3.84
HOUSEHOLD_1,2015-02-27,11504,Friday,TX_1,TX,HOUSEHOLD,NULL,NULL,NULL,NULL,0,712,2667.48,3.75
HOUSEHOLD_1,2015-02-28,11505,Saturday,TX_1,TX,HOUSEHOLD,NULL,NULL,NULL,NULL,0,1013,3523.95,3.48
HOUSEHOLD_1,2015-03-01,11505,Sunday,TX_1,TX,HOUSEHOLD,NULL,NULL,NULL,NULL,1,981,3725.48,3.80
HOUSEHOLD_1,2015-03-02,11505,Monday,TX_1,TX,HOUSEHOLD,NULL,NULL,NULL,NULL,0,744,2691.52,3.62
HOUSEHOLD_1,2015-03-03,11505,Tuesday,TX_1,TX,HOUSEHOLD,NULL,NULL,NULL,NULL,1,699,2400.66,3.43
HOUSEHOLD_1,2015-03-04,11505,Wednesday,TX_1,TX,HOUSEHOLD,NULL,NULL,NULL,NULL,0,717,2563.71,3.58
HOUSEHOLD_1,2015-03-06,11505,Friday,TX_1,TX,HOUSEHOLD,NULL,NULL,NULL,NULL,1,679,2275.52,3.35
HOUSEHOLD_1,2015-03-07,11506,Saturday,TX_1,TX,HOUSEHOLD,NULL,NULL,NULL,NULL,1,1013,3636.35,3.59
HOUSEHOLD_1,2015-03-08,11506,Sunday,TX_1,TX,HOUSEHOLD,NULL,NULL,NULL,NULL,0,897,3375.82,3.76
HOUSEHOLD_1,2015-03-09,11506,Monday,TX_1,TX,HOUSEHOLD,NULL,NULL,NULL,NULL,1,611,2164.54,3.54
HOUSEHOLD_1,2015-03-10,11506,Tuesday,TX_1,TX,HOUSEHOLD,NULL,NULL,NULL,NULL,0,864,2896.51,3.35
HOUSEHOLD_1,2015-03-11,11506,Wednesday,TX_1,TX,HOUSEHOLD,NULL,NULL,NULL,NULL,1,690,2225.89,3.23
HOUSEHOLD_1,2015-03-12,11506,Thursday,TX_1,TX,HOUSEHOLD,NULL,NULL,NULL,NULL,1,732,2613.23,3.57
HOUSEHOLD_1,2015-03-13,11506,Friday,TX_1,TX,HOUSEHOLD,NULL,NULL,NULL,NULL,1,873,2714.85,3.11
HOUSEHOLD_1,2015-03-14,11507,Saturday,TX_1,TX,HOUSEHOLD,NULL,NULL,NULL,NULL,0,959,3283.77,3.42
HOUSEHOLD_1,2015-03-15,11507,Sunday,TX_1,TX,HOUSEHOLD,NULL,NULL,NULL,NULL,1,1123,3936.85,3.51
HOUSEHOLD_1,2015-03-16,11507,Monday,TX_1,TX,HOUSEHOLD,NULL,NULL,NULL,NULL,0,778,2771.88,3.56
HOUSEHOLD_1,2015-03-18,11507,Wednesday,TX_1,TX,HOUSEHOLD,NULL,NULL,NULL,NULL,0,680,2341.23,3.44
HOUSEHOLD_1,2015-03-19,11507,Thursday,TX_1,TX,HOUSEHOLD,NULL,NULL,NULL,NULL,0,689,2224.66,3.23
HOUSEHOLD_1,2015-03-20,11507,Friday,TX_1,TX,HOUSEHOLD,NULL,NULL,NULL,NULL,0,713,2317.11,3.25
HOUSEHOLD_1,2015-03-21,11508,Saturday,TX_1,TX,HOUSEHOLD,NULL,NULL,NULL,NULL,0,929,3266.70,3.52
HOUSEHOLD_1,2015-03-22,11508,Sunday,TX_1,TX,HOUSEHOLD,NULL,NULL,NULL,NULL,0,1040,3833.57,3.69
HOUSEHOLD_1,2015-03-23,11508,Monday,TX_1,TX,HOUSEHOLD,NULL,NULL,NULL,NULL,0,650,2466.24,3.79
HOUSEHOLD_1,2015-03-24,11508,Tuesday,TX_1,TX,HOUSEHOLD,NULL,NULL,NULL,NULL,0,602,2376.50,3.95
HOUSEHOLD_1,2015-03-25,11508,Wednesday,TX_1,TX,HOUSEHOLD,NULL,NULL,NULL,NULL,0,597,2311.20,3.87
HOUSEHOLD_1,2015-03-26,11508,Thursday,TX_1,TX,HOUSEHOLD,NULL,NULL,NULL,NULL,0,700,2474.14,3.53
HOUSEHOLD_1,2015-03-27,11508,Friday,TX_1,TX,HOUSEHOLD,NULL,NULL,NULL,NULL,0,725,2540.00,3.50
HOUSEHOLD_1,2015-03-28,11509,Saturday,TX_1,TX,HOUSEHOLD,NULL,NULL,NULL,NULL,0,810,3141.76,3.88
HOUSEHOLD_1,2015-03-29,11509,Sunday,TX_1,TX,HOUSEHOLD,NULL,NULL,NULL,NULL,0,878,3422.12,3.90
HOUSEHOLD_1,2015-03-30,11509,Monday,TX_1,TX,HOUSEHOLD,NULL,NULL,NULL,NULL,0,661,2561.90,3.88
HOUSEHOLD_1,2015-03-31,11509,Tuesday,TX_1,TX,HOUSEHOLD,NULL,NULL,NULL,NULL,0,663,2268.36,3.42
HOUSEHOLD_1,2015-04-01,11509,Wednesday,TX_1,TX,HOUSEHOLD,NULL,NULL,NULL,NULL,1,742,2732.30,3.68
HOUSEHOLD_1,2015-04-02,11509,Thursday,TX_1,TX,HOUSEHOLD,NULL,NULL,NULL,NULL,0,579,2043.21,3.53
HOUSEHOLD_1,2015-04-03,11509,Friday,TX_1,TX,HOUSEHOLD,NULL,NULL,NULL,NULL,1,774,2717.64,3.51
HOUSEHOLD_1,2015-04-04,11510,Saturday,TX_1,TX,HOUSEHOLD,NULL,NULL,NULL,NULL,0,921,3491.22,3.79
HOUSEHOLD_1,2015-04-06,11510,Monday,TX_1,TX,HOUSEHOLD,NULL,NULL,NULL,NULL,1,732,2941.70,4.02
HOUSEHOLD_1,2015-04-07,11510,Tuesday,TX_1,TX,HOUSEHOLD,NULL,NULL,NULL,NULL,1,630,2347.30,3.73
HOUSEHOLD_1,2015-04-08,11510,Wednesday,TX_1,TX,HOUSEHOLD,NULL,NULL,NULL,NULL,0,587,2138.67,3.64
HOUSEHOLD_1,2015-04-09,11510,Thursday,TX_1,TX,HOUSEHOLD,NULL,NULL,NULL,NULL,1,729,2741.96,3.76
HOUSEHOLD_1,2015-04-10,11510,Friday,TX_1,TX,HOUSEHOLD,NULL,NULL,NULL,NULL,0,830,2741.10,3.30
HOUSEHOLD_1,2015-04-13,11511,Monday,TX_1,TX,HOUSEHOLD,NULL,NULL,NULL,NULL,1,750,2607.30,3.48
HOUSEHOLD_1,2015-04-14,11511,Tuesday,TX_1,TX,HOUSEHOLD,NULL,NULL,NULL,NULL,0,641,2159.08,3.37
HOUSEHOLD_1,2015-04-15,11511,Wednesday,TX_1,TX,HOUSEHOLD,NULL,NULL,NULL,NULL,1,689,2345.02,3.40
HOUSEHOLD_1,2015-04-16,11511,Thursday,TX_1,TX,HOUSEHOLD,NULL,NULL,NULL,NULL,0,600,2204.19,3.67
HOUSEHOLD_1,2015-04-17,11511,Friday,TX_1,TX,HOUSEHOLD,NULL,NULL,NULL,NULL,0,534,1970.87,3.69
HOUSEHOLD_1,2015-04-18,11512,Saturday,TX_1,TX,HOUSEHOLD,NULL,NULL,NULL,NULL,0,974,3546.32,3.64
HOUSEHOLD_1,2015-04-19,11512,Sunday,TX_1,TX,HOUSEHOLD,NULL,NULL,NULL,NULL,0,968,3807.55,3.93
HOUSEHOLD_1,2015-04-20,11512,Monday,TX_1,TX,HOUSEHOLD,NULL,NULL,NULL,NULL,0,710,2645.89,3.73
HOUSEHOLD_1,2015-04-21,11512,Tuesday,TX_1,TX,HOUSEHOLD,NULL,NULL,NULL,NULL,0,590,2155.38,3.65
HOUSEHOLD_1,2015-04-22,11512,Wednesday,TX_1,TX,HOUSEHOLD,NULL,NULL,NULL,NULL,0,627,2434.24,3.88
HOUSEHOLD_1,2015-04-23,11512,Thursday,TX_1,TX,HOUSEHOLD,NULL,NULL,NULL,NULL,0,579,2140.66,3.70
HOUSEHOLD_1,2015-04-24,11512,Friday,TX_1,TX,HOUSEHOLD,NULL,NULL,NULL,NULL,0,652,2312.65,3.55
HOUSEHOLD_1,2015-04-25,11513,Saturday,TX_1,TX,HOUSEHOLD,NULL,NULL,NULL,NULL,0,882,3335.41,3.78
HOUSEHOLD_1,2015-04-26,11513,Sunday,TX_1,TX,HOUSEHOLD,NULL,NULL,NULL,NULL,0,820,3303.41,4.03
HOUSEHOLD_1,2015-04-27,11513,Monday,TX_1,TX,HOUSEHOLD,NULL,NULL,NULL,NULL,0,652,2546.22,3.91
HOUSEHOLD_1,2015-04-28,11513,Tuesday,TX_1,TX,HOUSEHOLD,NULL,NULL,NULL,NULL,0,614,2305.11,3.75
HOUSEHOLD_1,2015-04-29,11513,Wednesday,TX_1,TX,HOUSEHOLD,NULL,NULL,NULL,NULL,0,577,2161.55,3.75
HOUSEHOLD_1,2015-04-30,11513,Thursday,TX_1,TX,HOUSEHOLD,NULL,NULL,NULL,NULL,0,510,2039.64,4.00
HOUSEHOLD_1,2015-05-01,11513,Friday,TX_1,TX,HOUSEHOLD,NULL,NULL,NULL,NULL,1,815,2670.21,3.28
HOUSEHOLD_1,2015-05-02,11514,Saturday,TX_1,TX,HOUSEHOLD,NULL,NULL,NULL,NULL,0,943,3282.37,3.48
HOUSEHOLD_1,2015-05-03,11514,Sunday,TX_1,TX,HOUSEHOLD,NULL,NULL,NULL,NULL,1,1013,3775.92,3.73
HOUSEHOLD_1,2015-05-04,11514,Monday,TX_1,TX,HOUSEHOLD,NULL,NULL,NULL,NULL,0,719,2548.41,3.54
HOUSEHOLD_1,2015-05-06,11514,Wednesday,TX_1,TX,HOUSEHOLD,NULL,NULL,NULL,NULL,1,632,2225.74,3.52
HOUSEHOLD_1,2015-05-07,11514,Thursday,TX_1,TX,HOUSEHOLD,NULL,NULL,NULL,NULL,1,655,2369.50,3.62
HOUSEHOLD_1,2015-05-08,11514,Friday,TX_1,TX,HOUSEHOLD,NULL,NULL,NULL,NULL,0,636,2380.17,3.74
HOUSEHOLD_1,2015-05-09,11515,Saturday,TX_1,TX,HOUSEHOLD,NULL,NULL,NULL,NULL,1,938,3218.28,3.43
HOUSEHOLD_1,2015-05-11,11515,Monday,TX_1,TX,HOUSEHOLD,NULL,NULL,NULL,NULL,1,750,2702.99,3.60
HOUSEHOLD_1,2015-05-12,11515,Tuesday,TX_1,TX,HOUSEHOLD,NULL,NULL,NULL,NULL,1,709,2552.74,3.60
HOUSEHOLD_1,2015-05-13,11515,Wednesday,TX_1,TX,HOUSEHOLD,NULL,NULL,NULL,NULL,1,729,2484.54,3.41
HOUSEHOLD_1,2015-05-14,11515,Thursday,TX_1,TX,HOUSEHOLD,NULL,NULL,NULL,NULL,0,634,2274.53,3.59
HOUSEHOLD_1,2015-05-15,11515,Friday,TX_1,TX,HOUSEHOLD,NULL,NULL,NULL,NULL,1,826,2480.83,3.00
HOUSEHOLD_1,2015-05-16,11516,Saturday,TX_1,TX,HOUSEHOLD,NULL,NULL,NULL,NULL,0,1196,3942.58,3.30
HOUSEHOLD_1,2015-05-17,11516,Sunday,TX_1,TX,HOUSEHOLD,NULL,NULL,NULL,NULL,0,1088,3921.05,3.60
HOUSEHOLD_1,2015-05-18,11516,Monday,TX_1,TX,HOUSEHOLD,NULL,NULL,NULL,NULL,0,814,3022.36,3.71
HOUSEHOLD_1,2015-05-19,11516,Tuesday,TX_1,TX,HOUSEHOLD,NULL,NULL,NULL,NULL,0,713,2532.90,3.55
HOUSEHOLD_1,2015-05-20,11516,Wednesday,TX_1,TX,HOUSEHOLD,NULL,NULL,NULL,NULL,0,690,2228.15,3.23
HOUSEHOLD_1,2015-05-21,11516,Thursday,TX_1,TX,HOUSEHOLD,NULL,NULL,NULL,NULL,0,700,2316.10,3.31
