03 Clean Data/daily_store_performance_clean.csv
dept_id,sale_date,wm_yr_wk,weekday,store_id,state_id,cat_id,event_name_1,event_type_1,event_name_2,event_type_2,snap_TX,total_units_sold,total_revenue,average_selling_price
HOUSEHOLD_1,2015-05-22,11516,Friday,TX_1,TX,HOUSEHOLD,NULL,NULL,NULL,NULL,0,811,2796.55,3.45
HOUSEHOLD_1,2015-05-23,11517,Saturday,TX_1,TX,HOUSEHOLD,NULL,NULL,NULL,NULL,0,904,3087.11,3.41
HOUSEHOLD_1,2015-05-24,11517,Sunday,TX_1,TX,HOUSEHOLD,NULL,NULL,NULL,NULL,0,937,3671.56,3.92
HOUSEHOLD_1,2015-05-26,11517,Tuesday,TX_1,TX,HOUSEHOLD,NULL,NULL,NULL,NULL,0,649,2502.45,3.86
HOUSEHOLD_1,2015-05-27,11517,Wednesday,TX_1,TX,HOUSEHOLD,NULL,NULL,NULL,NULL,0,669,2500.21,3.74
HOUSEHOLD_1,2015-05-28,11517,Thursday,TX_1,TX,HOUSEHOLD,NULL,NULL,NULL,NULL,0,650,2222.10,3.42
HOUSEHOLD_1,2015-05-29,11517,Friday,TX_1,TX,HOUSEHOLD,NULL,NULL,NULL,NULL,0,656,2311.74,3.52
HOUSEHOLD_1,2015-05-30,11518,Saturday,TX_1,TX,HOUSEHOLD,NULL,NULL,NULL,NULL,0,712,2863.25,4.02
HOUSEHOLD_1,2015-05-31,11518,Sunday,TX_1,TX,HOUSEHOLD,NULL,NULL,NULL,NULL,0,957,3894.05,4.07
HOUSEHOLD_1,2015-06-01,11518,Monday,TX_1,TX,HOUSEHOLD,NULL,NULL,NULL,NULL,1,683,2597.55,3.80
HOUSEHOLD_1,2015-06-02,11518,Tuesday,TX_1,TX,HOUSEHOLD,NULL,NULL,NULL,NULL,0,627,2279.15,3.64
HOUSEHOLD_1,2015-06-03,11518,Wednesday,TX_1,TX,HOUSEHOLD,NULL,NULL,NULL,NULL,1,699,2682.27,3.84
HOUSEHOLD_1,2015-06-05,11518,Friday,TX_1,TX,HOUSEHOLD,NULL,NULL,NULL,NULL,1,709,2808.85,3.96
HOUSEHOLD_1,2015-06-06,11519,Saturday,TX_1,TX,HOUSEHOLD,NULL,NULL,NULL,NULL,1,917,3273.25,3.57
HOUSEHOLD_1,2015-06-07,11519,Sunday,TX_1,TX,HOUSEHOLD,NULL,NULL,NULL,NULL,1,953,3529.39,3.70
HOUSEHOLD_1,2015-06-08,11519,Monday,TX_1,TX,HOUSEHOLD,NULL,NULL,NULL,NULL,0,620,2281.10,3.68
HOUSEHOLD_1,2015-06-09,11519,Tuesday,TX_1,TX,HOUSEHOLD,NULL,NULL,NULL,NULL,1,655,2610.05,3.98
HOUSEHOLD_1,2015-06-10,11519,Wednesday,TX_1,TX,HOUSEHOLD,NULL,NULL,NULL,NULL,0,657,2537.93,3.86
HOUSEHOLD_1,2015-06-11,11519,Thursday,TX_1,TX,HOUSEHOLD,NULL,NULL,NULL,NULL,1,660,2318.03,3.51
HOUSEHOLD_1,2015-06-12,11519,Friday,TX_1,TX,HOUSEHOLD,NULL,NULL,NULL,NULL,1,732,2380.50,3.25
HOUSEHOLD_1,2015-06-13,11520,Saturday,TX_1,TX,HOUSEHOLD,NULL,NULL,NULL,NULL,1,837,3095.98,3.70
HOUSEHOLD_1,2015-06-14,11520,Sunday,TX_1,TX,HOUSEHOLD,NULL,NULL,NULL,NULL,0,885,3490.09,3.94
HOUSEHOLD_1,2015-06-15,11520,Monday,TX_1,TX,HOUSEHOLD,NULL,NULL,NULL,NULL,1,732,2927.44,4.00
HOUSEHOLD_1,2015-06-17,11520,Wednesday,TX_1,TX,HOUSEHOLD,NULL,NULL,NULL,NULL,0,660,2263.93,3.43
HOUSEHOLD_1,2015-06-19,11520,Friday,TX_1,TX,HOUSEHOLD,NULL,NULL,NULL,NULL,0,716,2463.15,3.44
HOUSEHOLD_1,2015-06-20,11521,Saturday,TX_1,TX,HOUSEHOLD,NULL,NULL,NULL,NULL,0,917,3107.34,3.39
HOUSEHOLD_1,2015-06-22,11521,Monday,TX_1,TX,HOUSEHOLD,NULL,NULL,NULL,NULL,0,777,2652.14,3.41
HOUSEHOLD_1,2015-06-23,11521,Tuesday,TX_1,TX,HOUSEHOLD,NULL,NULL,NULL,NULL,0,790,2515.78,3.18
HOUSEHOLD_1,2015-06-24,11521,Wednesday,TX_1,TX,HOUSEHOLD,NULL,NULL,NULL,NULL,0,704,2370.18,3.37
HOUSEHOLD_1,2015-06-25,11521,Thursday,TX_1,TX,HOUSEHOLD,NULL,NULL,NULL,NULL,0,657,2093.48,3.19
HOUSEHOLD_1,2015-06-26,11521,Friday,TX_1,TX,HOUSEHOLD,NULL,NULL,NULL,NULL,0,691,2355.05,3.41
HOUSEHOLD_1,2015-06-27,11522,Saturday,TX_1,TX,HOUSEHOLD,NULL,NULL,NULL,NULL,0,882,3188.76,3.62
HOUSEHOLD_1,2015-06-28,11522,Sunday,TX_1,TX,HOUSEHOLD,NULL,NULL,NULL,NULL,0,882,3212.35,3.64
HOUSEHOLD_1,2015-06-29,11522,Monday,TX_1,TX,HOUSEHOLD,NULL,NULL,NULL,NULL,0,695,2410.67,3.47
HOUSEHOLD_1,2015-06-30,11522,Tuesday,TX_1,TX,HOUSEHOLD,NULL,NULL,NULL,NULL,0,709,2268.60,3.20
HOUSEHOLD_1,2015-07-01,11522,Wednesday,TX_1,TX,HOUSEHOLD,NULL,NULL,NULL,NULL,1,809,2833.56,3.50
HOUSEHOLD_1,2015-07-02,11522,Thursday,TX_1,TX,HOUSEHOLD,NULL,NULL,NULL,NULL,0,923,2989.77,3.24
HOUSEHOLD_1,2015-07-03,11522,Friday,TX_1,TX,HOUSEHOLD,NULL,NULL,NULL,NULL,1,1079,3473.70,3.22
HOUSEHOLD_1,2015-07-05,11523,Sunday,TX_1,TX,HOUSEHOLD,NULL,NULL,NULL,NULL,1,745,2450.97,3.29
HOUSEHOLD_1,2015-07-06,11523,Monday,TX_1,TX,HOUSEHOLD,NULL,NULL,NULL,NULL,1,809,2731.55,3.38
HOUSEHOLD_1,2015-07-07,11523,Tuesday,TX_1,TX,HOUSEHOLD,NULL,NULL,NULL,NULL,1,687,2340.26,3.41
HOUSEHOLD_1,2015-07-08,11523,Wednesday,TX_1,TX,HOUSEHOLD,NULL,NULL,NULL,NULL,0,662,2254.61,3.41
HOUSEHOLD_1,2015-07-09,11523,Thursday,TX_1,TX,HOUSEHOLD,NULL,NULL,NULL,NULL,1,677,2187.18,3.23
HOUSEHOLD_1,2015-07-10,11523,Friday,TX_1,TX,HOUSEHOLD,NULL,NULL,NULL,NULL,0,686,2358.62,3.44
HOUSEHOLD_1,2015-07-11,11524,Saturday,TX_1,TX,HOUSEHOLD,NULL,NULL,NULL,NULL,1,813,2818.66,3.47
HOUSEHOLD_1,2015-07-12,11524,Sunday,TX_1,TX,HOUSEHOLD,NULL,NULL,NULL,NULL,1,993,3580.67,3.61
HOUSEHOLD_1,2015-07-13,11524,Monday,TX_1,TX,HOUSEHOLD,NULL,NULL,NULL,NULL,1,740,2598.35,3.51
HOUSEHOLD_1,2015-07-14,11524,Tuesday,TX_1,TX,HOUSEHOLD,NULL,NULL,NULL,NULL,0,668,2232.02,3.34
HOUSEHOLD_1,2015-07-15,11524,Wednesday,TX_1,TX,HOUSEHOLD,NULL,NULL,NULL,NULL,1,769,2506.22,3.26
HOUSEHOLD_1,2015-07-16,11524,Thursday,TX_1,TX,HOUSEHOLD,NULL,NULL,NULL,NULL,0,754,2493.23,3.31
HOUSEHOLD_1,2015-07-17,11524,Friday,TX_1,TX,HOUSEHOLD,NULL,NULL,NULL,NULL,0,758,2394.10,3.16
HOUSEHOLD_1,2015-07-19,11525,Sunday,TX_1,TX,HOUSEHOLD,NULL,NULL,NULL,NULL,0,1044,3354.79,3.21
HOUSEHOLD_1,2015-07-20,11525,Monday,TX_1,TX,HOUSEHOLD,NULL,NULL,NULL,NULL,0,809,2716.23,3.36
HOUSEHOLD_1,2015-07-21,11525,Tuesday,TX_1,TX,HOUSEHOLD,NULL,NULL,NULL,NULL,0,621,2213.49,3.56
HOUSEHOLD_1,2015-07-22,11525,Wednesday,TX_1,TX,HOUSEHOLD,NULL,NULL,NULL,NULL,0,721,2369.56,3.29
HOUSEHOLD_1,2015-07-23,11525,Thursday,TX_1,TX,HOUSEHOLD,NULL,NULL,NULL,NULL,0,711,2180.47,3.07
HOUSEHOLD_1,2015-07-24,11525,Friday,TX_1,TX,HOUSEHOLD,NULL,NULL,NULL,NULL,0,756,2817.27,3.73
HOUSEHOLD_1,2015-07-25,11526,Saturday,TX_1,TX,HOUSEHOLD,NULL,NULL,NULL,NULL,0,896,3173.68,3.54
HOUSEHOLD_1,2015-07-26,11526,Sunday,TX_1,TX,HOUSEHOLD,NULL,NULL,NULL,NULL,0,1049,3772.47,3.60
HOUSEHOLD_1,2015-07-27,11526,Monday,TX_1,TX,HOUSEHOLD,NULL,NULL,NULL,NULL,0,709,2334.18,3.29
HOUSEHOLD_1,2015-07-28,11526,Tuesday,TX_1,TX,HOUSEHOLD,NULL,NULL,NULL,NULL,0,629,2220.04,3.53
HOUSEHOLD_1,2015-07-29,11526,Wednesday,TX_1,TX,HOUSEHOLD,NULL,NULL,NULL,NULL,0,584,1917.35,3.28
HOUSEHOLD_1,2015-07-30,11526,Thursday,TX_1,TX,HOUSEHOLD,NULL,NULL,NULL,NULL,0,707,2548.30,3.60
HOUSEHOLD_1,2015-07-31,11526,Friday,TX_1,TX,HOUSEHOLD,NULL,NULL,NULL,NULL,0,831,2766.68,3.33
HOUSEHOLD_1,2015-08-01,11527,Saturday,TX_1,TX,HOUSEHOLD,NULL,NULL,NULL,NULL,1,1036,3465.94,3.35
HOUSEHOLD_1,2015-08-02,11527,Sunday,TX_1,TX,HOUSEHOLD,NULL,NULL,NULL,NULL,0,980,3501.13,3.57
HOUSEHOLD_1,2015-08-03,11527,Monday,TX_1,TX,HOUSEHOLD,NULL,NULL,NULL,NULL,1,827,2947.75,3.56
HOUSEHOLD_1,2015-08-04,11527,Tuesday,TX_1,TX,HOUSEHOLD,NULL,NULL,NULL,NULL,0,790,2550.74,3.23
HOUSEHOLD_1,2015-08-05,11527,Wednesday,TX_1,TX,HOUSEHOLD,NULL,NULL,NULL,NULL,1,785,2513.30,3.20
HOUSEHOLD_1,2015-08-06,11527,Thursday,TX_1,TX,HOUSEHOLD,NULL,NULL,NULL,NULL,1,670,2304.28,3.44
HOUSEHOLD_1,2015-08-07,11527,Friday,TX_1,TX,HOUSEHOLD,NULL,NULL,NULL,NULL,1,846,2792.30,3.30
HOUSEHOLD_1,2015-08-08,11528,Saturday,TX_1,TX,HOUSEHOLD,NULL,NULL,NULL,NULL,0,935,3162.60,3.38
HOUSEHOLD_1,2015-08-09,11528,Sunday,TX_1,TX,HOUSEHOLD,NULL,NULL,NULL,NULL,1,983,3562.92,3.62
HOUSEHOLD_1,2015-08-10,11528,Monday,TX_1,TX,HOUSEHOLD,NULL,NULL,NULL,NULL,0,684,2478.72,3.62
HOUSEHOLD_1,2015-08-11,11528,Tuesday,TX_1,TX,HOUSEHOLD,NULL,NULL,NULL,NULL,1,620,2116.30,3.41
HOUSEHOLD_1,2015-08-12,11528,Wednesday,TX_1,TX,HOUSEHOLD,NULL,NULL,NULL,NULL,1,767,2622.42,3.42
HOUSEHOLD_1,2015-08-13,11528,Thursday,TX_1,TX,HOUSEHOLD,NULL,NULL,NULL,NULL,1,743,2593.45,3.49
HOUSEHOLD_1,2015-08-14,11528,Friday,TX_1,TX,HOUSEHOLD,NULL,NULL,NULL,NULL,0,863,2867.30,3.32
HOUSEHOLD_1,2015-08-15,11529,Saturday,TX_1,TX,HOUSEHOLD,NULL,NULL,NULL,NULL,1,1021,3381.35,3.31
HOUSEHOLD_1,2015-08-16,11529,Sunday,TX_1,TX,HOUSEHOLD,NULL,NULL,NULL,NULL,0,947,3747.78,3.96
HOUSEHOLD_1,2015-08-17,11529,Monday,TX_1,TX,HOUSEHOLD,NULL,NULL,NULL,NULL,0,751,2846.36,3.79
HOUSEHOLD_1,2015-08-18,11529,Tuesday,TX_1,TX,HOUSEHOLD,NULL,NULL,NULL,NULL,0,681,2322.80,3.41
HOUSEHOLD_1,2015-08-19,11529,Wednesday,TX_1,TX,HOUSEHOLD,NULL,NULL,NULL,NULL,0,609,2215.58,3.64
HOUSEHOLD_1,2015-08-20,11529,Thursday,TX_1,TX,HOUSEHOLD,NULL,NULL,NULL,NULL,0,652,2193.12,3.36
HOUSEHOLD_1,2015-08-21,11529,Friday,TX_1,TX,HOUSEHOLD,NULL,NULL,NULL,NULL,0,720,2487.15,3.45
HOUSEHOLD_1,2015-08-22,11530,Saturday,TX_1,TX,HOUSEHOLD,NULL,NULL,NULL,NULL,0,1071,3530.45,3.30
HOUSEHOLD_1,2015-08-23,11530,Sunday,TX_1,TX,HOUSEHOLD,NULL,NULL,NULL,NULL,0,1083,3970.43,3.67
HOUSEHOLD_1,2015-08-24,11530,Monday,TX_1,TX,HOUSEHOLD,NULL,NULL,NULL,NULL,0,758,2391.90,3.16
HOUSEHOLD_1,2015-08-25,11530,Tuesday,TX_1,TX,HOUSEHOLD,NULL,NULL,NULL,NULL,0,623,1940.85,3.12
HOUSEHOLD_1,2015-08-26,11530,Wednesday,TX_1,TX,HOUSEHOLD,NULL,NULL,NULL,NULL,0,654,2235.73,3.42
HOUSEHOLD_1,2015-08-27,11530,Thursday,TX_1,TX,HOUSEHOLD,NULL,NULL,NULL,NULL,0,645,2233.47,3.46
HOUSEHOLD_1,2015-08-28,11530,Friday,TX_1,TX,HOUSEHOLD,NULL,NULL,NULL,NULL,0,667,2339.12,3.51
HOUSEHOLD_1,2015-08-29,11531,Saturday,TX_1,TX,HOUSEHOLD,NULL,NULL,NULL,NULL,0,868,3207.45,3.70
HOUSEHOLD_1,2015-08-30,11531,Sunday,TX_1,TX,HOUSEHOLD,NULL,NULL,NULL,NULL,0,1008,3414.36,3.39
HOUSEHOLD_1,2015-08-31,11531,Monday,TX_1,TX,HOUSEHOLD,NULL,NULL,NULL,NULL,0,749,2545.51,3.40
HOUSEHOLD_1,2015-09-01,11531,Tuesday,TX_1,TX,HOUSEHOLD,NULL,NULL,NULL,NULL,1,839,2680.86,3.20
HOUSEHOLD_1,2015-09-02,11531,Wednesday,TX_1,TX,HOUSEHOLD,NULL,NULL,NULL,NULL,0,704,2395.07,3.40
HOUSEHOLD_1,2015-09-03,11531,Thursday,TX_1,TX,HOUSEHOLD,NULL,NULL,NULL,NULL,1,788,2612.81,3.32
HOUSEHOLD_1,2015-09-04,11531,Friday,TX_1,TX,HOUSEHOLD,NULL,NULL,NULL,NULL,0,783,2673.12,3.41
HOUSEHOLD_1,2015-09-05,11532,Saturday,TX_1,TX,HOUSEHOLD,NULL,NULL,NULL,NULL,1,966,3392.97,3.51
HOUSEHOLD_1,2015-09-06,11532,Sunday,TX_1,TX,HOUSEHOLD,NULL,NULL,NULL,NULL,1,945,3134.51,3.32
HOUSEHOLD_1,2015-09-08,11532,Tuesday,TX_1,TX,HOUSEHOLD,NULL,NULL,NULL,NULL,0,644,2160.01,3.35
HOUSEHOLD_1,2015-09-09,11532,Wednesday,TX_1,TX,HOUSEHOLD,NULL,NULL,NULL,NULL,1,686,2170.37,3.16
HOUSEHOLD_1,2015-09-10,11532,Thursday,TX_1,TX,HOUSEHOLD,NULL,NULL,NULL,NULL,0,606,1945.45,3.21
HOUSEHOLD_1,2015-09-11,11532,Friday,TX_1,TX,HOUSEHOLD,NULL,NULL,NULL,NULL,1,670,2504.82,3.74
HOUSEHOLD_1,2015-09-12,11533,Saturday,TX_1,TX,HOUSEHOLD,NULL,NULL,NULL,NULL,1,906,3241.86,3.58
HOUSEHOLD_1,2015-09-13,11533,Sunday,TX_1,TX,HOUSEHOLD,NULL,NULL,NULL,NULL,1,948,3710.78,3.91
HOUSEHOLD_1,2015-09-14,11533,Monday,TX_1,TX,HOUSEHOLD,NULL,NULL,NULL,NULL,0,770,2726.52,3.54
HOUSEHOLD_1,2015-09-15,11533,Tuesday,TX_1,TX,HOUSEHOLD,NULL,NULL,NULL,NULL,1,702,2314.63,3.30
HOUSEHOLD_1,2015-09-16,11533,Wednesday,TX_1,TX,HOUSEHOLD,NULL,NULL,NULL,NULL,0,630,2166.69,3.44
HOUSEHOLD_1,2015-09-17,11533,Thursday,TX_1,TX,HOUSEHOLD,NULL,NULL,NULL,NULL,0,671,2457.65,3.66
HOUSEHOLD_1,2015-09-18,11533,Friday,TX_1,TX,HOUSEHOLD,NULL,NULL,NULL,NULL,0,730,2671.74,3.66
HOUSEHOLD_1,2015-09-19,11534,Saturday,TX_1,TX,HOUSEHOLD,NULL,NULL,NULL,NULL,0,1020,3618.93,3.55
HOUSEHOLD_1,2015-09-20,11534,Sunday,TX_1,TX,HOUSEHOLD,NULL,NULL,NULL,NULL,0,1032,3944.53,3.82
HOUSEHOLD_1,2015-09-21,11534,Monday,TX_1,TX,HOUSEHOLD,NULL,NULL,NULL,NULL,0,681,2333.18,3.43
HOUSEHOLD_1,2015-09-22,11534,Tuesday,TX_1,TX,HOUSEHOLD,NULL,NULL,NULL,NULL,0,740,2597.28,3.51
HOUSEHOLD_1,2015-09-23,11534,Wednesday,TX_1,TX,HOUSEHOLD,NULL,NULL,NULL,NULL,0,714,2346.11,3.29
HOUSEHOLD_1,2015-09-25,11534,Friday,TX_1,TX,HOUSEHOLD,NULL,NULL,NULL,NULL,0,726,2425.37,3.34
HOUSEHOLD_1,2015-09-26,11535,Saturday,TX_1,TX,HOUSEHOLD,NULL,NULL,NULL,NULL,0,857,3277.70,3.82
HOUSEHOLD_1,2015-09-27,11535,Sunday,TX_1,TX,HOUSEHOLD,NULL,NULL,NULL,NULL,0,935,3653.50,3.91
HOUSEHOLD_1,2015-09-28,11535,Monday,TX_1,TX,HOUSEHOLD,NULL,NULL,NULL,NULL,0,675,2512.17,3.72
HOUSEHOLD_1,2015-09-29,11535,Tuesday,TX_1,TX,HOUSEHOLD,NULL,NULL,NULL,NULL,0,657,2379.37,3.62
HOUSEHOLD_1,2015-09-30,11535,Wednesday,TX_1,TX,HOUSEHOLD,NULL,NULL,NULL,NULL,0,663,2306.07,3.48
HOUSEHOLD_1,2015-10-01,11535,Thursday,TX_1,TX,HOUSEHOLD,NULL,NULL,NULL,NULL,1,635,2194.98,3.46
HOUSEHOLD_1,2015-10-02,11535,Friday,TX_1,TX,HOUSEHOLD,NULL,NULL,NULL,NULL,0,733,2554.19,3.48
HOUSEHOLD_1,2015-10-03,11536,Saturday,TX_1,TX,HOUSEHOLD,NULL,NULL,NULL,NULL,1,956,3316.58,3.47
HOUSEHOLD_1,2015-10-04,11536,Sunday,TX_1,TX,HOUSEHOLD,NULL,NULL,NULL,NULL,0,1034,3755.30,3.63
HOUSEHOLD_1,2015-10-05,11536,Monday,TX_1,TX,HOUSEHOLD,NULL,NULL,NULL,NULL,1,669,2455.50,3.67
HOUSEHOLD_1,2015-10-06,11536,Tuesday,TX_1,TX,HOUSEHOLD,NULL,NULL,NULL,NULL,1,694,2342.00,3.37
HOUSEHOLD_1,2015-10-07,11536,Wednesday,TX_1,TX,HOUSEHOLD,NULL,NULL,NULL,NULL,1,613,2239.18,3.65
HOUSEHOLD_1,2015-10-08,11536,Thursday,TX_1,TX,HOUSEHOLD,NULL,NULL,NULL,NULL,0,571,1900.18,3.33
HOUSEHOLD_1,2015-10-09,11536,Friday,TX_1,TX,HOUSEHOLD,NULL,NULL,NULL,NULL,1,778,2626.79,3.38
HOUSEHOLD_1,2015-10-10,11537,Saturday,TX_1,TX,HOUSEHOLD,NULL,NULL,NULL,NULL,0,964,3411.65,3.54
HOUSEHOLD_1,2015-10-11,11537,Sunday,TX_1,TX,HOUSEHOLD,NULL,NULL,NULL,NULL,1,911,3445.36,3.78
HOUSEHOLD_1,2015-10-13,11537,Tuesday,TX_1,TX,HOUSEHOLD,NULL,NULL,NULL,NULL,1,625,2182.47,3.49
HOUSEHOLD_1,2015-10-14,11537,Wednesday,TX_1,TX,HOUSEHOLD,NULL,NULL,NULL,NULL,0,603,2091.59,3.47
HOUSEHOLD_1,2015-10-15,11537,Thursday,TX_1,TX,HOUSEHOLD,NULL,NULL,NULL,NULL,1,576,1868.03,3.24
HOUSEHOLD_1,2015-10-16,11537,Friday,TX_1,TX,HOUSEHOLD,NULL,NULL,NULL,NULL,0,721,2570.67,3.57
HOUSEHOLD_1,2015-10-17,11538,Saturday,TX_1,TX,HOUSEHOLD,NULL,NULL,NULL,NULL,0,960,3389.49,3.53
HOUSEHOLD_1,2015-10-18,11538,Sunday,TX_1,TX,HOUSEHOLD,NULL,NULL,NULL,NULL,0,932,3322.67,3.57
HOUSEHOLD_1,2015-10-19,11538,Monday,TX_1,TX,HOUSEHOLD,NULL,NULL,NULL,NULL,0,699,2660.42,3.81
HOUSEHOLD_1,2015-10-20,11538,Tuesday,TX_1,TX,HOUSEHOLD,NULL,NULL,NULL,NULL,0,596,2324.90,3.90
HOUSEHOLD_1,2015-10-21,11538,Wednesday,TX_1,TX,HOUSEHOLD,NULL,NULL,NULL,NULL,0,656,2293.61,3.50
HOUSEHOLD_1,2015-10-22,11538,Thursday,TX_1,TX,HOUSEHOLD,NULL,NULL,NULL,NULL,0,643,2415.70,3.76
HOUSEHOLD_1,2015-10-23,11538,Friday,TX_1,TX,HOUSEHOLD,NULL,NULL,NULL,NULL,0,682,2516.97,3.69
HOUSEHOLD_1,2015-10-24,11539,Saturday,TX_1,TX,HOUSEHOLD,NULL,NULL,NULL,NULL,0,792,2906.55,3.67
HOUSEHOLD_1,2015-10-25,11539,Sunday,TX_1,TX,HOUSEHOLD,NULL,NULL,NULL,NULL,0,877,3271.25,3.73
HOUSEHOLD_1,2015-10-26,11539,Monday,TX_1,TX,HOUSEHOLD,NULL,NULL,NULL,NULL,0,791,2760.17,3.49
HOUSEHOLD_1,2015-10-27,11539,Tuesday,TX_1,TX,HOUSEHOLD,NULL,NULL,NULL,NULL,0,572,2139.36,3.74
HOUSEHOLD_1,2015-10-28,11539,Wednesday,TX_1,TX,HOUSEHOLD,NULL,NULL,NULL,NULL,0,589,2107.53,3.58
HOUSEHOLD_1,2015-10-29,11539,Thursday,TX_1,TX,HOUSEHOLD,NULL,NULL,NULL,NULL,0,677,2207.68,3.26
HOUSEHOLD_1,2015-10-30,11539,Friday,TX_1,TX,HOUSEHOLD,NULL,NULL,NULL,NULL,0,755,2635.82,3.49
HOUSEHOLD_1,2015-11-01,11540,Sunday,TX_1,TX,HOUSEHOLD,NULL,NULL,NULL,NULL,1,1025,3675.16,3.59
HOUSEHOLD_1,2015-11-02,11540,Monday,TX_1,TX,HOUSEHOLD,NULL,NULL,NULL,NULL,0,804,2778.32,3.46
HOUSEHOLD_1,2015-11-03,11540,Tuesday,TX_1,TX,HOUSEHOLD,NULL,NULL,NULL,NULL,1,640,2294.96,3.59
HOUSEHOLD_1,2015-11-04,11540,Wednesday,TX_1,TX,HOUSEHOLD,NULL,NULL,NULL,NULL,0,713,2464.68,3.46
HOUSEHOLD_1,2015-11-05,11540,Thursday,TX_1,TX,HOUSEHOLD,NULL,NULL,NULL,NULL,1,645,2291.22,3.55
HOUSEHOLD_1,2015-11-06,11540,Friday,TX_1,TX,HOUSEHOLD,NULL,NULL,NULL,NULL,1,756,2872.87,3.80
HOUSEHOLD_1,2015-11-07,11541,Saturday,TX_1,TX,HOUSEHOLD,NULL,NULL,NULL,NULL,1,918,3306.34,3.60
HOUSEHOLD_1,2015-11-08,11541,Sunday,TX_1,TX,HOUSEHOLD,NULL,NULL,NULL,NULL,0,1008,3604.89,3.58
HOUSEHOLD_1,2015-11-09,11541,Monday,TX_1,TX,HOUSEHOLD,NULL,NULL,NULL,NULL,1,745,2650.65,3.56
HOUSEHOLD_1,2015-11-10,11541,Tuesday,TX_1,TX,HOUSEHOLD,NULL,NULL,NULL,NULL,0,607,2351.72,3.87
HOUSEHOLD_1,2015-11-12,11541,Thursday,TX_1,TX,HOUSEHOLD,NULL,NULL,NULL,NULL,1,572,1928.79,3.37
HOUSEHOLD_1,2015-11-13,11541,Friday,TX_1,TX,HOUSEHOLD,NULL,NULL,NULL,NULL,1,621,2241.21,3.61
HOUSEHOLD_1,2015-11-14,11542,Saturday,TX_1,TX,HOUSEHOLD,NULL,NULL,NULL,NULL,0,913,3329.45,3.65
HOUSEHOLD_1,2015-11-15,11542,Sunday,TX_1,TX,HOUSEHOLD,NULL,NULL,NULL,NULL,1,926,3713.77,4.01
HOUSEHOLD_1,2015-11-16,11542,Monday,TX_1,TX,HOUSEHOLD,NULL,NULL,NULL,NULL,0,714,2671.98,3.74
HOUSEHOLD_1,2015-11-17,11542,Tuesday,TX_1,TX,HOUSEHOLD,NULL,NULL,NULL,NULL,0,555,2013.80,3.63
HOUSEHOLD_1,2015-11-18,11542,Wednesday,TX_1,TX,HOUSEHOLD,NULL,NULL,NULL,NULL,0,646,2404.68,3.72
HOUSEHOLD_1,2015-11-19,11542,Thursday,TX_1,TX,HOUSEHOLD,NULL,NULL,NULL,NULL,0,620,2428.10,3.92
HOUSEHOLD_1,2015-11-20,11542,Friday,TX_1,TX,HOUSEHOLD,NULL,NULL,NULL,NULL,0,771,2696.73,3.50
HOUSEHOLD_1,2015-11-21,11543,Saturday,TX_1,TX,HOUSEHOLD,NULL,NULL,NULL,NULL,0,902,3376.88,3.74
HOUSEHOLD_1,2015-11-22,11543,Sunday,TX_1,TX,HOUSEHOLD,NULL,NULL,NULL,NULL,0,930,3564.98,3.83
HOUSEHOLD_1,2015-11-23,11543,Monday,TX_1,TX,HOUSEHOLD,NULL,NULL,NULL,NULL,0,780,2794.63,3.58
HOUSEHOLD_1,2015-11-24,11543,Tuesday,TX_1,TX,HOUSEHOLD,NULL,NULL,NULL,NULL,0,694,2473.39,3.56
HOUSEHOLD_1,2015-11-25,11543,Wednesday,TX_1,TX,HOUSEHOLD,NULL,NULL,NULL,NULL,0,798,2797.92,3.51
HOUSEHOLD_1,2015-11-27,11543,Friday,TX_1,TX,HOUSEHOLD,NULL,NULL,NULL,NULL,0,627,2182.34,3.48
HOUSEHOLD_1,2015-11-28,11544,Saturday,TX_1,TX,HOUSEHOLD,NULL,NULL,NULL,NULL,0,712,2797.80,3.93
HOUSEHOLD_1,2015-11-29,11544,Sunday,TX_1,TX,HOUSEHOLD,NULL,NULL,NULL,NULL,0,873,3442.14,3.94
HOUSEHOLD_1,2015-11-30,11544,Monday,TX_1,TX,HOUSEHOLD,NULL,NULL,NULL,NULL,0,743,2712.45,3.65
HOUSEHOLD_1,2015-12-01,11544,Tuesday,TX_1,TX,HOUSEHOLD,NULL,NULL,NULL,NULL,1,768,2938.76,3.83
HOUSEHOLD_1,2015-12-02,11544,Wednesday,TX_1,TX,HOUSEHOLD,NULL,NULL,NULL,NULL,0,686,2284.87,3.33
HOUSEHOLD_1,2015-12-03,11544,Thursday,TX_1,TX,HOUSEHOLD,NULL,NULL,NULL,NULL,1,709,2789.24,3.93
HOUSEHOLD_1,2015-12-04,11544,Friday,TX_1,TX,HOUSEHOLD,NULL,NULL,NULL,NULL,0,806,3312.64,4.11
HOUSEHOLD_1,2015-12-05,11545,Saturday,TX_1,TX,HOUSEHOLD,NULL,NULL,NULL,NULL,1,793,3220.35,4.06
HOUSEHOLD_1,2015-12-06,11545,Sunday,TX_1,TX,HOUSEHOLD,NULL,NULL,NULL,NULL,1,844,3574.22,4.23
HOUSEHOLD_1,2015-12-07,11545,Monday,TX_1,TX,HOUSEHOLD,NULL,NULL,NULL,NULL,1,677,2544.15,3.76
HOUSEHOLD_1,2015-12-08,11545,Tuesday,TX_1,TX,HOUSEHOLD,NULL,NULL,NULL,NULL,0,497,1870.51,3.76
