03 Clean Data/daily_store_performance_clean.csv
dept_id,sale_date,wm_yr_wk,weekday,store_id,state_id,cat_id,event_name_1,event_type_1,event_name_2,event_type_2,snap_TX,total_units_sold,total_revenue,average_selling_price
HOUSEHOLD_1,2015-12-09,11545,Wednesday,TX_1,TX,HOUSEHOLD,NULL,NULL,NULL,NULL,1,602,2450.74,4.07
HOUSEHOLD_1,2015-12-10,11545,Thursday,TX_1,TX,HOUSEHOLD,NULL,NULL,NULL,NULL,0,656,2670.45,4.07
HOUSEHOLD_1,2015-12-11,11545,Friday,TX_1,TX,HOUSEHOLD,NULL,NULL,NULL,NULL,1,645,2564.70,3.98
HOUSEHOLD_1,2015-12-12,11546,Saturday,TX_1,TX,HOUSEHOLD,NULL,NULL,NULL,NULL,1,945,3414.72,3.61
HOUSEHOLD_1,2015-12-13,11546,Sunday,TX_1,TX,HOUSEHOLD,NULL,NULL,NULL,NULL,1,940,3592.61,3.82
HOUSEHOLD_1,2015-12-15,11546,Tuesday,TX_1,TX,HOUSEHOLD,NULL,NULL,NULL,NULL,1,652,2407.59,3.69
HOUSEHOLD_1,2015-12-16,11546,Wednesday,TX_1,TX,HOUSEHOLD,NULL,NULL,NULL,NULL,0,715,2825.65,3.95
HOUSEHOLD_1,2015-12-17,11546,Thursday,TX_1,TX,HOUSEHOLD,NULL,NULL,NULL,NULL,0,606,2310.20,3.81
HOUSEHOLD_1,2015-12-18,11546,Friday,TX_1,TX,HOUSEHOLD,NULL,NULL,NULL,NULL,0,594,2297.21,3.87
HOUSEHOLD_1,2015-12-19,11547,Saturday,TX_1,TX,HOUSEHOLD,NULL,NULL,NULL,NULL,0,807,3290.10,4.08
HOUSEHOLD_1,2015-12-20,11547,Sunday,TX_1,TX,HOUSEHOLD,NULL,NULL,NULL,NULL,0,961,3778.91,3.93
HOUSEHOLD_1,2015-12-21,11547,Monday,TX_1,TX,HOUSEHOLD,NULL,NULL,NULL,NULL,0,720,2749.16,3.82
HOUSEHOLD_1,2015-12-22,11547,Tuesday,TX_1,TX,HOUSEHOLD,NULL,NULL,NULL,NULL,0,619,2368.26,3.83
HOUSEHOLD_1,2015-12-23,11547,Wednesday,TX_1,TX,HOUSEHOLD,NULL,NULL,NULL,NULL,0,657,2442.04,3.72
HOUSEHOLD_1,2015-12-24,11547,Thursday,TX_1,TX,HOUSEHOLD,NULL,NULL,NULL,NULL,0,659,2419.32,3.67
HOUSEHOLD_1,2015-12-26,11548,Saturday,TX_1,TX,HOUSEHOLD,NULL,NULL,NULL,NULL,0,1119,4227.60,3.78
HOUSEHOLD_1,2015-12-27,11548,Sunday,TX_1,TX,HOUSEHOLD,NULL,NULL,NULL,NULL,0,853,3406.43,3.99
HOUSEHOLD_1,2015-12-28,11548,Monday,TX_1,TX,HOUSEHOLD,NULL,NULL,NULL,NULL,0,775,2736.17,3.53
HOUSEHOLD_1,2015-12-29,11548,Tuesday,TX_1,TX,HOUSEHOLD,NULL,NULL,NULL,NULL,0,778,2705.75,3.48
HOUSEHOLD_1,2015-12-30,11548,Wednesday,TX_1,TX,HOUSEHOLD,NULL,NULL,NULL,NULL,0,634,2103.16,3.32
HOUSEHOLD_1,2015-12-31,11548,Thursday,TX_1,TX,HOUSEHOLD,NULL,NULL,NULL,NULL,0,780,2533.78,3.25
HOUSEHOLD_1,2016-01-02,11549,Saturday,TX_1,TX,HOUSEHOLD,NULL,NULL,NULL,NULL,0,836,3062.80,3.66
HOUSEHOLD_1,2016-01-03,11549,Sunday,TX_1,TX,HOUSEHOLD,NULL,NULL,NULL,NULL,1,840,2999.16,3.57
HOUSEHOLD_1,2016-01-04,11549,Monday,TX_1,TX,HOUSEHOLD,NULL,NULL,NULL,NULL,0,676,2456.02,3.63
HOUSEHOLD_1,2016-01-05,11549,Tuesday,TX_1,TX,HOUSEHOLD,NULL,NULL,NULL,NULL,1,686,2365.27,3.45
HOUSEHOLD_1,2016-01-06,11549,Wednesday,TX_1,TX,HOUSEHOLD,NULL,NULL,NULL,NULL,1,528,1846.35,3.50
HOUSEHOLD_1,2016-01-08,11549,Friday,TX_1,TX,HOUSEHOLD,NULL,NULL,NULL,NULL,0,737,2469.35,3.35
HOUSEHOLD_1,2016-01-09,11550,Saturday,TX_1,TX,HOUSEHOLD,NULL,NULL,NULL,NULL,1,866,3079.83,3.56
HOUSEHOLD_1,2016-01-10,11550,Sunday,TX_1,TX,HOUSEHOLD,NULL,NULL,NULL,NULL,0,877,3175.49,3.62
HOUSEHOLD_1,2016-01-11,11550,Monday,TX_1,TX,HOUSEHOLD,NULL,NULL,NULL,NULL,1,615,2359.70,3.84
HOUSEHOLD_1,2016-01-12,11550,Tuesday,TX_1,TX,HOUSEHOLD,NULL,NULL,NULL,NULL,1,688,2420.55,3.52
HOUSEHOLD_1,2016-01-13,11550,Wednesday,TX_1,TX,HOUSEHOLD,NULL,NULL,NULL,NULL,1,514,1889.76,3.68
HOUSEHOLD_1,2016-01-14,11550,Thursday,TX_1,TX,HOUSEHOLD,NULL,NULL,NULL,NULL,0,576,2079.66,3.61
HOUSEHOLD_1,2016-01-15,11550,Friday,TX_1,TX,HOUSEHOLD,NULL,NULL,NULL,NULL,1,740,2733.83,3.69
HOUSEHOLD_1,2016-01-16,11551,Saturday,TX_1,TX,HOUSEHOLD,NULL,NULL,NULL,NULL,0,850,2994.01,3.52
HOUSEHOLD_1,2016-01-17,11551,Sunday,TX_1,TX,HOUSEHOLD,NULL,NULL,NULL,NULL,0,930,3395.89,3.65
HOUSEHOLD_1,2016-01-19,11551,Tuesday,TX_1,TX,HOUSEHOLD,NULL,NULL,NULL,NULL,0,624,2234.30,3.58
HOUSEHOLD_1,2016-01-20,11551,Wednesday,TX_1,TX,HOUSEHOLD,NULL,NULL,NULL,NULL,0,613,2342.69,3.82
HOUSEHOLD_1,2016-01-21,11551,Thursday,TX_1,TX,HOUSEHOLD,NULL,NULL,NULL,NULL,0,640,2277.89,3.56
HOUSEHOLD_1,2016-01-22,11551,Friday,TX_1,TX,HOUSEHOLD,NULL,NULL,NULL,NULL,0,645,2389.54,3.70
HOUSEHOLD_1,2016-01-23,11552,Saturday,TX_1,TX,HOUSEHOLD,NULL,NULL,NULL,NULL,0,905,3320.47,3.67
HOUSEHOLD_1,2016-01-24,11552,Sunday,TX_1,TX,HOUSEHOLD,NULL,NULL,NULL,NULL,0,938,3495.03,3.73
HOUSEHOLD_1,2016-01-25,11552,Monday,TX_1,TX,HOUSEHOLD,NULL,NULL,NULL,NULL,0,628,2324.53,3.70
HOUSEHOLD_1,2016-01-26,11552,Tuesday,TX_1,TX,HOUSEHOLD,NULL,NULL,NULL,NULL,0,600,2069.33,3.45
HOUSEHOLD_1,2016-01-27,11552,Wednesday,TX_1,TX,HOUSEHOLD,NULL,NULL,NULL,NULL,0,554,2018.04,3.64
HOUSEHOLD_1,2016-01-28,11552,Thursday,TX_1,TX,HOUSEHOLD,NULL,NULL,NULL,NULL,0,603,2299.04,3.81
HOUSEHOLD_1,2016-01-29,11552,Friday,TX_1,TX,HOUSEHOLD,NULL,NULL,NULL,NULL,0,687,2516.78,3.66
HOUSEHOLD_1,2016-01-30,11601,Saturday,TX_1,TX,HOUSEHOLD,NULL,NULL,NULL,NULL,0,901,3506.47,3.89
HOUSEHOLD_1,2016-01-31,11601,Sunday,TX_1,TX,HOUSEHOLD,NULL,NULL,NULL,NULL,0,898,3666.58,4.08
HOUSEHOLD_1,2016-02-01,11601,Monday,TX_1,TX,HOUSEHOLD,NULL,NULL,NULL,NULL,1,792,2791.75,3.52
HOUSEHOLD_1,2016-02-02,11601,Tuesday,TX_1,TX,HOUSEHOLD,NULL,NULL,NULL,NULL,0,665,2422.02,3.64
HOUSEHOLD_1,2016-02-03,11601,Wednesday,TX_1,TX,HOUSEHOLD,NULL,NULL,NULL,NULL,1,739,2759.94,3.73
HOUSEHOLD_1,2016-02-04,11601,Thursday,TX_1,TX,HOUSEHOLD,NULL,NULL,NULL,NULL,0,587,2171.42,3.70
HOUSEHOLD_1,2016-02-05,11601,Friday,TX_1,TX,HOUSEHOLD,NULL,NULL,NULL,NULL,1,618,2245.81,3.63
HOUSEHOLD_1,2016-02-06,11602,Saturday,TX_1,TX,HOUSEHOLD,NULL,NULL,NULL,NULL,1,965,3700.43,3.83
HOUSEHOLD_1,2016-02-08,11602,Monday,TX_1,TX,HOUSEHOLD,NULL,NULL,NULL,NULL,0,667,2466.78,3.70
HOUSEHOLD_1,2016-02-09,11602,Tuesday,TX_1,TX,HOUSEHOLD,NULL,NULL,NULL,NULL,1,667,2528.48,3.79
HOUSEHOLD_1,2016-02-11,11602,Thursday,TX_1,TX,HOUSEHOLD,NULL,NULL,NULL,NULL,1,787,2991.36,3.80
HOUSEHOLD_1,2016-02-12,11602,Friday,TX_1,TX,HOUSEHOLD,NULL,NULL,NULL,NULL,1,833,3101.32,3.72
HOUSEHOLD_1,2016-02-13,11603,Saturday,TX_1,TX,HOUSEHOLD,NULL,NULL,NULL,NULL,1,907,3603.68,3.97
HOUSEHOLD_1,2016-02-16,11603,Tuesday,TX_1,TX,HOUSEHOLD,NULL,NULL,NULL,NULL,0,727,2618.69,3.60
HOUSEHOLD_1,2016-02-18,11603,Thursday,TX_1,TX,HOUSEHOLD,NULL,NULL,NULL,NULL,0,650,2512.64,3.87
HOUSEHOLD_1,2016-02-19,11603,Friday,TX_1,TX,HOUSEHOLD,NULL,NULL,NULL,NULL,0,797,2956.93,3.71
HOUSEHOLD_1,2016-02-20,11604,Saturday,TX_1,TX,HOUSEHOLD,NULL,NULL,NULL,NULL,0,947,3748.96,3.96
HOUSEHOLD_1,2016-02-21,11604,Sunday,TX_1,TX,HOUSEHOLD,NULL,NULL,NULL,NULL,0,1016,4173.75,4.11
HOUSEHOLD_1,2016-02-22,11604,Monday,TX_1,TX,HOUSEHOLD,NULL,NULL,NULL,NULL,0,686,2615.38,3.81
HOUSEHOLD_1,2016-02-23,11604,Tuesday,TX_1,TX,HOUSEHOLD,NULL,NULL,NULL,NULL,0,684,2532.58,3.70
HOUSEHOLD_1,2016-02-24,11604,Wednesday,TX_1,TX,HOUSEHOLD,NULL,NULL,NULL,NULL,0,712,2722.27,3.82
HOUSEHOLD_1,2016-02-25,11604,Thursday,TX_1,TX,HOUSEHOLD,NULL,NULL,NULL,NULL,0,597,2170.54,3.64
HOUSEHOLD_1,2016-02-26,11604,Friday,TX_1,TX,HOUSEHOLD,NULL,NULL,NULL,NULL,0,633,2455.04,3.88
HOUSEHOLD_1,2016-02-27,11605,Saturday,TX_1,TX,HOUSEHOLD,NULL,NULL,NULL,NULL,0,848,3195.57,3.77
HOUSEHOLD_1,2016-02-28,11605,Sunday,TX_1,TX,HOUSEHOLD,NULL,NULL,NULL,NULL,0,1017,3978.00,3.91
HOUSEHOLD_1,2016-02-29,11605,Monday,TX_1,TX,HOUSEHOLD,NULL,NULL,NULL,NULL,0,752,2969.09,3.95
HOUSEHOLD_1,2016-03-01,11605,Tuesday,TX_1,TX,HOUSEHOLD,NULL,NULL,NULL,NULL,1,709,2513.17,3.54
HOUSEHOLD_1,2016-03-02,11605,Wednesday,TX_1,TX,HOUSEHOLD,NULL,NULL,NULL,NULL,0,622,2358.03,3.79
HOUSEHOLD_1,2016-03-03,11605,Thursday,TX_1,TX,HOUSEHOLD,NULL,NULL,NULL,NULL,1,765,2781.45,3.64
HOUSEHOLD_1,2016-03-04,11605,Friday,TX_1,TX,HOUSEHOLD,NULL,NULL,NULL,NULL,0,689,2580.25,3.74
HOUSEHOLD_1,2016-03-05,11606,Saturday,TX_1,TX,HOUSEHOLD,NULL,NULL,NULL,NULL,1,836,3104.61,3.71
HOUSEHOLD_1,2016-03-06,11606,Sunday,TX_1,TX,HOUSEHOLD,NULL,NULL,NULL,NULL,1,993,3932.69,3.96
HOUSEHOLD_1,2016-03-07,11606,Monday,TX_1,TX,HOUSEHOLD,NULL,NULL,NULL,NULL,1,703,2660.12,3.78
HOUSEHOLD_1,2016-03-08,11606,Tuesday,TX_1,TX,HOUSEHOLD,NULL,NULL,NULL,NULL,0,583,1998.51,3.43
HOUSEHOLD_1,2016-03-09,11606,Wednesday,TX_1,TX,HOUSEHOLD,NULL,NULL,NULL,NULL,1,594,2235.58,3.76
HOUSEHOLD_1,2016-03-10,11606,Thursday,TX_1,TX,HOUSEHOLD,NULL,NULL,NULL,NULL,0,760,2656.98,3.50
HOUSEHOLD_1,2016-03-11,11606,Friday,TX_1,TX,HOUSEHOLD,NULL,NULL,NULL,NULL,1,715,2572.06,3.60
HOUSEHOLD_1,2016-03-12,11607,Saturday,TX_1,TX,HOUSEHOLD,NULL,NULL,NULL,NULL,1,1027,3823.04,3.72
HOUSEHOLD_1,2016-03-13,11607,Sunday,TX_1,TX,HOUSEHOLD,NULL,NULL,NULL,NULL,1,988,3538.43,3.58
HOUSEHOLD_1,2016-03-14,11607,Monday,TX_1,TX,HOUSEHOLD,NULL,NULL,NULL,NULL,0,835,2976.03,3.56
HOUSEHOLD_1,2016-03-15,11607,Tuesday,TX_1,TX,HOUSEHOLD,NULL,NULL,NULL,NULL,1,824,2954.05,3.59
HOUSEHOLD_1,2016-03-16,11607,Wednesday,TX_1,TX,HOUSEHOLD,NULL,NULL,NULL,NULL,0,735,2586.07,3.52
HOUSEHOLD_1,2016-03-18,11607,Friday,TX_1,TX,HOUSEHOLD,NULL,NULL,NULL,NULL,0,685,2411.99,3.52
HOUSEHOLD_1,2016-03-19,11608,Saturday,TX_1,TX,HOUSEHOLD,NULL,NULL,NULL,NULL,0,898,3312.30,3.69
HOUSEHOLD_1,2016-03-20,11608,Sunday,TX_1,TX,HOUSEHOLD,NULL,NULL,NULL,NULL,0,1097,4250.22,3.87
HOUSEHOLD_1,2016-03-21,11608,Monday,TX_1,TX,HOUSEHOLD,NULL,NULL,NULL,NULL,0,632,2277.29,3.60
HOUSEHOLD_1,2016-03-22,11608,Tuesday,TX_1,TX,HOUSEHOLD,NULL,NULL,NULL,NULL,0,640,2404.58,3.76
HOUSEHOLD_1,2016-03-23,11608,Wednesday,TX_1,TX,HOUSEHOLD,NULL,NULL,NULL,NULL,0,760,2711.23,3.57
HOUSEHOLD_1,2016-03-25,11608,Friday,TX_1,TX,HOUSEHOLD,NULL,NULL,NULL,NULL,0,723,2787.59,3.86
HOUSEHOLD_1,2016-03-26,11609,Saturday,TX_1,TX,HOUSEHOLD,NULL,NULL,NULL,NULL,0,863,3204.30,3.71
HOUSEHOLD_1,2016-03-28,11609,Monday,TX_1,TX,HOUSEHOLD,NULL,NULL,NULL,NULL,0,809,3003.30,3.71
HOUSEHOLD_1,2016-03-29,11609,Tuesday,TX_1,TX,HOUSEHOLD,NULL,NULL,NULL,NULL,0,542,1928.31,3.56
HOUSEHOLD_1,2016-03-30,11609,Wednesday,TX_1,TX,HOUSEHOLD,NULL,NULL,NULL,NULL,0,681,2494.93,3.66
HOUSEHOLD_1,2016-03-31,11609,Thursday,TX_1,TX,HOUSEHOLD,NULL,NULL,NULL,NULL,0,656,2587.70,3.94
HOUSEHOLD_1,2016-04-01,11609,Friday,TX_1,TX,HOUSEHOLD,NULL,NULL,NULL,NULL,1,846,3145.48,3.72
HOUSEHOLD_1,2016-04-02,11610,Saturday,TX_1,TX,HOUSEHOLD,NULL,NULL,NULL,NULL,0,964,3571.97,3.71
HOUSEHOLD_1,2016-04-03,11610,Sunday,TX_1,TX,HOUSEHOLD,NULL,NULL,NULL,NULL,1,1007,3918.20,3.89
HOUSEHOLD_1,2016-04-04,11610,Monday,TX_1,TX,HOUSEHOLD,NULL,NULL,NULL,NULL,0,707,2772.15,3.92
HOUSEHOLD_1,2016-04-05,11610,Tuesday,TX_1,TX,HOUSEHOLD,NULL,NULL,NULL,NULL,1,735,2974.78,4.05
HOUSEHOLD_1,2016-04-06,11610,Wednesday,TX_1,TX,HOUSEHOLD,NULL,NULL,NULL,NULL,1,697,2636.09,3.78
HOUSEHOLD_1,2016-04-07,11610,Thursday,TX_1,TX,HOUSEHOLD,NULL,NULL,NULL,NULL,1,575,2155.74,3.75
HOUSEHOLD_1,2016-04-08,11610,Friday,TX_1,TX,HOUSEHOLD,NULL,NULL,NULL,NULL,0,736,2634.82,3.58
HOUSEHOLD_1,2016-04-09,11611,Saturday,TX_1,TX,HOUSEHOLD,NULL,NULL,NULL,NULL,1,827,3214.81,3.89
HOUSEHOLD_1,2016-04-10,11611,Sunday,TX_1,TX,HOUSEHOLD,NULL,NULL,NULL,NULL,0,942,3850.51,4.09
HOUSEHOLD_1,2016-04-11,11611,Monday,TX_1,TX,HOUSEHOLD,NULL,NULL,NULL,NULL,1,724,2849.12,3.94
HOUSEHOLD_1,2016-04-12,11611,Tuesday,TX_1,TX,HOUSEHOLD,NULL,NULL,NULL,NULL,1,658,2463.94,3.74
HOUSEHOLD_1,2016-04-13,11611,Wednesday,TX_1,TX,HOUSEHOLD,NULL,NULL,NULL,NULL,1,525,2094.89,3.99
HOUSEHOLD_1,2016-04-14,11611,Thursday,TX_1,TX,HOUSEHOLD,NULL,NULL,NULL,NULL,0,665,2417.66,3.64
HOUSEHOLD_1,2016-04-15,11611,Friday,TX_1,TX,HOUSEHOLD,NULL,NULL,NULL,NULL,1,621,2409.96,3.88
HOUSEHOLD_1,2016-04-16,11612,Saturday,TX_1,TX,HOUSEHOLD,NULL,NULL,NULL,NULL,0,807,3104.44,3.85
HOUSEHOLD_1,2016-04-17,11612,Sunday,TX_1,TX,HOUSEHOLD,NULL,NULL,NULL,NULL,0,878,3435.78,3.91
HOUSEHOLD_1,2016-04-18,11612,Monday,TX_1,TX,HOUSEHOLD,NULL,NULL,NULL,NULL,0,626,2515.97,4.02
HOUSEHOLD_1,2016-04-19,11612,Tuesday,TX_1,TX,HOUSEHOLD,NULL,NULL,NULL,NULL,0,681,2778.00,4.08
HOUSEHOLD_1,2016-04-20,11612,Wednesday,TX_1,TX,HOUSEHOLD,NULL,NULL,NULL,NULL,0,637,2402.87,3.77
HOUSEHOLD_1,2016-04-21,11612,Thursday,TX_1,TX,HOUSEHOLD,NULL,NULL,NULL,NULL,0,605,2169.62,3.59
HOUSEHOLD_1,2016-04-22,11612,Friday,TX_1,TX,HOUSEHOLD,NULL,NULL,NULL,NULL,0,696,2597.37,3.73
HOUSEHOLD_1,2016-04-23,11613,Saturday,TX_1,TX,HOUSEHOLD,NULL,NULL,NULL,NULL,0,865,3233.97,3.74
HOUSEHOLD_1,2016-04-24,11613,Sunday,TX_1,TX,HOUSEHOLD,NULL,NULL,NULL,NULL,0,942,3465.21,3.68
HOUSEHOLD_1,2016-04-25,11613,Monday,TX_1,TX,HOUSEHOLD,NULL,NULL,NULL,NULL,0,670,2382.22,3.56
HOUSEHOLD_1,2016-04-26,11613,Tuesday,TX_1,TX,HOUSEHOLD,NULL,NULL,NULL,NULL,0,648,2547.20,3.93
HOUSEHOLD_1,2016-04-27,11613,Wednesday,TX_1,TX,HOUSEHOLD,NULL,NULL,NULL,NULL,0,614,2309.00,3.76
HOUSEHOLD_1,2016-04-28,11613,Thursday,TX_1,TX,HOUSEHOLD,NULL,NULL,NULL,NULL,0,592,2114.96,3.57
HOUSEHOLD_1,2016-04-29,11613,Friday,TX_1,TX,HOUSEHOLD,NULL,NULL,NULL,NULL,0,904,3450.88,3.82
HOUSEHOLD_1,2016-05-02,11614,Monday,TX_1,TX,HOUSEHOLD,NULL,NULL,NULL,NULL,0,722,2823.61,3.91
HOUSEHOLD_1,2016-05-03,11614,Tuesday,TX_1,TX,HOUSEHOLD,NULL,NULL,NULL,NULL,1,733,2825.12,3.85
HOUSEHOLD_1,2016-05-04,11614,Wednesday,TX_1,TX,HOUSEHOLD,NULL,NULL,NULL,NULL,0,625,2387.85,3.82
HOUSEHOLD_1,2016-05-06,11614,Friday,TX_1,TX,HOUSEHOLD,NULL,NULL,NULL,NULL,1,682,2446.39,3.59
HOUSEHOLD_1,2016-05-07,11615,Saturday,TX_1,TX,HOUSEHOLD,NULL,NULL,NULL,NULL,1,827,3152.79,3.81
HOUSEHOLD_1,2016-05-09,11615,Monday,TX_1,TX,HOUSEHOLD,NULL,NULL,NULL,NULL,1,661,2661.58,4.03
HOUSEHOLD_1,2016-05-10,11615,Tuesday,TX_1,TX,HOUSEHOLD,NULL,NULL,NULL,NULL,0,590,2294.67,3.89
HOUSEHOLD_1,2016-05-11,11615,Wednesday,TX_1,TX,HOUSEHOLD,NULL,NULL,NULL,NULL,1,638,2474.64,3.88
HOUSEHOLD_1,2016-05-12,11615,Thursday,TX_1,TX,HOUSEHOLD,NULL,NULL,NULL,NULL,1,599,2400.15,4.01
HOUSEHOLD_1,2016-05-13,11615,Friday,TX_1,TX,HOUSEHOLD,NULL,NULL,NULL,NULL,1,742,2985.21,4.02
HOUSEHOLD_1,2016-05-14,11616,Saturday,TX_1,TX,HOUSEHOLD,NULL,NULL,NULL,NULL,0,875,3370.59,3.85
HOUSEHOLD_1,2016-05-15,11616,Sunday,TX_1,TX,HOUSEHOLD,NULL,NULL,NULL,NULL,1,1195,4771.80,3.99
HOUSEHOLD_1,2016-05-16,11616,Monday,TX_1,TX,HOUSEHOLD,NULL,NULL,NULL,NULL,0,837,3162.30,3.78
HOUSEHOLD_1,2016-05-17,11616,Tuesday,TX_1,TX,HOUSEHOLD,NULL,NULL,NULL,NULL,0,755,2664.12,3.53
HOUSEHOLD_1,2016-05-18,11616,Wednesday,TX_1,TX,HOUSEHOLD,NULL,NULL,NULL,NULL,0,746,2567.65,3.44
HOUSEHOLD_1,2016-05-19,11616,Thursday,TX_1,TX,HOUSEHOLD,NULL,NULL,NULL,NULL,0,602,2238.61,3.72
HOUSEHOLD_1,2016-05-20,11616,Friday,TX_1,TX,HOUSEHOLD,NULL,NULL,NULL,NULL,0,796,3066.71,3.85
HOUSEHOLD_1,2016-05-21,11617,Saturday,TX_1,TX,HOUSEHOLD,NULL,NULL,NULL,NULL,0,949,3717.46,3.92
HOUSEHOLD_1,2016-05-22,11617,Sunday,TX_1,TX,HOUSEHOLD,NULL,NULL,NULL,NULL,0,1027,4162.86,4.05
FOODS_1,2014-05-24,11417,Saturday,TX_2,TX,FOODS,NULL,NULL,NULL,NULL,0,268,640.23,2.39
FOODS_1,2014-05-25,11417,Sunday,TX_2,TX,FOODS,NULL,NULL,NULL,NULL,0,279,704.60,2.53
FOODS_1,2014-05-27,11417,Tuesday,TX_2,TX,FOODS,NULL,NULL,NULL,NULL,0,217,576.10,2.65
FOODS_1,2014-05-28,11417,Wednesday,TX_2,TX,FOODS,NULL,NULL,NULL,NULL,0,246,700.09,2.85
FOODS_1,2014-05-29,11417,Thursday,TX_2,TX,FOODS,NULL,NULL,NULL,NULL,0,240,644.59,2.69
FOODS_1,2014-05-30,11417,Friday,TX_2,TX,FOODS,NULL,NULL,NULL,NULL,0,202,418.19,2.07
FOODS_1,2014-05-31,11418,Saturday,TX_2,TX,FOODS,NULL,NULL,NULL,NULL,0,288,721.09,2.50
FOODS_1,2014-06-01,11418,Sunday,TX_2,TX,FOODS,NULL,NULL,NULL,NULL,1,322,715.36,2.22
FOODS_1,2014-06-02,11418,Monday,TX_2,TX,FOODS,NULL,NULL,NULL,NULL,0,274,682.35,2.49
FOODS_1,2014-06-03,11418,Tuesday,TX_2,TX,FOODS,NULL,NULL,NULL,NULL,1,193,452.27,2.34
FOODS_1,2014-06-04,11418,Wednesday,TX_2,TX,FOODS,NULL,NULL,NULL,NULL,0,200,550.80,2.75
FOODS_1,2014-06-06,11418,Friday,TX_2,TX,FOODS,NULL,NULL,NULL,NULL,1,177,450.12,2.54
FOODS_1,2014-06-07,11419,Saturday,TX_2,TX,FOODS,NULL,NULL,NULL,NULL,1,332,795.21,2.40
FOODS_1,2014-06-08,11419,Sunday,TX_2,TX,FOODS,NULL,NULL,NULL,NULL,0,249,659.78,2.65
FOODS_1,2014-06-09,11419,Monday,TX_2,TX,FOODS,NULL,NULL,NULL,NULL,1,177,469.05,2.65
FOODS_1,2014-06-10,11419,Tuesday,TX_2,TX,FOODS,NULL,NULL,NULL,NULL,0,196,469.08,2.39
FOODS_1,2014-06-11,11419,Wednesday,TX_2,TX,FOODS,NULL,NULL,NULL,NULL,1,225,567.23,2.52
FOODS_1,2014-06-12,11419,Thursday,TX_2,TX,FOODS,NULL,NULL,NULL,NULL,1,238,690.27,2.90
FOODS_1,2014-06-13,11419,Friday,TX_2,TX,FOODS,NULL,NULL,NULL,NULL,1,372,954.42,2.57
FOODS_1,2014-06-14,11420,Saturday,TX_2,TX,FOODS,NULL,NULL,NULL,NULL,0,320,877.22,2.74
FOODS_1,2014-06-16,11420,Monday,TX_2,TX,FOODS,NULL,NULL,NULL,NULL,0,202,530.33,2.63
FOODS_1,2014-06-17,11420,Tuesday,TX_2,TX,FOODS,NULL,NULL,NULL,NULL,0,167,385.93,2.31
FOODS_1,2014-06-18,11420,Wednesday,TX_2,TX,FOODS,NULL,NULL,NULL,NULL,0,221,481.59,2.18
FOODS_1,2014-06-19,11420,Thursday,TX_2,TX,FOODS,NULL,NULL,NULL,NULL,0,278,675.05,2.43
FOODS_1,2014-06-20,11420,Friday,TX_2,TX,FOODS,NULL,NULL,NULL,NULL,0,266,756.19,2.84
FOODS_1,2014-06-21,11421,Saturday,TX_2,TX,FOODS,NULL,NULL,NULL,NULL,0,296,747.51,2.53
FOODS_1,2014-06-22,11421,Sunday,TX_2,TX,FOODS,NULL,NULL,NULL,NULL,0,290,683.40,2.36
FOODS_1,2014-06-23,11421,Monday,TX_2,TX,FOODS,NULL,NULL,NULL,NULL,0,270,697.26,2.58
FOODS_1,2014-06-24,11421,Tuesday,TX_2,TX,FOODS,NULL,NULL,NULL,NULL,0,187,572.05,3.06
FOODS_1,2014-06-25,11421,Wednesday,TX_2,TX,FOODS,NULL,NULL,NULL,NULL,0,185,540.02,2.92
FOODS_1,2014-06-26,11421,Thursday,TX_2,TX,FOODS,NULL,NULL,NULL,NULL,0,206,595.46,2.89
FOODS_1,2014-06-27,11421,Friday,TX_2,TX,FOODS,NULL,NULL,NULL,NULL,0,226,573.95,2.54
FOODS_1,2014-06-28,11422,Saturday,TX_2,TX,FOODS,NULL,NULL,NULL,NULL,0,298,671.97,2.25
FOODS_1,2014-06-30,11422,Monday,TX_2,TX,FOODS,NULL,NULL,NULL,NULL,0,185,523.53,2.83
FOODS_1,2014-07-01,11422,Tuesday,TX_2,TX,FOODS,NULL,NULL,NULL,NULL,1,218,521.29,2.39
FOODS_1,2014-07-02,11422,Wednesday,TX_2,TX,FOODS,NULL,NULL,NULL,NULL,0,221,543.33,2.46
FOODS_1,2014-07-03,11422,Thursday,TX_2,TX,FOODS,NULL,NULL,NULL,NULL,1,353,889.49,2.52
FOODS_1,2014-07-05,11423,Saturday,TX_2,TX,FOODS,NULL,NULL,NULL,NULL,1,290,634.22,2.19
FOODS_1,2014-07-06,11423,Sunday,TX_2,TX,FOODS,NULL,NULL,NULL,NULL,1,340,735.54,2.16
FOODS_1,2014-07-07,11423,Monday,TX_2,TX,FOODS,NULL,NULL,NULL,NULL,1,238,559.14,2.35
FOODS_1,2014-07-08,11423,Tuesday,TX_2,TX,FOODS,NULL,NULL,NULL,NULL,0,252,713.78,2.83
FOODS_1,2014-07-09,11423,Wednesday,TX_2,TX,FOODS,NULL,NULL,NULL,NULL,1,295,663.66,2.25
FOODS_1,2014-07-10,11423,Thursday,TX_2,TX,FOODS,NULL,NULL,NULL,NULL,0,241,568.59,2.36
