03 Clean Data/daily_store_performance_clean.csv
dept_id,sale_date,wm_yr_wk,weekday,store_id,state_id,cat_id,event_name_1,event_type_1,event_name_2,event_type_2,snap_TX,total_units_sold,total_revenue,average_selling_price
FOODS_1,2014-07-11,11423,Friday,TX_2,TX,FOODS,NULL,NULL,NULL,NULL,1,238,602.06,2.53
FOODS_1,2014-07-12,11424,Saturday,TX_2,TX,FOODS,NULL,NULL,NULL,NULL,1,349,690.50,1.98
FOODS_1,2014-07-13,11424,Sunday,TX_2,TX,FOODS,NULL,NULL,NULL,NULL,1,280,614.91,2.20
FOODS_1,2014-07-14,11424,Monday,TX_2,TX,FOODS,NULL,NULL,NULL,NULL,0,243,544.77,2.24
FOODS_1,2014-07-15,11424,Tuesday,TX_2,TX,FOODS,NULL,NULL,NULL,NULL,1,222,534.93,2.41
FOODS_1,2014-07-16,11424,Wednesday,TX_2,TX,FOODS,NULL,NULL,NULL,NULL,0,235,631.30,2.69
FOODS_1,2014-07-17,11424,Thursday,TX_2,TX,FOODS,NULL,NULL,NULL,NULL,0,276,729.62,2.64
FOODS_1,2014-07-18,11424,Friday,TX_2,TX,FOODS,NULL,NULL,NULL,NULL,0,277,648.49,2.34
FOODS_1,2014-07-19,11425,Saturday,TX_2,TX,FOODS,NULL,NULL,NULL,NULL,0,341,747.68,2.19
FOODS_1,2014-07-20,11425,Sunday,TX_2,TX,FOODS,NULL,NULL,NULL,NULL,0,239,615.67,2.58
FOODS_1,2014-07-21,11425,Monday,TX_2,TX,FOODS,NULL,NULL,NULL,NULL,0,228,556.10,2.44
FOODS_1,2014-07-22,11425,Tuesday,TX_2,TX,FOODS,NULL,NULL,NULL,NULL,0,221,527.54,2.39
FOODS_1,2014-07-23,11425,Wednesday,TX_2,TX,FOODS,NULL,NULL,NULL,NULL,0,244,623.84,2.56
FOODS_1,2014-07-24,11425,Thursday,TX_2,TX,FOODS,NULL,NULL,NULL,NULL,0,180,478.72,2.66
FOODS_1,2014-07-25,11425,Friday,TX_2,TX,FOODS,NULL,NULL,NULL,NULL,0,252,683.65,2.71
FOODS_1,2014-07-26,11426,Saturday,TX_2,TX,FOODS,NULL,NULL,NULL,NULL,0,282,711.10,2.52
FOODS_1,2014-07-27,11426,Sunday,TX_2,TX,FOODS,NULL,NULL,NULL,NULL,0,272,610.93,2.25
FOODS_1,2014-07-28,11426,Monday,TX_2,TX,FOODS,NULL,NULL,NULL,NULL,0,251,687.45,2.74
FOODS_1,2014-07-30,11426,Wednesday,TX_2,TX,FOODS,NULL,NULL,NULL,NULL,0,223,613.13,2.75
FOODS_1,2014-07-31,11426,Thursday,TX_2,TX,FOODS,NULL,NULL,NULL,NULL,0,226,631.35,2.79
FOODS_1,2014-08-01,11426,Friday,TX_2,TX,FOODS,NULL,NULL,NULL,NULL,1,316,919.11,2.91
FOODS_1,2014-08-02,11427,Saturday,TX_2,TX,FOODS,NULL,NULL,NULL,NULL,0,298,765.62,2.57
FOODS_1,2014-08-03,11427,Sunday,TX_2,TX,FOODS,NULL,NULL,NULL,NULL,1,283,642.46,2.27
FOODS_1,2014-08-04,11427,Monday,TX_2,TX,FOODS,NULL,NULL,NULL,NULL,0,232,497.96,2.15
FOODS_1,2014-08-05,11427,Tuesday,TX_2,TX,FOODS,NULL,NULL,NULL,NULL,1,227,529.22,2.33
FOODS_1,2014-08-06,11427,Wednesday,TX_2,TX,FOODS,NULL,NULL,NULL,NULL,1,231,633.55,2.74
FOODS_1,2014-08-07,11427,Thursday,TX_2,TX,FOODS,NULL,NULL,NULL,NULL,1,230,621.56,2.70
FOODS_1,2014-08-08,11427,Friday,TX_2,TX,FOODS,NULL,NULL,NULL,NULL,0,254,711.81,2.80
FOODS_1,2014-08-09,11428,Saturday,TX_2,TX,FOODS,NULL,NULL,NULL,NULL,1,325,773.30,2.38
FOODS_1,2014-08-10,11428,Sunday,TX_2,TX,FOODS,NULL,NULL,NULL,NULL,0,243,565.12,2.33
FOODS_1,2014-08-11,11428,Monday,TX_2,TX,FOODS,NULL,NULL,NULL,NULL,1,227,687.60,3.03
FOODS_1,2014-08-12,11428,Tuesday,TX_2,TX,FOODS,NULL,NULL,NULL,NULL,1,187,497.17,2.66
FOODS_1,2014-08-13,11428,Wednesday,TX_2,TX,FOODS,NULL,NULL,NULL,NULL,1,207,545.22,2.63
FOODS_1,2014-08-14,11428,Thursday,TX_2,TX,FOODS,NULL,NULL,NULL,NULL,0,203,563.94,2.78
FOODS_1,2014-08-15,11428,Friday,TX_2,TX,FOODS,NULL,NULL,NULL,NULL,1,195,544.93,2.79
FOODS_1,2014-08-16,11429,Saturday,TX_2,TX,FOODS,NULL,NULL,NULL,NULL,0,282,683.49,2.42
FOODS_1,2014-08-17,11429,Sunday,TX_2,TX,FOODS,NULL,NULL,NULL,NULL,0,249,642.64,2.58
FOODS_1,2014-08-18,11429,Monday,TX_2,TX,FOODS,NULL,NULL,NULL,NULL,0,193,522.28,2.71
FOODS_1,2014-08-19,11429,Tuesday,TX_2,TX,FOODS,NULL,NULL,NULL,NULL,0,182,491.40,2.70
FOODS_1,2014-08-20,11429,Wednesday,TX_2,TX,FOODS,NULL,NULL,NULL,NULL,0,187,579.51,3.10
FOODS_1,2014-08-21,11429,Thursday,TX_2,TX,FOODS,NULL,NULL,NULL,NULL,0,204,567.50,2.78
FOODS_1,2014-08-22,11429,Friday,TX_2,TX,FOODS,NULL,NULL,NULL,NULL,0,220,644.77,2.93
FOODS_1,2014-08-23,11430,Saturday,TX_2,TX,FOODS,NULL,NULL,NULL,NULL,0,288,741.77,2.58
FOODS_1,2014-08-24,11430,Sunday,TX_2,TX,FOODS,NULL,NULL,NULL,NULL,0,270,812.43,3.01
FOODS_1,2014-08-25,11430,Monday,TX_2,TX,FOODS,NULL,NULL,NULL,NULL,0,210,565.56,2.69
FOODS_1,2014-08-26,11430,Tuesday,TX_2,TX,FOODS,NULL,NULL,NULL,NULL,0,212,634.58,2.99
FOODS_1,2014-08-27,11430,Wednesday,TX_2,TX,FOODS,NULL,NULL,NULL,NULL,0,160,473.75,2.96
FOODS_1,2014-08-28,11430,Thursday,TX_2,TX,FOODS,NULL,NULL,NULL,NULL,0,246,700.47,2.85
FOODS_1,2014-08-29,11430,Friday,TX_2,TX,FOODS,NULL,NULL,NULL,NULL,0,213,521.25,2.45
FOODS_1,2014-08-30,11431,Saturday,TX_2,TX,FOODS,NULL,NULL,NULL,NULL,0,258,680.32,2.64
FOODS_1,2014-08-31,11431,Sunday,TX_2,TX,FOODS,NULL,NULL,NULL,NULL,0,208,605.25,2.91
FOODS_1,2014-09-02,11431,Tuesday,TX_2,TX,FOODS,NULL,NULL,NULL,NULL,0,169,459.63,2.72
FOODS_1,2014-09-03,11431,Wednesday,TX_2,TX,FOODS,NULL,NULL,NULL,NULL,1,219,633.74,2.89
FOODS_1,2014-09-04,11431,Thursday,TX_2,TX,FOODS,NULL,NULL,NULL,NULL,0,209,577.09,2.76
FOODS_1,2014-09-05,11431,Friday,TX_2,TX,FOODS,NULL,NULL,NULL,NULL,1,208,648.99,3.12
FOODS_1,2014-09-06,11432,Saturday,TX_2,TX,FOODS,NULL,NULL,NULL,NULL,1,217,570.94,2.63
FOODS_1,2014-09-07,11432,Sunday,TX_2,TX,FOODS,NULL,NULL,NULL,NULL,1,245,672.58,2.75
FOODS_1,2014-09-08,11432,Monday,TX_2,TX,FOODS,NULL,NULL,NULL,NULL,0,223,622.92,2.79
FOODS_1,2014-09-09,11432,Tuesday,TX_2,TX,FOODS,NULL,NULL,NULL,NULL,1,174,529.84,3.05
FOODS_1,2014-09-10,11432,Wednesday,TX_2,TX,FOODS,NULL,NULL,NULL,NULL,0,184,598.04,3.25
FOODS_1,2014-09-11,11432,Thursday,TX_2,TX,FOODS,NULL,NULL,NULL,NULL,1,234,768.61,3.28
FOODS_1,2014-09-12,11432,Friday,TX_2,TX,FOODS,NULL,NULL,NULL,NULL,1,245,725.99,2.96
FOODS_1,2014-09-13,11433,Saturday,TX_2,TX,FOODS,NULL,NULL,NULL,NULL,1,306,862.62,2.82
FOODS_1,2014-09-14,11433,Sunday,TX_2,TX,FOODS,NULL,NULL,NULL,NULL,0,250,731.33,2.93
FOODS_1,2014-09-15,11433,Monday,TX_2,TX,FOODS,NULL,NULL,NULL,NULL,1,224,651.70,2.91
FOODS_1,2014-09-16,11433,Tuesday,TX_2,TX,FOODS,NULL,NULL,NULL,NULL,0,210,622.32,2.96
FOODS_1,2014-09-17,11433,Wednesday,TX_2,TX,FOODS,NULL,NULL,NULL,NULL,0,148,445.63,3.01
FOODS_1,2014-09-18,11433,Thursday,TX_2,TX,FOODS,NULL,NULL,NULL,NULL,0,178,489.66,2.75
FOODS_1,2014-09-19,11433,Friday,TX_2,TX,FOODS,NULL,NULL,NULL,NULL,0,271,741.51,2.74
FOODS_1,2014-09-20,11434,Saturday,TX_2,TX,FOODS,NULL,NULL,NULL,NULL,0,225,593.18,2.64
FOODS_1,2014-09-21,11434,Sunday,TX_2,TX,FOODS,NULL,NULL,NULL,NULL,0,253,722.93,2.86
FOODS_1,2014-09-22,11434,Monday,TX_2,TX,FOODS,NULL,NULL,NULL,NULL,0,159,451.90,2.84
FOODS_1,2014-09-23,11434,Tuesday,TX_2,TX,FOODS,NULL,NULL,NULL,NULL,0,163,530.80,3.26
FOODS_1,2014-09-24,11434,Wednesday,TX_2,TX,FOODS,NULL,NULL,NULL,NULL,0,217,663.80,3.06
FOODS_1,2014-09-25,11434,Thursday,TX_2,TX,FOODS,NULL,NULL,NULL,NULL,0,200,591.14,2.96
FOODS_1,2014-09-26,11434,Friday,TX_2,TX,FOODS,NULL,NULL,NULL,NULL,0,235,717.78,3.05
FOODS_1,2014-09-27,11435,Saturday,TX_2,TX,FOODS,NULL,NULL,NULL,NULL,0,285,720.89,2.53
FOODS_1,2014-09-28,11435,Sunday,TX_2,TX,FOODS,NULL,NULL,NULL,NULL,0,276,655.50,2.38
FOODS_1,2014-09-29,11435,Monday,TX_2,TX,FOODS,NULL,NULL,NULL,NULL,0,207,626.08,3.02
FOODS_1,2014-09-30,11435,Tuesday,TX_2,TX,FOODS,NULL,NULL,NULL,NULL,0,167,492.78,2.95
FOODS_1,2014-10-01,11435,Wednesday,TX_2,TX,FOODS,NULL,NULL,NULL,NULL,1,235,686.02,2.92
FOODS_1,2014-10-02,11435,Thursday,TX_2,TX,FOODS,NULL,NULL,NULL,NULL,0,219,606.72,2.77
FOODS_1,2014-10-03,11435,Friday,TX_2,TX,FOODS,NULL,NULL,NULL,NULL,1,245,695.77,2.84
FOODS_1,2014-10-05,11436,Sunday,TX_2,TX,FOODS,NULL,NULL,NULL,NULL,1,299,790.82,2.64
FOODS_1,2014-10-06,11436,Monday,TX_2,TX,FOODS,NULL,NULL,NULL,NULL,1,209,694.56,3.32
FOODS_1,2014-10-07,11436,Tuesday,TX_2,TX,FOODS,NULL,NULL,NULL,NULL,1,190,526.26,2.77
FOODS_1,2014-10-08,11436,Wednesday,TX_2,TX,FOODS,NULL,NULL,NULL,NULL,0,213,586.28,2.75
FOODS_1,2014-10-09,11436,Thursday,TX_2,TX,FOODS,NULL,NULL,NULL,NULL,1,226,590.82,2.61
FOODS_1,2014-10-10,11436,Friday,TX_2,TX,FOODS,NULL,NULL,NULL,NULL,0,243,661.81,2.72
FOODS_1,2014-10-11,11437,Saturday,TX_2,TX,FOODS,NULL,NULL,NULL,NULL,1,340,886.65,2.61
FOODS_1,2014-10-12,11437,Sunday,TX_2,TX,FOODS,NULL,NULL,NULL,NULL,1,256,669.93,2.62
FOODS_1,2014-10-14,11437,Tuesday,TX_2,TX,FOODS,NULL,NULL,NULL,NULL,0,187,545.41,2.92
FOODS_1,2014-10-15,11437,Wednesday,TX_2,TX,FOODS,NULL,NULL,NULL,NULL,1,193,530.44,2.75
FOODS_1,2014-10-16,11437,Thursday,TX_2,TX,FOODS,NULL,NULL,NULL,NULL,0,174,522.97,3.01
FOODS_1,2014-10-17,11437,Friday,TX_2,TX,FOODS,NULL,NULL,NULL,NULL,0,236,751.70,3.19
FOODS_1,2014-10-18,11438,Saturday,TX_2,TX,FOODS,NULL,NULL,NULL,NULL,0,255,582.31,2.28
FOODS_1,2014-10-19,11438,Sunday,TX_2,TX,FOODS,NULL,NULL,NULL,NULL,0,249,677.19,2.72
FOODS_1,2014-10-20,11438,Monday,TX_2,TX,FOODS,NULL,NULL,NULL,NULL,0,189,582.06,3.08
FOODS_1,2014-10-21,11438,Tuesday,TX_2,TX,FOODS,NULL,NULL,NULL,NULL,0,183,504.19,2.76
FOODS_1,2014-10-22,11438,Wednesday,TX_2,TX,FOODS,NULL,NULL,NULL,NULL,0,212,596.81,2.82
FOODS_1,2014-10-23,11438,Thursday,TX_2,TX,FOODS,NULL,NULL,NULL,NULL,0,184,561.18,3.05
FOODS_1,2014-10-24,11438,Friday,TX_2,TX,FOODS,NULL,NULL,NULL,NULL,0,264,776.10,2.94
FOODS_1,2014-10-25,11439,Saturday,TX_2,TX,FOODS,NULL,NULL,NULL,NULL,0,251,741.38,2.95
FOODS_1,2014-10-26,11439,Sunday,TX_2,TX,FOODS,NULL,NULL,NULL,NULL,0,198,660.27,3.33
FOODS_1,2014-10-27,11439,Monday,TX_2,TX,FOODS,NULL,NULL,NULL,NULL,0,199,588.13,2.96
FOODS_1,2014-10-28,11439,Tuesday,TX_2,TX,FOODS,NULL,NULL,NULL,NULL,0,179,481.17,2.69
FOODS_1,2014-10-29,11439,Wednesday,TX_2,TX,FOODS,NULL,NULL,NULL,NULL,0,178,625.27,3.51
FOODS_1,2014-10-30,11439,Thursday,TX_2,TX,FOODS,NULL,NULL,NULL,NULL,0,193,558.90,2.90
FOODS_1,2014-11-01,11440,Saturday,TX_2,TX,FOODS,NULL,NULL,NULL,NULL,1,163,532.93,3.27
FOODS_1,2014-11-02,11440,Sunday,TX_2,TX,FOODS,NULL,NULL,NULL,NULL,0,174,521.19,3.00
FOODS_1,2014-11-03,11440,Monday,TX_2,TX,FOODS,NULL,NULL,NULL,NULL,1,138,460.08,3.33
FOODS_1,2014-11-04,11440,Tuesday,TX_2,TX,FOODS,NULL,NULL,NULL,NULL,0,163,544.65,3.34
FOODS_1,2014-11-05,11440,Wednesday,TX_2,TX,FOODS,NULL,NULL,NULL,NULL,1,163,453.36,2.78
FOODS_1,2014-11-06,11440,Thursday,TX_2,TX,FOODS,NULL,NULL,NULL,NULL,1,228,542.13,2.38
FOODS_1,2014-11-07,11440,Friday,TX_2,TX,FOODS,NULL,NULL,NULL,NULL,1,177,451.89,2.55
FOODS_1,2014-11-08,11441,Saturday,TX_2,TX,FOODS,NULL,NULL,NULL,NULL,0,260,612.33,2.36
FOODS_1,2014-11-09,11441,Sunday,TX_2,TX,FOODS,NULL,NULL,NULL,NULL,1,259,644.34,2.49
FOODS_1,2014-11-10,11441,Monday,TX_2,TX,FOODS,NULL,NULL,NULL,NULL,0,215,598.43,2.78
FOODS_1,2014-11-12,11441,Wednesday,TX_2,TX,FOODS,NULL,NULL,NULL,NULL,1,214,595.78,2.78
FOODS_1,2014-11-13,11441,Thursday,TX_2,TX,FOODS,NULL,NULL,NULL,NULL,1,180,535.97,2.98
FOODS_1,2014-11-14,11441,Friday,TX_2,TX,FOODS,NULL,NULL,NULL,NULL,0,224,645.12,2.88
FOODS_1,2014-11-15,11442,Saturday,TX_2,TX,FOODS,NULL,NULL,NULL,NULL,1,276,788.61,2.86
FOODS_1,2014-11-16,11442,Sunday,TX_2,TX,FOODS,NULL,NULL,NULL,NULL,0,264,689.70,2.61
FOODS_1,2014-11-17,11442,Monday,TX_2,TX,FOODS,NULL,NULL,NULL,NULL,0,208,558.39,2.68
FOODS_1,2014-11-18,11442,Tuesday,TX_2,TX,FOODS,NULL,NULL,NULL,NULL,0,221,573.73,2.60
FOODS_1,2014-11-19,11442,Wednesday,TX_2,TX,FOODS,NULL,NULL,NULL,NULL,0,288,667.24,2.32
FOODS_1,2014-11-20,11442,Thursday,TX_2,TX,FOODS,NULL,NULL,NULL,NULL,0,245,617.93,2.52
FOODS_1,2014-11-21,11442,Friday,TX_2,TX,FOODS,NULL,NULL,NULL,NULL,0,245,702.45,2.87
FOODS_1,2014-11-22,11443,Saturday,TX_2,TX,FOODS,NULL,NULL,NULL,NULL,0,268,707.55,2.64
FOODS_1,2014-11-23,11443,Sunday,TX_2,TX,FOODS,NULL,NULL,NULL,NULL,0,231,651.33,2.82
FOODS_1,2014-11-24,11443,Monday,TX_2,TX,FOODS,NULL,NULL,NULL,NULL,0,258,624.28,2.42
FOODS_1,2014-11-25,11443,Tuesday,TX_2,TX,FOODS,NULL,NULL,NULL,NULL,0,280,639.79,2.29
FOODS_1,2014-11-26,11443,Wednesday,TX_2,TX,FOODS,NULL,NULL,NULL,NULL,0,299,733.34,2.45
FOODS_1,2014-11-28,11443,Friday,TX_2,TX,FOODS,NULL,NULL,NULL,NULL,0,308,764.04,2.48
FOODS_1,2014-11-29,11444,Saturday,TX_2,TX,FOODS,NULL,NULL,NULL,NULL,0,216,423.30,1.96
FOODS_1,2014-11-30,11444,Sunday,TX_2,TX,FOODS,NULL,NULL,NULL,NULL,0,212,469.28,2.21
FOODS_1,2014-12-01,11444,Monday,TX_2,TX,FOODS,NULL,NULL,NULL,NULL,1,237,518.13,2.19
FOODS_1,2014-12-02,11444,Tuesday,TX_2,TX,FOODS,NULL,NULL,NULL,NULL,0,222,600.66,2.71
FOODS_1,2014-12-03,11444,Wednesday,TX_2,TX,FOODS,NULL,NULL,NULL,NULL,1,272,687.17,2.53
FOODS_1,2014-12-04,11444,Thursday,TX_2,TX,FOODS,NULL,NULL,NULL,NULL,0,324,939.38,2.90
FOODS_1,2014-12-05,11444,Friday,TX_2,TX,FOODS,NULL,NULL,NULL,NULL,1,267,746.76,2.80
FOODS_1,2014-12-06,11445,Saturday,TX_2,TX,FOODS,NULL,NULL,NULL,NULL,1,271,730.95,2.70
FOODS_1,2014-12-07,11445,Sunday,TX_2,TX,FOODS,NULL,NULL,NULL,NULL,1,231,746.66,3.23
FOODS_1,2014-12-08,11445,Monday,TX_2,TX,FOODS,NULL,NULL,NULL,NULL,0,245,691.39,2.82
FOODS_1,2014-12-09,11445,Tuesday,TX_2,TX,FOODS,NULL,NULL,NULL,NULL,1,190,614.86,3.24
FOODS_1,2014-12-10,11445,Wednesday,TX_2,TX,FOODS,NULL,NULL,NULL,NULL,0,247,633.69,2.57
FOODS_1,2014-12-11,11445,Thursday,TX_2,TX,FOODS,NULL,NULL,NULL,NULL,1,279,736.99,2.64
FOODS_1,2014-12-12,11445,Friday,TX_2,TX,FOODS,NULL,NULL,NULL,NULL,1,331,862.56,2.61
FOODS_1,2014-12-13,11446,Saturday,TX_2,TX,FOODS,NULL,NULL,NULL,NULL,1,388,931.09,2.40
FOODS_1,2014-12-14,11446,Sunday,TX_2,TX,FOODS,NULL,NULL,NULL,NULL,0,437,1228.04,2.81
FOODS_1,2014-12-15,11446,Monday,TX_2,TX,FOODS,NULL,NULL,NULL,NULL,1,358,871.87,2.44
FOODS_1,2014-12-16,11446,Tuesday,TX_2,TX,FOODS,NULL,NULL,NULL,NULL,0,351,876.03,2.50
FOODS_1,2014-12-17,11446,Wednesday,TX_2,TX,FOODS,NULL,NULL,NULL,NULL,0,322,778.93,2.42
FOODS_1,2014-12-18,11446,Thursday,TX_2,TX,FOODS,NULL,NULL,NULL,NULL,0,440,1218.84,2.77
FOODS_1,2014-12-19,11446,Friday,TX_2,TX,FOODS,NULL,NULL,NULL,NULL,0,354,948.46,2.68
FOODS_1,2014-12-20,11447,Saturday,TX_2,TX,FOODS,NULL,NULL,NULL,NULL,0,336,1018.20,3.03
FOODS_1,2014-12-21,11447,Sunday,TX_2,TX,FOODS,NULL,NULL,NULL,NULL,0,366,947.32,2.59
FOODS_1,2014-12-22,11447,Monday,TX_2,TX,FOODS,NULL,NULL,NULL,NULL,0,290,808.80,2.79
FOODS_1,2014-12-23,11447,Tuesday,TX_2,TX,FOODS,NULL,NULL,NULL,NULL,0,354,943.85,2.67
FOODS_1,2014-12-26,11447,Friday,TX_2,TX,FOODS,NULL,NULL,NULL,NULL,0,217,579.68,2.67
FOODS_1,2014-12-27,11448,Saturday,TX_2,TX,FOODS,NULL,NULL,NULL,NULL,0,203,531.29,2.62
FOODS_1,2014-12-28,11448,Sunday,TX_2,TX,FOODS,NULL,NULL,NULL,NULL,0,222,534.71,2.41
FOODS_1,2014-12-29,11448,Monday,TX_2,TX,FOODS,NULL,NULL,NULL,NULL,0,193,528.88,2.74
FOODS_1,2014-12-30,11448,Tuesday,TX_2,TX,FOODS,NULL,NULL,NULL,NULL,0,255,702.63,2.76
FOODS_1,2014-12-31,11448,Wednesday,TX_2,TX,FOODS,NULL,NULL,NULL,NULL,0,258,724.18,2.81
FOODS_1,2015-01-02,11448,Friday,TX_2,TX,FOODS,NULL,NULL,NULL,NULL,0,320,771.08,2.41
FOODS_1,2015-01-03,11449,Saturday,TX_2,TX,FOODS,NULL,NULL,NULL,NULL,1,329,752.98,2.29
FOODS_1,2015-01-04,11449,Sunday,TX_2,TX,FOODS,NULL,NULL,NULL,NULL,0,314,778.82,2.48
FOODS_1,2015-01-05,11449,Monday,TX_2,TX,FOODS,NULL,NULL,NULL,NULL,1,234,588.82,2.52
FOODS_1,2015-01-06,11449,Tuesday,TX_2,TX,FOODS,NULL,NULL,NULL,NULL,1,224,618.74,2.76
FOODS_1,2015-01-08,11449,Thursday,TX_2,TX,FOODS,NULL,NULL,NULL,NULL,0,194,563.87,2.91
FOODS_1,2015-01-09,11449,Friday,TX_2,TX,FOODS,NULL,NULL,NULL,NULL,1,257,687.07,2.67
FOODS_1,2015-01-10,11450,Saturday,TX_2,TX,FOODS,NULL,NULL,NULL,NULL,0,283,822.59,2.91
FOODS_1,2015-01-11,11450,Sunday,TX_2,TX,FOODS,NULL,NULL,NULL,NULL,1,255,615.53,2.41
FOODS_1,2015-01-12,11450,Monday,TX_2,TX,FOODS,NULL,NULL,NULL,NULL,1,288,728.71,2.53
FOODS_1,2015-01-13,11450,Tuesday,TX_2,TX,FOODS,NULL,NULL,NULL,NULL,1,283,706.17,2.50
FOODS_1,2015-01-14,11450,Wednesday,TX_2,TX,FOODS,NULL,NULL,NULL,NULL,0,243,681.10,2.80
FOODS_1,2015-01-15,11450,Thursday,TX_2,TX,FOODS,NULL,NULL,NULL,NULL,1,272,612.43,2.25
FOODS_1,2015-01-16,11450,Friday,TX_2,TX,FOODS,NULL,NULL,NULL,NULL,0,249,712.67,2.86
FOODS_1,2015-01-17,11451,Saturday,TX_2,TX,FOODS,NULL,NULL,NULL,NULL,0,258,623.33,2.42
FOODS_1,2015-01-18,11451,Sunday,TX_2,TX,FOODS,NULL,NULL,NULL,NULL,0,256,592.24,2.31
FOODS_1,2015-01-20,11451,Tuesday,TX_2,TX,FOODS,NULL,NULL,NULL,NULL,0,201,547.63,2.72
FOODS_1,2015-01-21,11451,Wednesday,TX_2,TX,FOODS,NULL,NULL,NULL,NULL,0,231,610.76,2.64
FOODS_1,2015-01-22,11451,Thursday,TX_2,TX,FOODS,NULL,NULL,NULL,NULL,0,182,541.50,2.98
FOODS_1,2015-01-23,11451,Friday,TX_2,TX,FOODS,NULL,NULL,NULL,NULL,0,301,726.95,2.42
FOODS_1,2015-01-24,11452,Saturday,TX_2,TX,FOODS,NULL,NULL,NULL,NULL,0,289,749.07,2.59
FOODS_1,2015-01-25,11452,Sunday,TX_2,TX,FOODS,NULL,NULL,NULL,NULL,0,310,821.97,2.65
FOODS_1,2015-01-26,11452,Monday,TX_2,TX,FOODS,NULL,NULL,NULL,NULL,0,183,495.38,2.71
FOODS_1,2015-01-27,11452,Tuesday,TX_2,TX,FOODS,NULL,NULL,NULL,NULL,0,181,470.32,2.60
FOODS_1,2015-01-28,11452,Wednesday,TX_2,TX,FOODS,NULL,NULL,NULL,NULL,0,237,555.50,2.34
FOODS_1,2015-01-29,11452,Thursday,TX_2,TX,FOODS,NULL,NULL,NULL,NULL,0,292,759.40,2.60
FOODS_1,2015-01-30,11452,Friday,TX_2,TX,FOODS,NULL,NULL,NULL,NULL,0,295,836.87,2.84
FOODS_1,2015-01-31,11501,Saturday,TX_2,TX,FOODS,NULL,NULL,NULL,NULL,0,332,873.63,2.63
FOODS_1,2015-02-02,11501,Monday,TX_2,TX,FOODS,NULL,NULL,NULL,NULL,0,217,575.66,2.65
FOODS_1,2015-02-03,11501,Tuesday,TX_2,TX,FOODS,NULL,NULL,NULL,NULL,1,270,728.42,2.70
FOODS_1,2015-02-04,11501,Wednesday,TX_2,TX,FOODS,NULL,NULL,NULL,NULL,0,276,782.62,2.84
FOODS_1,2015-02-05,11501,Thursday,TX_2,TX,FOODS,NULL,NULL,NULL,NULL,1,229,664.61,2.90
FOODS_1,2015-02-06,11501,Friday,TX_2,TX,FOODS,NULL,NULL,NULL,NULL,1,359,911.65,2.54
FOODS_1,2015-02-07,11502,Saturday,TX_2,TX,FOODS,NULL,NULL,NULL,NULL,1,384,1010.93,2.63
FOODS_1,2015-02-08,11502,Sunday,TX_2,TX,FOODS,NULL,NULL,NULL,NULL,0,374,917.05,2.45
FOODS_1,2015-02-09,11502,Monday,TX_2,TX,FOODS,NULL,NULL,NULL,NULL,1,264,678.05,2.57
FOODS_1,2015-02-10,11502,Tuesday,TX_2,TX,FOODS,NULL,NULL,NULL,NULL,0,245,666.32,2.72
FOODS_1,2015-02-11,11502,Wednesday,TX_2,TX,FOODS,NULL,NULL,NULL,NULL,1,292,870.41,2.98
FOODS_1,2015-02-12,11502,Thursday,TX_2,TX,FOODS,NULL,NULL,NULL,NULL,1,488,1268.69,2.60
FOODS_1,2015-02-13,11502,Friday,TX_2,TX,FOODS,NULL,NULL,NULL,NULL,1,402,1174.93,2.92
FOODS_1,2015-02-15,11503,Sunday,TX_2,TX,FOODS,NULL,NULL,NULL,NULL,1,234,738.40,3.16
FOODS_1,2015-02-17,11503,Tuesday,TX_2,TX,FOODS,NULL,NULL,NULL,NULL,0,170,493.27,2.90
FOODS_1,2015-02-19,11503,Thursday,TX_2,TX,FOODS,NULL,NULL,NULL,NULL,0,165,507.28,3.07
