03 Clean Data/daily_store_performance_clean.csv
dept_id,sale_date,wm_yr_wk,weekday,store_id,state_id,cat_id,event_name_1,event_type_1,event_name_2,event_type_2,snap_TX,total_units_sold,total_revenue,average_selling_price
FOODS_1,2015-02-20,11503,Friday,TX_2,TX,FOODS,NULL,NULL,NULL,NULL,0,209,631.05,3.02
FOODS_1,2015-02-21,11504,Saturday,TX_2,TX,FOODS,NULL,NULL,NULL,NULL,0,292,725.47,2.48
FOODS_1,2015-02-22,11504,Sunday,TX_2,TX,FOODS,NULL,NULL,NULL,NULL,0,223,568.62,2.55
FOODS_1,2015-02-23,11504,Monday,TX_2,TX,FOODS,NULL,NULL,NULL,NULL,0,177,501.21,2.83
FOODS_1,2015-02-24,11504,Tuesday,TX_2,TX,FOODS,NULL,NULL,NULL,NULL,0,201,543.66,2.70
FOODS_1,2015-02-26,11504,Thursday,TX_2,TX,FOODS,NULL,NULL,NULL,NULL,0,223,625.78,2.81
FOODS_1,2015-02-27,11504,Friday,TX_2,TX,FOODS,NULL,NULL,NULL,NULL,0,269,790.62,2.94
FOODS_1,2015-02-28,11505,Saturday,TX_2,TX,FOODS,NULL,NULL,NULL,NULL,0,276,750.87,2.72
FOODS_1,2015-03-01,11505,Sunday,TX_2,TX,FOODS,NULL,NULL,NULL,NULL,1,285,802.43,2.82
FOODS_1,2015-03-02,11505,Monday,TX_2,TX,FOODS,NULL,NULL,NULL,NULL,0,213,634.85,2.98
FOODS_1,2015-03-03,11505,Tuesday,TX_2,TX,FOODS,NULL,NULL,NULL,NULL,1,222,651.67,2.94
FOODS_1,2015-03-04,11505,Wednesday,TX_2,TX,FOODS,NULL,NULL,NULL,NULL,0,194,581.37,3.00
FOODS_1,2015-03-06,11505,Friday,TX_2,TX,FOODS,NULL,NULL,NULL,NULL,1,222,631.14,2.84
FOODS_1,2015-03-07,11506,Saturday,TX_2,TX,FOODS,NULL,NULL,NULL,NULL,1,284,738.53,2.60
FOODS_1,2015-03-08,11506,Sunday,TX_2,TX,FOODS,NULL,NULL,NULL,NULL,0,207,554.68,2.68
FOODS_1,2015-03-09,11506,Monday,TX_2,TX,FOODS,NULL,NULL,NULL,NULL,1,233,717.34,3.08
FOODS_1,2015-03-10,11506,Tuesday,TX_2,TX,FOODS,NULL,NULL,NULL,NULL,0,197,634.06,3.22
FOODS_1,2015-03-11,11506,Wednesday,TX_2,TX,FOODS,NULL,NULL,NULL,NULL,1,193,577.81,2.99
FOODS_1,2015-03-12,11506,Thursday,TX_2,TX,FOODS,NULL,NULL,NULL,NULL,1,215,671.34,3.12
FOODS_1,2015-03-13,11506,Friday,TX_2,TX,FOODS,NULL,NULL,NULL,NULL,1,292,803.74,2.75
FOODS_1,2015-03-14,11507,Saturday,TX_2,TX,FOODS,NULL,NULL,NULL,NULL,0,240,596.81,2.49
FOODS_1,2015-03-15,11507,Sunday,TX_2,TX,FOODS,NULL,NULL,NULL,NULL,1,286,734.46,2.57
FOODS_1,2015-03-16,11507,Monday,TX_2,TX,FOODS,NULL,NULL,NULL,NULL,0,243,575.35,2.37
FOODS_1,2015-03-18,11507,Wednesday,TX_2,TX,FOODS,NULL,NULL,NULL,NULL,0,214,595.24,2.78
FOODS_1,2015-03-19,11507,Thursday,TX_2,TX,FOODS,NULL,NULL,NULL,NULL,0,203,478.61,2.36
FOODS_1,2015-03-20,11507,Friday,TX_2,TX,FOODS,NULL,NULL,NULL,NULL,0,253,697.01,2.76
FOODS_1,2015-03-21,11508,Saturday,TX_2,TX,FOODS,NULL,NULL,NULL,NULL,0,231,707.74,3.06
FOODS_1,2015-03-22,11508,Sunday,TX_2,TX,FOODS,NULL,NULL,NULL,NULL,0,298,868.99,2.92
FOODS_1,2015-03-23,11508,Monday,TX_2,TX,FOODS,NULL,NULL,NULL,NULL,0,266,738.17,2.78
FOODS_1,2015-03-24,11508,Tuesday,TX_2,TX,FOODS,NULL,NULL,NULL,NULL,0,7,22.82,3.26
FOODS_1,2015-03-25,11508,Wednesday,TX_2,TX,FOODS,NULL,NULL,NULL,NULL,0,457,1274.46,2.79
FOODS_1,2015-03-26,11508,Thursday,TX_2,TX,FOODS,NULL,NULL,NULL,NULL,0,224,653.86,2.92
FOODS_1,2015-03-27,11508,Friday,TX_2,TX,FOODS,NULL,NULL,NULL,NULL,0,267,770.76,2.89
FOODS_1,2015-03-28,11509,Saturday,TX_2,TX,FOODS,NULL,NULL,NULL,NULL,0,281,772.39,2.75
FOODS_1,2015-03-29,11509,Sunday,TX_2,TX,FOODS,NULL,NULL,NULL,NULL,0,296,754.11,2.55
FOODS_1,2015-03-30,11509,Monday,TX_2,TX,FOODS,NULL,NULL,NULL,NULL,0,252,682.92,2.71
FOODS_1,2015-03-31,11509,Tuesday,TX_2,TX,FOODS,NULL,NULL,NULL,NULL,0,252,634.90,2.52
FOODS_1,2015-04-01,11509,Wednesday,TX_2,TX,FOODS,NULL,NULL,NULL,NULL,1,316,785.63,2.49
FOODS_1,2015-04-02,11509,Thursday,TX_2,TX,FOODS,NULL,NULL,NULL,NULL,0,276,746.82,2.71
FOODS_1,2015-04-03,11509,Friday,TX_2,TX,FOODS,NULL,NULL,NULL,NULL,1,390,943.34,2.42
FOODS_1,2015-04-04,11510,Saturday,TX_2,TX,FOODS,NULL,NULL,NULL,NULL,0,416,965.03,2.32
FOODS_1,2015-04-06,11510,Monday,TX_2,TX,FOODS,NULL,NULL,NULL,NULL,1,172,570.95,3.32
FOODS_1,2015-04-07,11510,Tuesday,TX_2,TX,FOODS,NULL,NULL,NULL,NULL,1,200,540.44,2.70
FOODS_1,2015-04-08,11510,Wednesday,TX_2,TX,FOODS,NULL,NULL,NULL,NULL,0,244,644.28,2.64
FOODS_1,2015-04-09,11510,Thursday,TX_2,TX,FOODS,NULL,NULL,NULL,NULL,1,292,919.58,3.15
FOODS_1,2015-04-10,11510,Friday,TX_2,TX,FOODS,NULL,NULL,NULL,NULL,0,302,854.34,2.83
FOODS_1,2015-04-13,11511,Monday,TX_2,TX,FOODS,NULL,NULL,NULL,NULL,1,188,508.34,2.70
FOODS_1,2015-04-14,11511,Tuesday,TX_2,TX,FOODS,NULL,NULL,NULL,NULL,0,252,681.71,2.71
FOODS_1,2015-04-15,11511,Wednesday,TX_2,TX,FOODS,NULL,NULL,NULL,NULL,1,212,677.06,3.19
FOODS_1,2015-04-16,11511,Thursday,TX_2,TX,FOODS,NULL,NULL,NULL,NULL,0,217,652.46,3.01
FOODS_1,2015-04-17,11511,Friday,TX_2,TX,FOODS,NULL,NULL,NULL,NULL,0,241,671.29,2.79
FOODS_1,2015-04-18,11512,Saturday,TX_2,TX,FOODS,NULL,NULL,NULL,NULL,0,350,886.32,2.53
FOODS_1,2015-04-19,11512,Sunday,TX_2,TX,FOODS,NULL,NULL,NULL,NULL,0,287,746.70,2.60
FOODS_1,2015-04-20,11512,Monday,TX_2,TX,FOODS,NULL,NULL,NULL,NULL,0,243,668.37,2.75
FOODS_1,2015-04-21,11512,Tuesday,TX_2,TX,FOODS,NULL,NULL,NULL,NULL,0,268,727.44,2.71
FOODS_1,2015-04-22,11512,Wednesday,TX_2,TX,FOODS,NULL,NULL,NULL,NULL,0,230,660.04,2.87
FOODS_1,2015-04-23,11512,Thursday,TX_2,TX,FOODS,NULL,NULL,NULL,NULL,0,230,712.25,3.10
FOODS_1,2015-04-24,11512,Friday,TX_2,TX,FOODS,NULL,NULL,NULL,NULL,0,296,950.95,3.21
FOODS_1,2015-04-25,11513,Saturday,TX_2,TX,FOODS,NULL,NULL,NULL,NULL,0,256,731.79,2.86
FOODS_1,2015-04-26,11513,Sunday,TX_2,TX,FOODS,NULL,NULL,NULL,NULL,0,306,839.95,2.74
FOODS_1,2015-04-27,11513,Monday,TX_2,TX,FOODS,NULL,NULL,NULL,NULL,0,248,806.20,3.25
FOODS_1,2015-04-28,11513,Tuesday,TX_2,TX,FOODS,NULL,NULL,NULL,NULL,0,270,759.71,2.81
FOODS_1,2015-04-29,11513,Wednesday,TX_2,TX,FOODS,NULL,NULL,NULL,NULL,0,207,596.31,2.88
FOODS_1,2015-04-30,11513,Thursday,TX_2,TX,FOODS,NULL,NULL,NULL,NULL,0,250,684.70,2.74
FOODS_1,2015-05-01,11513,Friday,TX_2,TX,FOODS,NULL,NULL,NULL,NULL,1,284,724.85,2.55
FOODS_1,2015-05-02,11514,Saturday,TX_2,TX,FOODS,NULL,NULL,NULL,NULL,0,306,708.71,2.32
FOODS_1,2015-05-03,11514,Sunday,TX_2,TX,FOODS,NULL,NULL,NULL,NULL,1,358,704.31,1.97
FOODS_1,2015-05-04,11514,Monday,TX_2,TX,FOODS,NULL,NULL,NULL,NULL,0,245,630.20,2.57
FOODS_1,2015-05-06,11514,Wednesday,TX_2,TX,FOODS,NULL,NULL,NULL,NULL,1,269,655.56,2.44
FOODS_1,2015-05-07,11514,Thursday,TX_2,TX,FOODS,NULL,NULL,NULL,NULL,1,234,628.59,2.69
FOODS_1,2015-05-08,11514,Friday,TX_2,TX,FOODS,NULL,NULL,NULL,NULL,0,277,794.46,2.87
FOODS_1,2015-05-09,11515,Saturday,TX_2,TX,FOODS,NULL,NULL,NULL,NULL,1,250,680.05,2.72
FOODS_1,2015-05-11,11515,Monday,TX_2,TX,FOODS,NULL,NULL,NULL,NULL,1,205,505.86,2.47
FOODS_1,2015-05-12,11515,Tuesday,TX_2,TX,FOODS,NULL,NULL,NULL,NULL,1,216,546.65,2.53
FOODS_1,2015-05-13,11515,Wednesday,TX_2,TX,FOODS,NULL,NULL,NULL,NULL,1,246,589.24,2.40
FOODS_1,2015-05-14,11515,Thursday,TX_2,TX,FOODS,NULL,NULL,NULL,NULL,0,285,769.72,2.70
FOODS_1,2015-05-15,11515,Friday,TX_2,TX,FOODS,NULL,NULL,NULL,NULL,1,315,870.33,2.76
FOODS_1,2015-05-16,11516,Saturday,TX_2,TX,FOODS,NULL,NULL,NULL,NULL,0,297,725.14,2.44
FOODS_1,2015-05-17,11516,Sunday,TX_2,TX,FOODS,NULL,NULL,NULL,NULL,0,263,710.00,2.70
FOODS_1,2015-05-18,11516,Monday,TX_2,TX,FOODS,NULL,NULL,NULL,NULL,0,218,562.04,2.58
FOODS_1,2015-05-19,11516,Tuesday,TX_2,TX,FOODS,NULL,NULL,NULL,NULL,0,287,660.21,2.30
FOODS_1,2015-05-20,11516,Wednesday,TX_2,TX,FOODS,NULL,NULL,NULL,NULL,0,255,745.53,2.92
FOODS_1,2015-05-21,11516,Thursday,TX_2,TX,FOODS,NULL,NULL,NULL,NULL,0,278,768.63,2.76
FOODS_1,2015-05-22,11516,Friday,TX_2,TX,FOODS,NULL,NULL,NULL,NULL,0,329,827.04,2.51
FOODS_1,2015-05-23,11517,Saturday,TX_2,TX,FOODS,NULL,NULL,NULL,NULL,0,282,812.11,2.88
FOODS_1,2015-05-24,11517,Sunday,TX_2,TX,FOODS,NULL,NULL,NULL,NULL,0,291,692.81,2.38
FOODS_1,2015-05-26,11517,Tuesday,TX_2,TX,FOODS,NULL,NULL,NULL,NULL,0,224,603.43,2.69
FOODS_1,2015-05-27,11517,Wednesday,TX_2,TX,FOODS,NULL,NULL,NULL,NULL,0,242,672.11,2.78
FOODS_1,2015-05-28,11517,Thursday,TX_2,TX,FOODS,NULL,NULL,NULL,NULL,0,188,491.72,2.62
FOODS_1,2015-05-29,11517,Friday,TX_2,TX,FOODS,NULL,NULL,NULL,NULL,0,207,612.73,2.96
FOODS_1,2015-05-30,11518,Saturday,TX_2,TX,FOODS,NULL,NULL,NULL,NULL,0,241,716.76,2.97
FOODS_1,2015-05-31,11518,Sunday,TX_2,TX,FOODS,NULL,NULL,NULL,NULL,0,405,1055.18,2.61
FOODS_1,2015-06-01,11518,Monday,TX_2,TX,FOODS,NULL,NULL,NULL,NULL,1,293,774.65,2.64
FOODS_1,2015-06-02,11518,Tuesday,TX_2,TX,FOODS,NULL,NULL,NULL,NULL,0,246,696.85,2.83
FOODS_1,2015-06-03,11518,Wednesday,TX_2,TX,FOODS,NULL,NULL,NULL,NULL,1,250,739.62,2.96
FOODS_1,2015-06-05,11518,Friday,TX_2,TX,FOODS,NULL,NULL,NULL,NULL,1,255,775.80,3.04
FOODS_1,2015-06-06,11519,Saturday,TX_2,TX,FOODS,NULL,NULL,NULL,NULL,1,299,792.21,2.65
FOODS_1,2015-06-07,11519,Sunday,TX_2,TX,FOODS,NULL,NULL,NULL,NULL,1,281,675.27,2.40
FOODS_1,2015-06-08,11519,Monday,TX_2,TX,FOODS,NULL,NULL,NULL,NULL,0,237,622.00,2.62
FOODS_1,2015-06-09,11519,Tuesday,TX_2,TX,FOODS,NULL,NULL,NULL,NULL,1,208,613.91,2.95
FOODS_1,2015-06-10,11519,Wednesday,TX_2,TX,FOODS,NULL,NULL,NULL,NULL,0,204,577.41,2.83
FOODS_1,2015-06-11,11519,Thursday,TX_2,TX,FOODS,NULL,NULL,NULL,NULL,1,285,751.43,2.64
FOODS_1,2015-06-12,11519,Friday,TX_2,TX,FOODS,NULL,NULL,NULL,NULL,1,319,817.72,2.56
FOODS_1,2015-06-13,11520,Saturday,TX_2,TX,FOODS,NULL,NULL,NULL,NULL,1,304,828.98,2.73
FOODS_1,2015-06-14,11520,Sunday,TX_2,TX,FOODS,NULL,NULL,NULL,NULL,0,260,741.84,2.85
FOODS_1,2015-06-15,11520,Monday,TX_2,TX,FOODS,NULL,NULL,NULL,NULL,1,364,1003.44,2.76
FOODS_1,2015-06-17,11520,Wednesday,TX_2,TX,FOODS,NULL,NULL,NULL,NULL,0,208,589.52,2.83
FOODS_1,2015-06-19,11520,Friday,TX_2,TX,FOODS,NULL,NULL,NULL,NULL,0,292,864.08,2.96
FOODS_1,2015-06-20,11521,Saturday,TX_2,TX,FOODS,NULL,NULL,NULL,NULL,0,278,671.64,2.42
FOODS_1,2015-06-22,11521,Monday,TX_2,TX,FOODS,NULL,NULL,NULL,NULL,0,211,599.29,2.84
FOODS_1,2015-06-23,11521,Tuesday,TX_2,TX,FOODS,NULL,NULL,NULL,NULL,0,213,573.40,2.69
FOODS_1,2015-06-24,11521,Wednesday,TX_2,TX,FOODS,NULL,NULL,NULL,NULL,0,203,594.45,2.93
FOODS_1,2015-06-25,11521,Thursday,TX_2,TX,FOODS,NULL,NULL,NULL,NULL,0,232,519.85,2.24
FOODS_1,2015-06-26,11521,Friday,TX_2,TX,FOODS,NULL,NULL,NULL,NULL,0,267,704.85,2.64
FOODS_1,2015-06-27,11522,Saturday,TX_2,TX,FOODS,NULL,NULL,NULL,NULL,0,230,746.33,3.24
FOODS_1,2015-06-28,11522,Sunday,TX_2,TX,FOODS,NULL,NULL,NULL,NULL,0,243,698.52,2.87
FOODS_1,2015-06-29,11522,Monday,TX_2,TX,FOODS,NULL,NULL,NULL,NULL,0,211,559.28,2.65
FOODS_1,2015-06-30,11522,Tuesday,TX_2,TX,FOODS,NULL,NULL,NULL,NULL,0,233,655.23,2.81
FOODS_1,2015-07-01,11522,Wednesday,TX_2,TX,FOODS,NULL,NULL,NULL,NULL,1,268,799.26,2.98
FOODS_1,2015-07-02,11522,Thursday,TX_2,TX,FOODS,NULL,NULL,NULL,NULL,0,252,698.50,2.77
FOODS_1,2015-07-03,11522,Friday,TX_2,TX,FOODS,NULL,NULL,NULL,NULL,1,302,818.28,2.71
FOODS_1,2015-07-05,11523,Sunday,TX_2,TX,FOODS,NULL,NULL,NULL,NULL,1,271,776.21,2.86
FOODS_1,2015-07-06,11523,Monday,TX_2,TX,FOODS,NULL,NULL,NULL,NULL,1,249,657.54,2.64
FOODS_1,2015-07-07,11523,Tuesday,TX_2,TX,FOODS,NULL,NULL,NULL,NULL,1,288,769.52,2.67
FOODS_1,2015-07-08,11523,Wednesday,TX_2,TX,FOODS,NULL,NULL,NULL,NULL,0,259,803.47,3.10
FOODS_1,2015-07-09,11523,Thursday,TX_2,TX,FOODS,NULL,NULL,NULL,NULL,1,232,718.33,3.10
FOODS_1,2015-07-10,11523,Friday,TX_2,TX,FOODS,NULL,NULL,NULL,NULL,0,281,839.78,2.99
FOODS_1,2015-07-11,11524,Saturday,TX_2,TX,FOODS,NULL,NULL,NULL,NULL,1,294,737.50,2.51
FOODS_1,2015-07-12,11524,Sunday,TX_2,TX,FOODS,NULL,NULL,NULL,NULL,1,284,748.57,2.64
FOODS_1,2015-07-13,11524,Monday,TX_2,TX,FOODS,NULL,NULL,NULL,NULL,1,249,660.48,2.65
FOODS_1,2015-07-14,11524,Tuesday,TX_2,TX,FOODS,NULL,NULL,NULL,NULL,0,231,623.25,2.70
FOODS_1,2015-07-15,11524,Wednesday,TX_2,TX,FOODS,NULL,NULL,NULL,NULL,1,252,674.66,2.68
FOODS_1,2015-07-16,11524,Thursday,TX_2,TX,FOODS,NULL,NULL,NULL,NULL,0,265,634.77,2.40
FOODS_1,2015-07-17,11524,Friday,TX_2,TX,FOODS,NULL,NULL,NULL,NULL,0,313,627.23,2.00
FOODS_1,2015-07-19,11525,Sunday,TX_2,TX,FOODS,NULL,NULL,NULL,NULL,0,343,961.59,2.80
FOODS_1,2015-07-20,11525,Monday,TX_2,TX,FOODS,NULL,NULL,NULL,NULL,0,283,775.61,2.74
FOODS_1,2015-07-21,11525,Tuesday,TX_2,TX,FOODS,NULL,NULL,NULL,NULL,0,222,649.94,2.93
FOODS_1,2015-07-22,11525,Wednesday,TX_2,TX,FOODS,NULL,NULL,NULL,NULL,0,206,664.45,3.23
FOODS_1,2015-07-23,11525,Thursday,TX_2,TX,FOODS,NULL,NULL,NULL,NULL,0,233,673.60,2.89
FOODS_1,2015-07-24,11525,Friday,TX_2,TX,FOODS,NULL,NULL,NULL,NULL,0,263,699.43,2.66
FOODS_1,2015-07-25,11526,Saturday,TX_2,TX,FOODS,NULL,NULL,NULL,NULL,0,267,716.54,2.68
FOODS_1,2015-07-26,11526,Sunday,TX_2,TX,FOODS,NULL,NULL,NULL,NULL,0,215,546.62,2.54
FOODS_1,2015-07-27,11526,Monday,TX_2,TX,FOODS,NULL,NULL,NULL,NULL,0,228,667.20,2.93
FOODS_1,2015-07-28,11526,Tuesday,TX_2,TX,FOODS,NULL,NULL,NULL,NULL,0,244,737.22,3.02
FOODS_1,2015-07-29,11526,Wednesday,TX_2,TX,FOODS,NULL,NULL,NULL,NULL,0,240,661.15,2.75
FOODS_1,2015-07-30,11526,Thursday,TX_2,TX,FOODS,NULL,NULL,NULL,NULL,0,254,749.80,2.95
FOODS_1,2015-07-31,11526,Friday,TX_2,TX,FOODS,NULL,NULL,NULL,NULL,0,287,713.00,2.48
FOODS_1,2015-08-01,11527,Saturday,TX_2,TX,FOODS,NULL,NULL,NULL,NULL,1,364,1020.55,2.80
FOODS_1,2015-08-02,11527,Sunday,TX_2,TX,FOODS,NULL,NULL,NULL,NULL,0,268,752.22,2.81
FOODS_1,2015-08-03,11527,Monday,TX_2,TX,FOODS,NULL,NULL,NULL,NULL,1,280,803.49,2.87
FOODS_1,2015-08-04,11527,Tuesday,TX_2,TX,FOODS,NULL,NULL,NULL,NULL,0,225,653.60,2.90
FOODS_1,2015-08-05,11527,Wednesday,TX_2,TX,FOODS,NULL,NULL,NULL,NULL,1,224,571.42,2.55
FOODS_1,2015-08-06,11527,Thursday,TX_2,TX,FOODS,NULL,NULL,NULL,NULL,1,231,544.83,2.36
FOODS_1,2015-08-07,11527,Friday,TX_2,TX,FOODS,NULL,NULL,NULL,NULL,1,311,900.15,2.89
FOODS_1,2015-08-08,11528,Saturday,TX_2,TX,FOODS,NULL,NULL,NULL,NULL,0,258,845.40,3.28
FOODS_1,2015-08-09,11528,Sunday,TX_2,TX,FOODS,NULL,NULL,NULL,NULL,1,218,693.12,3.18
FOODS_1,2015-08-10,11528,Monday,TX_2,TX,FOODS,NULL,NULL,NULL,NULL,0,217,629.18,2.90
FOODS_1,2015-08-11,11528,Tuesday,TX_2,TX,FOODS,NULL,NULL,NULL,NULL,1,243,637.77,2.62
FOODS_1,2015-08-12,11528,Wednesday,TX_2,TX,FOODS,NULL,NULL,NULL,NULL,1,220,626.37,2.85
FOODS_1,2015-08-13,11528,Thursday,TX_2,TX,FOODS,NULL,NULL,NULL,NULL,1,272,852.64,3.13
FOODS_1,2015-08-14,11528,Friday,TX_2,TX,FOODS,NULL,NULL,NULL,NULL,0,298,796.23,2.67
FOODS_1,2015-08-15,11529,Saturday,TX_2,TX,FOODS,NULL,NULL,NULL,NULL,1,306,794.73,2.60
FOODS_1,2015-08-16,11529,Sunday,TX_2,TX,FOODS,NULL,NULL,NULL,NULL,0,292,787.67,2.70
FOODS_1,2015-08-17,11529,Monday,TX_2,TX,FOODS,NULL,NULL,NULL,NULL,0,262,722.78,2.76
FOODS_1,2015-08-18,11529,Tuesday,TX_2,TX,FOODS,NULL,NULL,NULL,NULL,0,289,884.79,3.06
FOODS_1,2015-08-19,11529,Wednesday,TX_2,TX,FOODS,NULL,NULL,NULL,NULL,0,276,799.37,2.90
FOODS_1,2015-08-20,11529,Thursday,TX_2,TX,FOODS,NULL,NULL,NULL,NULL,0,215,644.02,3.00
FOODS_1,2015-08-21,11529,Friday,TX_2,TX,FOODS,NULL,NULL,NULL,NULL,0,265,677.86,2.56
FOODS_1,2015-08-22,11530,Saturday,TX_2,TX,FOODS,NULL,NULL,NULL,NULL,0,269,731.08,2.72
FOODS_1,2015-08-23,11530,Sunday,TX_2,TX,FOODS,NULL,NULL,NULL,NULL,0,301,697.82,2.32
FOODS_1,2015-08-24,11530,Monday,TX_2,TX,FOODS,NULL,NULL,NULL,NULL,0,234,643.01,2.75
FOODS_1,2015-08-25,11530,Tuesday,TX_2,TX,FOODS,NULL,NULL,NULL,NULL,0,183,503.97,2.75
FOODS_1,2015-08-26,11530,Wednesday,TX_2,TX,FOODS,NULL,NULL,NULL,NULL,0,222,623.52,2.81
FOODS_1,2015-08-27,11530,Thursday,TX_2,TX,FOODS,NULL,NULL,NULL,NULL,0,264,718.38,2.72
FOODS_1,2015-08-28,11530,Friday,TX_2,TX,FOODS,NULL,NULL,NULL,NULL,0,220,649.35,2.95
FOODS_1,2015-08-29,11531,Saturday,TX_2,TX,FOODS,NULL,NULL,NULL,NULL,0,268,745.15,2.78
FOODS_1,2015-08-30,11531,Sunday,TX_2,TX,FOODS,NULL,NULL,NULL,NULL,0,314,840.48,2.68
FOODS_1,2015-08-31,11531,Monday,TX_2,TX,FOODS,NULL,NULL,NULL,NULL,0,236,717.50,3.04
FOODS_1,2015-09-01,11531,Tuesday,TX_2,TX,FOODS,NULL,NULL,NULL,NULL,1,250,669.75,2.68
FOODS_1,2015-09-02,11531,Wednesday,TX_2,TX,FOODS,NULL,NULL,NULL,NULL,0,266,678.02,2.55
FOODS_1,2015-09-03,11531,Thursday,TX_2,TX,FOODS,NULL,NULL,NULL,NULL,1,297,719.36,2.42
FOODS_1,2015-09-04,11531,Friday,TX_2,TX,FOODS,NULL,NULL,NULL,NULL,0,322,794.84,2.47
FOODS_1,2015-09-05,11532,Saturday,TX_2,TX,FOODS,NULL,NULL,NULL,NULL,1,373,1005.88,2.70
FOODS_1,2015-09-06,11532,Sunday,TX_2,TX,FOODS,NULL,NULL,NULL,NULL,1,310,856.54,2.76
FOODS_1,2015-09-08,11532,Tuesday,TX_2,TX,FOODS,NULL,NULL,NULL,NULL,0,268,738.58,2.76
FOODS_1,2015-09-09,11532,Wednesday,TX_2,TX,FOODS,NULL,NULL,NULL,NULL,1,275,659.47,2.40
FOODS_1,2015-09-10,11532,Thursday,TX_2,TX,FOODS,NULL,NULL,NULL,NULL,0,224,671.53,3.00
FOODS_1,2015-09-11,11532,Friday,TX_2,TX,FOODS,NULL,NULL,NULL,NULL,1,308,806.77,2.62
FOODS_1,2015-09-12,11533,Saturday,TX_2,TX,FOODS,NULL,NULL,NULL,NULL,1,345,825.36,2.39
FOODS_1,2015-09-13,11533,Sunday,TX_2,TX,FOODS,NULL,NULL,NULL,NULL,1,315,840.32,2.67
FOODS_1,2015-09-14,11533,Monday,TX_2,TX,FOODS,NULL,NULL,NULL,NULL,0,241,580.65,2.41
FOODS_1,2015-09-15,11533,Tuesday,TX_2,TX,FOODS,NULL,NULL,NULL,NULL,1,282,730.73,2.59
FOODS_1,2015-09-16,11533,Wednesday,TX_2,TX,FOODS,NULL,NULL,NULL,NULL,0,232,634.21,2.73
FOODS_1,2015-09-17,11533,Thursday,TX_2,TX,FOODS,NULL,NULL,NULL,NULL,0,273,641.08,2.35
FOODS_1,2015-09-18,11533,Friday,TX_2,TX,FOODS,NULL,NULL,NULL,NULL,0,327,913.34,2.79
FOODS_1,2015-09-19,11534,Saturday,TX_2,TX,FOODS,NULL,NULL,NULL,NULL,0,294,788.70,2.68
FOODS_1,2015-09-20,11534,Sunday,TX_2,TX,FOODS,NULL,NULL,NULL,NULL,0,307,790.46,2.57
FOODS_1,2015-09-21,11534,Monday,TX_2,TX,FOODS,NULL,NULL,NULL,NULL,0,220,609.61,2.77
FOODS_1,2015-09-22,11534,Tuesday,TX_2,TX,FOODS,NULL,NULL,NULL,NULL,0,225,655.53,2.91
FOODS_1,2015-09-23,11534,Wednesday,TX_2,TX,FOODS,NULL,NULL,NULL,NULL,0,228,649.88,2.85
FOODS_1,2015-09-25,11534,Friday,TX_2,TX,FOODS,NULL,NULL,NULL,NULL,0,228,613.34,2.69
FOODS_1,2015-09-26,11535,Saturday,TX_2,TX,FOODS,NULL,NULL,NULL,NULL,0,301,827.39,2.75
FOODS_1,2015-09-27,11535,Sunday,TX_2,TX,FOODS,NULL,NULL,NULL,NULL,0,326,779.76,2.39
FOODS_1,2015-09-28,11535,Monday,TX_2,TX,FOODS,NULL,NULL,NULL,NULL,0,215,565.57,2.63
FOODS_1,2015-09-29,11535,Tuesday,TX_2,TX,FOODS,NULL,NULL,NULL,NULL,0,225,636.92,2.83
FOODS_1,2015-09-30,11535,Wednesday,TX_2,TX,FOODS,NULL,NULL,NULL,NULL,0,207,587.20,2.84
FOODS_1,2015-10-01,11535,Thursday,TX_2,TX,FOODS,NULL,NULL,NULL,NULL,1,336,886.09,2.64
FOODS_1,2015-10-02,11535,Friday,TX_2,TX,FOODS,NULL,NULL,NULL,NULL,0,381,1019.86,2.68
