03 Clean Data/daily_store_performance_clean.csv
dept_id,sale_date,wm_yr_wk,weekday,store_id,state_id,cat_id,event_name_1,event_type_1,event_name_2,event_type_2,snap_TX,total_units_sold,total_revenue,average_selling_price
FOODS_1,2015-10-03,11536,Saturday,TX_2,TX,FOODS,NULL,NULL,NULL,NULL,1,412,1002.59,2.43
FOODS_1,2015-10-04,11536,Sunday,TX_2,TX,FOODS,NULL,NULL,NULL,NULL,0,387,916.35,2.37
FOODS_1,2015-10-05,11536,Monday,TX_2,TX,FOODS,NULL,NULL,NULL,NULL,1,265,840.75,3.17
FOODS_1,2015-10-06,11536,Tuesday,TX_2,TX,FOODS,NULL,NULL,NULL,NULL,1,282,703.90,2.50
FOODS_1,2015-10-07,11536,Wednesday,TX_2,TX,FOODS,NULL,NULL,NULL,NULL,1,277,776.45,2.80
FOODS_1,2015-10-08,11536,Thursday,TX_2,TX,FOODS,NULL,NULL,NULL,NULL,0,231,675.77,2.93
FOODS_1,2015-10-09,11536,Friday,TX_2,TX,FOODS,NULL,NULL,NULL,NULL,1,277,730.26,2.64
FOODS_1,2015-10-10,11537,Saturday,TX_2,TX,FOODS,NULL,NULL,NULL,NULL,0,251,677.12,2.70
FOODS_1,2015-10-11,11537,Sunday,TX_2,TX,FOODS,NULL,NULL,NULL,NULL,1,305,808.66,2.65
FOODS_1,2015-10-13,11537,Tuesday,TX_2,TX,FOODS,NULL,NULL,NULL,NULL,1,226,647.08,2.86
FOODS_1,2015-10-14,11537,Wednesday,TX_2,TX,FOODS,NULL,NULL,NULL,NULL,0,226,620.77,2.75
FOODS_1,2015-10-15,11537,Thursday,TX_2,TX,FOODS,NULL,NULL,NULL,NULL,1,257,712.46,2.77
FOODS_1,2015-10-16,11537,Friday,TX_2,TX,FOODS,NULL,NULL,NULL,NULL,0,251,714.95,2.85
FOODS_1,2015-10-17,11538,Saturday,TX_2,TX,FOODS,NULL,NULL,NULL,NULL,0,294,798.39,2.72
FOODS_1,2015-10-18,11538,Sunday,TX_2,TX,FOODS,NULL,NULL,NULL,NULL,0,249,637.69,2.56
FOODS_1,2015-10-19,11538,Monday,TX_2,TX,FOODS,NULL,NULL,NULL,NULL,0,163,495.98,3.04
FOODS_1,2015-10-20,11538,Tuesday,TX_2,TX,FOODS,NULL,NULL,NULL,NULL,0,189,561.02,2.97
FOODS_1,2015-10-21,11538,Wednesday,TX_2,TX,FOODS,NULL,NULL,NULL,NULL,0,194,665.94,3.43
FOODS_1,2015-10-22,11538,Thursday,TX_2,TX,FOODS,NULL,NULL,NULL,NULL,0,255,751.20,2.95
FOODS_1,2015-10-23,11538,Friday,TX_2,TX,FOODS,NULL,NULL,NULL,NULL,0,313,989.82,3.16
FOODS_1,2015-10-24,11539,Saturday,TX_2,TX,FOODS,NULL,NULL,NULL,NULL,0,227,758.52,3.34
FOODS_1,2015-10-25,11539,Sunday,TX_2,TX,FOODS,NULL,NULL,NULL,NULL,0,216,671.35,3.11
FOODS_1,2015-10-26,11539,Monday,TX_2,TX,FOODS,NULL,NULL,NULL,NULL,0,174,601.78,3.46
FOODS_1,2015-10-27,11539,Tuesday,TX_2,TX,FOODS,NULL,NULL,NULL,NULL,0,185,549.70,2.97
FOODS_1,2015-10-28,11539,Wednesday,TX_2,TX,FOODS,NULL,NULL,NULL,NULL,0,298,855.80,2.87
FOODS_1,2015-10-29,11539,Thursday,TX_2,TX,FOODS,NULL,NULL,NULL,NULL,0,250,677.99,2.71
FOODS_1,2015-10-30,11539,Friday,TX_2,TX,FOODS,NULL,NULL,NULL,NULL,0,266,939.72,3.53
FOODS_1,2015-11-01,11540,Sunday,TX_2,TX,FOODS,NULL,NULL,NULL,NULL,1,230,695.12,3.02
FOODS_1,2015-11-02,11540,Monday,TX_2,TX,FOODS,NULL,NULL,NULL,NULL,0,165,494.36,3.00
FOODS_1,2015-11-03,11540,Tuesday,TX_2,TX,FOODS,NULL,NULL,NULL,NULL,1,195,673.59,3.45
FOODS_1,2015-11-04,11540,Wednesday,TX_2,TX,FOODS,NULL,NULL,NULL,NULL,0,181,582.40,3.22
FOODS_1,2015-11-05,11540,Thursday,TX_2,TX,FOODS,NULL,NULL,NULL,NULL,1,230,636.79,2.77
FOODS_1,2015-11-06,11540,Friday,TX_2,TX,FOODS,NULL,NULL,NULL,NULL,1,216,576.90,2.67
FOODS_1,2015-11-07,11541,Saturday,TX_2,TX,FOODS,NULL,NULL,NULL,NULL,1,267,814.38,3.05
FOODS_1,2015-11-08,11541,Sunday,TX_2,TX,FOODS,NULL,NULL,NULL,NULL,0,246,682.04,2.77
FOODS_1,2015-11-09,11541,Monday,TX_2,TX,FOODS,NULL,NULL,NULL,NULL,1,217,747.07,3.44
FOODS_1,2015-11-10,11541,Tuesday,TX_2,TX,FOODS,NULL,NULL,NULL,NULL,0,190,664.83,3.50
FOODS_1,2015-11-12,11541,Thursday,TX_2,TX,FOODS,NULL,NULL,NULL,NULL,1,167,454.91,2.72
FOODS_1,2015-11-13,11541,Friday,TX_2,TX,FOODS,NULL,NULL,NULL,NULL,1,236,709.75,3.01
FOODS_1,2015-11-14,11542,Saturday,TX_2,TX,FOODS,NULL,NULL,NULL,NULL,0,247,740.55,3.00
FOODS_1,2015-11-15,11542,Sunday,TX_2,TX,FOODS,NULL,NULL,NULL,NULL,1,226,663.36,2.94
FOODS_1,2015-11-16,11542,Monday,TX_2,TX,FOODS,NULL,NULL,NULL,NULL,0,253,733.35,2.90
FOODS_1,2015-11-17,11542,Tuesday,TX_2,TX,FOODS,NULL,NULL,NULL,NULL,0,130,356.12,2.74
FOODS_1,2015-11-18,11542,Wednesday,TX_2,TX,FOODS,NULL,NULL,NULL,NULL,0,184,449.97,2.45
FOODS_1,2015-11-19,11542,Thursday,TX_2,TX,FOODS,NULL,NULL,NULL,NULL,0,229,622.95,2.72
FOODS_1,2015-11-20,11542,Friday,TX_2,TX,FOODS,NULL,NULL,NULL,NULL,0,236,662.50,2.81
FOODS_1,2015-11-21,11543,Saturday,TX_2,TX,FOODS,NULL,NULL,NULL,NULL,0,238,588.67,2.47
FOODS_1,2015-11-22,11543,Sunday,TX_2,TX,FOODS,NULL,NULL,NULL,NULL,0,282,678.79,2.41
FOODS_1,2015-11-23,11543,Monday,TX_2,TX,FOODS,NULL,NULL,NULL,NULL,0,235,651.91,2.77
FOODS_1,2015-11-24,11543,Tuesday,TX_2,TX,FOODS,NULL,NULL,NULL,NULL,0,208,568.93,2.74
FOODS_1,2015-11-25,11543,Wednesday,TX_2,TX,FOODS,NULL,NULL,NULL,NULL,0,313,851.47,2.72
FOODS_1,2015-11-27,11543,Friday,TX_2,TX,FOODS,NULL,NULL,NULL,NULL,0,275,759.53,2.76
FOODS_1,2015-11-28,11544,Saturday,TX_2,TX,FOODS,NULL,NULL,NULL,NULL,0,224,492.86,2.20
FOODS_1,2015-11-29,11544,Sunday,TX_2,TX,FOODS,NULL,NULL,NULL,NULL,0,171,333.90,1.95
FOODS_1,2015-11-30,11544,Monday,TX_2,TX,FOODS,NULL,NULL,NULL,NULL,0,156,346.90,2.22
FOODS_1,2015-12-01,11544,Tuesday,TX_2,TX,FOODS,NULL,NULL,NULL,NULL,1,208,518.46,2.49
FOODS_1,2015-12-02,11544,Wednesday,TX_2,TX,FOODS,NULL,NULL,NULL,NULL,0,158,464.78,2.94
FOODS_1,2015-12-03,11544,Thursday,TX_2,TX,FOODS,NULL,NULL,NULL,NULL,1,200,547.83,2.74
FOODS_1,2015-12-04,11544,Friday,TX_2,TX,FOODS,NULL,NULL,NULL,NULL,0,211,517.12,2.45
FOODS_1,2015-12-05,11545,Saturday,TX_2,TX,FOODS,NULL,NULL,NULL,NULL,1,241,749.27,3.11
FOODS_1,2015-12-06,11545,Sunday,TX_2,TX,FOODS,NULL,NULL,NULL,NULL,1,225,639.26,2.84
FOODS_1,2015-12-07,11545,Monday,TX_2,TX,FOODS,NULL,NULL,NULL,NULL,1,165,545.13,3.30
FOODS_1,2015-12-08,11545,Tuesday,TX_2,TX,FOODS,NULL,NULL,NULL,NULL,0,214,740.37,3.46
FOODS_1,2015-12-09,11545,Wednesday,TX_2,TX,FOODS,NULL,NULL,NULL,NULL,1,253,865.02,3.42
FOODS_1,2015-12-10,11545,Thursday,TX_2,TX,FOODS,NULL,NULL,NULL,NULL,0,238,867.64,3.65
FOODS_1,2015-12-11,11545,Friday,TX_2,TX,FOODS,NULL,NULL,NULL,NULL,1,223,708.99,3.18
FOODS_1,2015-12-12,11546,Saturday,TX_2,TX,FOODS,NULL,NULL,NULL,NULL,1,294,884.30,3.01
FOODS_1,2015-12-13,11546,Sunday,TX_2,TX,FOODS,NULL,NULL,NULL,NULL,1,254,822.41,3.24
FOODS_1,2015-12-15,11546,Tuesday,TX_2,TX,FOODS,NULL,NULL,NULL,NULL,1,239,795.62,3.33
FOODS_1,2015-12-16,11546,Wednesday,TX_2,TX,FOODS,NULL,NULL,NULL,NULL,0,254,766.19,3.02
FOODS_1,2015-12-17,11546,Thursday,TX_2,TX,FOODS,NULL,NULL,NULL,NULL,0,394,1190.08,3.02
FOODS_1,2015-12-18,11546,Friday,TX_2,TX,FOODS,NULL,NULL,NULL,NULL,0,344,1027.76,2.99
FOODS_1,2015-12-19,11547,Saturday,TX_2,TX,FOODS,NULL,NULL,NULL,NULL,0,304,875.64,2.88
FOODS_1,2015-12-20,11547,Sunday,TX_2,TX,FOODS,NULL,NULL,NULL,NULL,0,315,888.52,2.82
FOODS_1,2015-12-21,11547,Monday,TX_2,TX,FOODS,NULL,NULL,NULL,NULL,0,296,939.15,3.17
FOODS_1,2015-12-22,11547,Tuesday,TX_2,TX,FOODS,NULL,NULL,NULL,NULL,0,263,929.45,3.53
FOODS_1,2015-12-23,11547,Wednesday,TX_2,TX,FOODS,NULL,NULL,NULL,NULL,0,260,753.59,2.90
FOODS_1,2015-12-24,11547,Thursday,TX_2,TX,FOODS,NULL,NULL,NULL,NULL,0,297,916.59,3.09
FOODS_1,2015-12-26,11548,Saturday,TX_2,TX,FOODS,NULL,NULL,NULL,NULL,0,219,674.36,3.08
FOODS_1,2015-12-27,11548,Sunday,TX_2,TX,FOODS,NULL,NULL,NULL,NULL,0,187,575.43,3.08
FOODS_1,2015-12-28,11548,Monday,TX_2,TX,FOODS,NULL,NULL,NULL,NULL,0,139,360.51,2.59
FOODS_1,2015-12-29,11548,Tuesday,TX_2,TX,FOODS,NULL,NULL,NULL,NULL,0,201,687.67,3.42
FOODS_1,2015-12-30,11548,Wednesday,TX_2,TX,FOODS,NULL,NULL,NULL,NULL,0,203,502.95,2.48
FOODS_1,2015-12-31,11548,Thursday,TX_2,TX,FOODS,NULL,NULL,NULL,NULL,0,220,682.57,3.10
FOODS_1,2016-01-02,11549,Saturday,TX_2,TX,FOODS,NULL,NULL,NULL,NULL,0,186,457.60,2.46
FOODS_1,2016-01-03,11549,Sunday,TX_2,TX,FOODS,NULL,NULL,NULL,NULL,1,148,453.07,3.06
FOODS_1,2016-01-04,11549,Monday,TX_2,TX,FOODS,NULL,NULL,NULL,NULL,0,189,563.50,2.98
FOODS_1,2016-01-05,11549,Tuesday,TX_2,TX,FOODS,NULL,NULL,NULL,NULL,1,196,628.95,3.21
FOODS_1,2016-01-06,11549,Wednesday,TX_2,TX,FOODS,NULL,NULL,NULL,NULL,1,157,549.24,3.50
FOODS_1,2016-01-08,11549,Friday,TX_2,TX,FOODS,NULL,NULL,NULL,NULL,0,211,617.90,2.93
FOODS_1,2016-01-09,11550,Saturday,TX_2,TX,FOODS,NULL,NULL,NULL,NULL,1,224,590.61,2.64
FOODS_1,2016-01-10,11550,Sunday,TX_2,TX,FOODS,NULL,NULL,NULL,NULL,0,284,693.71,2.44
FOODS_1,2016-01-11,11550,Monday,TX_2,TX,FOODS,NULL,NULL,NULL,NULL,1,255,582.65,2.28
FOODS_1,2016-01-12,11550,Tuesday,TX_2,TX,FOODS,NULL,NULL,NULL,NULL,1,212,555.06,2.62
FOODS_1,2016-01-13,11550,Wednesday,TX_2,TX,FOODS,NULL,NULL,NULL,NULL,1,193,507.05,2.63
FOODS_1,2016-01-14,11550,Thursday,TX_2,TX,FOODS,NULL,NULL,NULL,NULL,0,253,644.65,2.55
FOODS_1,2016-01-15,11550,Friday,TX_2,TX,FOODS,NULL,NULL,NULL,NULL,1,289,854.71,2.96
FOODS_1,2016-01-16,11551,Saturday,TX_2,TX,FOODS,NULL,NULL,NULL,NULL,0,321,875.81,2.73
FOODS_1,2016-01-17,11551,Sunday,TX_2,TX,FOODS,NULL,NULL,NULL,NULL,0,330,998.07,3.02
FOODS_1,2016-01-19,11551,Tuesday,TX_2,TX,FOODS,NULL,NULL,NULL,NULL,0,236,732.07,3.10
FOODS_1,2016-01-20,11551,Wednesday,TX_2,TX,FOODS,NULL,NULL,NULL,NULL,0,174,586.96,3.37
FOODS_1,2016-01-21,11551,Thursday,TX_2,TX,FOODS,NULL,NULL,NULL,NULL,0,209,539.76,2.58
FOODS_1,2016-01-22,11551,Friday,TX_2,TX,FOODS,NULL,NULL,NULL,NULL,0,305,794.68,2.61
FOODS_1,2016-01-23,11552,Saturday,TX_2,TX,FOODS,NULL,NULL,NULL,NULL,0,330,894.19,2.71
FOODS_1,2016-01-24,11552,Sunday,TX_2,TX,FOODS,NULL,NULL,NULL,NULL,0,276,784.04,2.84
FOODS_1,2016-01-25,11552,Monday,TX_2,TX,FOODS,NULL,NULL,NULL,NULL,0,197,692.44,3.51
FOODS_1,2016-01-26,11552,Tuesday,TX_2,TX,FOODS,NULL,NULL,NULL,NULL,0,180,633.32,3.52
FOODS_1,2016-01-27,11552,Wednesday,TX_2,TX,FOODS,NULL,NULL,NULL,NULL,0,265,765.27,2.89
FOODS_1,2016-01-28,11552,Thursday,TX_2,TX,FOODS,NULL,NULL,NULL,NULL,0,279,893.84,3.20
FOODS_1,2016-01-29,11552,Friday,TX_2,TX,FOODS,NULL,NULL,NULL,NULL,0,229,771.76,3.37
FOODS_1,2016-01-30,11601,Saturday,TX_2,TX,FOODS,NULL,NULL,NULL,NULL,0,298,828.36,2.78
FOODS_1,2016-01-31,11601,Sunday,TX_2,TX,FOODS,NULL,NULL,NULL,NULL,0,249,803.08,3.23
FOODS_1,2016-02-01,11601,Monday,TX_2,TX,FOODS,NULL,NULL,NULL,NULL,1,223,714.69,3.20
FOODS_1,2016-02-02,11601,Tuesday,TX_2,TX,FOODS,NULL,NULL,NULL,NULL,0,204,745.07,3.65
FOODS_1,2016-02-03,11601,Wednesday,TX_2,TX,FOODS,NULL,NULL,NULL,NULL,1,232,787.67,3.40
FOODS_1,2016-02-04,11601,Thursday,TX_2,TX,FOODS,NULL,NULL,NULL,NULL,0,158,539.72,3.42
FOODS_1,2016-02-05,11601,Friday,TX_2,TX,FOODS,NULL,NULL,NULL,NULL,1,227,825.07,3.63
FOODS_1,2016-02-06,11602,Saturday,TX_2,TX,FOODS,NULL,NULL,NULL,NULL,1,298,850.54,2.85
FOODS_1,2016-02-08,11602,Monday,TX_2,TX,FOODS,NULL,NULL,NULL,NULL,0,226,736.56,3.26
FOODS_1,2016-02-09,11602,Tuesday,TX_2,TX,FOODS,NULL,NULL,NULL,NULL,1,291,746.21,2.56
FOODS_1,2016-02-11,11602,Thursday,TX_2,TX,FOODS,NULL,NULL,NULL,NULL,1,551,1521.90,2.76
FOODS_1,2016-02-12,11602,Friday,TX_2,TX,FOODS,NULL,NULL,NULL,NULL,1,392,1080.26,2.76
FOODS_1,2016-02-13,11603,Saturday,TX_2,TX,FOODS,NULL,NULL,NULL,NULL,1,490,1220.16,2.49
FOODS_1,2016-02-16,11603,Tuesday,TX_2,TX,FOODS,NULL,NULL,NULL,NULL,0,156,507.62,3.25
FOODS_1,2016-02-18,11603,Thursday,TX_2,TX,FOODS,NULL,NULL,NULL,NULL,0,204,566.03,2.77
FOODS_1,2016-02-19,11603,Friday,TX_2,TX,FOODS,NULL,NULL,NULL,NULL,0,286,890.10,3.11
FOODS_1,2016-02-20,11604,Saturday,TX_2,TX,FOODS,NULL,NULL,NULL,NULL,0,310,955.53,3.08
FOODS_1,2016-02-21,11604,Sunday,TX_2,TX,FOODS,NULL,NULL,NULL,NULL,0,304,804.65,2.65
FOODS_1,2016-02-22,11604,Monday,TX_2,TX,FOODS,NULL,NULL,NULL,NULL,0,240,648.78,2.70
FOODS_1,2016-02-23,11604,Tuesday,TX_2,TX,FOODS,NULL,NULL,NULL,NULL,0,232,605.20,2.61
FOODS_1,2016-02-24,11604,Wednesday,TX_2,TX,FOODS,NULL,NULL,NULL,NULL,0,242,693.40,2.87
FOODS_1,2016-02-25,11604,Thursday,TX_2,TX,FOODS,NULL,NULL,NULL,NULL,0,213,542.07,2.54
FOODS_1,2016-02-26,11604,Friday,TX_2,TX,FOODS,NULL,NULL,NULL,NULL,0,270,825.90,3.06
FOODS_1,2016-02-27,11605,Saturday,TX_2,TX,FOODS,NULL,NULL,NULL,NULL,0,264,743.73,2.82
FOODS_1,2016-02-28,11605,Sunday,TX_2,TX,FOODS,NULL,NULL,NULL,NULL,0,222,584.94,2.63
FOODS_1,2016-02-29,11605,Monday,TX_2,TX,FOODS,NULL,NULL,NULL,NULL,0,153,430.26,2.81
FOODS_1,2016-03-01,11605,Tuesday,TX_2,TX,FOODS,NULL,NULL,NULL,NULL,1,170,465.21,2.74
FOODS_1,2016-03-02,11605,Wednesday,TX_2,TX,FOODS,NULL,NULL,NULL,NULL,0,220,617.95,2.81
FOODS_1,2016-03-03,11605,Thursday,TX_2,TX,FOODS,NULL,NULL,NULL,NULL,1,254,687.49,2.71
FOODS_1,2016-03-04,11605,Friday,TX_2,TX,FOODS,NULL,NULL,NULL,NULL,0,240,746.68,3.11
FOODS_1,2016-03-05,11606,Saturday,TX_2,TX,FOODS,NULL,NULL,NULL,NULL,1,297,836.85,2.82
FOODS_1,2016-03-06,11606,Sunday,TX_2,TX,FOODS,NULL,NULL,NULL,NULL,1,273,712.38,2.61
FOODS_1,2016-03-07,11606,Monday,TX_2,TX,FOODS,NULL,NULL,NULL,NULL,1,225,708.17,3.15
FOODS_1,2016-03-08,11606,Tuesday,TX_2,TX,FOODS,NULL,NULL,NULL,NULL,0,216,663.22,3.07
FOODS_1,2016-03-09,11606,Wednesday,TX_2,TX,FOODS,NULL,NULL,NULL,NULL,1,212,679.99,3.21
FOODS_1,2016-03-10,11606,Thursday,TX_2,TX,FOODS,NULL,NULL,NULL,NULL,0,257,777.44,3.03
FOODS_1,2016-03-11,11606,Friday,TX_2,TX,FOODS,NULL,NULL,NULL,NULL,1,301,759.44,2.52
FOODS_1,2016-03-12,11607,Saturday,TX_2,TX,FOODS,NULL,NULL,NULL,NULL,1,297,831.28,2.80
FOODS_1,2016-03-13,11607,Sunday,TX_2,TX,FOODS,NULL,NULL,NULL,NULL,1,296,778.17,2.63
FOODS_1,2016-03-14,11607,Monday,TX_2,TX,FOODS,NULL,NULL,NULL,NULL,0,230,598.86,2.60
FOODS_1,2016-03-15,11607,Tuesday,TX_2,TX,FOODS,NULL,NULL,NULL,NULL,1,193,535.20,2.77
FOODS_1,2016-03-16,11607,Wednesday,TX_2,TX,FOODS,NULL,NULL,NULL,NULL,0,212,591.99,2.79
FOODS_1,2016-03-18,11607,Friday,TX_2,TX,FOODS,NULL,NULL,NULL,NULL,0,235,723.02,3.08
FOODS_1,2016-03-19,11608,Saturday,TX_2,TX,FOODS,NULL,NULL,NULL,NULL,0,251,729.68,2.91
FOODS_1,2016-03-20,11608,Sunday,TX_2,TX,FOODS,NULL,NULL,NULL,NULL,0,253,645.54,2.55
FOODS_1,2016-03-21,11608,Monday,TX_2,TX,FOODS,NULL,NULL,NULL,NULL,0,247,673.68,2.73
FOODS_1,2016-03-22,11608,Tuesday,TX_2,TX,FOODS,NULL,NULL,NULL,NULL,0,267,778.68,2.92
FOODS_1,2016-03-23,11608,Wednesday,TX_2,TX,FOODS,NULL,NULL,NULL,NULL,0,348,900.66,2.59
FOODS_1,2016-03-25,11608,Friday,TX_2,TX,FOODS,NULL,NULL,NULL,NULL,0,436,1199.03,2.75
FOODS_1,2016-03-26,11609,Saturday,TX_2,TX,FOODS,NULL,NULL,NULL,NULL,0,500,1268.33,2.54
FOODS_1,2016-03-28,11609,Monday,TX_2,TX,FOODS,NULL,NULL,NULL,NULL,0,183,628.57,3.43
FOODS_1,2016-03-29,11609,Tuesday,TX_2,TX,FOODS,NULL,NULL,NULL,NULL,0,170,509.14,2.99
FOODS_1,2016-03-30,11609,Wednesday,TX_2,TX,FOODS,NULL,NULL,NULL,NULL,0,223,628.53,2.82
FOODS_1,2016-03-31,11609,Thursday,TX_2,TX,FOODS,NULL,NULL,NULL,NULL,0,234,732.36,3.13
FOODS_1,2016-04-01,11609,Friday,TX_2,TX,FOODS,NULL,NULL,NULL,NULL,1,301,905.59,3.01
FOODS_1,2016-04-02,11610,Saturday,TX_2,TX,FOODS,NULL,NULL,NULL,NULL,0,255,697.38,2.73
FOODS_1,2016-04-03,11610,Sunday,TX_2,TX,FOODS,NULL,NULL,NULL,NULL,1,250,747.09,2.99
FOODS_1,2016-04-04,11610,Monday,TX_2,TX,FOODS,NULL,NULL,NULL,NULL,0,209,597.58,2.86
FOODS_1,2016-04-05,11610,Tuesday,TX_2,TX,FOODS,NULL,NULL,NULL,NULL,1,224,635.72,2.84
FOODS_1,2016-04-06,11610,Wednesday,TX_2,TX,FOODS,NULL,NULL,NULL,NULL,1,237,611.39,2.58
FOODS_1,2016-04-07,11610,Thursday,TX_2,TX,FOODS,NULL,NULL,NULL,NULL,1,230,649.10,2.82
FOODS_1,2016-04-08,11610,Friday,TX_2,TX,FOODS,NULL,NULL,NULL,NULL,0,215,646.98,3.01
FOODS_1,2016-04-09,11611,Saturday,TX_2,TX,FOODS,NULL,NULL,NULL,NULL,1,271,756.88,2.79
FOODS_1,2016-04-10,11611,Sunday,TX_2,TX,FOODS,NULL,NULL,NULL,NULL,0,278,855.32,3.08
FOODS_1,2016-04-11,11611,Monday,TX_2,TX,FOODS,NULL,NULL,NULL,NULL,1,179,508.72,2.84
FOODS_1,2016-04-12,11611,Tuesday,TX_2,TX,FOODS,NULL,NULL,NULL,NULL,1,180,490.80,2.73
FOODS_1,2016-04-13,11611,Wednesday,TX_2,TX,FOODS,NULL,NULL,NULL,NULL,1,195,553.30,2.84
FOODS_1,2016-04-14,11611,Thursday,TX_2,TX,FOODS,NULL,NULL,NULL,NULL,0,218,613.16,2.81
FOODS_1,2016-04-15,11611,Friday,TX_2,TX,FOODS,NULL,NULL,NULL,NULL,1,249,776.92,3.12
FOODS_1,2016-04-16,11612,Saturday,TX_2,TX,FOODS,NULL,NULL,NULL,NULL,0,254,661.63,2.60
FOODS_1,2016-04-17,11612,Sunday,TX_2,TX,FOODS,NULL,NULL,NULL,NULL,0,249,735.69,2.95
FOODS_1,2016-04-18,11612,Monday,TX_2,TX,FOODS,NULL,NULL,NULL,NULL,0,220,699.72,3.18
FOODS_1,2016-04-19,11612,Tuesday,TX_2,TX,FOODS,NULL,NULL,NULL,NULL,0,227,674.00,2.97
FOODS_1,2016-04-20,11612,Wednesday,TX_2,TX,FOODS,NULL,NULL,NULL,NULL,0,221,726.66,3.29
FOODS_1,2016-04-21,11612,Thursday,TX_2,TX,FOODS,NULL,NULL,NULL,NULL,0,207,605.04,2.92
FOODS_1,2016-04-22,11612,Friday,TX_2,TX,FOODS,NULL,NULL,NULL,NULL,0,235,689.72,2.94
FOODS_1,2016-04-23,11613,Saturday,TX_2,TX,FOODS,NULL,NULL,NULL,NULL,0,280,837.10,2.99
FOODS_1,2016-04-24,11613,Sunday,TX_2,TX,FOODS,NULL,NULL,NULL,NULL,0,220,668.40,3.04
FOODS_1,2016-04-25,11613,Monday,TX_2,TX,FOODS,NULL,NULL,NULL,NULL,0,216,585.38,2.71
FOODS_1,2016-04-26,11613,Tuesday,TX_2,TX,FOODS,NULL,NULL,NULL,NULL,0,211,694.01,3.29
FOODS_1,2016-04-27,11613,Wednesday,TX_2,TX,FOODS,NULL,NULL,NULL,NULL,0,207,605.93,2.93
FOODS_1,2016-04-28,11613,Thursday,TX_2,TX,FOODS,NULL,NULL,NULL,NULL,0,257,872.79,3.40
FOODS_1,2016-04-29,11613,Friday,TX_2,TX,FOODS,NULL,NULL,NULL,NULL,0,295,847.83,2.87
FOODS_1,2016-05-02,11614,Monday,TX_2,TX,FOODS,NULL,NULL,NULL,NULL,0,301,827.62,2.75
FOODS_1,2016-05-03,11614,Tuesday,TX_2,TX,FOODS,NULL,NULL,NULL,NULL,1,276,676.92,2.45
FOODS_1,2016-05-04,11614,Wednesday,TX_2,TX,FOODS,NULL,NULL,NULL,NULL,0,234,640.55,2.74
FOODS_1,2016-05-06,11614,Friday,TX_2,TX,FOODS,NULL,NULL,NULL,NULL,1,327,953.19,2.92
FOODS_1,2016-05-07,11615,Saturday,TX_2,TX,FOODS,NULL,NULL,NULL,NULL,1,429,1232.88,2.87
FOODS_1,2016-05-09,11615,Monday,TX_2,TX,FOODS,NULL,NULL,NULL,NULL,1,259,711.72,2.75
FOODS_1,2016-05-10,11615,Tuesday,TX_2,TX,FOODS,NULL,NULL,NULL,NULL,0,257,801.34,3.12
FOODS_1,2016-05-11,11615,Wednesday,TX_2,TX,FOODS,NULL,NULL,NULL,NULL,1,252,760.44,3.02
FOODS_1,2016-05-12,11615,Thursday,TX_2,TX,FOODS,NULL,NULL,NULL,NULL,1,315,916.48,2.91
FOODS_1,2016-05-13,11615,Friday,TX_2,TX,FOODS,NULL,NULL,NULL,NULL,1,349,907.78,2.60
FOODS_1,2016-05-14,11616,Saturday,TX_2,TX,FOODS,NULL,NULL,NULL,NULL,0,317,857.86,2.71
FOODS_1,2016-05-15,11616,Sunday,TX_2,TX,FOODS,NULL,NULL,NULL,NULL,1,367,932.10,2.54
FOODS_1,2016-05-16,11616,Monday,TX_2,TX,FOODS,NULL,NULL,NULL,NULL,0,239,600.50,2.51
FOODS_1,2016-05-17,11616,Tuesday,TX_2,TX,FOODS,NULL,NULL,NULL,NULL,0,264,645.30,2.44
FOODS_1,2016-05-18,11616,Wednesday,TX_2,TX,FOODS,NULL,NULL,NULL,NULL,0,214,635.87,2.97
FOODS_1,2016-05-19,11616,Thursday,TX_2,TX,FOODS,NULL,NULL,NULL,NULL,0,264,769.65,2.92
FOODS_1,2016-05-20,11616,Friday,TX_2,TX,FOODS,NULL,NULL,NULL,NULL,0,299,778.86,2.60
FOODS_1,2016-05-21,11617,Saturday,TX_2,TX,FOODS,NULL,NULL,NULL,NULL,0,389,996.93,2.56
FOODS_1,2016-05-22,11617,Sunday,TX_2,TX,FOODS,NULL,NULL,NULL,NULL,0,270,759.98,2.81
