03 Clean Data/daily_store_performance_clean.csv
dept_id,sale_date,wm_yr_wk,weekday,store_id,state_id,cat_id,event_name_1,event_type_1,event_name_2,event_type_2,snap_TX,total_units_sold,total_revenue,average_selling_price
HOUSEHOLD_1,2014-05-24,11417,Saturday,TX_2,TX,HOUSEHOLD,NULL,NULL,NULL,NULL,0,729,2542.86,3.49
HOUSEHOLD_1,2014-05-25,11417,Sunday,TX_2,TX,HOUSEHOLD,NULL,NULL,NULL,NULL,0,566,2370.30,4.19
HOUSEHOLD_1,2014-05-27,11417,Tuesday,TX_2,TX,HOUSEHOLD,NULL,NULL,NULL,NULL,0,535,2135.47,3.99
HOUSEHOLD_1,2014-05-28,11417,Wednesday,TX_2,TX,HOUSEHOLD,NULL,NULL,NULL,NULL,0,506,1760.58,3.48
HOUSEHOLD_1,2014-05-29,11417,Thursday,TX_2,TX,HOUSEHOLD,NULL,NULL,NULL,NULL,0,555,1892.94,3.41
HOUSEHOLD_1,2014-05-30,11417,Friday,TX_2,TX,HOUSEHOLD,NULL,NULL,NULL,NULL,0,682,2257.07,3.31
HOUSEHOLD_1,2014-05-31,11418,Saturday,TX_2,TX,HOUSEHOLD,NULL,NULL,NULL,NULL,0,827,2790.46,3.37
HOUSEHOLD_1,2014-06-01,11418,Sunday,TX_2,TX,HOUSEHOLD,NULL,NULL,NULL,NULL,1,791,2910.07,3.68
HOUSEHOLD_1,2014-06-02,11418,Monday,TX_2,TX,HOUSEHOLD,NULL,NULL,NULL,NULL,0,631,2104.39,3.34
HOUSEHOLD_1,2014-06-03,11418,Tuesday,TX_2,TX,HOUSEHOLD,NULL,NULL,NULL,NULL,1,576,1890.31,3.28
HOUSEHOLD_1,2014-06-04,11418,Wednesday,TX_2,TX,HOUSEHOLD,NULL,NULL,NULL,NULL,0,597,1991.10,3.34
HOUSEHOLD_1,2014-06-06,11418,Friday,TX_2,TX,HOUSEHOLD,NULL,NULL,NULL,NULL,1,519,1874.37,3.61
HOUSEHOLD_1,2014-06-07,11419,Saturday,TX_2,TX,HOUSEHOLD,NULL,NULL,NULL,NULL,1,891,3168.99,3.56
HOUSEHOLD_1,2014-06-08,11419,Sunday,TX_2,TX,HOUSEHOLD,NULL,NULL,NULL,NULL,0,694,2574.33,3.71
HOUSEHOLD_1,2014-06-09,11419,Monday,TX_2,TX,HOUSEHOLD,NULL,NULL,NULL,NULL,1,571,2253.37,3.95
HOUSEHOLD_1,2014-06-10,11419,Tuesday,TX_2,TX,HOUSEHOLD,NULL,NULL,NULL,NULL,0,559,2095.06,3.75
HOUSEHOLD_1,2014-06-11,11419,Wednesday,TX_2,TX,HOUSEHOLD,NULL,NULL,NULL,NULL,1,557,1736.14,3.12
HOUSEHOLD_1,2014-06-12,11419,Thursday,TX_2,TX,HOUSEHOLD,NULL,NULL,NULL,NULL,1,528,1877.97,3.56
HOUSEHOLD_1,2014-06-13,11419,Friday,TX_2,TX,HOUSEHOLD,NULL,NULL,NULL,NULL,1,589,2229.21,3.78
HOUSEHOLD_1,2014-06-14,11420,Saturday,TX_2,TX,HOUSEHOLD,NULL,NULL,NULL,NULL,0,695,2442.62,3.51
HOUSEHOLD_1,2014-06-16,11420,Monday,TX_2,TX,HOUSEHOLD,NULL,NULL,NULL,NULL,0,624,2348.55,3.76
HOUSEHOLD_1,2014-06-17,11420,Tuesday,TX_2,TX,HOUSEHOLD,NULL,NULL,NULL,NULL,0,589,2217.63,3.77
HOUSEHOLD_1,2014-06-18,11420,Wednesday,TX_2,TX,HOUSEHOLD,NULL,NULL,NULL,NULL,0,522,1823.75,3.49
HOUSEHOLD_1,2014-06-19,11420,Thursday,TX_2,TX,HOUSEHOLD,NULL,NULL,NULL,NULL,0,575,2008.80,3.49
HOUSEHOLD_1,2014-06-20,11420,Friday,TX_2,TX,HOUSEHOLD,NULL,NULL,NULL,NULL,0,662,2368.11,3.58
HOUSEHOLD_1,2014-06-21,11421,Saturday,TX_2,TX,HOUSEHOLD,NULL,NULL,NULL,NULL,0,737,2766.47,3.75
HOUSEHOLD_1,2014-06-22,11421,Sunday,TX_2,TX,HOUSEHOLD,NULL,NULL,NULL,NULL,0,720,2658.62,3.69
HOUSEHOLD_1,2014-06-23,11421,Monday,TX_2,TX,HOUSEHOLD,NULL,NULL,NULL,NULL,0,551,2005.14,3.64
HOUSEHOLD_1,2014-06-24,11421,Tuesday,TX_2,TX,HOUSEHOLD,NULL,NULL,NULL,NULL,0,494,1723.86,3.49
HOUSEHOLD_1,2014-06-25,11421,Wednesday,TX_2,TX,HOUSEHOLD,NULL,NULL,NULL,NULL,0,499,1730.46,3.47
HOUSEHOLD_1,2014-06-26,11421,Thursday,TX_2,TX,HOUSEHOLD,NULL,NULL,NULL,NULL,0,605,2020.60,3.34
HOUSEHOLD_1,2014-06-27,11421,Friday,TX_2,TX,HOUSEHOLD,NULL,NULL,NULL,NULL,0,690,2412.24,3.50
HOUSEHOLD_1,2014-06-28,11422,Saturday,TX_2,TX,HOUSEHOLD,NULL,NULL,NULL,NULL,0,790,2792.81,3.54
HOUSEHOLD_1,2014-06-30,11422,Monday,TX_2,TX,HOUSEHOLD,NULL,NULL,NULL,NULL,0,683,2489.00,3.64
HOUSEHOLD_1,2014-07-01,11422,Tuesday,TX_2,TX,HOUSEHOLD,NULL,NULL,NULL,NULL,1,749,2474.04,3.30
HOUSEHOLD_1,2014-07-02,11422,Wednesday,TX_2,TX,HOUSEHOLD,NULL,NULL,NULL,NULL,0,582,2096.67,3.60
HOUSEHOLD_1,2014-07-03,11422,Thursday,TX_2,TX,HOUSEHOLD,NULL,NULL,NULL,NULL,1,792,2820.43,3.56
HOUSEHOLD_1,2014-07-05,11423,Saturday,TX_2,TX,HOUSEHOLD,NULL,NULL,NULL,NULL,1,617,2139.88,3.47
HOUSEHOLD_1,2014-07-06,11423,Sunday,TX_2,TX,HOUSEHOLD,NULL,NULL,NULL,NULL,1,632,2171.54,3.44
HOUSEHOLD_1,2014-07-07,11423,Monday,TX_2,TX,HOUSEHOLD,NULL,NULL,NULL,NULL,1,708,2306.75,3.26
HOUSEHOLD_1,2014-07-08,11423,Tuesday,TX_2,TX,HOUSEHOLD,NULL,NULL,NULL,NULL,0,531,1851.03,3.49
HOUSEHOLD_1,2014-07-09,11423,Wednesday,TX_2,TX,HOUSEHOLD,NULL,NULL,NULL,NULL,1,871,2263.76,2.60
HOUSEHOLD_1,2014-07-10,11423,Thursday,TX_2,TX,HOUSEHOLD,NULL,NULL,NULL,NULL,0,574,2103.44,3.66
HOUSEHOLD_1,2014-07-11,11423,Friday,TX_2,TX,HOUSEHOLD,NULL,NULL,NULL,NULL,1,547,1878.89,3.43
HOUSEHOLD_1,2014-07-12,11424,Saturday,TX_2,TX,HOUSEHOLD,NULL,NULL,NULL,NULL,1,759,2818.69,3.71
HOUSEHOLD_1,2014-07-13,11424,Sunday,TX_2,TX,HOUSEHOLD,NULL,NULL,NULL,NULL,1,776,2916.07,3.76
HOUSEHOLD_1,2014-07-14,11424,Monday,TX_2,TX,HOUSEHOLD,NULL,NULL,NULL,NULL,0,618,2339.43,3.79
HOUSEHOLD_1,2014-07-15,11424,Tuesday,TX_2,TX,HOUSEHOLD,NULL,NULL,NULL,NULL,1,519,1874.11,3.61
HOUSEHOLD_1,2014-07-16,11424,Wednesday,TX_2,TX,HOUSEHOLD,NULL,NULL,NULL,NULL,0,650,2335.15,3.59
HOUSEHOLD_1,2014-07-17,11424,Thursday,TX_2,TX,HOUSEHOLD,NULL,NULL,NULL,NULL,0,584,2055.42,3.52
HOUSEHOLD_1,2014-07-18,11424,Friday,TX_2,TX,HOUSEHOLD,NULL,NULL,NULL,NULL,0,748,2795.62,3.74
HOUSEHOLD_1,2014-07-19,11425,Saturday,TX_2,TX,HOUSEHOLD,NULL,NULL,NULL,NULL,0,790,2864.24,3.63
HOUSEHOLD_1,2014-07-20,11425,Sunday,TX_2,TX,HOUSEHOLD,NULL,NULL,NULL,NULL,0,760,2963.77,3.90
HOUSEHOLD_1,2014-07-21,11425,Monday,TX_2,TX,HOUSEHOLD,NULL,NULL,NULL,NULL,0,553,2066.21,3.74
HOUSEHOLD_1,2014-07-22,11425,Tuesday,TX_2,TX,HOUSEHOLD,NULL,NULL,NULL,NULL,0,502,1897.77,3.78
HOUSEHOLD_1,2014-07-23,11425,Wednesday,TX_2,TX,HOUSEHOLD,NULL,NULL,NULL,NULL,0,583,2086.35,3.58
HOUSEHOLD_1,2014-07-24,11425,Thursday,TX_2,TX,HOUSEHOLD,NULL,NULL,NULL,NULL,0,544,1822.02,3.35
HOUSEHOLD_1,2014-07-25,11425,Friday,TX_2,TX,HOUSEHOLD,NULL,NULL,NULL,NULL,0,689,2408.94,3.50
HOUSEHOLD_1,2014-07-26,11426,Saturday,TX_2,TX,HOUSEHOLD,NULL,NULL,NULL,NULL,0,742,2787.80,3.76
HOUSEHOLD_1,2014-07-27,11426,Sunday,TX_2,TX,HOUSEHOLD,NULL,NULL,NULL,NULL,0,808,2941.84,3.64
HOUSEHOLD_1,2014-07-28,11426,Monday,TX_2,TX,HOUSEHOLD,NULL,NULL,NULL,NULL,0,612,2218.73,3.63
HOUSEHOLD_1,2014-07-30,11426,Wednesday,TX_2,TX,HOUSEHOLD,NULL,NULL,NULL,NULL,0,519,1737.11,3.35
HOUSEHOLD_1,2014-07-31,11426,Thursday,TX_2,TX,HOUSEHOLD,NULL,NULL,NULL,NULL,0,551,1997.70,3.63
HOUSEHOLD_1,2014-08-01,11426,Friday,TX_2,TX,HOUSEHOLD,NULL,NULL,NULL,NULL,1,758,2738.28,3.61
HOUSEHOLD_1,2014-08-02,11427,Saturday,TX_2,TX,HOUSEHOLD,NULL,NULL,NULL,NULL,0,808,2944.32,3.64
HOUSEHOLD_1,2014-08-03,11427,Sunday,TX_2,TX,HOUSEHOLD,NULL,NULL,NULL,NULL,1,707,2619.57,3.71
HOUSEHOLD_1,2014-08-04,11427,Monday,TX_2,TX,HOUSEHOLD,NULL,NULL,NULL,NULL,0,545,2096.93,3.85
HOUSEHOLD_1,2014-08-05,11427,Tuesday,TX_2,TX,HOUSEHOLD,NULL,NULL,NULL,NULL,1,577,2052.84,3.56
HOUSEHOLD_1,2014-08-06,11427,Wednesday,TX_2,TX,HOUSEHOLD,NULL,NULL,NULL,NULL,1,642,2212.88,3.45
HOUSEHOLD_1,2014-08-07,11427,Thursday,TX_2,TX,HOUSEHOLD,NULL,NULL,NULL,NULL,1,480,1777.62,3.70
HOUSEHOLD_1,2014-08-08,11427,Friday,TX_2,TX,HOUSEHOLD,NULL,NULL,NULL,NULL,0,1198,2636.33,2.20
HOUSEHOLD_1,2014-08-09,11428,Saturday,TX_2,TX,HOUSEHOLD,NULL,NULL,NULL,NULL,1,786,2793.02,3.55
HOUSEHOLD_1,2014-08-10,11428,Sunday,TX_2,TX,HOUSEHOLD,NULL,NULL,NULL,NULL,0,742,2855.63,3.85
HOUSEHOLD_1,2014-08-11,11428,Monday,TX_2,TX,HOUSEHOLD,NULL,NULL,NULL,NULL,1,593,2279.37,3.84
HOUSEHOLD_1,2014-08-12,11428,Tuesday,TX_2,TX,HOUSEHOLD,NULL,NULL,NULL,NULL,1,533,1875.06,3.52
HOUSEHOLD_1,2014-08-13,11428,Wednesday,TX_2,TX,HOUSEHOLD,NULL,NULL,NULL,NULL,1,515,1764.65,3.43
HOUSEHOLD_1,2014-08-14,11428,Thursday,TX_2,TX,HOUSEHOLD,NULL,NULL,NULL,NULL,0,653,2173.44,3.33
HOUSEHOLD_1,2014-08-15,11428,Friday,TX_2,TX,HOUSEHOLD,NULL,NULL,NULL,NULL,1,668,2466.22,3.69
HOUSEHOLD_1,2014-08-16,11429,Saturday,TX_2,TX,HOUSEHOLD,NULL,NULL,NULL,NULL,0,840,3128.36,3.72
HOUSEHOLD_1,2014-08-17,11429,Sunday,TX_2,TX,HOUSEHOLD,NULL,NULL,NULL,NULL,0,822,3121.03,3.80
HOUSEHOLD_1,2014-08-18,11429,Monday,TX_2,TX,HOUSEHOLD,NULL,NULL,NULL,NULL,0,624,2152.80,3.45
HOUSEHOLD_1,2014-08-19,11429,Tuesday,TX_2,TX,HOUSEHOLD,NULL,NULL,NULL,NULL,0,641,2106.48,3.29
HOUSEHOLD_1,2014-08-20,11429,Wednesday,TX_2,TX,HOUSEHOLD,NULL,NULL,NULL,NULL,0,487,1820.64,3.74
HOUSEHOLD_1,2014-08-21,11429,Thursday,TX_2,TX,HOUSEHOLD,NULL,NULL,NULL,NULL,0,589,2189.49,3.72
HOUSEHOLD_1,2014-08-22,11429,Friday,TX_2,TX,HOUSEHOLD,NULL,NULL,NULL,NULL,0,658,2583.80,3.93
HOUSEHOLD_1,2014-08-23,11430,Saturday,TX_2,TX,HOUSEHOLD,NULL,NULL,NULL,NULL,0,821,3125.82,3.81
HOUSEHOLD_1,2014-08-24,11430,Sunday,TX_2,TX,HOUSEHOLD,NULL,NULL,NULL,NULL,0,817,3183.01,3.90
HOUSEHOLD_1,2014-08-25,11430,Monday,TX_2,TX,HOUSEHOLD,NULL,NULL,NULL,NULL,0,623,2299.40,3.69
HOUSEHOLD_1,2014-08-26,11430,Tuesday,TX_2,TX,HOUSEHOLD,NULL,NULL,NULL,NULL,0,564,2060.22,3.65
HOUSEHOLD_1,2014-08-27,11430,Wednesday,TX_2,TX,HOUSEHOLD,NULL,NULL,NULL,NULL,0,472,1643.44,3.48
HOUSEHOLD_1,2014-08-28,11430,Thursday,TX_2,TX,HOUSEHOLD,NULL,NULL,NULL,NULL,0,562,2094.89,3.73
HOUSEHOLD_1,2014-08-29,11430,Friday,TX_2,TX,HOUSEHOLD,NULL,NULL,NULL,NULL,0,651,2337.99,3.59
HOUSEHOLD_1,2014-08-30,11431,Saturday,TX_2,TX,HOUSEHOLD,NULL,NULL,NULL,NULL,0,828,3194.37,3.86
HOUSEHOLD_1,2014-08-31,11431,Sunday,TX_2,TX,HOUSEHOLD,NULL,NULL,NULL,NULL,0,691,2487.70,3.60
HOUSEHOLD_1,2014-09-02,11431,Tuesday,TX_2,TX,HOUSEHOLD,NULL,NULL,NULL,NULL,0,537,1995.66,3.72
HOUSEHOLD_1,2014-09-03,11431,Wednesday,TX_2,TX,HOUSEHOLD,NULL,NULL,NULL,NULL,1,649,2218.69,3.42
HOUSEHOLD_1,2014-09-04,11431,Thursday,TX_2,TX,HOUSEHOLD,NULL,NULL,NULL,NULL,0,514,1945.17,3.78
HOUSEHOLD_1,2014-09-05,11431,Friday,TX_2,TX,HOUSEHOLD,NULL,NULL,NULL,NULL,1,479,1688.36,3.52
HOUSEHOLD_1,2014-09-06,11432,Saturday,TX_2,TX,HOUSEHOLD,NULL,NULL,NULL,NULL,1,858,3258.56,3.80
HOUSEHOLD_1,2014-09-07,11432,Sunday,TX_2,TX,HOUSEHOLD,NULL,NULL,NULL,NULL,1,781,3244.14,4.15
HOUSEHOLD_1,2014-09-08,11432,Monday,TX_2,TX,HOUSEHOLD,NULL,NULL,NULL,NULL,0,632,2272.92,3.60
HOUSEHOLD_1,2014-09-09,11432,Tuesday,TX_2,TX,HOUSEHOLD,NULL,NULL,NULL,NULL,1,521,1940.53,3.72
HOUSEHOLD_1,2014-09-10,11432,Wednesday,TX_2,TX,HOUSEHOLD,NULL,NULL,NULL,NULL,0,520,1988.16,3.82
HOUSEHOLD_1,2014-09-11,11432,Thursday,TX_2,TX,HOUSEHOLD,NULL,NULL,NULL,NULL,1,528,1925.32,3.65
HOUSEHOLD_1,2014-09-12,11432,Friday,TX_2,TX,HOUSEHOLD,NULL,NULL,NULL,NULL,1,629,2115.39,3.36
HOUSEHOLD_1,2014-09-13,11433,Saturday,TX_2,TX,HOUSEHOLD,NULL,NULL,NULL,NULL,1,846,3089.83,3.65
HOUSEHOLD_1,2014-09-14,11433,Sunday,TX_2,TX,HOUSEHOLD,NULL,NULL,NULL,NULL,0,832,3250.49,3.91
HOUSEHOLD_1,2014-09-15,11433,Monday,TX_2,TX,HOUSEHOLD,NULL,NULL,NULL,NULL,1,578,2034.49,3.52
HOUSEHOLD_1,2014-09-16,11433,Tuesday,TX_2,TX,HOUSEHOLD,NULL,NULL,NULL,NULL,0,448,1659.63,3.70
HOUSEHOLD_1,2014-09-17,11433,Wednesday,TX_2,TX,HOUSEHOLD,NULL,NULL,NULL,NULL,0,498,1714.17,3.44
HOUSEHOLD_1,2014-09-18,11433,Thursday,TX_2,TX,HOUSEHOLD,NULL,NULL,NULL,NULL,0,434,1568.42,3.61
HOUSEHOLD_1,2014-09-19,11433,Friday,TX_2,TX,HOUSEHOLD,NULL,NULL,NULL,NULL,0,670,2472.17,3.69
HOUSEHOLD_1,2014-09-20,11434,Saturday,TX_2,TX,HOUSEHOLD,NULL,NULL,NULL,NULL,0,843,3228.06,3.83
HOUSEHOLD_1,2014-09-21,11434,Sunday,TX_2,TX,HOUSEHOLD,NULL,NULL,NULL,NULL,0,737,2928.62,3.97
HOUSEHOLD_1,2014-09-22,11434,Monday,TX_2,TX,HOUSEHOLD,NULL,NULL,NULL,NULL,0,530,2074.94,3.92
HOUSEHOLD_1,2014-09-23,11434,Tuesday,TX_2,TX,HOUSEHOLD,NULL,NULL,NULL,NULL,0,479,1920.51,4.01
HOUSEHOLD_1,2014-09-24,11434,Wednesday,TX_2,TX,HOUSEHOLD,NULL,NULL,NULL,NULL,0,503,1885.54,3.75
HOUSEHOLD_1,2014-09-25,11434,Thursday,TX_2,TX,HOUSEHOLD,NULL,NULL,NULL,NULL,0,538,2033.26,3.78
HOUSEHOLD_1,2014-09-26,11434,Friday,TX_2,TX,HOUSEHOLD,NULL,NULL,NULL,NULL,0,622,2204.55,3.54
HOUSEHOLD_1,2014-09-27,11435,Saturday,TX_2,TX,HOUSEHOLD,NULL,NULL,NULL,NULL,0,743,2719.60,3.66
HOUSEHOLD_1,2014-09-28,11435,Sunday,TX_2,TX,HOUSEHOLD,NULL,NULL,NULL,NULL,0,763,2883.65,3.78
HOUSEHOLD_1,2014-09-29,11435,Monday,TX_2,TX,HOUSEHOLD,NULL,NULL,NULL,NULL,0,598,2080.35,3.48
HOUSEHOLD_1,2014-09-30,11435,Tuesday,TX_2,TX,HOUSEHOLD,NULL,NULL,NULL,NULL,0,606,1966.56,3.25
HOUSEHOLD_1,2014-10-01,11435,Wednesday,TX_2,TX,HOUSEHOLD,NULL,NULL,NULL,NULL,1,662,2552.61,3.86
HOUSEHOLD_1,2014-10-02,11435,Thursday,TX_2,TX,HOUSEHOLD,NULL,NULL,NULL,NULL,0,552,2003.02,3.63
HOUSEHOLD_1,2014-10-03,11435,Friday,TX_2,TX,HOUSEHOLD,NULL,NULL,NULL,NULL,1,1031,2975.59,2.89
HOUSEHOLD_1,2014-10-05,11436,Sunday,TX_2,TX,HOUSEHOLD,NULL,NULL,NULL,NULL,1,753,3069.12,4.08
HOUSEHOLD_1,2014-10-06,11436,Monday,TX_2,TX,HOUSEHOLD,NULL,NULL,NULL,NULL,1,616,2203.05,3.58
HOUSEHOLD_1,2014-10-07,11436,Tuesday,TX_2,TX,HOUSEHOLD,NULL,NULL,NULL,NULL,1,617,2094.51,3.39
HOUSEHOLD_1,2014-10-08,11436,Wednesday,TX_2,TX,HOUSEHOLD,NULL,NULL,NULL,NULL,0,579,2140.80,3.70
HOUSEHOLD_1,2014-10-09,11436,Thursday,TX_2,TX,HOUSEHOLD,NULL,NULL,NULL,NULL,1,537,1807.64,3.37
HOUSEHOLD_1,2014-10-10,11436,Friday,TX_2,TX,HOUSEHOLD,NULL,NULL,NULL,NULL,0,549,2029.73,3.70
HOUSEHOLD_1,2014-10-11,11437,Saturday,TX_2,TX,HOUSEHOLD,NULL,NULL,NULL,NULL,1,889,3390.55,3.81
HOUSEHOLD_1,2014-10-12,11437,Sunday,TX_2,TX,HOUSEHOLD,NULL,NULL,NULL,NULL,1,934,3334.92,3.57
HOUSEHOLD_1,2014-10-14,11437,Tuesday,TX_2,TX,HOUSEHOLD,NULL,NULL,NULL,NULL,0,528,1915.69,3.63
HOUSEHOLD_1,2014-10-15,11437,Wednesday,TX_2,TX,HOUSEHOLD,NULL,NULL,NULL,NULL,1,590,2004.98,3.40
HOUSEHOLD_1,2014-10-16,11437,Thursday,TX_2,TX,HOUSEHOLD,NULL,NULL,NULL,NULL,0,514,1908.30,3.71
HOUSEHOLD_1,2014-10-17,11437,Friday,TX_2,TX,HOUSEHOLD,NULL,NULL,NULL,NULL,0,619,2257.55,3.65
HOUSEHOLD_1,2014-10-18,11438,Saturday,TX_2,TX,HOUSEHOLD,NULL,NULL,NULL,NULL,0,882,3162.13,3.59
HOUSEHOLD_1,2014-10-19,11438,Sunday,TX_2,TX,HOUSEHOLD,NULL,NULL,NULL,NULL,0,842,3325.25,3.95
HOUSEHOLD_1,2014-10-20,11438,Monday,TX_2,TX,HOUSEHOLD,NULL,NULL,NULL,NULL,0,645,2406.12,3.73
HOUSEHOLD_1,2014-10-21,11438,Tuesday,TX_2,TX,HOUSEHOLD,NULL,NULL,NULL,NULL,0,533,1978.12,3.71
HOUSEHOLD_1,2014-10-22,11438,Wednesday,TX_2,TX,HOUSEHOLD,NULL,NULL,NULL,NULL,0,532,1921.82,3.61
HOUSEHOLD_1,2014-10-23,11438,Thursday,TX_2,TX,HOUSEHOLD,NULL,NULL,NULL,NULL,0,587,2362.18,4.02
HOUSEHOLD_1,2014-10-24,11438,Friday,TX_2,TX,HOUSEHOLD,NULL,NULL,NULL,NULL,0,611,2122.67,3.47
HOUSEHOLD_1,2014-10-25,11439,Saturday,TX_2,TX,HOUSEHOLD,NULL,NULL,NULL,NULL,0,661,2532.19,3.83
HOUSEHOLD_1,2014-10-26,11439,Sunday,TX_2,TX,HOUSEHOLD,NULL,NULL,NULL,NULL,0,925,3344.15,3.62
HOUSEHOLD_1,2014-10-27,11439,Monday,TX_2,TX,HOUSEHOLD,NULL,NULL,NULL,NULL,0,598,2306.69,3.86
HOUSEHOLD_1,2014-10-28,11439,Tuesday,TX_2,TX,HOUSEHOLD,NULL,NULL,NULL,NULL,0,581,2371.59,4.08
HOUSEHOLD_1,2014-10-29,11439,Wednesday,TX_2,TX,HOUSEHOLD,NULL,NULL,NULL,NULL,0,506,1974.82,3.90
HOUSEHOLD_1,2014-10-30,11439,Thursday,TX_2,TX,HOUSEHOLD,NULL,NULL,NULL,NULL,0,545,1980.04,3.63
HOUSEHOLD_1,2014-11-01,11440,Saturday,TX_2,TX,HOUSEHOLD,NULL,NULL,NULL,NULL,1,822,3107.63,3.78
HOUSEHOLD_1,2014-11-02,11440,Sunday,TX_2,TX,HOUSEHOLD,NULL,NULL,NULL,NULL,0,743,2965.69,3.99
HOUSEHOLD_1,2014-11-03,11440,Monday,TX_2,TX,HOUSEHOLD,NULL,NULL,NULL,NULL,1,669,2406.98,3.60
HOUSEHOLD_1,2014-11-04,11440,Tuesday,TX_2,TX,HOUSEHOLD,NULL,NULL,NULL,NULL,0,592,1999.43,3.38
HOUSEHOLD_1,2014-11-05,11440,Wednesday,TX_2,TX,HOUSEHOLD,NULL,NULL,NULL,NULL,1,511,1909.90,3.74
HOUSEHOLD_1,2014-11-06,11440,Thursday,TX_2,TX,HOUSEHOLD,NULL,NULL,NULL,NULL,1,601,2405.67,4.00
HOUSEHOLD_1,2014-11-07,11440,Friday,TX_2,TX,HOUSEHOLD,NULL,NULL,NULL,NULL,1,691,2480.58,3.59
HOUSEHOLD_1,2014-11-08,11441,Saturday,TX_2,TX,HOUSEHOLD,NULL,NULL,NULL,NULL,0,760,2637.36,3.47
HOUSEHOLD_1,2014-11-09,11441,Sunday,TX_2,TX,HOUSEHOLD,NULL,NULL,NULL,NULL,1,762,2898.21,3.80
HOUSEHOLD_1,2014-11-10,11441,Monday,TX_2,TX,HOUSEHOLD,NULL,NULL,NULL,NULL,0,599,2188.22,3.65
HOUSEHOLD_1,2014-11-12,11441,Wednesday,TX_2,TX,HOUSEHOLD,NULL,NULL,NULL,NULL,1,452,1648.29,3.65
HOUSEHOLD_1,2014-11-13,11441,Thursday,TX_2,TX,HOUSEHOLD,NULL,NULL,NULL,NULL,1,591,2027.52,3.43
HOUSEHOLD_1,2014-11-14,11441,Friday,TX_2,TX,HOUSEHOLD,NULL,NULL,NULL,NULL,0,572,1999.15,3.50
HOUSEHOLD_1,2014-11-15,11442,Saturday,TX_2,TX,HOUSEHOLD,NULL,NULL,NULL,NULL,1,737,2690.80,3.65
HOUSEHOLD_1,2014-11-16,11442,Sunday,TX_2,TX,HOUSEHOLD,NULL,NULL,NULL,NULL,0,820,3295.85,4.02
HOUSEHOLD_1,2014-11-17,11442,Monday,TX_2,TX,HOUSEHOLD,NULL,NULL,NULL,NULL,0,563,2009.04,3.57
HOUSEHOLD_1,2014-11-18,11442,Tuesday,TX_2,TX,HOUSEHOLD,NULL,NULL,NULL,NULL,0,411,1621.48,3.95
HOUSEHOLD_1,2014-11-19,11442,Wednesday,TX_2,TX,HOUSEHOLD,NULL,NULL,NULL,NULL,0,473,1924.73,4.07
HOUSEHOLD_1,2014-11-20,11442,Thursday,TX_2,TX,HOUSEHOLD,NULL,NULL,NULL,NULL,0,490,1568.88,3.20
HOUSEHOLD_1,2014-11-21,11442,Friday,TX_2,TX,HOUSEHOLD,NULL,NULL,NULL,NULL,0,605,2298.15,3.80
HOUSEHOLD_1,2014-11-22,11443,Saturday,TX_2,TX,HOUSEHOLD,NULL,NULL,NULL,NULL,0,878,3156.68,3.60
HOUSEHOLD_1,2014-11-23,11443,Sunday,TX_2,TX,HOUSEHOLD,NULL,NULL,NULL,NULL,0,709,2939.58,4.15
HOUSEHOLD_1,2014-11-24,11443,Monday,TX_2,TX,HOUSEHOLD,NULL,NULL,NULL,NULL,0,622,2319.10,3.73
HOUSEHOLD_1,2014-11-25,11443,Tuesday,TX_2,TX,HOUSEHOLD,NULL,NULL,NULL,NULL,0,540,2104.33,3.90
HOUSEHOLD_1,2014-11-26,11443,Wednesday,TX_2,TX,HOUSEHOLD,NULL,NULL,NULL,NULL,0,638,2519.67,3.95
HOUSEHOLD_1,2014-11-28,11443,Friday,TX_2,TX,HOUSEHOLD,NULL,NULL,NULL,NULL,0,460,1738.19,3.78
HOUSEHOLD_1,2014-11-29,11444,Saturday,TX_2,TX,HOUSEHOLD,NULL,NULL,NULL,NULL,0,608,2450.02,4.03
HOUSEHOLD_1,2014-11-30,11444,Sunday,TX_2,TX,HOUSEHOLD,NULL,NULL,NULL,NULL,0,656,2583.45,3.94
HOUSEHOLD_1,2014-12-01,11444,Monday,TX_2,TX,HOUSEHOLD,NULL,NULL,NULL,NULL,1,598,2119.76,3.54
HOUSEHOLD_1,2014-12-02,11444,Tuesday,TX_2,TX,HOUSEHOLD,NULL,NULL,NULL,NULL,0,496,1825.07,3.68
HOUSEHOLD_1,2014-12-03,11444,Wednesday,TX_2,TX,HOUSEHOLD,NULL,NULL,NULL,NULL,1,537,1895.24,3.53
HOUSEHOLD_1,2014-12-04,11444,Thursday,TX_2,TX,HOUSEHOLD,NULL,NULL,NULL,NULL,0,502,1770.18,3.53
HOUSEHOLD_1,2014-12-05,11444,Friday,TX_2,TX,HOUSEHOLD,NULL,NULL,NULL,NULL,1,619,1993.20,3.22
HOUSEHOLD_1,2014-12-06,11445,Saturday,TX_2,TX,HOUSEHOLD,NULL,NULL,NULL,NULL,1,714,2789.25,3.91
HOUSEHOLD_1,2014-12-07,11445,Sunday,TX_2,TX,HOUSEHOLD,NULL,NULL,NULL,NULL,1,664,2564.73,3.86
HOUSEHOLD_1,2014-12-08,11445,Monday,TX_2,TX,HOUSEHOLD,NULL,NULL,NULL,NULL,0,550,2345.79,4.27
HOUSEHOLD_1,2014-12-09,11445,Tuesday,TX_2,TX,HOUSEHOLD,NULL,NULL,NULL,NULL,1,496,1774.22,3.58
