03 Clean Data/daily_store_performance_clean.csv
dept_id,sale_date,wm_yr_wk,weekday,store_id,state_id,cat_id,event_name_1,event_type_1,event_name_2,event_type_2,snap_TX,total_units_sold,total_revenue,average_selling_price
HOUSEHOLD_1,2014-12-10,11445,Wednesday,TX_2,TX,HOUSEHOLD,NULL,NULL,NULL,NULL,0,508,1821.27,3.59
HOUSEHOLD_1,2014-12-11,11445,Thursday,TX_2,TX,HOUSEHOLD,NULL,NULL,NULL,NULL,1,504,1883.84,3.74
HOUSEHOLD_1,2014-12-12,11445,Friday,TX_2,TX,HOUSEHOLD,NULL,NULL,NULL,NULL,1,609,2188.22,3.59
HOUSEHOLD_1,2014-12-13,11446,Saturday,TX_2,TX,HOUSEHOLD,NULL,NULL,NULL,NULL,1,718,2694.94,3.75
HOUSEHOLD_1,2014-12-14,11446,Sunday,TX_2,TX,HOUSEHOLD,NULL,NULL,NULL,NULL,0,767,2822.64,3.68
HOUSEHOLD_1,2014-12-15,11446,Monday,TX_2,TX,HOUSEHOLD,NULL,NULL,NULL,NULL,1,624,2269.77,3.64
HOUSEHOLD_1,2014-12-16,11446,Tuesday,TX_2,TX,HOUSEHOLD,NULL,NULL,NULL,NULL,0,479,1730.78,3.61
HOUSEHOLD_1,2014-12-17,11446,Wednesday,TX_2,TX,HOUSEHOLD,NULL,NULL,NULL,NULL,0,584,1891.33,3.24
HOUSEHOLD_1,2014-12-18,11446,Thursday,TX_2,TX,HOUSEHOLD,NULL,NULL,NULL,NULL,0,497,1818.00,3.66
HOUSEHOLD_1,2014-12-19,11446,Friday,TX_2,TX,HOUSEHOLD,NULL,NULL,NULL,NULL,0,518,1804.61,3.48
HOUSEHOLD_1,2014-12-20,11447,Saturday,TX_2,TX,HOUSEHOLD,NULL,NULL,NULL,NULL,0,748,2816.79,3.77
HOUSEHOLD_1,2014-12-21,11447,Sunday,TX_2,TX,HOUSEHOLD,NULL,NULL,NULL,NULL,0,674,2693.35,4.00
HOUSEHOLD_1,2014-12-22,11447,Monday,TX_2,TX,HOUSEHOLD,NULL,NULL,NULL,NULL,0,601,2202.22,3.66
HOUSEHOLD_1,2014-12-23,11447,Tuesday,TX_2,TX,HOUSEHOLD,NULL,NULL,NULL,NULL,0,553,1764.49,3.19
HOUSEHOLD_1,2014-12-26,11447,Friday,TX_2,TX,HOUSEHOLD,NULL,NULL,NULL,NULL,0,799,3010.15,3.77
HOUSEHOLD_1,2014-12-27,11448,Saturday,TX_2,TX,HOUSEHOLD,NULL,NULL,NULL,NULL,0,654,2455.84,3.76
HOUSEHOLD_1,2014-12-28,11448,Sunday,TX_2,TX,HOUSEHOLD,NULL,NULL,NULL,NULL,0,589,2334.33,3.96
HOUSEHOLD_1,2014-12-29,11448,Monday,TX_2,TX,HOUSEHOLD,NULL,NULL,NULL,NULL,0,671,2658.58,3.96
HOUSEHOLD_1,2014-12-30,11448,Tuesday,TX_2,TX,HOUSEHOLD,NULL,NULL,NULL,NULL,0,658,2579.67,3.92
HOUSEHOLD_1,2014-12-31,11448,Wednesday,TX_2,TX,HOUSEHOLD,NULL,NULL,NULL,NULL,0,584,2123.61,3.64
HOUSEHOLD_1,2015-01-02,11448,Friday,TX_2,TX,HOUSEHOLD,NULL,NULL,NULL,NULL,0,753,2743.91,3.64
HOUSEHOLD_1,2015-01-03,11449,Saturday,TX_2,TX,HOUSEHOLD,NULL,NULL,NULL,NULL,1,718,2797.21,3.90
HOUSEHOLD_1,2015-01-04,11449,Sunday,TX_2,TX,HOUSEHOLD,NULL,NULL,NULL,NULL,0,601,2432.11,4.05
HOUSEHOLD_1,2015-01-05,11449,Monday,TX_2,TX,HOUSEHOLD,NULL,NULL,NULL,NULL,1,576,2236.79,3.88
HOUSEHOLD_1,2015-01-06,11449,Tuesday,TX_2,TX,HOUSEHOLD,NULL,NULL,NULL,NULL,1,477,1621.51,3.40
HOUSEHOLD_1,2015-01-08,11449,Thursday,TX_2,TX,HOUSEHOLD,NULL,NULL,NULL,NULL,0,423,1493.64,3.53
HOUSEHOLD_1,2015-01-09,11449,Friday,TX_2,TX,HOUSEHOLD,NULL,NULL,NULL,NULL,1,464,1778.64,3.83
HOUSEHOLD_1,2015-01-10,11450,Saturday,TX_2,TX,HOUSEHOLD,NULL,NULL,NULL,NULL,0,749,2661.80,3.55
HOUSEHOLD_1,2015-01-11,11450,Sunday,TX_2,TX,HOUSEHOLD,NULL,NULL,NULL,NULL,1,816,3027.59,3.71
HOUSEHOLD_1,2015-01-12,11450,Monday,TX_2,TX,HOUSEHOLD,NULL,NULL,NULL,NULL,1,604,2123.22,3.52
HOUSEHOLD_1,2015-01-13,11450,Tuesday,TX_2,TX,HOUSEHOLD,NULL,NULL,NULL,NULL,1,507,1833.11,3.62
HOUSEHOLD_1,2015-01-14,11450,Wednesday,TX_2,TX,HOUSEHOLD,NULL,NULL,NULL,NULL,0,468,1602.89,3.43
HOUSEHOLD_1,2015-01-15,11450,Thursday,TX_2,TX,HOUSEHOLD,NULL,NULL,NULL,NULL,1,571,2121.17,3.71
HOUSEHOLD_1,2015-01-16,11450,Friday,TX_2,TX,HOUSEHOLD,NULL,NULL,NULL,NULL,0,706,2549.01,3.61
HOUSEHOLD_1,2015-01-17,11451,Saturday,TX_2,TX,HOUSEHOLD,NULL,NULL,NULL,NULL,0,830,3140.86,3.78
HOUSEHOLD_1,2015-01-18,11451,Sunday,TX_2,TX,HOUSEHOLD,NULL,NULL,NULL,NULL,0,769,2963.02,3.85
HOUSEHOLD_1,2015-01-20,11451,Tuesday,TX_2,TX,HOUSEHOLD,NULL,NULL,NULL,NULL,0,513,1846.22,3.60
HOUSEHOLD_1,2015-01-21,11451,Wednesday,TX_2,TX,HOUSEHOLD,NULL,NULL,NULL,NULL,0,450,1698.97,3.78
HOUSEHOLD_1,2015-01-22,11451,Thursday,TX_2,TX,HOUSEHOLD,NULL,NULL,NULL,NULL,0,420,1475.10,3.51
HOUSEHOLD_1,2015-01-23,11451,Friday,TX_2,TX,HOUSEHOLD,NULL,NULL,NULL,NULL,0,658,2442.28,3.71
HOUSEHOLD_1,2015-01-24,11452,Saturday,TX_2,TX,HOUSEHOLD,NULL,NULL,NULL,NULL,0,826,3056.44,3.70
HOUSEHOLD_1,2015-01-25,11452,Sunday,TX_2,TX,HOUSEHOLD,NULL,NULL,NULL,NULL,0,785,2958.20,3.77
HOUSEHOLD_1,2015-01-26,11452,Monday,TX_2,TX,HOUSEHOLD,NULL,NULL,NULL,NULL,0,576,2033.10,3.53
HOUSEHOLD_1,2015-01-27,11452,Tuesday,TX_2,TX,HOUSEHOLD,NULL,NULL,NULL,NULL,0,498,1736.52,3.49
HOUSEHOLD_1,2015-01-28,11452,Wednesday,TX_2,TX,HOUSEHOLD,NULL,NULL,NULL,NULL,0,529,1708.84,3.23
HOUSEHOLD_1,2015-01-29,11452,Thursday,TX_2,TX,HOUSEHOLD,NULL,NULL,NULL,NULL,0,580,2146.86,3.70
HOUSEHOLD_1,2015-01-30,11452,Friday,TX_2,TX,HOUSEHOLD,NULL,NULL,NULL,NULL,0,907,3118.99,3.44
HOUSEHOLD_1,2015-01-31,11501,Saturday,TX_2,TX,HOUSEHOLD,NULL,NULL,NULL,NULL,0,1081,3684.18,3.41
HOUSEHOLD_1,2015-02-02,11501,Monday,TX_2,TX,HOUSEHOLD,NULL,NULL,NULL,NULL,0,666,2188.77,3.29
HOUSEHOLD_1,2015-02-03,11501,Tuesday,TX_2,TX,HOUSEHOLD,NULL,NULL,NULL,NULL,1,611,2022.46,3.31
HOUSEHOLD_1,2015-02-04,11501,Wednesday,TX_2,TX,HOUSEHOLD,NULL,NULL,NULL,NULL,0,749,2702.61,3.61
HOUSEHOLD_1,2015-02-05,11501,Thursday,TX_2,TX,HOUSEHOLD,NULL,NULL,NULL,NULL,1,627,2241.29,3.57
HOUSEHOLD_1,2015-02-06,11501,Friday,TX_2,TX,HOUSEHOLD,NULL,NULL,NULL,NULL,1,790,2725.56,3.45
HOUSEHOLD_1,2015-02-07,11502,Saturday,TX_2,TX,HOUSEHOLD,NULL,NULL,NULL,NULL,1,972,3228.23,3.32
HOUSEHOLD_1,2015-02-08,11502,Sunday,TX_2,TX,HOUSEHOLD,NULL,NULL,NULL,NULL,0,1030,3590.90,3.49
HOUSEHOLD_1,2015-02-09,11502,Monday,TX_2,TX,HOUSEHOLD,NULL,NULL,NULL,NULL,1,761,2570.80,3.38
HOUSEHOLD_1,2015-02-10,11502,Tuesday,TX_2,TX,HOUSEHOLD,NULL,NULL,NULL,NULL,0,653,2237.22,3.43
HOUSEHOLD_1,2015-02-11,11502,Wednesday,TX_2,TX,HOUSEHOLD,NULL,NULL,NULL,NULL,1,698,2485.23,3.56
HOUSEHOLD_1,2015-02-12,11502,Thursday,TX_2,TX,HOUSEHOLD,NULL,NULL,NULL,NULL,1,649,2306.45,3.55
HOUSEHOLD_1,2015-02-13,11502,Friday,TX_2,TX,HOUSEHOLD,NULL,NULL,NULL,NULL,1,685,2304.69,3.36
HOUSEHOLD_1,2015-02-15,11503,Sunday,TX_2,TX,HOUSEHOLD,NULL,NULL,NULL,NULL,1,1031,3703.28,3.59
HOUSEHOLD_1,2015-02-17,11503,Tuesday,TX_2,TX,HOUSEHOLD,NULL,NULL,NULL,NULL,0,608,2142.52,3.52
HOUSEHOLD_1,2015-02-19,11503,Thursday,TX_2,TX,HOUSEHOLD,NULL,NULL,NULL,NULL,0,532,1995.94,3.75
HOUSEHOLD_1,2015-02-20,11503,Friday,TX_2,TX,HOUSEHOLD,NULL,NULL,NULL,NULL,0,699,2607.90,3.73
HOUSEHOLD_1,2015-02-21,11504,Saturday,TX_2,TX,HOUSEHOLD,NULL,NULL,NULL,NULL,0,1047,3970.46,3.79
HOUSEHOLD_1,2015-02-22,11504,Sunday,TX_2,TX,HOUSEHOLD,NULL,NULL,NULL,NULL,0,1036,3827.64,3.69
HOUSEHOLD_1,2015-02-23,11504,Monday,TX_2,TX,HOUSEHOLD,NULL,NULL,NULL,NULL,0,640,2354.22,3.68
HOUSEHOLD_1,2015-02-24,11504,Tuesday,TX_2,TX,HOUSEHOLD,NULL,NULL,NULL,NULL,0,565,2122.81,3.76
HOUSEHOLD_1,2015-02-26,11504,Thursday,TX_2,TX,HOUSEHOLD,NULL,NULL,NULL,NULL,0,736,2737.12,3.72
HOUSEHOLD_1,2015-02-27,11504,Friday,TX_2,TX,HOUSEHOLD,NULL,NULL,NULL,NULL,0,696,2392.37,3.44
HOUSEHOLD_1,2015-02-28,11505,Saturday,TX_2,TX,HOUSEHOLD,NULL,NULL,NULL,NULL,0,848,3178.65,3.75
HOUSEHOLD_1,2015-03-01,11505,Sunday,TX_2,TX,HOUSEHOLD,NULL,NULL,NULL,NULL,1,994,3921.22,3.94
HOUSEHOLD_1,2015-03-02,11505,Monday,TX_2,TX,HOUSEHOLD,NULL,NULL,NULL,NULL,0,712,2713.51,3.81
HOUSEHOLD_1,2015-03-03,11505,Tuesday,TX_2,TX,HOUSEHOLD,NULL,NULL,NULL,NULL,1,768,2727.07,3.55
HOUSEHOLD_1,2015-03-04,11505,Wednesday,TX_2,TX,HOUSEHOLD,NULL,NULL,NULL,NULL,0,626,2257.26,3.61
HOUSEHOLD_1,2015-03-06,11505,Friday,TX_2,TX,HOUSEHOLD,NULL,NULL,NULL,NULL,1,637,2399.45,3.77
HOUSEHOLD_1,2015-03-07,11506,Saturday,TX_2,TX,HOUSEHOLD,NULL,NULL,NULL,NULL,1,856,3323.71,3.88
HOUSEHOLD_1,2015-03-08,11506,Sunday,TX_2,TX,HOUSEHOLD,NULL,NULL,NULL,NULL,0,838,3519.43,4.20
HOUSEHOLD_1,2015-03-09,11506,Monday,TX_2,TX,HOUSEHOLD,NULL,NULL,NULL,NULL,1,602,2343.38,3.89
HOUSEHOLD_1,2015-03-10,11506,Tuesday,TX_2,TX,HOUSEHOLD,NULL,NULL,NULL,NULL,0,727,2649.83,3.64
HOUSEHOLD_1,2015-03-11,11506,Wednesday,TX_2,TX,HOUSEHOLD,NULL,NULL,NULL,NULL,1,649,2328.10,3.59
HOUSEHOLD_1,2015-03-12,11506,Thursday,TX_2,TX,HOUSEHOLD,NULL,NULL,NULL,NULL,1,623,2380.17,3.82
HOUSEHOLD_1,2015-03-13,11506,Friday,TX_2,TX,HOUSEHOLD,NULL,NULL,NULL,NULL,1,692,2739.01,3.96
HOUSEHOLD_1,2015-03-14,11507,Saturday,TX_2,TX,HOUSEHOLD,NULL,NULL,NULL,NULL,0,893,3506.43,3.93
HOUSEHOLD_1,2015-03-15,11507,Sunday,TX_2,TX,HOUSEHOLD,NULL,NULL,NULL,NULL,1,854,3408.82,3.99
HOUSEHOLD_1,2015-03-16,11507,Monday,TX_2,TX,HOUSEHOLD,NULL,NULL,NULL,NULL,0,723,2901.19,4.01
HOUSEHOLD_1,2015-03-18,11507,Wednesday,TX_2,TX,HOUSEHOLD,NULL,NULL,NULL,NULL,0,527,2293.96,4.35
HOUSEHOLD_1,2015-03-19,11507,Thursday,TX_2,TX,HOUSEHOLD,NULL,NULL,NULL,NULL,0,616,2445.43,3.97
HOUSEHOLD_1,2015-03-20,11507,Friday,TX_2,TX,HOUSEHOLD,NULL,NULL,NULL,NULL,0,747,2942.05,3.94
HOUSEHOLD_1,2015-03-21,11508,Saturday,TX_2,TX,HOUSEHOLD,NULL,NULL,NULL,NULL,0,756,2926.53,3.87
HOUSEHOLD_1,2015-03-22,11508,Sunday,TX_2,TX,HOUSEHOLD,NULL,NULL,NULL,NULL,0,896,3607.53,4.03
HOUSEHOLD_1,2015-03-23,11508,Monday,TX_2,TX,HOUSEHOLD,NULL,NULL,NULL,NULL,0,685,2901.91,4.24
HOUSEHOLD_1,2015-03-24,11508,Tuesday,TX_2,TX,HOUSEHOLD,NULL,NULL,NULL,NULL,0,23,115.65,5.03
HOUSEHOLD_1,2015-03-25,11508,Wednesday,TX_2,TX,HOUSEHOLD,NULL,NULL,NULL,NULL,0,1174,4693.04,4.00
HOUSEHOLD_1,2015-03-26,11508,Thursday,TX_2,TX,HOUSEHOLD,NULL,NULL,NULL,NULL,0,563,1971.26,3.50
HOUSEHOLD_1,2015-03-27,11508,Friday,TX_2,TX,HOUSEHOLD,NULL,NULL,NULL,NULL,0,584,2176.46,3.73
HOUSEHOLD_1,2015-03-28,11509,Saturday,TX_2,TX,HOUSEHOLD,NULL,NULL,NULL,NULL,0,735,2888.58,3.93
HOUSEHOLD_1,2015-03-29,11509,Sunday,TX_2,TX,HOUSEHOLD,NULL,NULL,NULL,NULL,0,903,3924.39,4.35
HOUSEHOLD_1,2015-03-30,11509,Monday,TX_2,TX,HOUSEHOLD,NULL,NULL,NULL,NULL,0,524,2105.65,4.02
HOUSEHOLD_1,2015-03-31,11509,Tuesday,TX_2,TX,HOUSEHOLD,NULL,NULL,NULL,NULL,0,638,2492.15,3.91
HOUSEHOLD_1,2015-04-01,11509,Wednesday,TX_2,TX,HOUSEHOLD,NULL,NULL,NULL,NULL,1,666,2646.25,3.97
HOUSEHOLD_1,2015-04-02,11509,Thursday,TX_2,TX,HOUSEHOLD,NULL,NULL,NULL,NULL,0,657,2546.26,3.88
HOUSEHOLD_1,2015-04-03,11509,Friday,TX_2,TX,HOUSEHOLD,NULL,NULL,NULL,NULL,1,777,3013.06,3.88
HOUSEHOLD_1,2015-04-04,11510,Saturday,TX_2,TX,HOUSEHOLD,NULL,NULL,NULL,NULL,0,836,3436.10,4.11
HOUSEHOLD_1,2015-04-06,11510,Monday,TX_2,TX,HOUSEHOLD,NULL,NULL,NULL,NULL,1,728,3072.03,4.22
HOUSEHOLD_1,2015-04-07,11510,Tuesday,TX_2,TX,HOUSEHOLD,NULL,NULL,NULL,NULL,1,669,2748.52,4.11
HOUSEHOLD_1,2015-04-08,11510,Wednesday,TX_2,TX,HOUSEHOLD,NULL,NULL,NULL,NULL,0,632,2442.24,3.86
HOUSEHOLD_1,2015-04-09,11510,Thursday,TX_2,TX,HOUSEHOLD,NULL,NULL,NULL,NULL,1,690,2679.13,3.88
HOUSEHOLD_1,2015-04-10,11510,Friday,TX_2,TX,HOUSEHOLD,NULL,NULL,NULL,NULL,0,654,2678.77,4.10
HOUSEHOLD_1,2015-04-13,11511,Monday,TX_2,TX,HOUSEHOLD,NULL,NULL,NULL,NULL,1,674,2571.15,3.81
HOUSEHOLD_1,2015-04-14,11511,Tuesday,TX_2,TX,HOUSEHOLD,NULL,NULL,NULL,NULL,0,536,1898.88,3.54
HOUSEHOLD_1,2015-04-15,11511,Wednesday,TX_2,TX,HOUSEHOLD,NULL,NULL,NULL,NULL,1,635,2224.75,3.50
HOUSEHOLD_1,2015-04-16,11511,Thursday,TX_2,TX,HOUSEHOLD,NULL,NULL,NULL,NULL,0,509,2146.41,4.22
HOUSEHOLD_1,2015-04-17,11511,Friday,TX_2,TX,HOUSEHOLD,NULL,NULL,NULL,NULL,0,663,2571.21,3.88
HOUSEHOLD_1,2015-04-18,11512,Saturday,TX_2,TX,HOUSEHOLD,NULL,NULL,NULL,NULL,0,970,3687.38,3.80
HOUSEHOLD_1,2015-04-19,11512,Sunday,TX_2,TX,HOUSEHOLD,NULL,NULL,NULL,NULL,0,862,3787.10,4.39
HOUSEHOLD_1,2015-04-20,11512,Monday,TX_2,TX,HOUSEHOLD,NULL,NULL,NULL,NULL,0,670,2671.71,3.99
HOUSEHOLD_1,2015-04-21,11512,Tuesday,TX_2,TX,HOUSEHOLD,NULL,NULL,NULL,NULL,0,601,2316.99,3.86
HOUSEHOLD_1,2015-04-22,11512,Wednesday,TX_2,TX,HOUSEHOLD,NULL,NULL,NULL,NULL,0,593,2450.82,4.13
HOUSEHOLD_1,2015-04-23,11512,Thursday,TX_2,TX,HOUSEHOLD,NULL,NULL,NULL,NULL,0,619,2616.96,4.23
HOUSEHOLD_1,2015-04-24,11512,Friday,TX_2,TX,HOUSEHOLD,NULL,NULL,NULL,NULL,0,608,2370.83,3.90
HOUSEHOLD_1,2015-04-25,11513,Saturday,TX_2,TX,HOUSEHOLD,NULL,NULL,NULL,NULL,0,933,3714.40,3.98
HOUSEHOLD_1,2015-04-26,11513,Sunday,TX_2,TX,HOUSEHOLD,NULL,NULL,NULL,NULL,0,886,3677.73,4.15
HOUSEHOLD_1,2015-04-27,11513,Monday,TX_2,TX,HOUSEHOLD,NULL,NULL,NULL,NULL,0,668,2562.99,3.84
HOUSEHOLD_1,2015-04-28,11513,Tuesday,TX_2,TX,HOUSEHOLD,NULL,NULL,NULL,NULL,0,538,1862.38,3.46
HOUSEHOLD_1,2015-04-29,11513,Wednesday,TX_2,TX,HOUSEHOLD,NULL,NULL,NULL,NULL,0,510,1929.30,3.78
HOUSEHOLD_1,2015-04-30,11513,Thursday,TX_2,TX,HOUSEHOLD,NULL,NULL,NULL,NULL,0,577,2164.01,3.75
HOUSEHOLD_1,2015-05-01,11513,Friday,TX_2,TX,HOUSEHOLD,NULL,NULL,NULL,NULL,1,799,3043.61,3.81
HOUSEHOLD_1,2015-05-02,11514,Saturday,TX_2,TX,HOUSEHOLD,NULL,NULL,NULL,NULL,0,955,3444.46,3.61
HOUSEHOLD_1,2015-05-03,11514,Sunday,TX_2,TX,HOUSEHOLD,NULL,NULL,NULL,NULL,1,882,3617.79,4.10
HOUSEHOLD_1,2015-05-04,11514,Monday,TX_2,TX,HOUSEHOLD,NULL,NULL,NULL,NULL,0,688,2891.47,4.20
HOUSEHOLD_1,2015-05-06,11514,Wednesday,TX_2,TX,HOUSEHOLD,NULL,NULL,NULL,NULL,1,511,1822.12,3.57
HOUSEHOLD_1,2015-05-07,11514,Thursday,TX_2,TX,HOUSEHOLD,NULL,NULL,NULL,NULL,1,569,2245.79,3.95
HOUSEHOLD_1,2015-05-08,11514,Friday,TX_2,TX,HOUSEHOLD,NULL,NULL,NULL,NULL,0,783,3164.41,4.04
HOUSEHOLD_1,2015-05-09,11515,Saturday,TX_2,TX,HOUSEHOLD,NULL,NULL,NULL,NULL,1,747,2956.23,3.96
HOUSEHOLD_1,2015-05-11,11515,Monday,TX_2,TX,HOUSEHOLD,NULL,NULL,NULL,NULL,1,854,3511.14,4.11
HOUSEHOLD_1,2015-05-12,11515,Tuesday,TX_2,TX,HOUSEHOLD,NULL,NULL,NULL,NULL,1,545,2174.48,3.99
HOUSEHOLD_1,2015-05-13,11515,Wednesday,TX_2,TX,HOUSEHOLD,NULL,NULL,NULL,NULL,1,627,2400.28,3.83
HOUSEHOLD_1,2015-05-14,11515,Thursday,TX_2,TX,HOUSEHOLD,NULL,NULL,NULL,NULL,0,618,2488.69,4.03
HOUSEHOLD_1,2015-05-15,11515,Friday,TX_2,TX,HOUSEHOLD,NULL,NULL,NULL,NULL,1,715,2934.99,4.10
HOUSEHOLD_1,2015-05-16,11516,Saturday,TX_2,TX,HOUSEHOLD,NULL,NULL,NULL,NULL,0,990,3784.30,3.82
HOUSEHOLD_1,2015-05-17,11516,Sunday,TX_2,TX,HOUSEHOLD,NULL,NULL,NULL,NULL,0,880,3447.72,3.92
HOUSEHOLD_1,2015-05-18,11516,Monday,TX_2,TX,HOUSEHOLD,NULL,NULL,NULL,NULL,0,694,2557.27,3.68
HOUSEHOLD_1,2015-05-19,11516,Tuesday,TX_2,TX,HOUSEHOLD,NULL,NULL,NULL,NULL,0,554,2296.35,4.15
HOUSEHOLD_1,2015-05-20,11516,Wednesday,TX_2,TX,HOUSEHOLD,NULL,NULL,NULL,NULL,0,624,2612.96,4.19
HOUSEHOLD_1,2015-05-21,11516,Thursday,TX_2,TX,HOUSEHOLD,NULL,NULL,NULL,NULL,0,590,2327.75,3.95
HOUSEHOLD_1,2015-05-22,11516,Friday,TX_2,TX,HOUSEHOLD,NULL,NULL,NULL,NULL,0,672,2541.84,3.78
HOUSEHOLD_1,2015-05-23,11517,Saturday,TX_2,TX,HOUSEHOLD,NULL,NULL,NULL,NULL,0,845,3244.76,3.84
HOUSEHOLD_1,2015-05-24,11517,Sunday,TX_2,TX,HOUSEHOLD,NULL,NULL,NULL,NULL,0,751,2990.57,3.98
HOUSEHOLD_1,2015-05-26,11517,Tuesday,TX_2,TX,HOUSEHOLD,NULL,NULL,NULL,NULL,0,636,2655.21,4.17
HOUSEHOLD_1,2015-05-27,11517,Wednesday,TX_2,TX,HOUSEHOLD,NULL,NULL,NULL,NULL,0,585,2238.98,3.83
HOUSEHOLD_1,2015-05-28,11517,Thursday,TX_2,TX,HOUSEHOLD,NULL,NULL,NULL,NULL,0,565,2224.39,3.94
HOUSEHOLD_1,2015-05-29,11517,Friday,TX_2,TX,HOUSEHOLD,NULL,NULL,NULL,NULL,0,703,2640.77,3.76
HOUSEHOLD_1,2015-05-30,11518,Saturday,TX_2,TX,HOUSEHOLD,NULL,NULL,NULL,NULL,0,784,3158.88,4.03
HOUSEHOLD_1,2015-05-31,11518,Sunday,TX_2,TX,HOUSEHOLD,NULL,NULL,NULL,NULL,0,896,3751.40,4.19
HOUSEHOLD_1,2015-06-01,11518,Monday,TX_2,TX,HOUSEHOLD,NULL,NULL,NULL,NULL,1,726,2777.74,3.83
HOUSEHOLD_1,2015-06-02,11518,Tuesday,TX_2,TX,HOUSEHOLD,NULL,NULL,NULL,NULL,0,621,2461.57,3.96
HOUSEHOLD_1,2015-06-03,11518,Wednesday,TX_2,TX,HOUSEHOLD,NULL,NULL,NULL,NULL,1,683,2483.82,3.64
HOUSEHOLD_1,2015-06-05,11518,Friday,TX_2,TX,HOUSEHOLD,NULL,NULL,NULL,NULL,1,675,2640.84,3.91
HOUSEHOLD_1,2015-06-06,11519,Saturday,TX_2,TX,HOUSEHOLD,NULL,NULL,NULL,NULL,1,803,3126.76,3.89
HOUSEHOLD_1,2015-06-07,11519,Sunday,TX_2,TX,HOUSEHOLD,NULL,NULL,NULL,NULL,1,856,3563.05,4.16
HOUSEHOLD_1,2015-06-08,11519,Monday,TX_2,TX,HOUSEHOLD,NULL,NULL,NULL,NULL,0,697,2740.94,3.93
HOUSEHOLD_1,2015-06-09,11519,Tuesday,TX_2,TX,HOUSEHOLD,NULL,NULL,NULL,NULL,1,615,2368.33,3.85
HOUSEHOLD_1,2015-06-10,11519,Wednesday,TX_2,TX,HOUSEHOLD,NULL,NULL,NULL,NULL,0,760,2836.25,3.73
HOUSEHOLD_1,2015-06-11,11519,Thursday,TX_2,TX,HOUSEHOLD,NULL,NULL,NULL,NULL,1,579,2296.91,3.97
HOUSEHOLD_1,2015-06-12,11519,Friday,TX_2,TX,HOUSEHOLD,NULL,NULL,NULL,NULL,1,706,2836.82,4.02
HOUSEHOLD_1,2015-06-13,11520,Saturday,TX_2,TX,HOUSEHOLD,NULL,NULL,NULL,NULL,1,845,3377.78,4.00
HOUSEHOLD_1,2015-06-14,11520,Sunday,TX_2,TX,HOUSEHOLD,NULL,NULL,NULL,NULL,0,925,3743.79,4.05
HOUSEHOLD_1,2015-06-15,11520,Monday,TX_2,TX,HOUSEHOLD,NULL,NULL,NULL,NULL,1,818,3400.46,4.16
HOUSEHOLD_1,2015-06-17,11520,Wednesday,TX_2,TX,HOUSEHOLD,NULL,NULL,NULL,NULL,0,446,1868.46,4.19
HOUSEHOLD_1,2015-06-19,11520,Friday,TX_2,TX,HOUSEHOLD,NULL,NULL,NULL,NULL,0,651,2535.49,3.89
HOUSEHOLD_1,2015-06-20,11521,Saturday,TX_2,TX,HOUSEHOLD,NULL,NULL,NULL,NULL,0,934,3314.24,3.55
HOUSEHOLD_1,2015-06-22,11521,Monday,TX_2,TX,HOUSEHOLD,NULL,NULL,NULL,NULL,0,657,2390.01,3.64
HOUSEHOLD_1,2015-06-23,11521,Tuesday,TX_2,TX,HOUSEHOLD,NULL,NULL,NULL,NULL,0,642,2380.20,3.71
HOUSEHOLD_1,2015-06-24,11521,Wednesday,TX_2,TX,HOUSEHOLD,NULL,NULL,NULL,NULL,0,655,2447.78,3.74
HOUSEHOLD_1,2015-06-25,11521,Thursday,TX_2,TX,HOUSEHOLD,NULL,NULL,NULL,NULL,0,643,2262.78,3.52
HOUSEHOLD_1,2015-06-26,11521,Friday,TX_2,TX,HOUSEHOLD,NULL,NULL,NULL,NULL,0,651,2347.72,3.61
HOUSEHOLD_1,2015-06-27,11522,Saturday,TX_2,TX,HOUSEHOLD,NULL,NULL,NULL,NULL,0,914,3690.00,4.04
HOUSEHOLD_1,2015-06-28,11522,Sunday,TX_2,TX,HOUSEHOLD,NULL,NULL,NULL,NULL,0,826,3296.44,3.99
HOUSEHOLD_1,2015-06-29,11522,Monday,TX_2,TX,HOUSEHOLD,NULL,NULL,NULL,NULL,0,655,2750.69,4.20
HOUSEHOLD_1,2015-06-30,11522,Tuesday,TX_2,TX,HOUSEHOLD,NULL,NULL,NULL,NULL,0,487,1972.20,4.05
HOUSEHOLD_1,2015-07-01,11522,Wednesday,TX_2,TX,HOUSEHOLD,NULL,NULL,NULL,NULL,1,678,2692.32,3.97
HOUSEHOLD_1,2015-07-02,11522,Thursday,TX_2,TX,HOUSEHOLD,NULL,NULL,NULL,NULL,0,743,2926.28,3.94
HOUSEHOLD_1,2015-07-03,11522,Friday,TX_2,TX,HOUSEHOLD,NULL,NULL,NULL,NULL,1,983,4052.71,4.12
HOUSEHOLD_1,2015-07-05,11523,Sunday,TX_2,TX,HOUSEHOLD,NULL,NULL,NULL,NULL,1,732,2881.22,3.94
HOUSEHOLD_1,2015-07-06,11523,Monday,TX_2,TX,HOUSEHOLD,NULL,NULL,NULL,NULL,1,732,2856.50,3.90
HOUSEHOLD_1,2015-07-07,11523,Tuesday,TX_2,TX,HOUSEHOLD,NULL,NULL,NULL,NULL,1,607,2256.30,3.72
HOUSEHOLD_1,2015-07-08,11523,Wednesday,TX_2,TX,HOUSEHOLD,NULL,NULL,NULL,NULL,0,642,2576.76,4.01
