03 Clean Data/daily_store_performance_clean.csv
dept_id,sale_date,wm_yr_wk,weekday,store_id,state_id,cat_id,event_name_1,event_type_1,event_name_2,event_type_2,snap_TX,total_units_sold,total_revenue,average_selling_price
HOUSEHOLD_1,2015-07-09,11523,Thursday,TX_2,TX,HOUSEHOLD,NULL,NULL,NULL,NULL,1,593,2269.95,3.83
HOUSEHOLD_1,2015-07-10,11523,Friday,TX_2,TX,HOUSEHOLD,NULL,NULL,NULL,NULL,0,627,2429.11,3.87
HOUSEHOLD_1,2015-07-11,11524,Saturday,TX_2,TX,HOUSEHOLD,NULL,NULL,NULL,NULL,1,807,2991.49,3.71
HOUSEHOLD_1,2015-07-12,11524,Sunday,TX_2,TX,HOUSEHOLD,NULL,NULL,NULL,NULL,1,826,3626.06,4.39
HOUSEHOLD_1,2015-07-13,11524,Monday,TX_2,TX,HOUSEHOLD,NULL,NULL,NULL,NULL,1,775,2983.20,3.85
HOUSEHOLD_1,2015-07-14,11524,Tuesday,TX_2,TX,HOUSEHOLD,NULL,NULL,NULL,NULL,0,653,2443.85,3.74
HOUSEHOLD_1,2015-07-15,11524,Wednesday,TX_2,TX,HOUSEHOLD,NULL,NULL,NULL,NULL,1,687,2841.83,4.14
HOUSEHOLD_1,2015-07-16,11524,Thursday,TX_2,TX,HOUSEHOLD,NULL,NULL,NULL,NULL,0,660,2626.15,3.98
HOUSEHOLD_1,2015-07-17,11524,Friday,TX_2,TX,HOUSEHOLD,NULL,NULL,NULL,NULL,0,743,2942.24,3.96
HOUSEHOLD_1,2015-07-19,11525,Sunday,TX_2,TX,HOUSEHOLD,NULL,NULL,NULL,NULL,0,921,3604.88,3.91
HOUSEHOLD_1,2015-07-20,11525,Monday,TX_2,TX,HOUSEHOLD,NULL,NULL,NULL,NULL,0,738,2872.16,3.89
HOUSEHOLD_1,2015-07-21,11525,Tuesday,TX_2,TX,HOUSEHOLD,NULL,NULL,NULL,NULL,0,583,2147.26,3.68
HOUSEHOLD_1,2015-07-22,11525,Wednesday,TX_2,TX,HOUSEHOLD,NULL,NULL,NULL,NULL,0,566,2134.28,3.77
HOUSEHOLD_1,2015-07-23,11525,Thursday,TX_2,TX,HOUSEHOLD,NULL,NULL,NULL,NULL,0,626,2417.01,3.86
HOUSEHOLD_1,2015-07-24,11525,Friday,TX_2,TX,HOUSEHOLD,NULL,NULL,NULL,NULL,0,704,2705.86,3.84
HOUSEHOLD_1,2015-07-25,11526,Saturday,TX_2,TX,HOUSEHOLD,NULL,NULL,NULL,NULL,0,856,3545.71,4.14
HOUSEHOLD_1,2015-07-26,11526,Sunday,TX_2,TX,HOUSEHOLD,NULL,NULL,NULL,NULL,0,831,3377.04,4.06
HOUSEHOLD_1,2015-07-27,11526,Monday,TX_2,TX,HOUSEHOLD,NULL,NULL,NULL,NULL,0,762,3090.56,4.06
HOUSEHOLD_1,2015-07-28,11526,Tuesday,TX_2,TX,HOUSEHOLD,NULL,NULL,NULL,NULL,0,660,2685.00,4.07
HOUSEHOLD_1,2015-07-29,11526,Wednesday,TX_2,TX,HOUSEHOLD,NULL,NULL,NULL,NULL,0,604,2421.54,4.01
HOUSEHOLD_1,2015-07-30,11526,Thursday,TX_2,TX,HOUSEHOLD,NULL,NULL,NULL,NULL,0,613,2315.01,3.78
HOUSEHOLD_1,2015-07-31,11526,Friday,TX_2,TX,HOUSEHOLD,NULL,NULL,NULL,NULL,0,777,2900.16,3.73
HOUSEHOLD_1,2015-08-01,11527,Saturday,TX_2,TX,HOUSEHOLD,NULL,NULL,NULL,NULL,1,903,3743.48,4.15
HOUSEHOLD_1,2015-08-02,11527,Sunday,TX_2,TX,HOUSEHOLD,NULL,NULL,NULL,NULL,0,936,3906.62,4.17
HOUSEHOLD_1,2015-08-03,11527,Monday,TX_2,TX,HOUSEHOLD,NULL,NULL,NULL,NULL,1,811,3231.96,3.99
HOUSEHOLD_1,2015-08-04,11527,Tuesday,TX_2,TX,HOUSEHOLD,NULL,NULL,NULL,NULL,0,677,2559.86,3.78
HOUSEHOLD_1,2015-08-05,11527,Wednesday,TX_2,TX,HOUSEHOLD,NULL,NULL,NULL,NULL,1,623,2324.48,3.73
HOUSEHOLD_1,2015-08-06,11527,Thursday,TX_2,TX,HOUSEHOLD,NULL,NULL,NULL,NULL,1,667,2581.62,3.87
HOUSEHOLD_1,2015-08-07,11527,Friday,TX_2,TX,HOUSEHOLD,NULL,NULL,NULL,NULL,1,757,2945.09,3.89
HOUSEHOLD_1,2015-08-08,11528,Saturday,TX_2,TX,HOUSEHOLD,NULL,NULL,NULL,NULL,0,851,3298.21,3.88
HOUSEHOLD_1,2015-08-09,11528,Sunday,TX_2,TX,HOUSEHOLD,NULL,NULL,NULL,NULL,1,955,3595.40,3.76
HOUSEHOLD_1,2015-08-10,11528,Monday,TX_2,TX,HOUSEHOLD,NULL,NULL,NULL,NULL,0,716,2922.11,4.08
HOUSEHOLD_1,2015-08-11,11528,Tuesday,TX_2,TX,HOUSEHOLD,NULL,NULL,NULL,NULL,1,582,2186.08,3.76
HOUSEHOLD_1,2015-08-12,11528,Wednesday,TX_2,TX,HOUSEHOLD,NULL,NULL,NULL,NULL,1,665,2539.64,3.82
HOUSEHOLD_1,2015-08-13,11528,Thursday,TX_2,TX,HOUSEHOLD,NULL,NULL,NULL,NULL,1,698,2742.07,3.93
HOUSEHOLD_1,2015-08-14,11528,Friday,TX_2,TX,HOUSEHOLD,NULL,NULL,NULL,NULL,0,902,3461.63,3.84
HOUSEHOLD_1,2015-08-15,11529,Saturday,TX_2,TX,HOUSEHOLD,NULL,NULL,NULL,NULL,1,931,3828.55,4.11
HOUSEHOLD_1,2015-08-16,11529,Sunday,TX_2,TX,HOUSEHOLD,NULL,NULL,NULL,NULL,0,924,3656.90,3.96
HOUSEHOLD_1,2015-08-17,11529,Monday,TX_2,TX,HOUSEHOLD,NULL,NULL,NULL,NULL,0,693,2924.11,4.22
HOUSEHOLD_1,2015-08-18,11529,Tuesday,TX_2,TX,HOUSEHOLD,NULL,NULL,NULL,NULL,0,575,2251.37,3.92
HOUSEHOLD_1,2015-08-19,11529,Wednesday,TX_2,TX,HOUSEHOLD,NULL,NULL,NULL,NULL,0,599,2360.76,3.94
HOUSEHOLD_1,2015-08-20,11529,Thursday,TX_2,TX,HOUSEHOLD,NULL,NULL,NULL,NULL,0,615,2463.20,4.01
HOUSEHOLD_1,2015-08-21,11529,Friday,TX_2,TX,HOUSEHOLD,NULL,NULL,NULL,NULL,0,826,3122.71,3.78
HOUSEHOLD_1,2015-08-22,11530,Saturday,TX_2,TX,HOUSEHOLD,NULL,NULL,NULL,NULL,0,908,3978.15,4.38
HOUSEHOLD_1,2015-08-23,11530,Sunday,TX_2,TX,HOUSEHOLD,NULL,NULL,NULL,NULL,0,911,3854.71,4.23
HOUSEHOLD_1,2015-08-24,11530,Monday,TX_2,TX,HOUSEHOLD,NULL,NULL,NULL,NULL,0,743,3047.01,4.10
HOUSEHOLD_1,2015-08-25,11530,Tuesday,TX_2,TX,HOUSEHOLD,NULL,NULL,NULL,NULL,0,520,2083.32,4.01
HOUSEHOLD_1,2015-08-26,11530,Wednesday,TX_2,TX,HOUSEHOLD,NULL,NULL,NULL,NULL,0,648,2614.28,4.03
HOUSEHOLD_1,2015-08-27,11530,Thursday,TX_2,TX,HOUSEHOLD,NULL,NULL,NULL,NULL,0,594,2355.45,3.97
HOUSEHOLD_1,2015-08-28,11530,Friday,TX_2,TX,HOUSEHOLD,NULL,NULL,NULL,NULL,0,614,2358.28,3.84
HOUSEHOLD_1,2015-08-29,11531,Saturday,TX_2,TX,HOUSEHOLD,NULL,NULL,NULL,NULL,0,876,3290.25,3.76
HOUSEHOLD_1,2015-08-30,11531,Sunday,TX_2,TX,HOUSEHOLD,NULL,NULL,NULL,NULL,0,1020,4081.02,4.00
HOUSEHOLD_1,2015-08-31,11531,Monday,TX_2,TX,HOUSEHOLD,NULL,NULL,NULL,NULL,0,745,2667.91,3.58
HOUSEHOLD_1,2015-09-01,11531,Tuesday,TX_2,TX,HOUSEHOLD,NULL,NULL,NULL,NULL,1,694,2516.74,3.63
HOUSEHOLD_1,2015-09-02,11531,Wednesday,TX_2,TX,HOUSEHOLD,NULL,NULL,NULL,NULL,0,787,3155.73,4.01
HOUSEHOLD_1,2015-09-03,11531,Thursday,TX_2,TX,HOUSEHOLD,NULL,NULL,NULL,NULL,1,667,2526.06,3.79
HOUSEHOLD_1,2015-09-04,11531,Friday,TX_2,TX,HOUSEHOLD,NULL,NULL,NULL,NULL,0,718,2713.19,3.78
HOUSEHOLD_1,2015-09-05,11532,Saturday,TX_2,TX,HOUSEHOLD,NULL,NULL,NULL,NULL,1,933,3735.27,4.00
HOUSEHOLD_1,2015-09-06,11532,Sunday,TX_2,TX,HOUSEHOLD,NULL,NULL,NULL,NULL,1,714,2769.40,3.88
HOUSEHOLD_1,2015-09-08,11532,Tuesday,TX_2,TX,HOUSEHOLD,NULL,NULL,NULL,NULL,0,640,2575.47,4.02
HOUSEHOLD_1,2015-09-09,11532,Wednesday,TX_2,TX,HOUSEHOLD,NULL,NULL,NULL,NULL,1,625,2239.99,3.58
HOUSEHOLD_1,2015-09-10,11532,Thursday,TX_2,TX,HOUSEHOLD,NULL,NULL,NULL,NULL,0,597,2176.93,3.65
HOUSEHOLD_1,2015-09-11,11532,Friday,TX_2,TX,HOUSEHOLD,NULL,NULL,NULL,NULL,1,680,2404.42,3.54
HOUSEHOLD_1,2015-09-12,11533,Saturday,TX_2,TX,HOUSEHOLD,NULL,NULL,NULL,NULL,1,982,3730.09,3.80
HOUSEHOLD_1,2015-09-13,11533,Sunday,TX_2,TX,HOUSEHOLD,NULL,NULL,NULL,NULL,1,965,3784.77,3.92
HOUSEHOLD_1,2015-09-14,11533,Monday,TX_2,TX,HOUSEHOLD,NULL,NULL,NULL,NULL,0,666,2705.94,4.06
HOUSEHOLD_1,2015-09-15,11533,Tuesday,TX_2,TX,HOUSEHOLD,NULL,NULL,NULL,NULL,1,648,2316.01,3.57
HOUSEHOLD_1,2015-09-16,11533,Wednesday,TX_2,TX,HOUSEHOLD,NULL,NULL,NULL,NULL,0,671,2367.43,3.53
HOUSEHOLD_1,2015-09-17,11533,Thursday,TX_2,TX,HOUSEHOLD,NULL,NULL,NULL,NULL,0,795,2767.94,3.48
HOUSEHOLD_1,2015-09-18,11533,Friday,TX_2,TX,HOUSEHOLD,NULL,NULL,NULL,NULL,0,803,2888.80,3.60
HOUSEHOLD_1,2015-09-19,11534,Saturday,TX_2,TX,HOUSEHOLD,NULL,NULL,NULL,NULL,0,1045,3976.27,3.81
HOUSEHOLD_1,2015-09-20,11534,Sunday,TX_2,TX,HOUSEHOLD,NULL,NULL,NULL,NULL,0,1100,4100.71,3.73
HOUSEHOLD_1,2015-09-21,11534,Monday,TX_2,TX,HOUSEHOLD,NULL,NULL,NULL,NULL,0,726,2727.31,3.76
HOUSEHOLD_1,2015-09-22,11534,Tuesday,TX_2,TX,HOUSEHOLD,NULL,NULL,NULL,NULL,0,579,2141.23,3.70
HOUSEHOLD_1,2015-09-23,11534,Wednesday,TX_2,TX,HOUSEHOLD,NULL,NULL,NULL,NULL,0,781,2642.24,3.38
HOUSEHOLD_1,2015-09-25,11534,Friday,TX_2,TX,HOUSEHOLD,NULL,NULL,NULL,NULL,0,863,2992.75,3.47
HOUSEHOLD_1,2015-09-26,11535,Saturday,TX_2,TX,HOUSEHOLD,NULL,NULL,NULL,NULL,0,1016,3651.67,3.59
HOUSEHOLD_1,2015-09-27,11535,Sunday,TX_2,TX,HOUSEHOLD,NULL,NULL,NULL,NULL,0,888,3342.21,3.76
HOUSEHOLD_1,2015-09-28,11535,Monday,TX_2,TX,HOUSEHOLD,NULL,NULL,NULL,NULL,0,730,2711.78,3.71
HOUSEHOLD_1,2015-09-29,11535,Tuesday,TX_2,TX,HOUSEHOLD,NULL,NULL,NULL,NULL,0,762,3018.95,3.96
HOUSEHOLD_1,2015-09-30,11535,Wednesday,TX_2,TX,HOUSEHOLD,NULL,NULL,NULL,NULL,0,617,2249.71,3.65
HOUSEHOLD_1,2015-10-01,11535,Thursday,TX_2,TX,HOUSEHOLD,NULL,NULL,NULL,NULL,1,818,2967.11,3.63
HOUSEHOLD_1,2015-10-02,11535,Friday,TX_2,TX,HOUSEHOLD,NULL,NULL,NULL,NULL,0,791,2848.72,3.60
HOUSEHOLD_1,2015-10-03,11536,Saturday,TX_2,TX,HOUSEHOLD,NULL,NULL,NULL,NULL,1,1072,3837.50,3.58
HOUSEHOLD_1,2015-10-04,11536,Sunday,TX_2,TX,HOUSEHOLD,NULL,NULL,NULL,NULL,0,929,3709.80,3.99
HOUSEHOLD_1,2015-10-05,11536,Monday,TX_2,TX,HOUSEHOLD,NULL,NULL,NULL,NULL,1,731,2746.74,3.76
HOUSEHOLD_1,2015-10-06,11536,Tuesday,TX_2,TX,HOUSEHOLD,NULL,NULL,NULL,NULL,1,615,2331.21,3.79
HOUSEHOLD_1,2015-10-07,11536,Wednesday,TX_2,TX,HOUSEHOLD,NULL,NULL,NULL,NULL,1,562,1878.30,3.34
HOUSEHOLD_1,2015-10-08,11536,Thursday,TX_2,TX,HOUSEHOLD,NULL,NULL,NULL,NULL,0,698,2468.84,3.54
HOUSEHOLD_1,2015-10-09,11536,Friday,TX_2,TX,HOUSEHOLD,NULL,NULL,NULL,NULL,1,870,2932.89,3.37
HOUSEHOLD_1,2015-10-10,11537,Saturday,TX_2,TX,HOUSEHOLD,NULL,NULL,NULL,NULL,0,965,3623.41,3.75
HOUSEHOLD_1,2015-10-11,11537,Sunday,TX_2,TX,HOUSEHOLD,NULL,NULL,NULL,NULL,1,981,3696.27,3.77
HOUSEHOLD_1,2015-10-13,11537,Tuesday,TX_2,TX,HOUSEHOLD,NULL,NULL,NULL,NULL,1,619,2113.74,3.41
HOUSEHOLD_1,2015-10-14,11537,Wednesday,TX_2,TX,HOUSEHOLD,NULL,NULL,NULL,NULL,0,557,2061.81,3.70
HOUSEHOLD_1,2015-10-15,11537,Thursday,TX_2,TX,HOUSEHOLD,NULL,NULL,NULL,NULL,1,627,2222.21,3.54
HOUSEHOLD_1,2015-10-16,11537,Friday,TX_2,TX,HOUSEHOLD,NULL,NULL,NULL,NULL,0,835,3011.47,3.61
HOUSEHOLD_1,2015-10-17,11538,Saturday,TX_2,TX,HOUSEHOLD,NULL,NULL,NULL,NULL,0,990,3557.27,3.59
HOUSEHOLD_1,2015-10-18,11538,Sunday,TX_2,TX,HOUSEHOLD,NULL,NULL,NULL,NULL,0,960,3612.17,3.76
HOUSEHOLD_1,2015-10-19,11538,Monday,TX_2,TX,HOUSEHOLD,NULL,NULL,NULL,NULL,0,720,2606.42,3.62
HOUSEHOLD_1,2015-10-20,11538,Tuesday,TX_2,TX,HOUSEHOLD,NULL,NULL,NULL,NULL,0,660,2284.40,3.46
HOUSEHOLD_1,2015-10-21,11538,Wednesday,TX_2,TX,HOUSEHOLD,NULL,NULL,NULL,NULL,0,605,2262.48,3.74
HOUSEHOLD_1,2015-10-22,11538,Thursday,TX_2,TX,HOUSEHOLD,NULL,NULL,NULL,NULL,0,585,2229.11,3.81
HOUSEHOLD_1,2015-10-23,11538,Friday,TX_2,TX,HOUSEHOLD,NULL,NULL,NULL,NULL,0,885,3019.60,3.41
HOUSEHOLD_1,2015-10-24,11539,Saturday,TX_2,TX,HOUSEHOLD,NULL,NULL,NULL,NULL,0,951,3569.67,3.75
HOUSEHOLD_1,2015-10-25,11539,Sunday,TX_2,TX,HOUSEHOLD,NULL,NULL,NULL,NULL,0,854,3072.77,3.60
HOUSEHOLD_1,2015-10-26,11539,Monday,TX_2,TX,HOUSEHOLD,NULL,NULL,NULL,NULL,0,856,3053.42,3.57
HOUSEHOLD_1,2015-10-27,11539,Tuesday,TX_2,TX,HOUSEHOLD,NULL,NULL,NULL,NULL,0,649,2367.17,3.65
HOUSEHOLD_1,2015-10-28,11539,Wednesday,TX_2,TX,HOUSEHOLD,NULL,NULL,NULL,NULL,0,668,2388.55,3.58
HOUSEHOLD_1,2015-10-29,11539,Thursday,TX_2,TX,HOUSEHOLD,NULL,NULL,NULL,NULL,0,630,2203.15,3.50
HOUSEHOLD_1,2015-10-30,11539,Friday,TX_2,TX,HOUSEHOLD,NULL,NULL,NULL,NULL,0,860,3098.92,3.60
HOUSEHOLD_1,2015-11-01,11540,Sunday,TX_2,TX,HOUSEHOLD,NULL,NULL,NULL,NULL,1,1029,4084.97,3.97
HOUSEHOLD_1,2015-11-02,11540,Monday,TX_2,TX,HOUSEHOLD,NULL,NULL,NULL,NULL,0,863,3364.60,3.90
HOUSEHOLD_1,2015-11-03,11540,Tuesday,TX_2,TX,HOUSEHOLD,NULL,NULL,NULL,NULL,1,753,2661.01,3.53
HOUSEHOLD_1,2015-11-04,11540,Wednesday,TX_2,TX,HOUSEHOLD,NULL,NULL,NULL,NULL,0,680,2575.24,3.79
HOUSEHOLD_1,2015-11-05,11540,Thursday,TX_2,TX,HOUSEHOLD,NULL,NULL,NULL,NULL,1,751,2727.21,3.63
HOUSEHOLD_1,2015-11-06,11540,Friday,TX_2,TX,HOUSEHOLD,NULL,NULL,NULL,NULL,1,902,3310.27,3.67
HOUSEHOLD_1,2015-11-07,11541,Saturday,TX_2,TX,HOUSEHOLD,NULL,NULL,NULL,NULL,1,1062,4101.71,3.86
HOUSEHOLD_1,2015-11-08,11541,Sunday,TX_2,TX,HOUSEHOLD,NULL,NULL,NULL,NULL,0,1134,4287.70,3.78
HOUSEHOLD_1,2015-11-09,11541,Monday,TX_2,TX,HOUSEHOLD,NULL,NULL,NULL,NULL,1,700,2663.48,3.81
HOUSEHOLD_1,2015-11-10,11541,Tuesday,TX_2,TX,HOUSEHOLD,NULL,NULL,NULL,NULL,0,712,2718.86,3.82
HOUSEHOLD_1,2015-11-12,11541,Thursday,TX_2,TX,HOUSEHOLD,NULL,NULL,NULL,NULL,1,601,2118.95,3.53
HOUSEHOLD_1,2015-11-13,11541,Friday,TX_2,TX,HOUSEHOLD,NULL,NULL,NULL,NULL,1,699,2403.10,3.44
HOUSEHOLD_1,2015-11-14,11542,Saturday,TX_2,TX,HOUSEHOLD,NULL,NULL,NULL,NULL,0,831,3530.22,4.25
HOUSEHOLD_1,2015-11-15,11542,Sunday,TX_2,TX,HOUSEHOLD,NULL,NULL,NULL,NULL,1,1008,4253.76,4.22
HOUSEHOLD_1,2015-11-16,11542,Monday,TX_2,TX,HOUSEHOLD,NULL,NULL,NULL,NULL,0,829,3339.64,4.03
HOUSEHOLD_1,2015-11-17,11542,Tuesday,TX_2,TX,HOUSEHOLD,NULL,NULL,NULL,NULL,0,490,1788.06,3.65
HOUSEHOLD_1,2015-11-18,11542,Wednesday,TX_2,TX,HOUSEHOLD,NULL,NULL,NULL,NULL,0,734,2893.39,3.94
HOUSEHOLD_1,2015-11-19,11542,Thursday,TX_2,TX,HOUSEHOLD,NULL,NULL,NULL,NULL,0,683,2772.81,4.06
HOUSEHOLD_1,2015-11-20,11542,Friday,TX_2,TX,HOUSEHOLD,NULL,NULL,NULL,NULL,0,732,2762.31,3.77
HOUSEHOLD_1,2015-11-21,11543,Saturday,TX_2,TX,HOUSEHOLD,NULL,NULL,NULL,NULL,0,1040,4062.84,3.91
HOUSEHOLD_1,2015-11-22,11543,Sunday,TX_2,TX,HOUSEHOLD,NULL,NULL,NULL,NULL,0,861,3590.50,4.17
HOUSEHOLD_1,2015-11-23,11543,Monday,TX_2,TX,HOUSEHOLD,NULL,NULL,NULL,NULL,0,747,2710.06,3.63
HOUSEHOLD_1,2015-11-24,11543,Tuesday,TX_2,TX,HOUSEHOLD,NULL,NULL,NULL,NULL,0,741,2721.42,3.67
HOUSEHOLD_1,2015-11-25,11543,Wednesday,TX_2,TX,HOUSEHOLD,NULL,NULL,NULL,NULL,0,810,3122.01,3.85
HOUSEHOLD_1,2015-11-27,11543,Friday,TX_2,TX,HOUSEHOLD,NULL,NULL,NULL,NULL,0,663,2696.49,4.07
HOUSEHOLD_1,2015-11-28,11544,Saturday,TX_2,TX,HOUSEHOLD,NULL,NULL,NULL,NULL,0,718,3238.00,4.51
HOUSEHOLD_1,2015-11-29,11544,Sunday,TX_2,TX,HOUSEHOLD,NULL,NULL,NULL,NULL,0,697,3288.00,4.72
HOUSEHOLD_1,2015-11-30,11544,Monday,TX_2,TX,HOUSEHOLD,NULL,NULL,NULL,NULL,0,634,2711.40,4.28
HOUSEHOLD_1,2015-12-01,11544,Tuesday,TX_2,TX,HOUSEHOLD,NULL,NULL,NULL,NULL,1,638,2620.85,4.11
HOUSEHOLD_1,2015-12-02,11544,Wednesday,TX_2,TX,HOUSEHOLD,NULL,NULL,NULL,NULL,0,558,2367.26,4.24
HOUSEHOLD_1,2015-12-03,11544,Thursday,TX_2,TX,HOUSEHOLD,NULL,NULL,NULL,NULL,1,681,2728.07,4.01
HOUSEHOLD_1,2015-12-04,11544,Friday,TX_2,TX,HOUSEHOLD,NULL,NULL,NULL,NULL,0,798,2793.78,3.50
HOUSEHOLD_1,2015-12-05,11545,Saturday,TX_2,TX,HOUSEHOLD,NULL,NULL,NULL,NULL,1,968,3240.61,3.35
HOUSEHOLD_1,2015-12-06,11545,Sunday,TX_2,TX,HOUSEHOLD,NULL,NULL,NULL,NULL,1,1062,3828.76,3.61
HOUSEHOLD_1,2015-12-07,11545,Monday,TX_2,TX,HOUSEHOLD,NULL,NULL,NULL,NULL,1,876,3144.19,3.59
HOUSEHOLD_1,2015-12-08,11545,Tuesday,TX_2,TX,HOUSEHOLD,NULL,NULL,NULL,NULL,0,758,2423.06,3.20
HOUSEHOLD_1,2015-12-09,11545,Wednesday,TX_2,TX,HOUSEHOLD,NULL,NULL,NULL,NULL,1,765,2548.66,3.33
HOUSEHOLD_1,2015-12-10,11545,Thursday,TX_2,TX,HOUSEHOLD,NULL,NULL,NULL,NULL,0,769,2529.61,3.29
HOUSEHOLD_1,2015-12-11,11545,Friday,TX_2,TX,HOUSEHOLD,NULL,NULL,NULL,NULL,1,807,2776.59,3.44
HOUSEHOLD_1,2015-12-12,11546,Saturday,TX_2,TX,HOUSEHOLD,NULL,NULL,NULL,NULL,1,1103,3898.18,3.53
HOUSEHOLD_1,2015-12-13,11546,Sunday,TX_2,TX,HOUSEHOLD,NULL,NULL,NULL,NULL,1,992,3527.46,3.56
HOUSEHOLD_1,2015-12-15,11546,Tuesday,TX_2,TX,HOUSEHOLD,NULL,NULL,NULL,NULL,1,770,2610.63,3.39
HOUSEHOLD_1,2015-12-16,11546,Wednesday,TX_2,TX,HOUSEHOLD,NULL,NULL,NULL,NULL,0,815,2696.95,3.31
HOUSEHOLD_1,2015-12-17,11546,Thursday,TX_2,TX,HOUSEHOLD,NULL,NULL,NULL,NULL,0,684,2346.54,3.43
HOUSEHOLD_1,2015-12-18,11546,Friday,TX_2,TX,HOUSEHOLD,NULL,NULL,NULL,NULL,0,763,2712.61,3.56
HOUSEHOLD_1,2015-12-19,11547,Saturday,TX_2,TX,HOUSEHOLD,NULL,NULL,NULL,NULL,0,1054,3630.89,3.44
HOUSEHOLD_1,2015-12-20,11547,Sunday,TX_2,TX,HOUSEHOLD,NULL,NULL,NULL,NULL,0,943,3468.41,3.68
HOUSEHOLD_1,2015-12-21,11547,Monday,TX_2,TX,HOUSEHOLD,NULL,NULL,NULL,NULL,0,807,2927.07,3.63
HOUSEHOLD_1,2015-12-22,11547,Tuesday,TX_2,TX,HOUSEHOLD,NULL,NULL,NULL,NULL,0,852,2923.87,3.43
HOUSEHOLD_1,2015-12-23,11547,Wednesday,TX_2,TX,HOUSEHOLD,NULL,NULL,NULL,NULL,0,892,3011.19,3.38
HOUSEHOLD_1,2015-12-24,11547,Thursday,TX_2,TX,HOUSEHOLD,NULL,NULL,NULL,NULL,0,895,2888.49,3.23
HOUSEHOLD_1,2015-12-26,11548,Saturday,TX_2,TX,HOUSEHOLD,NULL,NULL,NULL,NULL,0,1310,4630.91,3.54
HOUSEHOLD_1,2015-12-27,11548,Sunday,TX_2,TX,HOUSEHOLD,NULL,NULL,NULL,NULL,0,1044,3563.42,3.41
HOUSEHOLD_1,2015-12-28,11548,Monday,TX_2,TX,HOUSEHOLD,NULL,NULL,NULL,NULL,0,951,3303.17,3.47
HOUSEHOLD_1,2015-12-29,11548,Tuesday,TX_2,TX,HOUSEHOLD,NULL,NULL,NULL,NULL,0,797,2818.58,3.54
HOUSEHOLD_1,2015-12-30,11548,Wednesday,TX_2,TX,HOUSEHOLD,NULL,NULL,NULL,NULL,0,836,2763.98,3.31
HOUSEHOLD_1,2015-12-31,11548,Thursday,TX_2,TX,HOUSEHOLD,NULL,NULL,NULL,NULL,0,1053,3739.03,3.55
HOUSEHOLD_1,2016-01-02,11549,Saturday,TX_2,TX,HOUSEHOLD,NULL,NULL,NULL,NULL,0,1080,3833.52,3.55
HOUSEHOLD_1,2016-01-03,11549,Sunday,TX_2,TX,HOUSEHOLD,NULL,NULL,NULL,NULL,1,990,3746.11,3.78
HOUSEHOLD_1,2016-01-04,11549,Monday,TX_2,TX,HOUSEHOLD,NULL,NULL,NULL,NULL,0,856,3178.33,3.71
HOUSEHOLD_1,2016-01-05,11549,Tuesday,TX_2,TX,HOUSEHOLD,NULL,NULL,NULL,NULL,1,724,2453.15,3.39
HOUSEHOLD_1,2016-01-06,11549,Wednesday,TX_2,TX,HOUSEHOLD,NULL,NULL,NULL,NULL,1,563,2069.66,3.68
HOUSEHOLD_1,2016-01-08,11549,Friday,TX_2,TX,HOUSEHOLD,NULL,NULL,NULL,NULL,0,767,2496.61,3.26
HOUSEHOLD_1,2016-01-09,11550,Saturday,TX_2,TX,HOUSEHOLD,NULL,NULL,NULL,NULL,1,1134,4127.69,3.64
HOUSEHOLD_1,2016-01-10,11550,Sunday,TX_2,TX,HOUSEHOLD,NULL,NULL,NULL,NULL,0,983,3802.99,3.87
HOUSEHOLD_1,2016-01-11,11550,Monday,TX_2,TX,HOUSEHOLD,NULL,NULL,NULL,NULL,1,686,2535.74,3.70
HOUSEHOLD_1,2016-01-12,11550,Tuesday,TX_2,TX,HOUSEHOLD,NULL,NULL,NULL,NULL,1,658,2240.53,3.41
HOUSEHOLD_1,2016-01-13,11550,Wednesday,TX_2,TX,HOUSEHOLD,NULL,NULL,NULL,NULL,1,603,2063.85,3.42
HOUSEHOLD_1,2016-01-14,11550,Thursday,TX_2,TX,HOUSEHOLD,NULL,NULL,NULL,NULL,0,650,2328.07,3.58
HOUSEHOLD_1,2016-01-15,11550,Friday,TX_2,TX,HOUSEHOLD,NULL,NULL,NULL,NULL,1,754,2827.20,3.75
HOUSEHOLD_1,2016-01-16,11551,Saturday,TX_2,TX,HOUSEHOLD,NULL,NULL,NULL,NULL,0,1026,3692.57,3.60
HOUSEHOLD_1,2016-01-17,11551,Sunday,TX_2,TX,HOUSEHOLD,NULL,NULL,NULL,NULL,0,1115,4159.20,3.73
HOUSEHOLD_1,2016-01-19,11551,Tuesday,TX_2,TX,HOUSEHOLD,NULL,NULL,NULL,NULL,0,704,2398.56,3.41
HOUSEHOLD_1,2016-01-20,11551,Wednesday,TX_2,TX,HOUSEHOLD,NULL,NULL,NULL,NULL,0,691,2466.94,3.57
HOUSEHOLD_1,2016-01-21,11551,Thursday,TX_2,TX,HOUSEHOLD,NULL,NULL,NULL,NULL,0,685,2481.80,3.62
HOUSEHOLD_1,2016-01-22,11551,Friday,TX_2,TX,HOUSEHOLD,NULL,NULL,NULL,NULL,0,794,3021.28,3.81
HOUSEHOLD_1,2016-01-23,11552,Saturday,TX_2,TX,HOUSEHOLD,NULL,NULL,NULL,NULL,0,1022,3669.24,3.59
HOUSEHOLD_1,2016-01-24,11552,Sunday,TX_2,TX,HOUSEHOLD,NULL,NULL,NULL,NULL,0,1106,4043.64,3.66
