03 Clean Data/daily_store_performance_clean.csv
dept_id,sale_date,wm_yr_wk,weekday,store_id,state_id,cat_id,event_name_1,event_type_1,event_name_2,event_type_2,snap_TX,total_units_sold,total_revenue,average_selling_price
HOUSEHOLD_1,2016-01-25,11552,Monday,TX_2,TX,HOUSEHOLD,NULL,NULL,NULL,NULL,0,835,2889.55,3.46
HOUSEHOLD_1,2016-01-26,11552,Tuesday,TX_2,TX,HOUSEHOLD,NULL,NULL,NULL,NULL,0,614,2211.72,3.60
HOUSEHOLD_1,2016-01-27,11552,Wednesday,TX_2,TX,HOUSEHOLD,NULL,NULL,NULL,NULL,0,757,2846.17,3.76
HOUSEHOLD_1,2016-01-28,11552,Thursday,TX_2,TX,HOUSEHOLD,NULL,NULL,NULL,NULL,0,733,2722.69,3.71
HOUSEHOLD_1,2016-01-29,11552,Friday,TX_2,TX,HOUSEHOLD,NULL,NULL,NULL,NULL,0,850,2980.50,3.51
HOUSEHOLD_1,2016-01-30,11601,Saturday,TX_2,TX,HOUSEHOLD,NULL,NULL,NULL,NULL,0,1095,4142.97,3.78
HOUSEHOLD_1,2016-01-31,11601,Sunday,TX_2,TX,HOUSEHOLD,NULL,NULL,NULL,NULL,0,1061,4096.05,3.86
HOUSEHOLD_1,2016-02-01,11601,Monday,TX_2,TX,HOUSEHOLD,NULL,NULL,NULL,NULL,1,892,3544.02,3.97
HOUSEHOLD_1,2016-02-02,11601,Tuesday,TX_2,TX,HOUSEHOLD,NULL,NULL,NULL,NULL,0,611,2344.12,3.84
HOUSEHOLD_1,2016-02-03,11601,Wednesday,TX_2,TX,HOUSEHOLD,NULL,NULL,NULL,NULL,1,729,2902.45,3.98
HOUSEHOLD_1,2016-02-04,11601,Thursday,TX_2,TX,HOUSEHOLD,NULL,NULL,NULL,NULL,0,658,2604.32,3.96
HOUSEHOLD_1,2016-02-05,11601,Friday,TX_2,TX,HOUSEHOLD,NULL,NULL,NULL,NULL,1,769,2993.89,3.89
HOUSEHOLD_1,2016-02-06,11602,Saturday,TX_2,TX,HOUSEHOLD,NULL,NULL,NULL,NULL,1,1059,4425.75,4.18
HOUSEHOLD_1,2016-02-08,11602,Monday,TX_2,TX,HOUSEHOLD,NULL,NULL,NULL,NULL,0,709,2690.71,3.80
HOUSEHOLD_1,2016-02-09,11602,Tuesday,TX_2,TX,HOUSEHOLD,NULL,NULL,NULL,NULL,1,696,2937.07,4.22
HOUSEHOLD_1,2016-02-11,11602,Thursday,TX_2,TX,HOUSEHOLD,NULL,NULL,NULL,NULL,1,889,3462.13,3.89
HOUSEHOLD_1,2016-02-12,11602,Friday,TX_2,TX,HOUSEHOLD,NULL,NULL,NULL,NULL,1,854,3577.60,4.19
HOUSEHOLD_1,2016-02-13,11603,Saturday,TX_2,TX,HOUSEHOLD,NULL,NULL,NULL,NULL,1,1091,4503.35,4.13
HOUSEHOLD_1,2016-02-16,11603,Tuesday,TX_2,TX,HOUSEHOLD,NULL,NULL,NULL,NULL,0,713,2539.23,3.56
HOUSEHOLD_1,2016-02-18,11603,Thursday,TX_2,TX,HOUSEHOLD,NULL,NULL,NULL,NULL,0,852,3111.26,3.65
HOUSEHOLD_1,2016-02-19,11603,Friday,TX_2,TX,HOUSEHOLD,NULL,NULL,NULL,NULL,0,890,3272.02,3.68
HOUSEHOLD_1,2016-02-20,11604,Saturday,TX_2,TX,HOUSEHOLD,NULL,NULL,NULL,NULL,0,1157,4437.73,3.84
HOUSEHOLD_1,2016-02-21,11604,Sunday,TX_2,TX,HOUSEHOLD,NULL,NULL,NULL,NULL,0,1196,4680.54,3.91
HOUSEHOLD_1,2016-02-22,11604,Monday,TX_2,TX,HOUSEHOLD,NULL,NULL,NULL,NULL,0,802,3026.55,3.77
HOUSEHOLD_1,2016-02-23,11604,Tuesday,TX_2,TX,HOUSEHOLD,NULL,NULL,NULL,NULL,0,760,3113.78,4.10
HOUSEHOLD_1,2016-02-24,11604,Wednesday,TX_2,TX,HOUSEHOLD,NULL,NULL,NULL,NULL,0,775,3064.19,3.95
HOUSEHOLD_1,2016-02-25,11604,Thursday,TX_2,TX,HOUSEHOLD,NULL,NULL,NULL,NULL,0,807,3342.39,4.14
HOUSEHOLD_1,2016-02-26,11604,Friday,TX_2,TX,HOUSEHOLD,NULL,NULL,NULL,NULL,0,833,3177.71,3.81
HOUSEHOLD_1,2016-02-27,11605,Saturday,TX_2,TX,HOUSEHOLD,NULL,NULL,NULL,NULL,0,922,3794.25,4.12
HOUSEHOLD_1,2016-02-28,11605,Sunday,TX_2,TX,HOUSEHOLD,NULL,NULL,NULL,NULL,0,1159,4768.41,4.11
HOUSEHOLD_1,2016-02-29,11605,Monday,TX_2,TX,HOUSEHOLD,NULL,NULL,NULL,NULL,0,786,3263.94,4.15
HOUSEHOLD_1,2016-03-01,11605,Tuesday,TX_2,TX,HOUSEHOLD,NULL,NULL,NULL,NULL,1,833,3112.36,3.74
HOUSEHOLD_1,2016-03-02,11605,Wednesday,TX_2,TX,HOUSEHOLD,NULL,NULL,NULL,NULL,0,795,2933.50,3.69
HOUSEHOLD_1,2016-03-03,11605,Thursday,TX_2,TX,HOUSEHOLD,NULL,NULL,NULL,NULL,1,857,3179.78,3.71
HOUSEHOLD_1,2016-03-04,11605,Friday,TX_2,TX,HOUSEHOLD,NULL,NULL,NULL,NULL,0,711,2842.87,4.00
HOUSEHOLD_1,2016-03-05,11606,Saturday,TX_2,TX,HOUSEHOLD,NULL,NULL,NULL,NULL,1,965,4145.14,4.30
HOUSEHOLD_1,2016-03-06,11606,Sunday,TX_2,TX,HOUSEHOLD,NULL,NULL,NULL,NULL,1,1123,4569.85,4.07
HOUSEHOLD_1,2016-03-07,11606,Monday,TX_2,TX,HOUSEHOLD,NULL,NULL,NULL,NULL,1,839,3186.08,3.80
HOUSEHOLD_1,2016-03-08,11606,Tuesday,TX_2,TX,HOUSEHOLD,NULL,NULL,NULL,NULL,0,733,2636.49,3.60
HOUSEHOLD_1,2016-03-09,11606,Wednesday,TX_2,TX,HOUSEHOLD,NULL,NULL,NULL,NULL,1,700,2642.61,3.78
HOUSEHOLD_1,2016-03-10,11606,Thursday,TX_2,TX,HOUSEHOLD,NULL,NULL,NULL,NULL,0,924,3158.41,3.42
HOUSEHOLD_1,2016-03-11,11606,Friday,TX_2,TX,HOUSEHOLD,NULL,NULL,NULL,NULL,1,878,3384.60,3.85
HOUSEHOLD_1,2016-03-12,11607,Saturday,TX_2,TX,HOUSEHOLD,NULL,NULL,NULL,NULL,1,1027,4032.42,3.93
HOUSEHOLD_1,2016-03-13,11607,Sunday,TX_2,TX,HOUSEHOLD,NULL,NULL,NULL,NULL,1,960,3817.24,3.98
HOUSEHOLD_1,2016-03-14,11607,Monday,TX_2,TX,HOUSEHOLD,NULL,NULL,NULL,NULL,0,786,3119.10,3.97
HOUSEHOLD_1,2016-03-15,11607,Tuesday,TX_2,TX,HOUSEHOLD,NULL,NULL,NULL,NULL,1,797,3041.63,3.82
HOUSEHOLD_1,2016-03-16,11607,Wednesday,TX_2,TX,HOUSEHOLD,NULL,NULL,NULL,NULL,0,707,2824.00,3.99
HOUSEHOLD_1,2016-03-18,11607,Friday,TX_2,TX,HOUSEHOLD,NULL,NULL,NULL,NULL,0,816,2728.68,3.34
HOUSEHOLD_1,2016-03-19,11608,Saturday,TX_2,TX,HOUSEHOLD,NULL,NULL,NULL,NULL,0,1021,4053.35,3.97
HOUSEHOLD_1,2016-03-20,11608,Sunday,TX_2,TX,HOUSEHOLD,NULL,NULL,NULL,NULL,0,1078,4003.01,3.71
HOUSEHOLD_1,2016-03-21,11608,Monday,TX_2,TX,HOUSEHOLD,NULL,NULL,NULL,NULL,0,736,2861.03,3.89
HOUSEHOLD_1,2016-03-22,11608,Tuesday,TX_2,TX,HOUSEHOLD,NULL,NULL,NULL,NULL,0,715,2851.55,3.99
HOUSEHOLD_1,2016-03-23,11608,Wednesday,TX_2,TX,HOUSEHOLD,NULL,NULL,NULL,NULL,0,788,3012.54,3.82
HOUSEHOLD_1,2016-03-25,11608,Friday,TX_2,TX,HOUSEHOLD,NULL,NULL,NULL,NULL,0,807,3111.82,3.86
HOUSEHOLD_1,2016-03-26,11609,Saturday,TX_2,TX,HOUSEHOLD,NULL,NULL,NULL,NULL,0,884,3748.35,4.24
HOUSEHOLD_1,2016-03-28,11609,Monday,TX_2,TX,HOUSEHOLD,NULL,NULL,NULL,NULL,0,771,2877.58,3.73
HOUSEHOLD_1,2016-03-29,11609,Tuesday,TX_2,TX,HOUSEHOLD,NULL,NULL,NULL,NULL,0,648,2339.04,3.61
HOUSEHOLD_1,2016-03-30,11609,Wednesday,TX_2,TX,HOUSEHOLD,NULL,NULL,NULL,NULL,0,660,2531.92,3.84
HOUSEHOLD_1,2016-03-31,11609,Thursday,TX_2,TX,HOUSEHOLD,NULL,NULL,NULL,NULL,0,669,2534.05,3.79
HOUSEHOLD_1,2016-04-01,11609,Friday,TX_2,TX,HOUSEHOLD,NULL,NULL,NULL,NULL,1,781,3189.84,4.08
HOUSEHOLD_1,2016-04-02,11610,Saturday,TX_2,TX,HOUSEHOLD,NULL,NULL,NULL,NULL,0,1022,4070.87,3.98
HOUSEHOLD_1,2016-04-03,11610,Sunday,TX_2,TX,HOUSEHOLD,NULL,NULL,NULL,NULL,1,997,4070.13,4.08
HOUSEHOLD_1,2016-04-04,11610,Monday,TX_2,TX,HOUSEHOLD,NULL,NULL,NULL,NULL,0,747,2866.79,3.84
HOUSEHOLD_1,2016-04-05,11610,Tuesday,TX_2,TX,HOUSEHOLD,NULL,NULL,NULL,NULL,1,805,3177.98,3.95
HOUSEHOLD_1,2016-04-06,11610,Wednesday,TX_2,TX,HOUSEHOLD,NULL,NULL,NULL,NULL,1,624,2344.83,3.76
HOUSEHOLD_1,2016-04-07,11610,Thursday,TX_2,TX,HOUSEHOLD,NULL,NULL,NULL,NULL,1,771,2863.19,3.71
HOUSEHOLD_1,2016-04-08,11610,Friday,TX_2,TX,HOUSEHOLD,NULL,NULL,NULL,NULL,0,709,2671.34,3.77
HOUSEHOLD_1,2016-04-09,11611,Saturday,TX_2,TX,HOUSEHOLD,NULL,NULL,NULL,NULL,1,939,3674.05,3.91
HOUSEHOLD_1,2016-04-10,11611,Sunday,TX_2,TX,HOUSEHOLD,NULL,NULL,NULL,NULL,0,912,3649.91,4.00
HOUSEHOLD_1,2016-04-11,11611,Monday,TX_2,TX,HOUSEHOLD,NULL,NULL,NULL,NULL,1,758,3044.63,4.02
HOUSEHOLD_1,2016-04-12,11611,Tuesday,TX_2,TX,HOUSEHOLD,NULL,NULL,NULL,NULL,1,600,2404.78,4.01
HOUSEHOLD_1,2016-04-13,11611,Wednesday,TX_2,TX,HOUSEHOLD,NULL,NULL,NULL,NULL,1,663,2678.76,4.04
HOUSEHOLD_1,2016-04-14,11611,Thursday,TX_2,TX,HOUSEHOLD,NULL,NULL,NULL,NULL,0,791,2842.54,3.59
HOUSEHOLD_1,2016-04-15,11611,Friday,TX_2,TX,HOUSEHOLD,NULL,NULL,NULL,NULL,1,778,2924.42,3.76
HOUSEHOLD_1,2016-04-16,11612,Saturday,TX_2,TX,HOUSEHOLD,NULL,NULL,NULL,NULL,0,1027,4211.39,4.10
HOUSEHOLD_1,2016-04-17,11612,Sunday,TX_2,TX,HOUSEHOLD,NULL,NULL,NULL,NULL,0,1039,4287.66,4.13
HOUSEHOLD_1,2016-04-18,11612,Monday,TX_2,TX,HOUSEHOLD,NULL,NULL,NULL,NULL,0,581,2275.42,3.92
HOUSEHOLD_1,2016-04-19,11612,Tuesday,TX_2,TX,HOUSEHOLD,NULL,NULL,NULL,NULL,0,795,2942.68,3.70
HOUSEHOLD_1,2016-04-20,11612,Wednesday,TX_2,TX,HOUSEHOLD,NULL,NULL,NULL,NULL,0,633,2457.46,3.88
HOUSEHOLD_1,2016-04-21,11612,Thursday,TX_2,TX,HOUSEHOLD,NULL,NULL,NULL,NULL,0,680,2728.69,4.01
HOUSEHOLD_1,2016-04-22,11612,Friday,TX_2,TX,HOUSEHOLD,NULL,NULL,NULL,NULL,0,756,3160.73,4.18
HOUSEHOLD_1,2016-04-23,11613,Saturday,TX_2,TX,HOUSEHOLD,NULL,NULL,NULL,NULL,0,857,3857.67,4.50
HOUSEHOLD_1,2016-04-24,11613,Sunday,TX_2,TX,HOUSEHOLD,NULL,NULL,NULL,NULL,0,782,3739.47,4.78
HOUSEHOLD_1,2016-04-25,11613,Monday,TX_2,TX,HOUSEHOLD,NULL,NULL,NULL,NULL,0,776,3405.85,4.39
HOUSEHOLD_1,2016-04-26,11613,Tuesday,TX_2,TX,HOUSEHOLD,NULL,NULL,NULL,NULL,0,597,2630.95,4.41
HOUSEHOLD_1,2016-04-27,11613,Wednesday,TX_2,TX,HOUSEHOLD,NULL,NULL,NULL,NULL,0,549,2384.89,4.34
HOUSEHOLD_1,2016-04-28,11613,Thursday,TX_2,TX,HOUSEHOLD,NULL,NULL,NULL,NULL,0,713,2946.73,4.13
HOUSEHOLD_1,2016-04-29,11613,Friday,TX_2,TX,HOUSEHOLD,NULL,NULL,NULL,NULL,0,786,3138.88,3.99
HOUSEHOLD_1,2016-05-02,11614,Monday,TX_2,TX,HOUSEHOLD,NULL,NULL,NULL,NULL,0,705,2796.16,3.97
HOUSEHOLD_1,2016-05-03,11614,Tuesday,TX_2,TX,HOUSEHOLD,NULL,NULL,NULL,NULL,1,813,3043.22,3.74
HOUSEHOLD_1,2016-05-04,11614,Wednesday,TX_2,TX,HOUSEHOLD,NULL,NULL,NULL,NULL,0,672,2652.54,3.95
HOUSEHOLD_1,2016-05-06,11614,Friday,TX_2,TX,HOUSEHOLD,NULL,NULL,NULL,NULL,1,731,2682.68,3.67
HOUSEHOLD_1,2016-05-07,11615,Saturday,TX_2,TX,HOUSEHOLD,NULL,NULL,NULL,NULL,1,804,3195.29,3.97
HOUSEHOLD_1,2016-05-09,11615,Monday,TX_2,TX,HOUSEHOLD,NULL,NULL,NULL,NULL,1,760,2953.17,3.89
HOUSEHOLD_1,2016-05-10,11615,Tuesday,TX_2,TX,HOUSEHOLD,NULL,NULL,NULL,NULL,0,661,2465.83,3.73
HOUSEHOLD_1,2016-05-11,11615,Wednesday,TX_2,TX,HOUSEHOLD,NULL,NULL,NULL,NULL,1,702,2584.32,3.68
HOUSEHOLD_1,2016-05-12,11615,Thursday,TX_2,TX,HOUSEHOLD,NULL,NULL,NULL,NULL,1,703,2824.29,4.02
HOUSEHOLD_1,2016-05-13,11615,Friday,TX_2,TX,HOUSEHOLD,NULL,NULL,NULL,NULL,1,866,3429.36,3.96
HOUSEHOLD_1,2016-05-14,11616,Saturday,TX_2,TX,HOUSEHOLD,NULL,NULL,NULL,NULL,0,925,3623.25,3.92
HOUSEHOLD_1,2016-05-15,11616,Sunday,TX_2,TX,HOUSEHOLD,NULL,NULL,NULL,NULL,1,1156,4533.48,3.92
HOUSEHOLD_1,2016-05-16,11616,Monday,TX_2,TX,HOUSEHOLD,NULL,NULL,NULL,NULL,0,793,3098.81,3.91
HOUSEHOLD_1,2016-05-17,11616,Tuesday,TX_2,TX,HOUSEHOLD,NULL,NULL,NULL,NULL,0,766,2871.06,3.75
HOUSEHOLD_1,2016-05-18,11616,Wednesday,TX_2,TX,HOUSEHOLD,NULL,NULL,NULL,NULL,0,687,2579.15,3.75
HOUSEHOLD_1,2016-05-19,11616,Thursday,TX_2,TX,HOUSEHOLD,NULL,NULL,NULL,NULL,0,522,2152.26,4.12
HOUSEHOLD_1,2016-05-20,11616,Friday,TX_2,TX,HOUSEHOLD,NULL,NULL,NULL,NULL,0,816,3432.79,4.21
HOUSEHOLD_1,2016-05-21,11617,Saturday,TX_2,TX,HOUSEHOLD,NULL,NULL,NULL,NULL,0,816,3286.73,4.03
HOUSEHOLD_1,2016-05-22,11617,Sunday,TX_2,TX,HOUSEHOLD,NULL,NULL,NULL,NULL,0,1011,4560.87,4.51
FOODS_1,2014-05-24,11417,Saturday,TX_3,TX,FOODS,NULL,NULL,NULL,NULL,0,279,746.30,2.67
FOODS_1,2014-05-25,11417,Sunday,TX_3,TX,FOODS,NULL,NULL,NULL,NULL,0,194,523.60,2.70
FOODS_1,2014-05-27,11417,Tuesday,TX_3,TX,FOODS,NULL,NULL,NULL,NULL,0,280,870.11,3.11
FOODS_1,2014-05-28,11417,Wednesday,TX_3,TX,FOODS,NULL,NULL,NULL,NULL,0,283,902.34,3.19
FOODS_1,2014-05-29,11417,Thursday,TX_3,TX,FOODS,NULL,NULL,NULL,NULL,0,226,603.94,2.67
FOODS_1,2014-05-30,11417,Friday,TX_3,TX,FOODS,NULL,NULL,NULL,NULL,0,227,747.09,3.29
FOODS_1,2014-05-31,11418,Saturday,TX_3,TX,FOODS,NULL,NULL,NULL,NULL,0,268,608.35,2.27
FOODS_1,2014-06-01,11418,Sunday,TX_3,TX,FOODS,NULL,NULL,NULL,NULL,1,240,636.84,2.65
FOODS_1,2014-06-02,11418,Monday,TX_3,TX,FOODS,NULL,NULL,NULL,NULL,0,214,714.55,3.34
FOODS_1,2014-06-03,11418,Tuesday,TX_3,TX,FOODS,NULL,NULL,NULL,NULL,1,301,1048.93,3.48
FOODS_1,2014-06-04,11418,Wednesday,TX_3,TX,FOODS,NULL,NULL,NULL,NULL,0,214,578.54,2.70
FOODS_1,2014-06-06,11418,Friday,TX_3,TX,FOODS,NULL,NULL,NULL,NULL,1,222,628.20,2.83
FOODS_1,2014-06-07,11419,Saturday,TX_3,TX,FOODS,NULL,NULL,NULL,NULL,1,265,723.47,2.73
FOODS_1,2014-06-08,11419,Sunday,TX_3,TX,FOODS,NULL,NULL,NULL,NULL,0,218,635.64,2.92
FOODS_1,2014-06-09,11419,Monday,TX_3,TX,FOODS,NULL,NULL,NULL,NULL,1,256,762.56,2.98
FOODS_1,2014-06-10,11419,Tuesday,TX_3,TX,FOODS,NULL,NULL,NULL,NULL,0,233,674.01,2.89
FOODS_1,2014-06-11,11419,Wednesday,TX_3,TX,FOODS,NULL,NULL,NULL,NULL,1,249,841.87,3.38
FOODS_1,2014-06-12,11419,Thursday,TX_3,TX,FOODS,NULL,NULL,NULL,NULL,1,200,631.68,3.16
FOODS_1,2014-06-13,11419,Friday,TX_3,TX,FOODS,NULL,NULL,NULL,NULL,1,259,860.09,3.32
FOODS_1,2014-06-14,11420,Saturday,TX_3,TX,FOODS,NULL,NULL,NULL,NULL,0,259,738.28,2.85
FOODS_1,2014-06-16,11420,Monday,TX_3,TX,FOODS,NULL,NULL,NULL,NULL,0,210,713.49,3.40
FOODS_1,2014-06-17,11420,Tuesday,TX_3,TX,FOODS,NULL,NULL,NULL,NULL,0,261,811.15,3.11
FOODS_1,2014-06-18,11420,Wednesday,TX_3,TX,FOODS,NULL,NULL,NULL,NULL,0,196,656.77,3.35
FOODS_1,2014-06-19,11420,Thursday,TX_3,TX,FOODS,NULL,NULL,NULL,NULL,0,244,810.72,3.32
FOODS_1,2014-06-20,11420,Friday,TX_3,TX,FOODS,NULL,NULL,NULL,NULL,0,226,707.74,3.13
FOODS_1,2014-06-21,11421,Saturday,TX_3,TX,FOODS,NULL,NULL,NULL,NULL,0,241,756.60,3.14
FOODS_1,2014-06-22,11421,Sunday,TX_3,TX,FOODS,NULL,NULL,NULL,NULL,0,258,788.45,3.06
FOODS_1,2014-06-23,11421,Monday,TX_3,TX,FOODS,NULL,NULL,NULL,NULL,0,202,678.10,3.36
FOODS_1,2014-06-24,11421,Tuesday,TX_3,TX,FOODS,NULL,NULL,NULL,NULL,0,200,614.88,3.07
FOODS_1,2014-06-25,11421,Wednesday,TX_3,TX,FOODS,NULL,NULL,NULL,NULL,0,135,450.91,3.34
FOODS_1,2014-06-26,11421,Thursday,TX_3,TX,FOODS,NULL,NULL,NULL,NULL,0,145,478.05,3.30
FOODS_1,2014-06-27,11421,Friday,TX_3,TX,FOODS,NULL,NULL,NULL,NULL,0,147,548.67,3.73
FOODS_1,2014-06-28,11422,Saturday,TX_3,TX,FOODS,NULL,NULL,NULL,NULL,0,222,761.02,3.43
FOODS_1,2014-06-30,11422,Monday,TX_3,TX,FOODS,NULL,NULL,NULL,NULL,0,166,640.09,3.86
FOODS_1,2014-07-01,11422,Tuesday,TX_3,TX,FOODS,NULL,NULL,NULL,NULL,1,234,798.14,3.41
FOODS_1,2014-07-02,11422,Wednesday,TX_3,TX,FOODS,NULL,NULL,NULL,NULL,0,189,583.84,3.09
FOODS_1,2014-07-03,11422,Thursday,TX_3,TX,FOODS,NULL,NULL,NULL,NULL,1,375,1119.26,2.98
FOODS_1,2014-07-05,11423,Saturday,TX_3,TX,FOODS,NULL,NULL,NULL,NULL,1,249,768.86,3.09
FOODS_1,2014-07-06,11423,Sunday,TX_3,TX,FOODS,NULL,NULL,NULL,NULL,1,218,563.14,2.58
FOODS_1,2014-07-07,11423,Monday,TX_3,TX,FOODS,NULL,NULL,NULL,NULL,1,253,673.10,2.66
FOODS_1,2014-07-08,11423,Tuesday,TX_3,TX,FOODS,NULL,NULL,NULL,NULL,0,168,506.87,3.02
FOODS_1,2014-07-09,11423,Wednesday,TX_3,TX,FOODS,NULL,NULL,NULL,NULL,1,257,864.91,3.37
FOODS_1,2014-07-10,11423,Thursday,TX_3,TX,FOODS,NULL,NULL,NULL,NULL,0,181,600.02,3.32
FOODS_1,2014-07-11,11423,Friday,TX_3,TX,FOODS,NULL,NULL,NULL,NULL,1,223,698.99,3.13
FOODS_1,2014-07-12,11424,Saturday,TX_3,TX,FOODS,NULL,NULL,NULL,NULL,1,217,651.43,3.00
FOODS_1,2014-07-13,11424,Sunday,TX_3,TX,FOODS,NULL,NULL,NULL,NULL,1,247,807.74,3.27
FOODS_1,2014-07-14,11424,Monday,TX_3,TX,FOODS,NULL,NULL,NULL,NULL,0,165,555.33,3.37
FOODS_1,2014-07-15,11424,Tuesday,TX_3,TX,FOODS,NULL,NULL,NULL,NULL,1,250,874.25,3.50
FOODS_1,2014-07-16,11424,Wednesday,TX_3,TX,FOODS,NULL,NULL,NULL,NULL,0,226,771.07,3.41
FOODS_1,2014-07-17,11424,Thursday,TX_3,TX,FOODS,NULL,NULL,NULL,NULL,0,198,623.21,3.15
FOODS_1,2014-07-18,11424,Friday,TX_3,TX,FOODS,NULL,NULL,NULL,NULL,0,321,943.44,2.94
FOODS_1,2014-07-19,11425,Saturday,TX_3,TX,FOODS,NULL,NULL,NULL,NULL,0,241,766.44,3.18
FOODS_1,2014-07-20,11425,Sunday,TX_3,TX,FOODS,NULL,NULL,NULL,NULL,0,168,516.69,3.08
FOODS_1,2014-07-21,11425,Monday,TX_3,TX,FOODS,NULL,NULL,NULL,NULL,0,160,522.48,3.27
FOODS_1,2014-07-22,11425,Tuesday,TX_3,TX,FOODS,NULL,NULL,NULL,NULL,0,252,892.03,3.54
FOODS_1,2014-07-23,11425,Wednesday,TX_3,TX,FOODS,NULL,NULL,NULL,NULL,0,159,506.40,3.18
FOODS_1,2014-07-24,11425,Thursday,TX_3,TX,FOODS,NULL,NULL,NULL,NULL,0,168,594.21,3.54
FOODS_1,2014-07-25,11425,Friday,TX_3,TX,FOODS,NULL,NULL,NULL,NULL,0,250,802.23,3.21
FOODS_1,2014-07-26,11426,Saturday,TX_3,TX,FOODS,NULL,NULL,NULL,NULL,0,210,730.61,3.48
FOODS_1,2014-07-27,11426,Sunday,TX_3,TX,FOODS,NULL,NULL,NULL,NULL,0,171,520.81,3.05
FOODS_1,2014-07-28,11426,Monday,TX_3,TX,FOODS,NULL,NULL,NULL,NULL,0,170,615.85,3.62
FOODS_1,2014-07-30,11426,Wednesday,TX_3,TX,FOODS,NULL,NULL,NULL,NULL,0,247,771.68,3.12
FOODS_1,2014-07-31,11426,Thursday,TX_3,TX,FOODS,NULL,NULL,NULL,NULL,0,175,596.84,3.41
FOODS_1,2014-08-01,11426,Friday,TX_3,TX,FOODS,NULL,NULL,NULL,NULL,1,361,1312.90,3.64
FOODS_1,2014-08-02,11427,Saturday,TX_3,TX,FOODS,NULL,NULL,NULL,NULL,0,264,763.12,2.89
FOODS_1,2014-08-03,11427,Sunday,TX_3,TX,FOODS,NULL,NULL,NULL,NULL,1,220,711.87,3.24
FOODS_1,2014-08-04,11427,Monday,TX_3,TX,FOODS,NULL,NULL,NULL,NULL,0,232,764.37,3.29
FOODS_1,2014-08-05,11427,Tuesday,TX_3,TX,FOODS,NULL,NULL,NULL,NULL,1,176,539.83,3.07
FOODS_1,2014-08-06,11427,Wednesday,TX_3,TX,FOODS,NULL,NULL,NULL,NULL,1,175,505.75,2.89
FOODS_1,2014-08-07,11427,Thursday,TX_3,TX,FOODS,NULL,NULL,NULL,NULL,1,240,892.25,3.72
FOODS_1,2014-08-08,11427,Friday,TX_3,TX,FOODS,NULL,NULL,NULL,NULL,0,267,946.95,3.55
FOODS_1,2014-08-09,11428,Saturday,TX_3,TX,FOODS,NULL,NULL,NULL,NULL,1,268,817.91,3.05
FOODS_1,2014-08-10,11428,Sunday,TX_3,TX,FOODS,NULL,NULL,NULL,NULL,0,218,707.31,3.24
FOODS_1,2014-08-11,11428,Monday,TX_3,TX,FOODS,NULL,NULL,NULL,NULL,1,181,613.42,3.39
FOODS_1,2014-08-12,11428,Tuesday,TX_3,TX,FOODS,NULL,NULL,NULL,NULL,1,175,494.08,2.82
FOODS_1,2014-08-13,11428,Wednesday,TX_3,TX,FOODS,NULL,NULL,NULL,NULL,1,228,809.20,3.55
FOODS_1,2014-08-14,11428,Thursday,TX_3,TX,FOODS,NULL,NULL,NULL,NULL,0,180,660.53,3.67
FOODS_1,2014-08-15,11428,Friday,TX_3,TX,FOODS,NULL,NULL,NULL,NULL,1,203,646.48,3.18
FOODS_1,2014-08-16,11429,Saturday,TX_3,TX,FOODS,NULL,NULL,NULL,NULL,0,209,683.87,3.27
FOODS_1,2014-08-17,11429,Sunday,TX_3,TX,FOODS,NULL,NULL,NULL,NULL,0,210,580.92,2.77
FOODS_1,2014-08-18,11429,Monday,TX_3,TX,FOODS,NULL,NULL,NULL,NULL,0,189,646.29,3.42
FOODS_1,2014-08-19,11429,Tuesday,TX_3,TX,FOODS,NULL,NULL,NULL,NULL,0,220,734.52,3.34
FOODS_1,2014-08-20,11429,Wednesday,TX_3,TX,FOODS,NULL,NULL,NULL,NULL,0,190,675.30,3.55
FOODS_1,2014-08-21,11429,Thursday,TX_3,TX,FOODS,NULL,NULL,NULL,NULL,0,226,694.60,3.07
FOODS_1,2014-08-22,11429,Friday,TX_3,TX,FOODS,NULL,NULL,NULL,NULL,0,262,936.87,3.58
FOODS_1,2014-08-23,11430,Saturday,TX_3,TX,FOODS,NULL,NULL,NULL,NULL,0,251,925.74,3.69
FOODS_1,2014-08-24,11430,Sunday,TX_3,TX,FOODS,NULL,NULL,NULL,NULL,0,181,577.49,3.19
FOODS_1,2014-08-25,11430,Monday,TX_3,TX,FOODS,NULL,NULL,NULL,NULL,0,229,860.91,3.76
FOODS_1,2014-08-26,11430,Tuesday,TX_3,TX,FOODS,NULL,NULL,NULL,NULL,0,198,690.51,3.49
FOODS_1,2014-08-27,11430,Wednesday,TX_3,TX,FOODS,NULL,NULL,NULL,NULL,0,175,591.70,3.38
