03 Clean Data/daily_store_performance_clean.csv
dept_id,sale_date,wm_yr_wk,weekday,store_id,state_id,cat_id,event_name_1,event_type_1,event_name_2,event_type_2,snap_TX,total_units_sold,total_revenue,average_selling_price
FOODS_1,2014-08-28,11430,Thursday,TX_3,TX,FOODS,NULL,NULL,NULL,NULL,0,201,714.87,3.56
FOODS_1,2014-08-29,11430,Friday,TX_3,TX,FOODS,NULL,NULL,NULL,NULL,0,249,966.43,3.88
FOODS_1,2014-08-30,11431,Saturday,TX_3,TX,FOODS,NULL,NULL,NULL,NULL,0,266,794.01,2.99
FOODS_1,2014-08-31,11431,Sunday,TX_3,TX,FOODS,NULL,NULL,NULL,NULL,0,193,735.85,3.81
FOODS_1,2014-09-02,11431,Tuesday,TX_3,TX,FOODS,NULL,NULL,NULL,NULL,0,127,497.51,3.92
FOODS_1,2014-09-03,11431,Wednesday,TX_3,TX,FOODS,NULL,NULL,NULL,NULL,1,257,1061.22,4.13
FOODS_1,2014-09-04,11431,Thursday,TX_3,TX,FOODS,NULL,NULL,NULL,NULL,0,157,573.53,3.65
FOODS_1,2014-09-05,11431,Friday,TX_3,TX,FOODS,NULL,NULL,NULL,NULL,1,177,647.49,3.66
FOODS_1,2014-09-06,11432,Saturday,TX_3,TX,FOODS,NULL,NULL,NULL,NULL,1,209,719.81,3.44
FOODS_1,2014-09-07,11432,Sunday,TX_3,TX,FOODS,NULL,NULL,NULL,NULL,1,237,777.88,3.28
FOODS_1,2014-09-08,11432,Monday,TX_3,TX,FOODS,NULL,NULL,NULL,NULL,0,186,651.33,3.50
FOODS_1,2014-09-09,11432,Tuesday,TX_3,TX,FOODS,NULL,NULL,NULL,NULL,1,246,966.19,3.93
FOODS_1,2014-09-10,11432,Wednesday,TX_3,TX,FOODS,NULL,NULL,NULL,NULL,0,197,701.11,3.56
FOODS_1,2014-09-11,11432,Thursday,TX_3,TX,FOODS,NULL,NULL,NULL,NULL,1,221,847.56,3.84
FOODS_1,2014-09-12,11432,Friday,TX_3,TX,FOODS,NULL,NULL,NULL,NULL,1,266,926.27,3.48
FOODS_1,2014-09-13,11433,Saturday,TX_3,TX,FOODS,NULL,NULL,NULL,NULL,1,261,808.15,3.10
FOODS_1,2014-09-14,11433,Sunday,TX_3,TX,FOODS,NULL,NULL,NULL,NULL,0,249,768.55,3.09
FOODS_1,2014-09-15,11433,Monday,TX_3,TX,FOODS,NULL,NULL,NULL,NULL,1,206,666.08,3.23
FOODS_1,2014-09-16,11433,Tuesday,TX_3,TX,FOODS,NULL,NULL,NULL,NULL,0,155,591.15,3.81
FOODS_1,2014-09-17,11433,Wednesday,TX_3,TX,FOODS,NULL,NULL,NULL,NULL,0,260,992.17,3.82
FOODS_1,2014-09-18,11433,Thursday,TX_3,TX,FOODS,NULL,NULL,NULL,NULL,0,171,695.73,4.07
FOODS_1,2014-09-19,11433,Friday,TX_3,TX,FOODS,NULL,NULL,NULL,NULL,0,229,900.96,3.93
FOODS_1,2014-09-20,11434,Saturday,TX_3,TX,FOODS,NULL,NULL,NULL,NULL,0,257,889.93,3.46
FOODS_1,2014-09-21,11434,Sunday,TX_3,TX,FOODS,NULL,NULL,NULL,NULL,0,188,611.16,3.25
FOODS_1,2014-09-22,11434,Monday,TX_3,TX,FOODS,NULL,NULL,NULL,NULL,0,156,566.53,3.63
FOODS_1,2014-09-23,11434,Tuesday,TX_3,TX,FOODS,NULL,NULL,NULL,NULL,0,214,789.96,3.69
FOODS_1,2014-09-24,11434,Wednesday,TX_3,TX,FOODS,NULL,NULL,NULL,NULL,0,158,581.19,3.68
FOODS_1,2014-09-25,11434,Thursday,TX_3,TX,FOODS,NULL,NULL,NULL,NULL,0,172,643.09,3.74
FOODS_1,2014-09-26,11434,Friday,TX_3,TX,FOODS,NULL,NULL,NULL,NULL,0,206,791.21,3.84
FOODS_1,2014-09-27,11435,Saturday,TX_3,TX,FOODS,NULL,NULL,NULL,NULL,0,230,771.56,3.35
FOODS_1,2014-09-28,11435,Sunday,TX_3,TX,FOODS,NULL,NULL,NULL,NULL,0,223,749.06,3.36
FOODS_1,2014-09-29,11435,Monday,TX_3,TX,FOODS,NULL,NULL,NULL,NULL,0,173,585.37,3.38
FOODS_1,2014-09-30,11435,Tuesday,TX_3,TX,FOODS,NULL,NULL,NULL,NULL,0,176,631.36,3.59
FOODS_1,2014-10-01,11435,Wednesday,TX_3,TX,FOODS,NULL,NULL,NULL,NULL,1,209,742.27,3.55
FOODS_1,2014-10-02,11435,Thursday,TX_3,TX,FOODS,NULL,NULL,NULL,NULL,0,181,671.15,3.71
FOODS_1,2014-10-03,11435,Friday,TX_3,TX,FOODS,NULL,NULL,NULL,NULL,1,227,849.29,3.74
FOODS_1,2014-10-05,11436,Sunday,TX_3,TX,FOODS,NULL,NULL,NULL,NULL,1,222,754.39,3.40
FOODS_1,2014-10-06,11436,Monday,TX_3,TX,FOODS,NULL,NULL,NULL,NULL,1,210,738.35,3.52
FOODS_1,2014-10-07,11436,Tuesday,TX_3,TX,FOODS,NULL,NULL,NULL,NULL,1,204,669.30,3.28
FOODS_1,2014-10-08,11436,Wednesday,TX_3,TX,FOODS,NULL,NULL,NULL,NULL,0,286,1027.99,3.59
FOODS_1,2014-10-09,11436,Thursday,TX_3,TX,FOODS,NULL,NULL,NULL,NULL,1,246,829.30,3.37
FOODS_1,2014-10-10,11436,Friday,TX_3,TX,FOODS,NULL,NULL,NULL,NULL,0,307,1039.60,3.39
FOODS_1,2014-10-11,11437,Saturday,TX_3,TX,FOODS,NULL,NULL,NULL,NULL,1,215,719.82,3.35
FOODS_1,2014-10-12,11437,Sunday,TX_3,TX,FOODS,NULL,NULL,NULL,NULL,1,239,865.40,3.62
FOODS_1,2014-10-14,11437,Tuesday,TX_3,TX,FOODS,NULL,NULL,NULL,NULL,0,252,919.73,3.65
FOODS_1,2014-10-15,11437,Wednesday,TX_3,TX,FOODS,NULL,NULL,NULL,NULL,1,259,948.34,3.66
FOODS_1,2014-10-16,11437,Thursday,TX_3,TX,FOODS,NULL,NULL,NULL,NULL,0,251,864.78,3.45
FOODS_1,2014-10-17,11437,Friday,TX_3,TX,FOODS,NULL,NULL,NULL,NULL,0,223,771.89,3.46
FOODS_1,2014-10-18,11438,Saturday,TX_3,TX,FOODS,NULL,NULL,NULL,NULL,0,305,981.86,3.22
FOODS_1,2014-10-19,11438,Sunday,TX_3,TX,FOODS,NULL,NULL,NULL,NULL,0,226,748.64,3.31
FOODS_1,2014-10-20,11438,Monday,TX_3,TX,FOODS,NULL,NULL,NULL,NULL,0,215,812.00,3.78
FOODS_1,2014-10-21,11438,Tuesday,TX_3,TX,FOODS,NULL,NULL,NULL,NULL,0,199,703.43,3.53
FOODS_1,2014-10-22,11438,Wednesday,TX_3,TX,FOODS,NULL,NULL,NULL,NULL,0,224,818.56,3.65
FOODS_1,2014-10-23,11438,Thursday,TX_3,TX,FOODS,NULL,NULL,NULL,NULL,0,194,682.43,3.52
FOODS_1,2014-10-24,11438,Friday,TX_3,TX,FOODS,NULL,NULL,NULL,NULL,0,203,729.33,3.59
FOODS_1,2014-10-25,11439,Saturday,TX_3,TX,FOODS,NULL,NULL,NULL,NULL,0,207,704.67,3.40
FOODS_1,2014-10-26,11439,Sunday,TX_3,TX,FOODS,NULL,NULL,NULL,NULL,0,182,642.81,3.53
FOODS_1,2014-10-27,11439,Monday,TX_3,TX,FOODS,NULL,NULL,NULL,NULL,0,198,627.26,3.17
FOODS_1,2014-10-28,11439,Tuesday,TX_3,TX,FOODS,NULL,NULL,NULL,NULL,0,218,753.05,3.45
FOODS_1,2014-10-29,11439,Wednesday,TX_3,TX,FOODS,NULL,NULL,NULL,NULL,0,202,749.36,3.71
FOODS_1,2014-10-30,11439,Thursday,TX_3,TX,FOODS,NULL,NULL,NULL,NULL,0,247,1083.74,4.39
FOODS_1,2014-11-01,11440,Saturday,TX_3,TX,FOODS,NULL,NULL,NULL,NULL,1,260,918.76,3.53
FOODS_1,2014-11-02,11440,Sunday,TX_3,TX,FOODS,NULL,NULL,NULL,NULL,0,155,496.27,3.20
FOODS_1,2014-11-03,11440,Monday,TX_3,TX,FOODS,NULL,NULL,NULL,NULL,1,217,833.68,3.84
FOODS_1,2014-11-04,11440,Tuesday,TX_3,TX,FOODS,NULL,NULL,NULL,NULL,0,161,557.53,3.46
FOODS_1,2014-11-05,11440,Wednesday,TX_3,TX,FOODS,NULL,NULL,NULL,NULL,1,159,598.17,3.76
FOODS_1,2014-11-06,11440,Thursday,TX_3,TX,FOODS,NULL,NULL,NULL,NULL,1,176,673.63,3.83
FOODS_1,2014-11-07,11440,Friday,TX_3,TX,FOODS,NULL,NULL,NULL,NULL,1,198,732.01,3.70
FOODS_1,2014-11-08,11441,Saturday,TX_3,TX,FOODS,NULL,NULL,NULL,NULL,0,198,681.15,3.44
FOODS_1,2014-11-09,11441,Sunday,TX_3,TX,FOODS,NULL,NULL,NULL,NULL,1,233,716.50,3.08
FOODS_1,2014-11-10,11441,Monday,TX_3,TX,FOODS,NULL,NULL,NULL,NULL,0,213,676.65,3.18
FOODS_1,2014-11-12,11441,Wednesday,TX_3,TX,FOODS,NULL,NULL,NULL,NULL,1,270,853.48,3.16
FOODS_1,2014-11-13,11441,Thursday,TX_3,TX,FOODS,NULL,NULL,NULL,NULL,1,234,704.43,3.01
FOODS_1,2014-11-14,11441,Friday,TX_3,TX,FOODS,NULL,NULL,NULL,NULL,0,298,854.72,2.87
FOODS_1,2014-11-15,11442,Saturday,TX_3,TX,FOODS,NULL,NULL,NULL,NULL,1,283,848.54,3.00
FOODS_1,2014-11-16,11442,Sunday,TX_3,TX,FOODS,NULL,NULL,NULL,NULL,0,256,711.89,2.78
FOODS_1,2014-11-17,11442,Monday,TX_3,TX,FOODS,NULL,NULL,NULL,NULL,0,220,786.05,3.57
FOODS_1,2014-11-18,11442,Tuesday,TX_3,TX,FOODS,NULL,NULL,NULL,NULL,0,226,761.20,3.37
FOODS_1,2014-11-19,11442,Wednesday,TX_3,TX,FOODS,NULL,NULL,NULL,NULL,0,198,685.91,3.46
FOODS_1,2014-11-20,11442,Thursday,TX_3,TX,FOODS,NULL,NULL,NULL,NULL,0,195,728.84,3.74
FOODS_1,2014-11-21,11442,Friday,TX_3,TX,FOODS,NULL,NULL,NULL,NULL,0,275,945.02,3.44
FOODS_1,2014-11-22,11443,Saturday,TX_3,TX,FOODS,NULL,NULL,NULL,NULL,0,341,979.58,2.87
FOODS_1,2014-11-23,11443,Sunday,TX_3,TX,FOODS,NULL,NULL,NULL,NULL,0,291,833.92,2.87
FOODS_1,2014-11-24,11443,Monday,TX_3,TX,FOODS,NULL,NULL,NULL,NULL,0,261,752.95,2.88
FOODS_1,2014-11-25,11443,Tuesday,TX_3,TX,FOODS,NULL,NULL,NULL,NULL,0,258,848.81,3.29
FOODS_1,2014-11-26,11443,Wednesday,TX_3,TX,FOODS,NULL,NULL,NULL,NULL,0,310,876.69,2.83
FOODS_1,2014-11-28,11443,Friday,TX_3,TX,FOODS,NULL,NULL,NULL,NULL,0,243,718.72,2.96
FOODS_1,2014-11-29,11444,Saturday,TX_3,TX,FOODS,NULL,NULL,NULL,NULL,0,240,734.84,3.06
FOODS_1,2014-11-30,11444,Sunday,TX_3,TX,FOODS,NULL,NULL,NULL,NULL,0,198,609.00,3.08
FOODS_1,2014-12-01,11444,Monday,TX_3,TX,FOODS,NULL,NULL,NULL,NULL,1,293,932.50,3.18
FOODS_1,2014-12-02,11444,Tuesday,TX_3,TX,FOODS,NULL,NULL,NULL,NULL,0,304,880.24,2.90
FOODS_1,2014-12-03,11444,Wednesday,TX_3,TX,FOODS,NULL,NULL,NULL,NULL,1,294,837.22,2.85
FOODS_1,2014-12-04,11444,Thursday,TX_3,TX,FOODS,NULL,NULL,NULL,NULL,0,169,592.37,3.51
FOODS_1,2014-12-05,11444,Friday,TX_3,TX,FOODS,NULL,NULL,NULL,NULL,1,313,867.47,2.77
FOODS_1,2014-12-06,11445,Saturday,TX_3,TX,FOODS,NULL,NULL,NULL,NULL,1,287,763.94,2.66
FOODS_1,2014-12-07,11445,Sunday,TX_3,TX,FOODS,NULL,NULL,NULL,NULL,1,255,687.15,2.69
FOODS_1,2014-12-08,11445,Monday,TX_3,TX,FOODS,NULL,NULL,NULL,NULL,0,212,635.58,3.00
FOODS_1,2014-12-09,11445,Tuesday,TX_3,TX,FOODS,NULL,NULL,NULL,NULL,1,271,785.34,2.90
FOODS_1,2014-12-10,11445,Wednesday,TX_3,TX,FOODS,NULL,NULL,NULL,NULL,0,320,876.64,2.74
FOODS_1,2014-12-11,11445,Thursday,TX_3,TX,FOODS,NULL,NULL,NULL,NULL,1,311,920.39,2.96
FOODS_1,2014-12-12,11445,Friday,TX_3,TX,FOODS,NULL,NULL,NULL,NULL,1,296,961.31,3.25
FOODS_1,2014-12-13,11446,Saturday,TX_3,TX,FOODS,NULL,NULL,NULL,NULL,1,378,1037.77,2.75
FOODS_1,2014-12-14,11446,Sunday,TX_3,TX,FOODS,NULL,NULL,NULL,NULL,0,315,988.41,3.14
FOODS_1,2014-12-15,11446,Monday,TX_3,TX,FOODS,NULL,NULL,NULL,NULL,1,372,1105.62,2.97
FOODS_1,2014-12-16,11446,Tuesday,TX_3,TX,FOODS,NULL,NULL,NULL,NULL,0,367,1158.78,3.16
FOODS_1,2014-12-17,11446,Wednesday,TX_3,TX,FOODS,NULL,NULL,NULL,NULL,0,441,1243.63,2.82
FOODS_1,2014-12-18,11446,Thursday,TX_3,TX,FOODS,NULL,NULL,NULL,NULL,0,428,1297.16,3.03
FOODS_1,2014-12-19,11446,Friday,TX_3,TX,FOODS,NULL,NULL,NULL,NULL,0,325,1048.88,3.23
FOODS_1,2014-12-20,11447,Saturday,TX_3,TX,FOODS,NULL,NULL,NULL,NULL,0,371,1147.84,3.09
FOODS_1,2014-12-21,11447,Sunday,TX_3,TX,FOODS,NULL,NULL,NULL,NULL,0,363,1148.12,3.16
FOODS_1,2014-12-22,11447,Monday,TX_3,TX,FOODS,NULL,NULL,NULL,NULL,0,358,1074.55,3.00
FOODS_1,2014-12-23,11447,Tuesday,TX_3,TX,FOODS,NULL,NULL,NULL,NULL,0,477,1340.66,2.81
FOODS_1,2014-12-26,11447,Friday,TX_3,TX,FOODS,NULL,NULL,NULL,NULL,0,330,968.79,2.94
FOODS_1,2014-12-27,11448,Saturday,TX_3,TX,FOODS,NULL,NULL,NULL,NULL,0,188,548.06,2.92
FOODS_1,2014-12-28,11448,Sunday,TX_3,TX,FOODS,NULL,NULL,NULL,NULL,0,228,708.14,3.11
FOODS_1,2014-12-29,11448,Monday,TX_3,TX,FOODS,NULL,NULL,NULL,NULL,0,259,829.13,3.20
FOODS_1,2014-12-30,11448,Tuesday,TX_3,TX,FOODS,NULL,NULL,NULL,NULL,0,358,1007.35,2.81
FOODS_1,2014-12-31,11448,Wednesday,TX_3,TX,FOODS,NULL,NULL,NULL,NULL,0,374,1031.76,2.76
FOODS_1,2015-01-02,11448,Friday,TX_3,TX,FOODS,NULL,NULL,NULL,NULL,0,400,1333.05,3.33
FOODS_1,2015-01-03,11449,Saturday,TX_3,TX,FOODS,NULL,NULL,NULL,NULL,1,337,883.47,2.62
FOODS_1,2015-01-04,11449,Sunday,TX_3,TX,FOODS,NULL,NULL,NULL,NULL,0,206,662.67,3.22
FOODS_1,2015-01-05,11449,Monday,TX_3,TX,FOODS,NULL,NULL,NULL,NULL,1,265,829.93,3.13
FOODS_1,2015-01-06,11449,Tuesday,TX_3,TX,FOODS,NULL,NULL,NULL,NULL,1,292,801.37,2.74
FOODS_1,2015-01-08,11449,Thursday,TX_3,TX,FOODS,NULL,NULL,NULL,NULL,0,183,623.66,3.41
FOODS_1,2015-01-09,11449,Friday,TX_3,TX,FOODS,NULL,NULL,NULL,NULL,1,273,780.79,2.86
FOODS_1,2015-01-10,11450,Saturday,TX_3,TX,FOODS,NULL,NULL,NULL,NULL,0,349,963.21,2.76
FOODS_1,2015-01-11,11450,Sunday,TX_3,TX,FOODS,NULL,NULL,NULL,NULL,1,191,581.30,3.04
FOODS_1,2015-01-12,11450,Monday,TX_3,TX,FOODS,NULL,NULL,NULL,NULL,1,248,719.72,2.90
FOODS_1,2015-01-13,11450,Tuesday,TX_3,TX,FOODS,NULL,NULL,NULL,NULL,1,197,642.36,3.26
FOODS_1,2015-01-14,11450,Wednesday,TX_3,TX,FOODS,NULL,NULL,NULL,NULL,0,230,830.92,3.61
FOODS_1,2015-01-15,11450,Thursday,TX_3,TX,FOODS,NULL,NULL,NULL,NULL,1,245,836.12,3.41
FOODS_1,2015-01-16,11450,Friday,TX_3,TX,FOODS,NULL,NULL,NULL,NULL,0,275,927.02,3.37
FOODS_1,2015-01-17,11451,Saturday,TX_3,TX,FOODS,NULL,NULL,NULL,NULL,0,271,853.29,3.15
FOODS_1,2015-01-18,11451,Sunday,TX_3,TX,FOODS,NULL,NULL,NULL,NULL,0,253,678.93,2.68
FOODS_1,2015-01-20,11451,Tuesday,TX_3,TX,FOODS,NULL,NULL,NULL,NULL,0,236,737.30,3.12
FOODS_1,2015-01-21,11451,Wednesday,TX_3,TX,FOODS,NULL,NULL,NULL,NULL,0,373,962.83,2.58
FOODS_1,2015-01-22,11451,Thursday,TX_3,TX,FOODS,NULL,NULL,NULL,NULL,0,187,586.04,3.13
FOODS_1,2015-01-23,11451,Friday,TX_3,TX,FOODS,NULL,NULL,NULL,NULL,0,287,931.51,3.25
FOODS_1,2015-01-24,11452,Saturday,TX_3,TX,FOODS,NULL,NULL,NULL,NULL,0,258,714.15,2.77
FOODS_1,2015-01-25,11452,Sunday,TX_3,TX,FOODS,NULL,NULL,NULL,NULL,0,292,832.35,2.85
FOODS_1,2015-01-26,11452,Monday,TX_3,TX,FOODS,NULL,NULL,NULL,NULL,0,269,781.22,2.90
FOODS_1,2015-01-27,11452,Tuesday,TX_3,TX,FOODS,NULL,NULL,NULL,NULL,0,199,574.58,2.89
FOODS_1,2015-01-28,11452,Wednesday,TX_3,TX,FOODS,NULL,NULL,NULL,NULL,0,205,673.73,3.29
FOODS_1,2015-01-29,11452,Thursday,TX_3,TX,FOODS,NULL,NULL,NULL,NULL,0,193,525.70,2.72
FOODS_1,2015-01-30,11452,Friday,TX_3,TX,FOODS,NULL,NULL,NULL,NULL,0,351,840.44,2.39
FOODS_1,2015-01-31,11501,Saturday,TX_3,TX,FOODS,NULL,NULL,NULL,NULL,0,331,854.03,2.58
FOODS_1,2015-02-02,11501,Monday,TX_3,TX,FOODS,NULL,NULL,NULL,NULL,0,359,960.62,2.68
FOODS_1,2015-02-03,11501,Tuesday,TX_3,TX,FOODS,NULL,NULL,NULL,NULL,1,354,1122.19,3.17
FOODS_1,2015-02-04,11501,Wednesday,TX_3,TX,FOODS,NULL,NULL,NULL,NULL,0,240,585.65,2.44
FOODS_1,2015-02-05,11501,Thursday,TX_3,TX,FOODS,NULL,NULL,NULL,NULL,1,250,678.18,2.71
FOODS_1,2015-02-06,11501,Friday,TX_3,TX,FOODS,NULL,NULL,NULL,NULL,1,363,900.13,2.48
FOODS_1,2015-02-07,11502,Saturday,TX_3,TX,FOODS,NULL,NULL,NULL,NULL,1,405,959.07,2.37
FOODS_1,2015-02-08,11502,Sunday,TX_3,TX,FOODS,NULL,NULL,NULL,NULL,0,301,654.79,2.18
FOODS_1,2015-02-09,11502,Monday,TX_3,TX,FOODS,NULL,NULL,NULL,NULL,1,312,1024.97,3.29
FOODS_1,2015-02-10,11502,Tuesday,TX_3,TX,FOODS,NULL,NULL,NULL,NULL,0,314,899.41,2.86
FOODS_1,2015-02-11,11502,Wednesday,TX_3,TX,FOODS,NULL,NULL,NULL,NULL,1,369,1108.68,3.00
FOODS_1,2015-02-12,11502,Thursday,TX_3,TX,FOODS,NULL,NULL,NULL,NULL,1,534,1623.66,3.04
FOODS_1,2015-02-13,11502,Friday,TX_3,TX,FOODS,NULL,NULL,NULL,NULL,1,465,1204.08,2.59
FOODS_1,2015-02-15,11503,Sunday,TX_3,TX,FOODS,NULL,NULL,NULL,NULL,1,222,647.74,2.92
FOODS_1,2015-02-17,11503,Tuesday,TX_3,TX,FOODS,NULL,NULL,NULL,NULL,0,249,632.88,2.54
FOODS_1,2015-02-19,11503,Thursday,TX_3,TX,FOODS,NULL,NULL,NULL,NULL,0,187,759.62,4.06
FOODS_1,2015-02-20,11503,Friday,TX_3,TX,FOODS,NULL,NULL,NULL,NULL,0,264,953.69,3.61
FOODS_1,2015-02-21,11504,Saturday,TX_3,TX,FOODS,NULL,NULL,NULL,NULL,0,273,653.47,2.39
FOODS_1,2015-02-22,11504,Sunday,TX_3,TX,FOODS,NULL,NULL,NULL,NULL,0,268,693.71,2.59
FOODS_1,2015-02-23,11504,Monday,TX_3,TX,FOODS,NULL,NULL,NULL,NULL,0,301,789.13,2.62
FOODS_1,2015-02-24,11504,Tuesday,TX_3,TX,FOODS,NULL,NULL,NULL,NULL,0,213,618.54,2.90
FOODS_1,2015-02-26,11504,Thursday,TX_3,TX,FOODS,NULL,NULL,NULL,NULL,0,259,786.29,3.04
FOODS_1,2015-02-27,11504,Friday,TX_3,TX,FOODS,NULL,NULL,NULL,NULL,0,256,696.00,2.72
FOODS_1,2015-02-28,11505,Saturday,TX_3,TX,FOODS,NULL,NULL,NULL,NULL,0,255,683.04,2.68
FOODS_1,2015-03-01,11505,Sunday,TX_3,TX,FOODS,NULL,NULL,NULL,NULL,1,284,761.74,2.68
FOODS_1,2015-03-02,11505,Monday,TX_3,TX,FOODS,NULL,NULL,NULL,NULL,0,262,786.89,3.00
FOODS_1,2015-03-03,11505,Tuesday,TX_3,TX,FOODS,NULL,NULL,NULL,NULL,1,305,975.46,3.20
FOODS_1,2015-03-04,11505,Wednesday,TX_3,TX,FOODS,NULL,NULL,NULL,NULL,0,205,587.75,2.87
FOODS_1,2015-03-06,11505,Friday,TX_3,TX,FOODS,NULL,NULL,NULL,NULL,1,281,770.51,2.74
FOODS_1,2015-03-07,11506,Saturday,TX_3,TX,FOODS,NULL,NULL,NULL,NULL,1,259,773.60,2.99
FOODS_1,2015-03-08,11506,Sunday,TX_3,TX,FOODS,NULL,NULL,NULL,NULL,0,215,588.16,2.74
FOODS_1,2015-03-09,11506,Monday,TX_3,TX,FOODS,NULL,NULL,NULL,NULL,1,260,709.06,2.73
FOODS_1,2015-03-10,11506,Tuesday,TX_3,TX,FOODS,NULL,NULL,NULL,NULL,0,236,725.07,3.07
FOODS_1,2015-03-11,11506,Wednesday,TX_3,TX,FOODS,NULL,NULL,NULL,NULL,1,212,613.64,2.89
FOODS_1,2015-03-12,11506,Thursday,TX_3,TX,FOODS,NULL,NULL,NULL,NULL,1,252,672.27,2.67
FOODS_1,2015-03-13,11506,Friday,TX_3,TX,FOODS,NULL,NULL,NULL,NULL,1,367,1011.61,2.76
FOODS_1,2015-03-14,11507,Saturday,TX_3,TX,FOODS,NULL,NULL,NULL,NULL,0,265,759.96,2.87
FOODS_1,2015-03-15,11507,Sunday,TX_3,TX,FOODS,NULL,NULL,NULL,NULL,1,221,614.93,2.78
FOODS_1,2015-03-16,11507,Monday,TX_3,TX,FOODS,NULL,NULL,NULL,NULL,0,259,757.41,2.92
FOODS_1,2015-03-18,11507,Wednesday,TX_3,TX,FOODS,NULL,NULL,NULL,NULL,0,219,591.13,2.70
FOODS_1,2015-03-19,11507,Thursday,TX_3,TX,FOODS,NULL,NULL,NULL,NULL,0,290,940.30,3.24
FOODS_1,2015-03-20,11507,Friday,TX_3,TX,FOODS,NULL,NULL,NULL,NULL,0,246,732.46,2.98
FOODS_1,2015-03-21,11508,Saturday,TX_3,TX,FOODS,NULL,NULL,NULL,NULL,0,265,690.82,2.61
FOODS_1,2015-03-22,11508,Sunday,TX_3,TX,FOODS,NULL,NULL,NULL,NULL,0,226,647.05,2.86
FOODS_1,2015-03-23,11508,Monday,TX_3,TX,FOODS,NULL,NULL,NULL,NULL,0,207,672.08,3.25
FOODS_1,2015-03-24,11508,Tuesday,TX_3,TX,FOODS,NULL,NULL,NULL,NULL,0,181,467.82,2.58
FOODS_1,2015-03-25,11508,Wednesday,TX_3,TX,FOODS,NULL,NULL,NULL,NULL,0,233,553.95,2.38
FOODS_1,2015-03-26,11508,Thursday,TX_3,TX,FOODS,NULL,NULL,NULL,NULL,0,277,693.88,2.51
FOODS_1,2015-03-27,11508,Friday,TX_3,TX,FOODS,NULL,NULL,NULL,NULL,0,287,901.04,3.14
FOODS_1,2015-03-28,11509,Saturday,TX_3,TX,FOODS,NULL,NULL,NULL,NULL,0,283,856.37,3.03
FOODS_1,2015-03-29,11509,Sunday,TX_3,TX,FOODS,NULL,NULL,NULL,NULL,0,269,658.01,2.45
FOODS_1,2015-03-30,11509,Monday,TX_3,TX,FOODS,NULL,NULL,NULL,NULL,0,185,600.90,3.25
FOODS_1,2015-03-31,11509,Tuesday,TX_3,TX,FOODS,NULL,NULL,NULL,NULL,0,232,672.43,2.90
FOODS_1,2015-04-01,11509,Wednesday,TX_3,TX,FOODS,NULL,NULL,NULL,NULL,1,349,972.37,2.79
FOODS_1,2015-04-02,11509,Thursday,TX_3,TX,FOODS,NULL,NULL,NULL,NULL,0,243,778.70,3.20
FOODS_1,2015-04-03,11509,Friday,TX_3,TX,FOODS,NULL,NULL,NULL,NULL,1,459,1419.37,3.09
FOODS_1,2015-04-04,11510,Saturday,TX_3,TX,FOODS,NULL,NULL,NULL,NULL,0,423,1030.19,2.44
FOODS_1,2015-04-06,11510,Monday,TX_3,TX,FOODS,NULL,NULL,NULL,NULL,1,228,675.36,2.96
FOODS_1,2015-04-07,11510,Tuesday,TX_3,TX,FOODS,NULL,NULL,NULL,NULL,1,238,731.35,3.07
FOODS_1,2015-04-08,11510,Wednesday,TX_3,TX,FOODS,NULL,NULL,NULL,NULL,0,197,560.20,2.84
FOODS_1,2015-04-09,11510,Thursday,TX_3,TX,FOODS,NULL,NULL,NULL,NULL,1,229,673.47,2.94
FOODS_1,2015-04-10,11510,Friday,TX_3,TX,FOODS,NULL,NULL,NULL,NULL,0,235,699.39,2.98
FOODS_1,2015-04-13,11511,Monday,TX_3,TX,FOODS,NULL,NULL,NULL,NULL,1,208,617.93,2.97
