03 Clean Data/daily_store_performance_clean.csv
dept_id,sale_date,wm_yr_wk,weekday,store_id,state_id,cat_id,event_name_1,event_type_1,event_name_2,event_type_2,snap_TX,total_units_sold,total_revenue,average_selling_price
FOODS_1,2015-04-14,11511,Tuesday,TX_3,TX,FOODS,NULL,NULL,NULL,NULL,0,236,741.06,3.14
FOODS_1,2015-04-15,11511,Wednesday,TX_3,TX,FOODS,NULL,NULL,NULL,NULL,1,327,806.47,2.47
FOODS_1,2015-04-16,11511,Thursday,TX_3,TX,FOODS,NULL,NULL,NULL,NULL,0,287,865.33,3.02
FOODS_1,2015-04-17,11511,Friday,TX_3,TX,FOODS,NULL,NULL,NULL,NULL,0,253,807.57,3.19
FOODS_1,2015-04-18,11512,Saturday,TX_3,TX,FOODS,NULL,NULL,NULL,NULL,0,284,780.01,2.75
FOODS_1,2015-04-19,11512,Sunday,TX_3,TX,FOODS,NULL,NULL,NULL,NULL,0,241,742.66,3.08
FOODS_1,2015-04-20,11512,Monday,TX_3,TX,FOODS,NULL,NULL,NULL,NULL,0,200,518.99,2.60
FOODS_1,2015-04-21,11512,Tuesday,TX_3,TX,FOODS,NULL,NULL,NULL,NULL,0,222,726.64,3.27
FOODS_1,2015-04-22,11512,Wednesday,TX_3,TX,FOODS,NULL,NULL,NULL,NULL,0,212,664.14,3.13
FOODS_1,2015-04-23,11512,Thursday,TX_3,TX,FOODS,NULL,NULL,NULL,NULL,0,222,658.97,2.97
FOODS_1,2015-04-24,11512,Friday,TX_3,TX,FOODS,NULL,NULL,NULL,NULL,0,207,670.38,3.24
FOODS_1,2015-04-25,11513,Saturday,TX_3,TX,FOODS,NULL,NULL,NULL,NULL,0,251,814.21,3.24
FOODS_1,2015-04-26,11513,Sunday,TX_3,TX,FOODS,NULL,NULL,NULL,NULL,0,278,824.62,2.97
FOODS_1,2015-04-27,11513,Monday,TX_3,TX,FOODS,NULL,NULL,NULL,NULL,0,264,818.06,3.10
FOODS_1,2015-04-28,11513,Tuesday,TX_3,TX,FOODS,NULL,NULL,NULL,NULL,0,249,683.59,2.75
FOODS_1,2015-04-29,11513,Wednesday,TX_3,TX,FOODS,NULL,NULL,NULL,NULL,0,211,651.93,3.09
FOODS_1,2015-04-30,11513,Thursday,TX_3,TX,FOODS,NULL,NULL,NULL,NULL,0,266,791.19,2.97
FOODS_1,2015-05-01,11513,Friday,TX_3,TX,FOODS,NULL,NULL,NULL,NULL,1,550,1753.40,3.19
FOODS_1,2015-05-02,11514,Saturday,TX_3,TX,FOODS,NULL,NULL,NULL,NULL,0,270,660.92,2.45
FOODS_1,2015-05-03,11514,Sunday,TX_3,TX,FOODS,NULL,NULL,NULL,NULL,1,293,765.19,2.61
FOODS_1,2015-05-04,11514,Monday,TX_3,TX,FOODS,NULL,NULL,NULL,NULL,0,232,562.59,2.43
FOODS_1,2015-05-06,11514,Wednesday,TX_3,TX,FOODS,NULL,NULL,NULL,NULL,1,245,704.02,2.87
FOODS_1,2015-05-07,11514,Thursday,TX_3,TX,FOODS,NULL,NULL,NULL,NULL,1,334,1151.84,3.45
FOODS_1,2015-05-08,11514,Friday,TX_3,TX,FOODS,NULL,NULL,NULL,NULL,0,315,1003.53,3.19
FOODS_1,2015-05-09,11515,Saturday,TX_3,TX,FOODS,NULL,NULL,NULL,NULL,1,264,771.47,2.92
FOODS_1,2015-05-11,11515,Monday,TX_3,TX,FOODS,NULL,NULL,NULL,NULL,1,201,574.29,2.86
FOODS_1,2015-05-12,11515,Tuesday,TX_3,TX,FOODS,NULL,NULL,NULL,NULL,1,277,839.95,3.03
FOODS_1,2015-05-13,11515,Wednesday,TX_3,TX,FOODS,NULL,NULL,NULL,NULL,1,298,828.75,2.78
FOODS_1,2015-05-14,11515,Thursday,TX_3,TX,FOODS,NULL,NULL,NULL,NULL,0,322,1139.85,3.54
FOODS_1,2015-05-15,11515,Friday,TX_3,TX,FOODS,NULL,NULL,NULL,NULL,1,269,732.35,2.72
FOODS_1,2015-05-16,11516,Saturday,TX_3,TX,FOODS,NULL,NULL,NULL,NULL,0,283,847.05,2.99
FOODS_1,2015-05-17,11516,Sunday,TX_3,TX,FOODS,NULL,NULL,NULL,NULL,0,257,643.81,2.51
FOODS_1,2015-05-18,11516,Monday,TX_3,TX,FOODS,NULL,NULL,NULL,NULL,0,187,512.66,2.74
FOODS_1,2015-05-19,11516,Tuesday,TX_3,TX,FOODS,NULL,NULL,NULL,NULL,0,295,932.87,3.16
FOODS_1,2015-05-20,11516,Wednesday,TX_3,TX,FOODS,NULL,NULL,NULL,NULL,0,232,577.45,2.49
FOODS_1,2015-05-21,11516,Thursday,TX_3,TX,FOODS,NULL,NULL,NULL,NULL,0,288,869.94,3.02
FOODS_1,2015-05-22,11516,Friday,TX_3,TX,FOODS,NULL,NULL,NULL,NULL,0,282,856.77,3.04
FOODS_1,2015-05-23,11517,Saturday,TX_3,TX,FOODS,NULL,NULL,NULL,NULL,0,271,707.70,2.61
FOODS_1,2015-05-24,11517,Sunday,TX_3,TX,FOODS,NULL,NULL,NULL,NULL,0,242,655.33,2.71
FOODS_1,2015-05-26,11517,Tuesday,TX_3,TX,FOODS,NULL,NULL,NULL,NULL,0,207,611.87,2.96
FOODS_1,2015-05-27,11517,Wednesday,TX_3,TX,FOODS,NULL,NULL,NULL,NULL,0,329,1012.32,3.08
FOODS_1,2015-05-28,11517,Thursday,TX_3,TX,FOODS,NULL,NULL,NULL,NULL,0,315,994.83,3.16
FOODS_1,2015-05-29,11517,Friday,TX_3,TX,FOODS,NULL,NULL,NULL,NULL,0,276,766.87,2.78
FOODS_1,2015-05-30,11518,Saturday,TX_3,TX,FOODS,NULL,NULL,NULL,NULL,0,244,754.36,3.09
FOODS_1,2015-05-31,11518,Sunday,TX_3,TX,FOODS,NULL,NULL,NULL,NULL,0,290,766.74,2.64
FOODS_1,2015-06-01,11518,Monday,TX_3,TX,FOODS,NULL,NULL,NULL,NULL,1,277,914.92,3.30
FOODS_1,2015-06-02,11518,Tuesday,TX_3,TX,FOODS,NULL,NULL,NULL,NULL,0,248,784.51,3.16
FOODS_1,2015-06-03,11518,Wednesday,TX_3,TX,FOODS,NULL,NULL,NULL,NULL,1,358,1061.23,2.96
FOODS_1,2015-06-05,11518,Friday,TX_3,TX,FOODS,NULL,NULL,NULL,NULL,1,282,716.40,2.54
FOODS_1,2015-06-06,11519,Saturday,TX_3,TX,FOODS,NULL,NULL,NULL,NULL,1,248,685.58,2.76
FOODS_1,2015-06-07,11519,Sunday,TX_3,TX,FOODS,NULL,NULL,NULL,NULL,1,237,595.94,2.51
FOODS_1,2015-06-08,11519,Monday,TX_3,TX,FOODS,NULL,NULL,NULL,NULL,0,228,643.95,2.82
FOODS_1,2015-06-09,11519,Tuesday,TX_3,TX,FOODS,NULL,NULL,NULL,NULL,1,219,666.63,3.04
FOODS_1,2015-06-10,11519,Wednesday,TX_3,TX,FOODS,NULL,NULL,NULL,NULL,0,166,435.80,2.63
FOODS_1,2015-06-11,11519,Thursday,TX_3,TX,FOODS,NULL,NULL,NULL,NULL,1,299,1022.20,3.42
FOODS_1,2015-06-12,11519,Friday,TX_3,TX,FOODS,NULL,NULL,NULL,NULL,1,287,863.32,3.01
FOODS_1,2015-06-13,11520,Saturday,TX_3,TX,FOODS,NULL,NULL,NULL,NULL,1,331,885.37,2.67
FOODS_1,2015-06-14,11520,Sunday,TX_3,TX,FOODS,NULL,NULL,NULL,NULL,0,271,761.28,2.81
FOODS_1,2015-06-15,11520,Monday,TX_3,TX,FOODS,NULL,NULL,NULL,NULL,1,338,850.47,2.52
FOODS_1,2015-06-17,11520,Wednesday,TX_3,TX,FOODS,NULL,NULL,NULL,NULL,0,280,752.45,2.69
FOODS_1,2015-06-19,11520,Friday,TX_3,TX,FOODS,NULL,NULL,NULL,NULL,0,295,725.02,2.46
FOODS_1,2015-06-20,11521,Saturday,TX_3,TX,FOODS,NULL,NULL,NULL,NULL,0,302,787.56,2.61
FOODS_1,2015-06-22,11521,Monday,TX_3,TX,FOODS,NULL,NULL,NULL,NULL,0,177,506.02,2.86
FOODS_1,2015-06-23,11521,Tuesday,TX_3,TX,FOODS,NULL,NULL,NULL,NULL,0,266,915.77,3.44
FOODS_1,2015-06-24,11521,Wednesday,TX_3,TX,FOODS,NULL,NULL,NULL,NULL,0,197,573.14,2.91
FOODS_1,2015-06-25,11521,Thursday,TX_3,TX,FOODS,NULL,NULL,NULL,NULL,0,237,806.69,3.40
FOODS_1,2015-06-26,11521,Friday,TX_3,TX,FOODS,NULL,NULL,NULL,NULL,0,264,799.56,3.03
FOODS_1,2015-06-27,11522,Saturday,TX_3,TX,FOODS,NULL,NULL,NULL,NULL,0,285,780.64,2.74
FOODS_1,2015-06-28,11522,Sunday,TX_3,TX,FOODS,NULL,NULL,NULL,NULL,0,232,598.49,2.58
FOODS_1,2015-06-29,11522,Monday,TX_3,TX,FOODS,NULL,NULL,NULL,NULL,0,184,555.05,3.02
FOODS_1,2015-06-30,11522,Tuesday,TX_3,TX,FOODS,NULL,NULL,NULL,NULL,0,257,916.90,3.57
FOODS_1,2015-07-01,11522,Wednesday,TX_3,TX,FOODS,NULL,NULL,NULL,NULL,1,299,938.35,3.14
FOODS_1,2015-07-02,11522,Thursday,TX_3,TX,FOODS,NULL,NULL,NULL,NULL,0,339,1101.49,3.25
FOODS_1,2015-07-03,11522,Friday,TX_3,TX,FOODS,NULL,NULL,NULL,NULL,1,324,838.27,2.59
FOODS_1,2015-07-05,11523,Sunday,TX_3,TX,FOODS,NULL,NULL,NULL,NULL,1,225,621.22,2.76
FOODS_1,2015-07-06,11523,Monday,TX_3,TX,FOODS,NULL,NULL,NULL,NULL,1,202,613.11,3.04
FOODS_1,2015-07-07,11523,Tuesday,TX_3,TX,FOODS,NULL,NULL,NULL,NULL,1,308,992.34,3.22
FOODS_1,2015-07-08,11523,Wednesday,TX_3,TX,FOODS,NULL,NULL,NULL,NULL,0,211,680.23,3.22
FOODS_1,2015-07-09,11523,Thursday,TX_3,TX,FOODS,NULL,NULL,NULL,NULL,1,314,939.18,2.99
FOODS_1,2015-07-10,11523,Friday,TX_3,TX,FOODS,NULL,NULL,NULL,NULL,0,296,975.40,3.30
FOODS_1,2015-07-11,11524,Saturday,TX_3,TX,FOODS,NULL,NULL,NULL,NULL,1,259,675.82,2.61
FOODS_1,2015-07-12,11524,Sunday,TX_3,TX,FOODS,NULL,NULL,NULL,NULL,1,291,764.19,2.63
FOODS_1,2015-07-13,11524,Monday,TX_3,TX,FOODS,NULL,NULL,NULL,NULL,1,239,670.69,2.81
FOODS_1,2015-07-14,11524,Tuesday,TX_3,TX,FOODS,NULL,NULL,NULL,NULL,0,214,575.10,2.69
FOODS_1,2015-07-15,11524,Wednesday,TX_3,TX,FOODS,NULL,NULL,NULL,NULL,1,183,483.58,2.64
FOODS_1,2015-07-16,11524,Thursday,TX_3,TX,FOODS,NULL,NULL,NULL,NULL,0,245,818.97,3.34
FOODS_1,2015-07-17,11524,Friday,TX_3,TX,FOODS,NULL,NULL,NULL,NULL,0,304,841.52,2.77
FOODS_1,2015-07-19,11525,Sunday,TX_3,TX,FOODS,NULL,NULL,NULL,NULL,0,243,606.29,2.50
FOODS_1,2015-07-20,11525,Monday,TX_3,TX,FOODS,NULL,NULL,NULL,NULL,0,216,562.45,2.60
FOODS_1,2015-07-21,11525,Tuesday,TX_3,TX,FOODS,NULL,NULL,NULL,NULL,0,196,558.55,2.85
FOODS_1,2015-07-22,11525,Wednesday,TX_3,TX,FOODS,NULL,NULL,NULL,NULL,0,246,706.61,2.87
FOODS_1,2015-07-23,11525,Thursday,TX_3,TX,FOODS,NULL,NULL,NULL,NULL,0,257,789.90,3.07
FOODS_1,2015-07-24,11525,Friday,TX_3,TX,FOODS,NULL,NULL,NULL,NULL,0,290,842.88,2.91
FOODS_1,2015-07-25,11526,Saturday,TX_3,TX,FOODS,NULL,NULL,NULL,NULL,0,225,515.56,2.29
FOODS_1,2015-07-26,11526,Sunday,TX_3,TX,FOODS,NULL,NULL,NULL,NULL,0,234,546.85,2.34
FOODS_1,2015-07-27,11526,Monday,TX_3,TX,FOODS,NULL,NULL,NULL,NULL,0,206,639.68,3.11
FOODS_1,2015-07-28,11526,Tuesday,TX_3,TX,FOODS,NULL,NULL,NULL,NULL,0,225,765.22,3.40
FOODS_1,2015-07-29,11526,Wednesday,TX_3,TX,FOODS,NULL,NULL,NULL,NULL,0,168,597.41,3.56
FOODS_1,2015-07-30,11526,Thursday,TX_3,TX,FOODS,NULL,NULL,NULL,NULL,0,218,724.65,3.32
FOODS_1,2015-07-31,11526,Friday,TX_3,TX,FOODS,NULL,NULL,NULL,NULL,0,285,738.43,2.59
FOODS_1,2015-08-01,11527,Saturday,TX_3,TX,FOODS,NULL,NULL,NULL,NULL,1,302,816.96,2.71
FOODS_1,2015-08-02,11527,Sunday,TX_3,TX,FOODS,NULL,NULL,NULL,NULL,0,232,613.85,2.65
FOODS_1,2015-08-03,11527,Monday,TX_3,TX,FOODS,NULL,NULL,NULL,NULL,1,297,893.21,3.01
FOODS_1,2015-08-04,11527,Tuesday,TX_3,TX,FOODS,NULL,NULL,NULL,NULL,0,249,703.38,2.82
FOODS_1,2015-08-05,11527,Wednesday,TX_3,TX,FOODS,NULL,NULL,NULL,NULL,1,197,628.01,3.19
FOODS_1,2015-08-06,11527,Thursday,TX_3,TX,FOODS,NULL,NULL,NULL,NULL,1,222,791.81,3.57
FOODS_1,2015-08-07,11527,Friday,TX_3,TX,FOODS,NULL,NULL,NULL,NULL,1,277,825.01,2.98
FOODS_1,2015-08-08,11528,Saturday,TX_3,TX,FOODS,NULL,NULL,NULL,NULL,0,255,835.50,3.28
FOODS_1,2015-08-09,11528,Sunday,TX_3,TX,FOODS,NULL,NULL,NULL,NULL,1,215,582.67,2.71
FOODS_1,2015-08-10,11528,Monday,TX_3,TX,FOODS,NULL,NULL,NULL,NULL,0,207,679.10,3.28
FOODS_1,2015-08-11,11528,Tuesday,TX_3,TX,FOODS,NULL,NULL,NULL,NULL,1,226,715.42,3.17
FOODS_1,2015-08-12,11528,Wednesday,TX_3,TX,FOODS,NULL,NULL,NULL,NULL,1,311,925.01,2.97
FOODS_1,2015-08-13,11528,Thursday,TX_3,TX,FOODS,NULL,NULL,NULL,NULL,1,272,867.65,3.19
FOODS_1,2015-08-14,11528,Friday,TX_3,TX,FOODS,NULL,NULL,NULL,NULL,0,266,851.60,3.20
FOODS_1,2015-08-15,11529,Saturday,TX_3,TX,FOODS,NULL,NULL,NULL,NULL,1,239,674.35,2.82
FOODS_1,2015-08-16,11529,Sunday,TX_3,TX,FOODS,NULL,NULL,NULL,NULL,0,231,671.55,2.91
FOODS_1,2015-08-17,11529,Monday,TX_3,TX,FOODS,NULL,NULL,NULL,NULL,0,220,579.68,2.63
FOODS_1,2015-08-18,11529,Tuesday,TX_3,TX,FOODS,NULL,NULL,NULL,NULL,0,236,779.67,3.30
FOODS_1,2015-08-19,11529,Wednesday,TX_3,TX,FOODS,NULL,NULL,NULL,NULL,0,229,748.29,3.27
FOODS_1,2015-08-20,11529,Thursday,TX_3,TX,FOODS,NULL,NULL,NULL,NULL,0,247,796.05,3.22
FOODS_1,2015-08-21,11529,Friday,TX_3,TX,FOODS,NULL,NULL,NULL,NULL,0,364,1137.79,3.13
FOODS_1,2015-08-22,11530,Saturday,TX_3,TX,FOODS,NULL,NULL,NULL,NULL,0,308,763.71,2.48
FOODS_1,2015-08-23,11530,Sunday,TX_3,TX,FOODS,NULL,NULL,NULL,NULL,0,232,605.68,2.61
FOODS_1,2015-08-24,11530,Monday,TX_3,TX,FOODS,NULL,NULL,NULL,NULL,0,208,637.87,3.07
FOODS_1,2015-08-25,11530,Tuesday,TX_3,TX,FOODS,NULL,NULL,NULL,NULL,0,242,755.42,3.12
FOODS_1,2015-08-26,11530,Wednesday,TX_3,TX,FOODS,NULL,NULL,NULL,NULL,0,307,911.63,2.97
FOODS_1,2015-08-27,11530,Thursday,TX_3,TX,FOODS,NULL,NULL,NULL,NULL,0,290,944.68,3.26
FOODS_1,2015-08-28,11530,Friday,TX_3,TX,FOODS,NULL,NULL,NULL,NULL,0,257,873.07,3.40
FOODS_1,2015-08-29,11531,Saturday,TX_3,TX,FOODS,NULL,NULL,NULL,NULL,0,221,619.35,2.80
FOODS_1,2015-08-30,11531,Sunday,TX_3,TX,FOODS,NULL,NULL,NULL,NULL,0,233,611.93,2.63
FOODS_1,2015-08-31,11531,Monday,TX_3,TX,FOODS,NULL,NULL,NULL,NULL,0,204,698.54,3.42
FOODS_1,2015-09-01,11531,Tuesday,TX_3,TX,FOODS,NULL,NULL,NULL,NULL,1,307,918.29,2.99
FOODS_1,2015-09-02,11531,Wednesday,TX_3,TX,FOODS,NULL,NULL,NULL,NULL,0,245,747.97,3.05
FOODS_1,2015-09-03,11531,Thursday,TX_3,TX,FOODS,NULL,NULL,NULL,NULL,1,378,1181.38,3.13
FOODS_1,2015-09-04,11531,Friday,TX_3,TX,FOODS,NULL,NULL,NULL,NULL,0,251,631.61,2.52
FOODS_1,2015-09-05,11532,Saturday,TX_3,TX,FOODS,NULL,NULL,NULL,NULL,1,304,768.56,2.53
FOODS_1,2015-09-06,11532,Sunday,TX_3,TX,FOODS,NULL,NULL,NULL,NULL,1,294,707.10,2.41
FOODS_1,2015-09-08,11532,Tuesday,TX_3,TX,FOODS,NULL,NULL,NULL,NULL,0,274,835.97,3.05
FOODS_1,2015-09-09,11532,Wednesday,TX_3,TX,FOODS,NULL,NULL,NULL,NULL,1,221,661.87,2.99
FOODS_1,2015-09-10,11532,Thursday,TX_3,TX,FOODS,NULL,NULL,NULL,NULL,0,278,841.80,3.03
FOODS_1,2015-09-11,11532,Friday,TX_3,TX,FOODS,NULL,NULL,NULL,NULL,1,324,983.79,3.04
FOODS_1,2015-09-12,11533,Saturday,TX_3,TX,FOODS,NULL,NULL,NULL,NULL,1,374,1019.67,2.73
FOODS_1,2015-09-13,11533,Sunday,TX_3,TX,FOODS,NULL,NULL,NULL,NULL,1,279,801.14,2.87
FOODS_1,2015-09-14,11533,Monday,TX_3,TX,FOODS,NULL,NULL,NULL,NULL,0,284,789.52,2.78
FOODS_1,2015-09-15,11533,Tuesday,TX_3,TX,FOODS,NULL,NULL,NULL,NULL,1,295,977.07,3.31
FOODS_1,2015-09-16,11533,Wednesday,TX_3,TX,FOODS,NULL,NULL,NULL,NULL,0,245,698.88,2.85
FOODS_1,2015-09-17,11533,Thursday,TX_3,TX,FOODS,NULL,NULL,NULL,NULL,0,289,888.61,3.07
FOODS_1,2015-09-18,11533,Friday,TX_3,TX,FOODS,NULL,NULL,NULL,NULL,0,337,999.31,2.97
FOODS_1,2015-09-19,11534,Saturday,TX_3,TX,FOODS,NULL,NULL,NULL,NULL,0,313,862.57,2.76
FOODS_1,2015-09-20,11534,Sunday,TX_3,TX,FOODS,NULL,NULL,NULL,NULL,0,313,926.95,2.96
FOODS_1,2015-09-21,11534,Monday,TX_3,TX,FOODS,NULL,NULL,NULL,NULL,0,235,789.09,3.36
FOODS_1,2015-09-22,11534,Tuesday,TX_3,TX,FOODS,NULL,NULL,NULL,NULL,0,253,687.18,2.72
FOODS_1,2015-09-23,11534,Wednesday,TX_3,TX,FOODS,NULL,NULL,NULL,NULL,0,275,811.19,2.95
FOODS_1,2015-09-25,11534,Friday,TX_3,TX,FOODS,NULL,NULL,NULL,NULL,0,290,866.82,2.99
FOODS_1,2015-09-26,11535,Saturday,TX_3,TX,FOODS,NULL,NULL,NULL,NULL,0,311,956.72,3.08
FOODS_1,2015-09-27,11535,Sunday,TX_3,TX,FOODS,NULL,NULL,NULL,NULL,0,303,933.69,3.08
FOODS_1,2015-09-28,11535,Monday,TX_3,TX,FOODS,NULL,NULL,NULL,NULL,0,240,799.24,3.33
FOODS_1,2015-09-29,11535,Tuesday,TX_3,TX,FOODS,NULL,NULL,NULL,NULL,0,189,553.90,2.93
FOODS_1,2015-09-30,11535,Wednesday,TX_3,TX,FOODS,NULL,NULL,NULL,NULL,0,238,817.97,3.44
FOODS_1,2015-10-01,11535,Thursday,TX_3,TX,FOODS,NULL,NULL,NULL,NULL,1,331,1020.07,3.08
FOODS_1,2015-10-02,11535,Friday,TX_3,TX,FOODS,NULL,NULL,NULL,NULL,0,343,1109.65,3.24
FOODS_1,2015-10-03,11536,Saturday,TX_3,TX,FOODS,NULL,NULL,NULL,NULL,1,398,1077.37,2.71
FOODS_1,2015-10-04,11536,Sunday,TX_3,TX,FOODS,NULL,NULL,NULL,NULL,0,371,1060.22,2.86
FOODS_1,2015-10-05,11536,Monday,TX_3,TX,FOODS,NULL,NULL,NULL,NULL,1,235,712.48,3.03
FOODS_1,2015-10-06,11536,Tuesday,TX_3,TX,FOODS,NULL,NULL,NULL,NULL,1,271,811.21,2.99
FOODS_1,2015-10-07,11536,Wednesday,TX_3,TX,FOODS,NULL,NULL,NULL,NULL,1,326,908.13,2.79
FOODS_1,2015-10-08,11536,Thursday,TX_3,TX,FOODS,NULL,NULL,NULL,NULL,0,351,1217.15,3.47
FOODS_1,2015-10-09,11536,Friday,TX_3,TX,FOODS,NULL,NULL,NULL,NULL,1,267,810.58,3.04
FOODS_1,2015-10-10,11537,Saturday,TX_3,TX,FOODS,NULL,NULL,NULL,NULL,0,286,917.58,3.21
FOODS_1,2015-10-11,11537,Sunday,TX_3,TX,FOODS,NULL,NULL,NULL,NULL,1,244,693.76,2.84
FOODS_1,2015-10-13,11537,Tuesday,TX_3,TX,FOODS,NULL,NULL,NULL,NULL,1,294,970.37,3.30
FOODS_1,2015-10-14,11537,Wednesday,TX_3,TX,FOODS,NULL,NULL,NULL,NULL,0,170,612.84,3.60
FOODS_1,2015-10-15,11537,Thursday,TX_3,TX,FOODS,NULL,NULL,NULL,NULL,1,312,980.72,3.14
FOODS_1,2015-10-16,11537,Friday,TX_3,TX,FOODS,NULL,NULL,NULL,NULL,0,290,885.69,3.05
FOODS_1,2015-10-17,11538,Saturday,TX_3,TX,FOODS,NULL,NULL,NULL,NULL,0,319,858.73,2.69
FOODS_1,2015-10-18,11538,Sunday,TX_3,TX,FOODS,NULL,NULL,NULL,NULL,0,264,760.20,2.88
FOODS_1,2015-10-19,11538,Monday,TX_3,TX,FOODS,NULL,NULL,NULL,NULL,0,280,934.23,3.34
FOODS_1,2015-10-20,11538,Tuesday,TX_3,TX,FOODS,NULL,NULL,NULL,NULL,0,258,741.91,2.88
FOODS_1,2015-10-21,11538,Wednesday,TX_3,TX,FOODS,NULL,NULL,NULL,NULL,0,256,761.78,2.98
FOODS_1,2015-10-22,11538,Thursday,TX_3,TX,FOODS,NULL,NULL,NULL,NULL,0,238,822.42,3.46
FOODS_1,2015-10-23,11538,Friday,TX_3,TX,FOODS,NULL,NULL,NULL,NULL,0,259,933.63,3.60
FOODS_1,2015-10-24,11539,Saturday,TX_3,TX,FOODS,NULL,NULL,NULL,NULL,0,270,830.42,3.08
FOODS_1,2015-10-25,11539,Sunday,TX_3,TX,FOODS,NULL,NULL,NULL,NULL,0,233,733.44,3.15
FOODS_1,2015-10-26,11539,Monday,TX_3,TX,FOODS,NULL,NULL,NULL,NULL,0,236,846.90,3.59
FOODS_1,2015-10-27,11539,Tuesday,TX_3,TX,FOODS,NULL,NULL,NULL,NULL,0,250,736.51,2.95
FOODS_1,2015-10-28,11539,Wednesday,TX_3,TX,FOODS,NULL,NULL,NULL,NULL,0,256,830.63,3.24
FOODS_1,2015-10-29,11539,Thursday,TX_3,TX,FOODS,NULL,NULL,NULL,NULL,0,339,1124.60,3.32
FOODS_1,2015-10-30,11539,Friday,TX_3,TX,FOODS,NULL,NULL,NULL,NULL,0,342,1080.07,3.16
FOODS_1,2015-11-01,11540,Sunday,TX_3,TX,FOODS,NULL,NULL,NULL,NULL,1,258,820.82,3.18
FOODS_1,2015-11-02,11540,Monday,TX_3,TX,FOODS,NULL,NULL,NULL,NULL,0,210,830.80,3.96
FOODS_1,2015-11-03,11540,Tuesday,TX_3,TX,FOODS,NULL,NULL,NULL,NULL,1,282,896.03,3.18
FOODS_1,2015-11-04,11540,Wednesday,TX_3,TX,FOODS,NULL,NULL,NULL,NULL,0,211,755.09,3.58
FOODS_1,2015-11-05,11540,Thursday,TX_3,TX,FOODS,NULL,NULL,NULL,NULL,1,214,725.87,3.39
FOODS_1,2015-11-06,11540,Friday,TX_3,TX,FOODS,NULL,NULL,NULL,NULL,1,250,876.06,3.50
FOODS_1,2015-11-07,11541,Saturday,TX_3,TX,FOODS,NULL,NULL,NULL,NULL,1,258,811.73,3.15
FOODS_1,2015-11-08,11541,Sunday,TX_3,TX,FOODS,NULL,NULL,NULL,NULL,0,220,651.62,2.96
FOODS_1,2015-11-09,11541,Monday,TX_3,TX,FOODS,NULL,NULL,NULL,NULL,1,260,868.43,3.34
FOODS_1,2015-11-10,11541,Tuesday,TX_3,TX,FOODS,NULL,NULL,NULL,NULL,0,254,954.19,3.76
FOODS_1,2015-11-12,11541,Thursday,TX_3,TX,FOODS,NULL,NULL,NULL,NULL,1,316,1199.74,3.80
FOODS_1,2015-11-13,11541,Friday,TX_3,TX,FOODS,NULL,NULL,NULL,NULL,1,274,943.85,3.44
FOODS_1,2015-11-14,11542,Saturday,TX_3,TX,FOODS,NULL,NULL,NULL,NULL,0,294,872.07,2.97
FOODS_1,2015-11-15,11542,Sunday,TX_3,TX,FOODS,NULL,NULL,NULL,NULL,1,309,789.05,2.55
FOODS_1,2015-11-16,11542,Monday,TX_3,TX,FOODS,NULL,NULL,NULL,NULL,0,254,773.75,3.05
FOODS_1,2015-11-17,11542,Tuesday,TX_3,TX,FOODS,NULL,NULL,NULL,NULL,0,220,831.10,3.78
FOODS_1,2015-11-18,11542,Wednesday,TX_3,TX,FOODS,NULL,NULL,NULL,NULL,0,287,1076.71,3.75
FOODS_1,2015-11-19,11542,Thursday,TX_3,TX,FOODS,NULL,NULL,NULL,NULL,0,259,761.09,2.94
FOODS_1,2015-11-20,11542,Friday,TX_3,TX,FOODS,NULL,NULL,NULL,NULL,0,362,1219.15,3.37
FOODS_1,2015-11-21,11543,Saturday,TX_3,TX,FOODS,NULL,NULL,NULL,NULL,0,310,855.53,2.76
