03 Clean Data/daily_store_performance_clean.csv
dept_id,sale_date,wm_yr_wk,weekday,store_id,state_id,cat_id,event_name_1,event_type_1,event_name_2,event_type_2,snap_TX,total_units_sold,total_revenue,average_selling_price
FOODS_1,2015-11-22,11543,Sunday,TX_3,TX,FOODS,NULL,NULL,NULL,NULL,0,249,800.96,3.22
FOODS_1,2015-11-23,11543,Monday,TX_3,TX,FOODS,NULL,NULL,NULL,NULL,0,243,847.31,3.49
FOODS_1,2015-11-24,11543,Tuesday,TX_3,TX,FOODS,NULL,NULL,NULL,NULL,0,269,936.56,3.48
FOODS_1,2015-11-25,11543,Wednesday,TX_3,TX,FOODS,NULL,NULL,NULL,NULL,0,297,1079.15,3.63
FOODS_1,2015-11-27,11543,Friday,TX_3,TX,FOODS,NULL,NULL,NULL,NULL,0,297,764.53,2.57
FOODS_1,2015-11-28,11544,Saturday,TX_3,TX,FOODS,NULL,NULL,NULL,NULL,0,342,1027.10,3.00
FOODS_1,2015-11-29,11544,Sunday,TX_3,TX,FOODS,NULL,NULL,NULL,NULL,0,257,816.91,3.18
FOODS_1,2015-11-30,11544,Monday,TX_3,TX,FOODS,NULL,NULL,NULL,NULL,0,249,762.61,3.06
FOODS_1,2015-12-01,11544,Tuesday,TX_3,TX,FOODS,NULL,NULL,NULL,NULL,1,302,1020.25,3.38
FOODS_1,2015-12-02,11544,Wednesday,TX_3,TX,FOODS,NULL,NULL,NULL,NULL,0,231,801.77,3.47
FOODS_1,2015-12-03,11544,Thursday,TX_3,TX,FOODS,NULL,NULL,NULL,NULL,1,322,1097.99,3.41
FOODS_1,2015-12-04,11544,Friday,TX_3,TX,FOODS,NULL,NULL,NULL,NULL,0,267,882.52,3.31
FOODS_1,2015-12-05,11545,Saturday,TX_3,TX,FOODS,NULL,NULL,NULL,NULL,1,311,929.89,2.99
FOODS_1,2015-12-06,11545,Sunday,TX_3,TX,FOODS,NULL,NULL,NULL,NULL,1,243,664.44,2.73
FOODS_1,2015-12-07,11545,Monday,TX_3,TX,FOODS,NULL,NULL,NULL,NULL,1,255,789.09,3.09
FOODS_1,2015-12-08,11545,Tuesday,TX_3,TX,FOODS,NULL,NULL,NULL,NULL,0,287,805.87,2.81
FOODS_1,2015-12-09,11545,Wednesday,TX_3,TX,FOODS,NULL,NULL,NULL,NULL,1,241,668.35,2.77
FOODS_1,2015-12-10,11545,Thursday,TX_3,TX,FOODS,NULL,NULL,NULL,NULL,0,214,644.08,3.01
FOODS_1,2015-12-11,11545,Friday,TX_3,TX,FOODS,NULL,NULL,NULL,NULL,1,290,737.41,2.54
FOODS_1,2015-12-12,11546,Saturday,TX_3,TX,FOODS,NULL,NULL,NULL,NULL,1,355,1038.61,2.93
FOODS_1,2015-12-13,11546,Sunday,TX_3,TX,FOODS,NULL,NULL,NULL,NULL,1,328,949.12,2.89
FOODS_1,2015-12-15,11546,Tuesday,TX_3,TX,FOODS,NULL,NULL,NULL,NULL,1,308,1086.62,3.53
FOODS_1,2015-12-16,11546,Wednesday,TX_3,TX,FOODS,NULL,NULL,NULL,NULL,0,371,1061.68,2.86
FOODS_1,2015-12-17,11546,Thursday,TX_3,TX,FOODS,NULL,NULL,NULL,NULL,0,424,1510.13,3.56
FOODS_1,2015-12-18,11546,Friday,TX_3,TX,FOODS,NULL,NULL,NULL,NULL,0,351,1264.05,3.60
FOODS_1,2015-12-19,11547,Saturday,TX_3,TX,FOODS,NULL,NULL,NULL,NULL,0,370,1167.25,3.15
FOODS_1,2015-12-20,11547,Sunday,TX_3,TX,FOODS,NULL,NULL,NULL,NULL,0,342,1154.20,3.37
FOODS_1,2015-12-21,11547,Monday,TX_3,TX,FOODS,NULL,NULL,NULL,NULL,0,300,1052.71,3.51
FOODS_1,2015-12-22,11547,Tuesday,TX_3,TX,FOODS,NULL,NULL,NULL,NULL,0,447,1530.75,3.42
FOODS_1,2015-12-23,11547,Wednesday,TX_3,TX,FOODS,NULL,NULL,NULL,NULL,0,411,1248.03,3.04
FOODS_1,2015-12-24,11547,Thursday,TX_3,TX,FOODS,NULL,NULL,NULL,NULL,0,366,1054.43,2.88
FOODS_1,2015-12-26,11548,Saturday,TX_3,TX,FOODS,NULL,NULL,NULL,NULL,0,323,980.66,3.04
FOODS_1,2015-12-27,11548,Sunday,TX_3,TX,FOODS,NULL,NULL,NULL,NULL,0,283,854.79,3.02
FOODS_1,2015-12-28,11548,Monday,TX_3,TX,FOODS,NULL,NULL,NULL,NULL,0,289,897.26,3.10
FOODS_1,2015-12-29,11548,Tuesday,TX_3,TX,FOODS,NULL,NULL,NULL,NULL,0,275,892.55,3.25
FOODS_1,2015-12-30,11548,Wednesday,TX_3,TX,FOODS,NULL,NULL,NULL,NULL,0,212,666.63,3.14
FOODS_1,2015-12-31,11548,Thursday,TX_3,TX,FOODS,NULL,NULL,NULL,NULL,0,311,1063.13,3.42
FOODS_1,2016-01-02,11549,Saturday,TX_3,TX,FOODS,NULL,NULL,NULL,NULL,0,291,831.08,2.86
FOODS_1,2016-01-03,11549,Sunday,TX_3,TX,FOODS,NULL,NULL,NULL,NULL,1,262,738.20,2.82
FOODS_1,2016-01-04,11549,Monday,TX_3,TX,FOODS,NULL,NULL,NULL,NULL,0,300,1013.58,3.38
FOODS_1,2016-01-05,11549,Tuesday,TX_3,TX,FOODS,NULL,NULL,NULL,NULL,1,278,904.47,3.25
FOODS_1,2016-01-06,11549,Wednesday,TX_3,TX,FOODS,NULL,NULL,NULL,NULL,1,190,555.33,2.92
FOODS_1,2016-01-08,11549,Friday,TX_3,TX,FOODS,NULL,NULL,NULL,NULL,0,304,1037.33,3.41
FOODS_1,2016-01-09,11550,Saturday,TX_3,TX,FOODS,NULL,NULL,NULL,NULL,1,323,815.39,2.52
FOODS_1,2016-01-10,11550,Sunday,TX_3,TX,FOODS,NULL,NULL,NULL,NULL,0,252,772.02,3.06
FOODS_1,2016-01-11,11550,Monday,TX_3,TX,FOODS,NULL,NULL,NULL,NULL,1,254,781.04,3.08
FOODS_1,2016-01-12,11550,Tuesday,TX_3,TX,FOODS,NULL,NULL,NULL,NULL,1,306,1120.34,3.66
FOODS_1,2016-01-13,11550,Wednesday,TX_3,TX,FOODS,NULL,NULL,NULL,NULL,1,328,991.18,3.02
FOODS_1,2016-01-14,11550,Thursday,TX_3,TX,FOODS,NULL,NULL,NULL,NULL,0,283,948.56,3.35
FOODS_1,2016-01-15,11550,Friday,TX_3,TX,FOODS,NULL,NULL,NULL,NULL,1,347,1097.68,3.16
FOODS_1,2016-01-16,11551,Saturday,TX_3,TX,FOODS,NULL,NULL,NULL,NULL,0,418,1252.67,3.00
FOODS_1,2016-01-17,11551,Sunday,TX_3,TX,FOODS,NULL,NULL,NULL,NULL,0,337,964.31,2.86
FOODS_1,2016-01-19,11551,Tuesday,TX_3,TX,FOODS,NULL,NULL,NULL,NULL,0,280,908.38,3.24
FOODS_1,2016-01-20,11551,Wednesday,TX_3,TX,FOODS,NULL,NULL,NULL,NULL,0,272,925.09,3.40
FOODS_1,2016-01-21,11551,Thursday,TX_3,TX,FOODS,NULL,NULL,NULL,NULL,0,364,1157.29,3.18
FOODS_1,2016-01-22,11551,Friday,TX_3,TX,FOODS,NULL,NULL,NULL,NULL,0,420,1216.35,2.90
FOODS_1,2016-01-23,11552,Saturday,TX_3,TX,FOODS,NULL,NULL,NULL,NULL,0,334,961.25,2.88
FOODS_1,2016-01-24,11552,Sunday,TX_3,TX,FOODS,NULL,NULL,NULL,NULL,0,322,902.02,2.80
FOODS_1,2016-01-25,11552,Monday,TX_3,TX,FOODS,NULL,NULL,NULL,NULL,0,298,1006.22,3.38
FOODS_1,2016-01-26,11552,Tuesday,TX_3,TX,FOODS,NULL,NULL,NULL,NULL,0,276,933.06,3.38
FOODS_1,2016-01-27,11552,Wednesday,TX_3,TX,FOODS,NULL,NULL,NULL,NULL,0,267,824.10,3.09
FOODS_1,2016-01-28,11552,Thursday,TX_3,TX,FOODS,NULL,NULL,NULL,NULL,0,330,1120.52,3.40
FOODS_1,2016-01-29,11552,Friday,TX_3,TX,FOODS,NULL,NULL,NULL,NULL,0,304,1031.79,3.39
FOODS_1,2016-01-30,11601,Saturday,TX_3,TX,FOODS,NULL,NULL,NULL,NULL,0,308,969.62,3.15
FOODS_1,2016-01-31,11601,Sunday,TX_3,TX,FOODS,NULL,NULL,NULL,NULL,0,228,784.78,3.44
FOODS_1,2016-02-01,11601,Monday,TX_3,TX,FOODS,NULL,NULL,NULL,NULL,1,276,1022.89,3.71
FOODS_1,2016-02-02,11601,Tuesday,TX_3,TX,FOODS,NULL,NULL,NULL,NULL,0,236,885.22,3.75
FOODS_1,2016-02-03,11601,Wednesday,TX_3,TX,FOODS,NULL,NULL,NULL,NULL,1,361,1440.26,3.99
FOODS_1,2016-02-04,11601,Thursday,TX_3,TX,FOODS,NULL,NULL,NULL,NULL,0,245,891.38,3.64
FOODS_1,2016-02-05,11601,Friday,TX_3,TX,FOODS,NULL,NULL,NULL,NULL,1,277,968.74,3.50
FOODS_1,2016-02-06,11602,Saturday,TX_3,TX,FOODS,NULL,NULL,NULL,NULL,1,216,742.12,3.44
FOODS_1,2016-02-08,11602,Monday,TX_3,TX,FOODS,NULL,NULL,NULL,NULL,0,269,843.56,3.14
FOODS_1,2016-02-09,11602,Tuesday,TX_3,TX,FOODS,NULL,NULL,NULL,NULL,1,387,1139.87,2.95
FOODS_1,2016-02-11,11602,Thursday,TX_3,TX,FOODS,NULL,NULL,NULL,NULL,1,491,1484.77,3.02
FOODS_1,2016-02-12,11602,Friday,TX_3,TX,FOODS,NULL,NULL,NULL,NULL,1,381,1197.70,3.14
FOODS_1,2016-02-13,11603,Saturday,TX_3,TX,FOODS,NULL,NULL,NULL,NULL,1,441,1346.44,3.05
FOODS_1,2016-02-16,11603,Tuesday,TX_3,TX,FOODS,NULL,NULL,NULL,NULL,0,185,648.30,3.50
FOODS_1,2016-02-18,11603,Thursday,TX_3,TX,FOODS,NULL,NULL,NULL,NULL,0,352,1235.15,3.51
FOODS_1,2016-02-19,11603,Friday,TX_3,TX,FOODS,NULL,NULL,NULL,NULL,0,300,944.04,3.15
FOODS_1,2016-02-20,11604,Saturday,TX_3,TX,FOODS,NULL,NULL,NULL,NULL,0,303,894.26,2.95
FOODS_1,2016-02-21,11604,Sunday,TX_3,TX,FOODS,NULL,NULL,NULL,NULL,0,324,991.97,3.06
FOODS_1,2016-02-22,11604,Monday,TX_3,TX,FOODS,NULL,NULL,NULL,NULL,0,275,830.46,3.02
FOODS_1,2016-02-23,11604,Tuesday,TX_3,TX,FOODS,NULL,NULL,NULL,NULL,0,257,912.44,3.55
FOODS_1,2016-02-24,11604,Wednesday,TX_3,TX,FOODS,NULL,NULL,NULL,NULL,0,306,976.72,3.19
FOODS_1,2016-02-25,11604,Thursday,TX_3,TX,FOODS,NULL,NULL,NULL,NULL,0,239,756.84,3.17
FOODS_1,2016-02-26,11604,Friday,TX_3,TX,FOODS,NULL,NULL,NULL,NULL,0,257,857.73,3.34
FOODS_1,2016-02-27,11605,Saturday,TX_3,TX,FOODS,NULL,NULL,NULL,NULL,0,225,722.54,3.21
FOODS_1,2016-02-28,11605,Sunday,TX_3,TX,FOODS,NULL,NULL,NULL,NULL,0,282,844.80,3.00
FOODS_1,2016-02-29,11605,Monday,TX_3,TX,FOODS,NULL,NULL,NULL,NULL,0,241,801.44,3.33
FOODS_1,2016-03-01,11605,Tuesday,TX_3,TX,FOODS,NULL,NULL,NULL,NULL,1,287,897.01,3.13
FOODS_1,2016-03-02,11605,Wednesday,TX_3,TX,FOODS,NULL,NULL,NULL,NULL,0,265,894.08,3.37
FOODS_1,2016-03-03,11605,Thursday,TX_3,TX,FOODS,NULL,NULL,NULL,NULL,1,331,1199.82,3.62
FOODS_1,2016-03-04,11605,Friday,TX_3,TX,FOODS,NULL,NULL,NULL,NULL,0,352,1240.93,3.53
FOODS_1,2016-03-05,11606,Saturday,TX_3,TX,FOODS,NULL,NULL,NULL,NULL,1,293,954.50,3.26
FOODS_1,2016-03-06,11606,Sunday,TX_3,TX,FOODS,NULL,NULL,NULL,NULL,1,248,791.26,3.19
FOODS_1,2016-03-07,11606,Monday,TX_3,TX,FOODS,NULL,NULL,NULL,NULL,1,265,883.96,3.34
FOODS_1,2016-03-08,11606,Tuesday,TX_3,TX,FOODS,NULL,NULL,NULL,NULL,0,246,964.54,3.92
FOODS_1,2016-03-09,11606,Wednesday,TX_3,TX,FOODS,NULL,NULL,NULL,NULL,1,233,812.79,3.49
FOODS_1,2016-03-10,11606,Thursday,TX_3,TX,FOODS,NULL,NULL,NULL,NULL,0,339,1216.21,3.59
FOODS_1,2016-03-11,11606,Friday,TX_3,TX,FOODS,NULL,NULL,NULL,NULL,1,229,780.21,3.41
FOODS_1,2016-03-12,11607,Saturday,TX_3,TX,FOODS,NULL,NULL,NULL,NULL,1,226,840.83,3.72
FOODS_1,2016-03-13,11607,Sunday,TX_3,TX,FOODS,NULL,NULL,NULL,NULL,1,216,623.50,2.89
FOODS_1,2016-03-14,11607,Monday,TX_3,TX,FOODS,NULL,NULL,NULL,NULL,0,242,676.46,2.80
FOODS_1,2016-03-15,11607,Tuesday,TX_3,TX,FOODS,NULL,NULL,NULL,NULL,1,266,825.57,3.10
FOODS_1,2016-03-16,11607,Wednesday,TX_3,TX,FOODS,NULL,NULL,NULL,NULL,0,246,801.44,3.26
FOODS_1,2016-03-18,11607,Friday,TX_3,TX,FOODS,NULL,NULL,NULL,NULL,0,259,966.32,3.73
FOODS_1,2016-03-19,11608,Saturday,TX_3,TX,FOODS,NULL,NULL,NULL,NULL,0,262,811.67,3.10
FOODS_1,2016-03-20,11608,Sunday,TX_3,TX,FOODS,NULL,NULL,NULL,NULL,0,249,791.73,3.18
FOODS_1,2016-03-21,11608,Monday,TX_3,TX,FOODS,NULL,NULL,NULL,NULL,0,232,771.02,3.32
FOODS_1,2016-03-22,11608,Tuesday,TX_3,TX,FOODS,NULL,NULL,NULL,NULL,0,236,696.42,2.95
FOODS_1,2016-03-23,11608,Wednesday,TX_3,TX,FOODS,NULL,NULL,NULL,NULL,0,316,1112.96,3.52
FOODS_1,2016-03-25,11608,Friday,TX_3,TX,FOODS,NULL,NULL,NULL,NULL,0,427,1168.46,2.74
FOODS_1,2016-03-26,11609,Saturday,TX_3,TX,FOODS,NULL,NULL,NULL,NULL,0,472,1155.44,2.45
FOODS_1,2016-03-28,11609,Monday,TX_3,TX,FOODS,NULL,NULL,NULL,NULL,0,296,821.07,2.77
FOODS_1,2016-03-29,11609,Tuesday,TX_3,TX,FOODS,NULL,NULL,NULL,NULL,0,227,765.12,3.37
FOODS_1,2016-03-30,11609,Wednesday,TX_3,TX,FOODS,NULL,NULL,NULL,NULL,0,207,707.48,3.42
FOODS_1,2016-03-31,11609,Thursday,TX_3,TX,FOODS,NULL,NULL,NULL,NULL,0,234,842.28,3.60
FOODS_1,2016-04-01,11609,Friday,TX_3,TX,FOODS,NULL,NULL,NULL,NULL,1,422,1431.22,3.39
FOODS_1,2016-04-02,11610,Saturday,TX_3,TX,FOODS,NULL,NULL,NULL,NULL,0,305,906.29,2.97
FOODS_1,2016-04-03,11610,Sunday,TX_3,TX,FOODS,NULL,NULL,NULL,NULL,1,245,734.15,3.00
FOODS_1,2016-04-04,11610,Monday,TX_3,TX,FOODS,NULL,NULL,NULL,NULL,0,275,920.44,3.35
FOODS_1,2016-04-05,11610,Tuesday,TX_3,TX,FOODS,NULL,NULL,NULL,NULL,1,281,889.79,3.17
FOODS_1,2016-04-06,11610,Wednesday,TX_3,TX,FOODS,NULL,NULL,NULL,NULL,1,297,1127.48,3.80
FOODS_1,2016-04-07,11610,Thursday,TX_3,TX,FOODS,NULL,NULL,NULL,NULL,1,238,798.91,3.36
FOODS_1,2016-04-08,11610,Friday,TX_3,TX,FOODS,NULL,NULL,NULL,NULL,0,271,934.12,3.45
FOODS_1,2016-04-09,11611,Saturday,TX_3,TX,FOODS,NULL,NULL,NULL,NULL,1,289,892.64,3.09
FOODS_1,2016-04-10,11611,Sunday,TX_3,TX,FOODS,NULL,NULL,NULL,NULL,0,277,816.72,2.95
FOODS_1,2016-04-11,11611,Monday,TX_3,TX,FOODS,NULL,NULL,NULL,NULL,1,240,737.94,3.07
FOODS_1,2016-04-12,11611,Tuesday,TX_3,TX,FOODS,NULL,NULL,NULL,NULL,1,270,932.66,3.45
FOODS_1,2016-04-13,11611,Wednesday,TX_3,TX,FOODS,NULL,NULL,NULL,NULL,1,286,921.83,3.22
FOODS_1,2016-04-14,11611,Thursday,TX_3,TX,FOODS,NULL,NULL,NULL,NULL,0,312,1098.09,3.52
FOODS_1,2016-04-15,11611,Friday,TX_3,TX,FOODS,NULL,NULL,NULL,NULL,1,277,921.43,3.33
FOODS_1,2016-04-16,11612,Saturday,TX_3,TX,FOODS,NULL,NULL,NULL,NULL,0,298,822.76,2.76
FOODS_1,2016-04-17,11612,Sunday,TX_3,TX,FOODS,NULL,NULL,NULL,NULL,0,242,728.91,3.01
FOODS_1,2016-04-18,11612,Monday,TX_3,TX,FOODS,NULL,NULL,NULL,NULL,0,176,535.09,3.04
FOODS_1,2016-04-19,11612,Tuesday,TX_3,TX,FOODS,NULL,NULL,NULL,NULL,0,248,711.35,2.87
FOODS_1,2016-04-20,11612,Wednesday,TX_3,TX,FOODS,NULL,NULL,NULL,NULL,0,247,828.80,3.36
FOODS_1,2016-04-21,11612,Thursday,TX_3,TX,FOODS,NULL,NULL,NULL,NULL,0,302,1091.48,3.61
FOODS_1,2016-04-22,11612,Friday,TX_3,TX,FOODS,NULL,NULL,NULL,NULL,0,259,924.19,3.57
FOODS_1,2016-04-23,11613,Saturday,TX_3,TX,FOODS,NULL,NULL,NULL,NULL,0,250,855.20,3.42
FOODS_1,2016-04-24,11613,Sunday,TX_3,TX,FOODS,NULL,NULL,NULL,NULL,0,209,601.56,2.88
FOODS_1,2016-04-25,11613,Monday,TX_3,TX,FOODS,NULL,NULL,NULL,NULL,0,218,766.42,3.52
FOODS_1,2016-04-26,11613,Tuesday,TX_3,TX,FOODS,NULL,NULL,NULL,NULL,0,305,901.61,2.96
FOODS_1,2016-04-27,11613,Wednesday,TX_3,TX,FOODS,NULL,NULL,NULL,NULL,0,298,907.07,3.04
FOODS_1,2016-04-28,11613,Thursday,TX_3,TX,FOODS,NULL,NULL,NULL,NULL,0,326,1097.43,3.37
FOODS_1,2016-04-29,11613,Friday,TX_3,TX,FOODS,NULL,NULL,NULL,NULL,0,428,1429.49,3.34
FOODS_1,2016-05-02,11614,Monday,TX_3,TX,FOODS,NULL,NULL,NULL,NULL,0,361,1034.19,2.86
FOODS_1,2016-05-03,11614,Tuesday,TX_3,TX,FOODS,NULL,NULL,NULL,NULL,1,463,1499.12,3.24
FOODS_1,2016-05-04,11614,Wednesday,TX_3,TX,FOODS,NULL,NULL,NULL,NULL,0,291,908.40,3.12
FOODS_1,2016-05-06,11614,Friday,TX_3,TX,FOODS,NULL,NULL,NULL,NULL,1,332,1008.19,3.04
FOODS_1,2016-05-07,11615,Saturday,TX_3,TX,FOODS,NULL,NULL,NULL,NULL,1,494,1524.65,3.09
FOODS_1,2016-05-09,11615,Monday,TX_3,TX,FOODS,NULL,NULL,NULL,NULL,1,308,916.82,2.98
FOODS_1,2016-05-10,11615,Tuesday,TX_3,TX,FOODS,NULL,NULL,NULL,NULL,0,302,987.13,3.27
FOODS_1,2016-05-11,11615,Wednesday,TX_3,TX,FOODS,NULL,NULL,NULL,NULL,1,300,1100.96,3.67
FOODS_1,2016-05-12,11615,Thursday,TX_3,TX,FOODS,NULL,NULL,NULL,NULL,1,303,928.08,3.06
FOODS_1,2016-05-13,11615,Friday,TX_3,TX,FOODS,NULL,NULL,NULL,NULL,1,434,1460.28,3.36
FOODS_1,2016-05-14,11616,Saturday,TX_3,TX,FOODS,NULL,NULL,NULL,NULL,0,326,915.30,2.81
FOODS_1,2016-05-15,11616,Sunday,TX_3,TX,FOODS,NULL,NULL,NULL,NULL,1,342,952.90,2.79
FOODS_1,2016-05-16,11616,Monday,TX_3,TX,FOODS,NULL,NULL,NULL,NULL,0,324,1040.61,3.21
FOODS_1,2016-05-17,11616,Tuesday,TX_3,TX,FOODS,NULL,NULL,NULL,NULL,0,298,882.65,2.96
FOODS_1,2016-05-18,11616,Wednesday,TX_3,TX,FOODS,NULL,NULL,NULL,NULL,0,294,882.26,3.00
FOODS_1,2016-05-19,11616,Thursday,TX_3,TX,FOODS,NULL,NULL,NULL,NULL,0,355,1347.11,3.79
FOODS_1,2016-05-20,11616,Friday,TX_3,TX,FOODS,NULL,NULL,NULL,NULL,0,400,1349.27,3.37
FOODS_1,2016-05-21,11617,Saturday,TX_3,TX,FOODS,NULL,NULL,NULL,NULL,0,312,1055.39,3.38
FOODS_1,2016-05-22,11617,Sunday,TX_3,TX,FOODS,NULL,NULL,NULL,NULL,0,294,773.41,2.63
HOUSEHOLD_1,2014-05-24,11417,Saturday,TX_3,TX,HOUSEHOLD,NULL,NULL,NULL,NULL,0,748,2798.54,3.74
HOUSEHOLD_1,2014-05-25,11417,Sunday,TX_3,TX,HOUSEHOLD,NULL,NULL,NULL,NULL,0,617,2340.33,3.79
HOUSEHOLD_1,2014-05-27,11417,Tuesday,TX_3,TX,HOUSEHOLD,NULL,NULL,NULL,NULL,0,441,1705.29,3.87
HOUSEHOLD_1,2014-05-28,11417,Wednesday,TX_3,TX,HOUSEHOLD,NULL,NULL,NULL,NULL,0,516,1878.03,3.64
HOUSEHOLD_1,2014-05-29,11417,Thursday,TX_3,TX,HOUSEHOLD,NULL,NULL,NULL,NULL,0,492,1817.47,3.69
HOUSEHOLD_1,2014-05-30,11417,Friday,TX_3,TX,HOUSEHOLD,NULL,NULL,NULL,NULL,0,646,2385.43,3.69
HOUSEHOLD_1,2014-05-31,11418,Saturday,TX_3,TX,HOUSEHOLD,NULL,NULL,NULL,NULL,0,795,3025.32,3.81
HOUSEHOLD_1,2014-06-01,11418,Sunday,TX_3,TX,HOUSEHOLD,NULL,NULL,NULL,NULL,1,807,3062.29,3.79
HOUSEHOLD_1,2014-06-02,11418,Monday,TX_3,TX,HOUSEHOLD,NULL,NULL,NULL,NULL,0,771,2722.35,3.53
HOUSEHOLD_1,2014-06-03,11418,Tuesday,TX_3,TX,HOUSEHOLD,NULL,NULL,NULL,NULL,1,745,2599.79,3.49
HOUSEHOLD_1,2014-06-04,11418,Wednesday,TX_3,TX,HOUSEHOLD,NULL,NULL,NULL,NULL,0,545,1989.34,3.65
HOUSEHOLD_1,2014-06-06,11418,Friday,TX_3,TX,HOUSEHOLD,NULL,NULL,NULL,NULL,1,643,2382.48,3.71
HOUSEHOLD_1,2014-06-07,11419,Saturday,TX_3,TX,HOUSEHOLD,NULL,NULL,NULL,NULL,1,787,2949.44,3.75
HOUSEHOLD_1,2014-06-08,11419,Sunday,TX_3,TX,HOUSEHOLD,NULL,NULL,NULL,NULL,0,744,2994.71,4.03
HOUSEHOLD_1,2014-06-09,11419,Monday,TX_3,TX,HOUSEHOLD,NULL,NULL,NULL,NULL,1,622,2272.69,3.65
HOUSEHOLD_1,2014-06-10,11419,Tuesday,TX_3,TX,HOUSEHOLD,NULL,NULL,NULL,NULL,0,644,2388.38,3.71
HOUSEHOLD_1,2014-06-11,11419,Wednesday,TX_3,TX,HOUSEHOLD,NULL,NULL,NULL,NULL,1,549,2083.94,3.80
HOUSEHOLD_1,2014-06-12,11419,Thursday,TX_3,TX,HOUSEHOLD,NULL,NULL,NULL,NULL,1,541,1887.13,3.49
HOUSEHOLD_1,2014-06-13,11419,Friday,TX_3,TX,HOUSEHOLD,NULL,NULL,NULL,NULL,1,562,1994.14,3.55
HOUSEHOLD_1,2014-06-14,11420,Saturday,TX_3,TX,HOUSEHOLD,NULL,NULL,NULL,NULL,0,801,2809.51,3.51
HOUSEHOLD_1,2014-06-16,11420,Monday,TX_3,TX,HOUSEHOLD,NULL,NULL,NULL,NULL,0,609,2250.23,3.70
HOUSEHOLD_1,2014-06-17,11420,Tuesday,TX_3,TX,HOUSEHOLD,NULL,NULL,NULL,NULL,0,584,1970.49,3.37
HOUSEHOLD_1,2014-06-18,11420,Wednesday,TX_3,TX,HOUSEHOLD,NULL,NULL,NULL,NULL,0,555,2034.28,3.67
HOUSEHOLD_1,2014-06-19,11420,Thursday,TX_3,TX,HOUSEHOLD,NULL,NULL,NULL,NULL,0,542,1937.82,3.58
HOUSEHOLD_1,2014-06-20,11420,Friday,TX_3,TX,HOUSEHOLD,NULL,NULL,NULL,NULL,0,739,2751.62,3.72
HOUSEHOLD_1,2014-06-21,11421,Saturday,TX_3,TX,HOUSEHOLD,NULL,NULL,NULL,NULL,0,768,2951.88,3.84
HOUSEHOLD_1,2014-06-22,11421,Sunday,TX_3,TX,HOUSEHOLD,NULL,NULL,NULL,NULL,0,792,3024.16,3.82
HOUSEHOLD_1,2014-06-23,11421,Monday,TX_3,TX,HOUSEHOLD,NULL,NULL,NULL,NULL,0,564,1998.16,3.54
HOUSEHOLD_1,2014-06-24,11421,Tuesday,TX_3,TX,HOUSEHOLD,NULL,NULL,NULL,NULL,0,512,1818.64,3.55
HOUSEHOLD_1,2014-06-25,11421,Wednesday,TX_3,TX,HOUSEHOLD,NULL,NULL,NULL,NULL,0,563,2116.99,3.76
HOUSEHOLD_1,2014-06-26,11421,Thursday,TX_3,TX,HOUSEHOLD,NULL,NULL,NULL,NULL,0,606,2179.39,3.60
HOUSEHOLD_1,2014-06-27,11421,Friday,TX_3,TX,HOUSEHOLD,NULL,NULL,NULL,NULL,0,654,2309.24,3.53
HOUSEHOLD_1,2014-06-28,11422,Saturday,TX_3,TX,HOUSEHOLD,NULL,NULL,NULL,NULL,0,817,2708.35,3.32
HOUSEHOLD_1,2014-06-30,11422,Monday,TX_3,TX,HOUSEHOLD,NULL,NULL,NULL,NULL,0,676,2519.06,3.73
HOUSEHOLD_1,2014-07-01,11422,Tuesday,TX_3,TX,HOUSEHOLD,NULL,NULL,NULL,NULL,1,708,2750.83,3.89
HOUSEHOLD_1,2014-07-02,11422,Wednesday,TX_3,TX,HOUSEHOLD,NULL,NULL,NULL,NULL,0,657,2202.37,3.35
HOUSEHOLD_1,2014-07-03,11422,Thursday,TX_3,TX,HOUSEHOLD,NULL,NULL,NULL,NULL,1,844,3160.76,3.75
HOUSEHOLD_1,2014-07-05,11423,Saturday,TX_3,TX,HOUSEHOLD,NULL,NULL,NULL,NULL,1,744,2685.46,3.61
