03 Clean Data/daily_store_performance_clean.csv
dept_id,sale_date,wm_yr_wk,weekday,store_id,state_id,cat_id,event_name_1,event_type_1,event_name_2,event_type_2,snap_TX,total_units_sold,total_revenue,average_selling_price
HOUSEHOLD_1,2014-07-06,11423,Sunday,TX_3,TX,HOUSEHOLD,NULL,NULL,NULL,NULL,1,659,2613.63,3.97
HOUSEHOLD_1,2014-07-07,11423,Monday,TX_3,TX,HOUSEHOLD,NULL,NULL,NULL,NULL,1,617,2447.63,3.97
HOUSEHOLD_1,2014-07-08,11423,Tuesday,TX_3,TX,HOUSEHOLD,NULL,NULL,NULL,NULL,0,601,2255.76,3.75
HOUSEHOLD_1,2014-07-09,11423,Wednesday,TX_3,TX,HOUSEHOLD,NULL,NULL,NULL,NULL,1,529,2000.95,3.78
HOUSEHOLD_1,2014-07-10,11423,Thursday,TX_3,TX,HOUSEHOLD,NULL,NULL,NULL,NULL,0,579,2221.05,3.84
HOUSEHOLD_1,2014-07-11,11423,Friday,TX_3,TX,HOUSEHOLD,NULL,NULL,NULL,NULL,1,722,2625.08,3.64
HOUSEHOLD_1,2014-07-12,11424,Saturday,TX_3,TX,HOUSEHOLD,NULL,NULL,NULL,NULL,1,813,3217.85,3.96
HOUSEHOLD_1,2014-07-13,11424,Sunday,TX_3,TX,HOUSEHOLD,NULL,NULL,NULL,NULL,1,691,2621.60,3.79
HOUSEHOLD_1,2014-07-14,11424,Monday,TX_3,TX,HOUSEHOLD,NULL,NULL,NULL,NULL,0,599,2517.66,4.20
HOUSEHOLD_1,2014-07-15,11424,Tuesday,TX_3,TX,HOUSEHOLD,NULL,NULL,NULL,NULL,1,693,2415.45,3.49
HOUSEHOLD_1,2014-07-16,11424,Wednesday,TX_3,TX,HOUSEHOLD,NULL,NULL,NULL,NULL,0,641,2155.17,3.36
HOUSEHOLD_1,2014-07-17,11424,Thursday,TX_3,TX,HOUSEHOLD,NULL,NULL,NULL,NULL,0,664,2281.71,3.44
HOUSEHOLD_1,2014-07-18,11424,Friday,TX_3,TX,HOUSEHOLD,NULL,NULL,NULL,NULL,0,681,2185.53,3.21
HOUSEHOLD_1,2014-07-19,11425,Saturday,TX_3,TX,HOUSEHOLD,NULL,NULL,NULL,NULL,0,857,2989.10,3.49
HOUSEHOLD_1,2014-07-20,11425,Sunday,TX_3,TX,HOUSEHOLD,NULL,NULL,NULL,NULL,0,727,2742.12,3.77
HOUSEHOLD_1,2014-07-21,11425,Monday,TX_3,TX,HOUSEHOLD,NULL,NULL,NULL,NULL,0,659,2242.95,3.40
HOUSEHOLD_1,2014-07-22,11425,Tuesday,TX_3,TX,HOUSEHOLD,NULL,NULL,NULL,NULL,0,493,1667.25,3.38
HOUSEHOLD_1,2014-07-23,11425,Wednesday,TX_3,TX,HOUSEHOLD,NULL,NULL,NULL,NULL,0,533,2000.94,3.75
HOUSEHOLD_1,2014-07-24,11425,Thursday,TX_3,TX,HOUSEHOLD,NULL,NULL,NULL,NULL,0,554,1876.91,3.39
HOUSEHOLD_1,2014-07-25,11425,Friday,TX_3,TX,HOUSEHOLD,NULL,NULL,NULL,NULL,0,654,2214.32,3.39
HOUSEHOLD_1,2014-07-26,11426,Saturday,TX_3,TX,HOUSEHOLD,NULL,NULL,NULL,NULL,0,724,2672.74,3.69
HOUSEHOLD_1,2014-07-27,11426,Sunday,TX_3,TX,HOUSEHOLD,NULL,NULL,NULL,NULL,0,771,2884.84,3.74
HOUSEHOLD_1,2014-07-28,11426,Monday,TX_3,TX,HOUSEHOLD,NULL,NULL,NULL,NULL,0,693,2332.11,3.37
HOUSEHOLD_1,2014-07-30,11426,Wednesday,TX_3,TX,HOUSEHOLD,NULL,NULL,NULL,NULL,0,605,2268.91,3.75
HOUSEHOLD_1,2014-07-31,11426,Thursday,TX_3,TX,HOUSEHOLD,NULL,NULL,NULL,NULL,0,631,2207.75,3.50
HOUSEHOLD_1,2014-08-01,11426,Friday,TX_3,TX,HOUSEHOLD,NULL,NULL,NULL,NULL,1,1014,3377.21,3.33
HOUSEHOLD_1,2014-08-02,11427,Saturday,TX_3,TX,HOUSEHOLD,NULL,NULL,NULL,NULL,0,964,3526.17,3.66
HOUSEHOLD_1,2014-08-03,11427,Sunday,TX_3,TX,HOUSEHOLD,NULL,NULL,NULL,NULL,1,862,3133.07,3.63
HOUSEHOLD_1,2014-08-04,11427,Monday,TX_3,TX,HOUSEHOLD,NULL,NULL,NULL,NULL,0,659,2328.11,3.53
HOUSEHOLD_1,2014-08-05,11427,Tuesday,TX_3,TX,HOUSEHOLD,NULL,NULL,NULL,NULL,1,588,2004.72,3.41
HOUSEHOLD_1,2014-08-06,11427,Wednesday,TX_3,TX,HOUSEHOLD,NULL,NULL,NULL,NULL,1,591,1854.22,3.14
HOUSEHOLD_1,2014-08-07,11427,Thursday,TX_3,TX,HOUSEHOLD,NULL,NULL,NULL,NULL,1,614,2066.63,3.37
HOUSEHOLD_1,2014-08-08,11427,Friday,TX_3,TX,HOUSEHOLD,NULL,NULL,NULL,NULL,0,672,2206.21,3.28
HOUSEHOLD_1,2014-08-09,11428,Saturday,TX_3,TX,HOUSEHOLD,NULL,NULL,NULL,NULL,1,852,2828.07,3.32
HOUSEHOLD_1,2014-08-10,11428,Sunday,TX_3,TX,HOUSEHOLD,NULL,NULL,NULL,NULL,0,802,2586.46,3.23
HOUSEHOLD_1,2014-08-11,11428,Monday,TX_3,TX,HOUSEHOLD,NULL,NULL,NULL,NULL,1,642,2196.42,3.42
HOUSEHOLD_1,2014-08-12,11428,Tuesday,TX_3,TX,HOUSEHOLD,NULL,NULL,NULL,NULL,1,580,2133.59,3.68
HOUSEHOLD_1,2014-08-13,11428,Wednesday,TX_3,TX,HOUSEHOLD,NULL,NULL,NULL,NULL,1,574,1870.48,3.26
HOUSEHOLD_1,2014-08-14,11428,Thursday,TX_3,TX,HOUSEHOLD,NULL,NULL,NULL,NULL,0,596,1994.80,3.35
HOUSEHOLD_1,2014-08-15,11428,Friday,TX_3,TX,HOUSEHOLD,NULL,NULL,NULL,NULL,1,713,2483.68,3.48
HOUSEHOLD_1,2014-08-16,11429,Saturday,TX_3,TX,HOUSEHOLD,NULL,NULL,NULL,NULL,0,712,2475.77,3.48
HOUSEHOLD_1,2014-08-17,11429,Sunday,TX_3,TX,HOUSEHOLD,NULL,NULL,NULL,NULL,0,886,3049.16,3.44
HOUSEHOLD_1,2014-08-18,11429,Monday,TX_3,TX,HOUSEHOLD,NULL,NULL,NULL,NULL,0,678,2288.23,3.38
HOUSEHOLD_1,2014-08-19,11429,Tuesday,TX_3,TX,HOUSEHOLD,NULL,NULL,NULL,NULL,0,677,2066.85,3.05
HOUSEHOLD_1,2014-08-20,11429,Wednesday,TX_3,TX,HOUSEHOLD,NULL,NULL,NULL,NULL,0,695,2299.62,3.31
HOUSEHOLD_1,2014-08-21,11429,Thursday,TX_3,TX,HOUSEHOLD,NULL,NULL,NULL,NULL,0,595,2004.62,3.37
HOUSEHOLD_1,2014-08-22,11429,Friday,TX_3,TX,HOUSEHOLD,NULL,NULL,NULL,NULL,0,768,2647.77,3.45
HOUSEHOLD_1,2014-08-23,11430,Saturday,TX_3,TX,HOUSEHOLD,NULL,NULL,NULL,NULL,0,898,3106.96,3.46
HOUSEHOLD_1,2014-08-24,11430,Sunday,TX_3,TX,HOUSEHOLD,NULL,NULL,NULL,NULL,0,896,3249.36,3.63
HOUSEHOLD_1,2014-08-25,11430,Monday,TX_3,TX,HOUSEHOLD,NULL,NULL,NULL,NULL,0,695,2517.92,3.62
HOUSEHOLD_1,2014-08-26,11430,Tuesday,TX_3,TX,HOUSEHOLD,NULL,NULL,NULL,NULL,0,630,2112.05,3.35
HOUSEHOLD_1,2014-08-27,11430,Wednesday,TX_3,TX,HOUSEHOLD,NULL,NULL,NULL,NULL,0,538,1839.29,3.42
HOUSEHOLD_1,2014-08-28,11430,Thursday,TX_3,TX,HOUSEHOLD,NULL,NULL,NULL,NULL,0,567,1871.94,3.30
HOUSEHOLD_1,2014-08-29,11430,Friday,TX_3,TX,HOUSEHOLD,NULL,NULL,NULL,NULL,0,768,2510.01,3.27
HOUSEHOLD_1,2014-08-30,11431,Saturday,TX_3,TX,HOUSEHOLD,NULL,NULL,NULL,NULL,0,1030,3509.92,3.41
HOUSEHOLD_1,2014-08-31,11431,Sunday,TX_3,TX,HOUSEHOLD,NULL,NULL,NULL,NULL,0,811,2709.75,3.34
HOUSEHOLD_1,2014-09-02,11431,Tuesday,TX_3,TX,HOUSEHOLD,NULL,NULL,NULL,NULL,0,559,1841.38,3.29
HOUSEHOLD_1,2014-09-03,11431,Wednesday,TX_3,TX,HOUSEHOLD,NULL,NULL,NULL,NULL,1,645,2123.35,3.29
HOUSEHOLD_1,2014-09-04,11431,Thursday,TX_3,TX,HOUSEHOLD,NULL,NULL,NULL,NULL,0,564,2030.05,3.60
HOUSEHOLD_1,2014-09-05,11431,Friday,TX_3,TX,HOUSEHOLD,NULL,NULL,NULL,NULL,1,533,1875.87,3.52
HOUSEHOLD_1,2014-09-06,11432,Saturday,TX_3,TX,HOUSEHOLD,NULL,NULL,NULL,NULL,1,907,3180.65,3.51
HOUSEHOLD_1,2014-09-07,11432,Sunday,TX_3,TX,HOUSEHOLD,NULL,NULL,NULL,NULL,1,780,2906.66,3.73
HOUSEHOLD_1,2014-09-08,11432,Monday,TX_3,TX,HOUSEHOLD,NULL,NULL,NULL,NULL,0,724,2390.10,3.30
HOUSEHOLD_1,2014-09-09,11432,Tuesday,TX_3,TX,HOUSEHOLD,NULL,NULL,NULL,NULL,1,567,2022.77,3.57
HOUSEHOLD_1,2014-09-10,11432,Wednesday,TX_3,TX,HOUSEHOLD,NULL,NULL,NULL,NULL,0,553,1834.67,3.32
HOUSEHOLD_1,2014-09-11,11432,Thursday,TX_3,TX,HOUSEHOLD,NULL,NULL,NULL,NULL,1,623,2484.81,3.99
HOUSEHOLD_1,2014-09-12,11432,Friday,TX_3,TX,HOUSEHOLD,NULL,NULL,NULL,NULL,1,653,2227.17,3.41
HOUSEHOLD_1,2014-09-13,11433,Saturday,TX_3,TX,HOUSEHOLD,NULL,NULL,NULL,NULL,1,1021,3395.32,3.33
HOUSEHOLD_1,2014-09-14,11433,Sunday,TX_3,TX,HOUSEHOLD,NULL,NULL,NULL,NULL,0,935,3224.11,3.45
HOUSEHOLD_1,2014-09-15,11433,Monday,TX_3,TX,HOUSEHOLD,NULL,NULL,NULL,NULL,1,721,2630.39,3.65
HOUSEHOLD_1,2014-09-16,11433,Tuesday,TX_3,TX,HOUSEHOLD,NULL,NULL,NULL,NULL,0,592,1991.12,3.36
HOUSEHOLD_1,2014-09-17,11433,Wednesday,TX_3,TX,HOUSEHOLD,NULL,NULL,NULL,NULL,0,612,2115.20,3.46
HOUSEHOLD_1,2014-09-18,11433,Thursday,TX_3,TX,HOUSEHOLD,NULL,NULL,NULL,NULL,0,500,1688.18,3.38
HOUSEHOLD_1,2014-09-19,11433,Friday,TX_3,TX,HOUSEHOLD,NULL,NULL,NULL,NULL,0,814,3092.67,3.80
HOUSEHOLD_1,2014-09-20,11434,Saturday,TX_3,TX,HOUSEHOLD,NULL,NULL,NULL,NULL,0,995,3692.26,3.71
HOUSEHOLD_1,2014-09-21,11434,Sunday,TX_3,TX,HOUSEHOLD,NULL,NULL,NULL,NULL,0,861,2958.13,3.44
HOUSEHOLD_1,2014-09-22,11434,Monday,TX_3,TX,HOUSEHOLD,NULL,NULL,NULL,NULL,0,605,2376.99,3.93
HOUSEHOLD_1,2014-09-23,11434,Tuesday,TX_3,TX,HOUSEHOLD,NULL,NULL,NULL,NULL,0,655,2279.86,3.48
HOUSEHOLD_1,2014-09-24,11434,Wednesday,TX_3,TX,HOUSEHOLD,NULL,NULL,NULL,NULL,0,579,2143.35,3.70
HOUSEHOLD_1,2014-09-25,11434,Thursday,TX_3,TX,HOUSEHOLD,NULL,NULL,NULL,NULL,0,529,1870.41,3.54
HOUSEHOLD_1,2014-09-26,11434,Friday,TX_3,TX,HOUSEHOLD,NULL,NULL,NULL,NULL,0,582,2081.25,3.58
HOUSEHOLD_1,2014-09-27,11435,Saturday,TX_3,TX,HOUSEHOLD,NULL,NULL,NULL,NULL,0,787,2805.47,3.56
HOUSEHOLD_1,2014-09-28,11435,Sunday,TX_3,TX,HOUSEHOLD,NULL,NULL,NULL,NULL,0,836,3113.30,3.72
HOUSEHOLD_1,2014-09-29,11435,Monday,TX_3,TX,HOUSEHOLD,NULL,NULL,NULL,NULL,0,658,2259.17,3.43
HOUSEHOLD_1,2014-09-30,11435,Tuesday,TX_3,TX,HOUSEHOLD,NULL,NULL,NULL,NULL,0,584,1962.73,3.36
HOUSEHOLD_1,2014-10-01,11435,Wednesday,TX_3,TX,HOUSEHOLD,NULL,NULL,NULL,NULL,1,847,2744.37,3.24
HOUSEHOLD_1,2014-10-02,11435,Thursday,TX_3,TX,HOUSEHOLD,NULL,NULL,NULL,NULL,0,697,2509.95,3.60
HOUSEHOLD_1,2014-10-03,11435,Friday,TX_3,TX,HOUSEHOLD,NULL,NULL,NULL,NULL,1,895,2897.21,3.24
HOUSEHOLD_1,2014-10-05,11436,Sunday,TX_3,TX,HOUSEHOLD,NULL,NULL,NULL,NULL,1,857,2896.40,3.38
HOUSEHOLD_1,2014-10-06,11436,Monday,TX_3,TX,HOUSEHOLD,NULL,NULL,NULL,NULL,1,651,2201.08,3.38
HOUSEHOLD_1,2014-10-07,11436,Tuesday,TX_3,TX,HOUSEHOLD,NULL,NULL,NULL,NULL,1,577,1945.95,3.37
HOUSEHOLD_1,2014-10-08,11436,Wednesday,TX_3,TX,HOUSEHOLD,NULL,NULL,NULL,NULL,0,645,2180.56,3.38
HOUSEHOLD_1,2014-10-09,11436,Thursday,TX_3,TX,HOUSEHOLD,NULL,NULL,NULL,NULL,1,649,2041.00,3.14
HOUSEHOLD_1,2014-10-10,11436,Friday,TX_3,TX,HOUSEHOLD,NULL,NULL,NULL,NULL,0,745,2478.20,3.33
HOUSEHOLD_1,2014-10-11,11437,Saturday,TX_3,TX,HOUSEHOLD,NULL,NULL,NULL,NULL,1,891,3159.66,3.55
HOUSEHOLD_1,2014-10-12,11437,Sunday,TX_3,TX,HOUSEHOLD,NULL,NULL,NULL,NULL,1,762,2859.97,3.75
HOUSEHOLD_1,2014-10-14,11437,Tuesday,TX_3,TX,HOUSEHOLD,NULL,NULL,NULL,NULL,0,587,2086.21,3.55
HOUSEHOLD_1,2014-10-15,11437,Wednesday,TX_3,TX,HOUSEHOLD,NULL,NULL,NULL,NULL,1,567,2029.74,3.58
HOUSEHOLD_1,2014-10-16,11437,Thursday,TX_3,TX,HOUSEHOLD,NULL,NULL,NULL,NULL,0,580,1914.87,3.30
HOUSEHOLD_1,2014-10-17,11437,Friday,TX_3,TX,HOUSEHOLD,NULL,NULL,NULL,NULL,0,717,2605.76,3.63
HOUSEHOLD_1,2014-10-18,11438,Saturday,TX_3,TX,HOUSEHOLD,NULL,NULL,NULL,NULL,0,930,3180.91,3.42
HOUSEHOLD_1,2014-10-19,11438,Sunday,TX_3,TX,HOUSEHOLD,NULL,NULL,NULL,NULL,0,811,2749.03,3.39
HOUSEHOLD_1,2014-10-20,11438,Monday,TX_3,TX,HOUSEHOLD,NULL,NULL,NULL,NULL,0,695,2477.78,3.57
HOUSEHOLD_1,2014-10-21,11438,Tuesday,TX_3,TX,HOUSEHOLD,NULL,NULL,NULL,NULL,0,566,2038.02,3.60
HOUSEHOLD_1,2014-10-22,11438,Wednesday,TX_3,TX,HOUSEHOLD,NULL,NULL,NULL,NULL,0,562,2060.20,3.67
HOUSEHOLD_1,2014-10-23,11438,Thursday,TX_3,TX,HOUSEHOLD,NULL,NULL,NULL,NULL,0,547,2007.09,3.67
HOUSEHOLD_1,2014-10-24,11438,Friday,TX_3,TX,HOUSEHOLD,NULL,NULL,NULL,NULL,0,675,2374.69,3.52
HOUSEHOLD_1,2014-10-25,11439,Saturday,TX_3,TX,HOUSEHOLD,NULL,NULL,NULL,NULL,0,832,2970.01,3.57
HOUSEHOLD_1,2014-10-26,11439,Sunday,TX_3,TX,HOUSEHOLD,NULL,NULL,NULL,NULL,0,816,3238.93,3.97
HOUSEHOLD_1,2014-10-27,11439,Monday,TX_3,TX,HOUSEHOLD,NULL,NULL,NULL,NULL,0,625,2292.66,3.67
HOUSEHOLD_1,2014-10-28,11439,Tuesday,TX_3,TX,HOUSEHOLD,NULL,NULL,NULL,NULL,0,548,2004.54,3.66
HOUSEHOLD_1,2014-10-29,11439,Wednesday,TX_3,TX,HOUSEHOLD,NULL,NULL,NULL,NULL,0,508,1684.69,3.32
HOUSEHOLD_1,2014-10-30,11439,Thursday,TX_3,TX,HOUSEHOLD,NULL,NULL,NULL,NULL,0,516,1894.13,3.67
HOUSEHOLD_1,2014-11-01,11440,Saturday,TX_3,TX,HOUSEHOLD,NULL,NULL,NULL,NULL,1,908,3377.77,3.72
HOUSEHOLD_1,2014-11-02,11440,Sunday,TX_3,TX,HOUSEHOLD,NULL,NULL,NULL,NULL,0,808,3164.13,3.92
HOUSEHOLD_1,2014-11-03,11440,Monday,TX_3,TX,HOUSEHOLD,NULL,NULL,NULL,NULL,1,785,3022.23,3.85
HOUSEHOLD_1,2014-11-04,11440,Tuesday,TX_3,TX,HOUSEHOLD,NULL,NULL,NULL,NULL,0,685,2509.27,3.66
HOUSEHOLD_1,2014-11-05,11440,Wednesday,TX_3,TX,HOUSEHOLD,NULL,NULL,NULL,NULL,1,487,1756.65,3.61
HOUSEHOLD_1,2014-11-06,11440,Thursday,TX_3,TX,HOUSEHOLD,NULL,NULL,NULL,NULL,1,599,2173.75,3.63
HOUSEHOLD_1,2014-11-07,11440,Friday,TX_3,TX,HOUSEHOLD,NULL,NULL,NULL,NULL,1,691,2529.46,3.66
HOUSEHOLD_1,2014-11-08,11441,Saturday,TX_3,TX,HOUSEHOLD,NULL,NULL,NULL,NULL,0,886,3344.14,3.77
HOUSEHOLD_1,2014-11-09,11441,Sunday,TX_3,TX,HOUSEHOLD,NULL,NULL,NULL,NULL,1,852,3144.78,3.69
HOUSEHOLD_1,2014-11-10,11441,Monday,TX_3,TX,HOUSEHOLD,NULL,NULL,NULL,NULL,0,737,2479.57,3.36
HOUSEHOLD_1,2014-11-12,11441,Wednesday,TX_3,TX,HOUSEHOLD,NULL,NULL,NULL,NULL,1,432,1586.71,3.67
HOUSEHOLD_1,2014-11-13,11441,Thursday,TX_3,TX,HOUSEHOLD,NULL,NULL,NULL,NULL,1,473,1629.90,3.45
HOUSEHOLD_1,2014-11-14,11441,Friday,TX_3,TX,HOUSEHOLD,NULL,NULL,NULL,NULL,0,549,1921.64,3.50
HOUSEHOLD_1,2014-11-15,11442,Saturday,TX_3,TX,HOUSEHOLD,NULL,NULL,NULL,NULL,1,700,2649.83,3.79
HOUSEHOLD_1,2014-11-16,11442,Sunday,TX_3,TX,HOUSEHOLD,NULL,NULL,NULL,NULL,0,785,3178.56,4.05
HOUSEHOLD_1,2014-11-17,11442,Monday,TX_3,TX,HOUSEHOLD,NULL,NULL,NULL,NULL,0,654,2628.33,4.02
HOUSEHOLD_1,2014-11-18,11442,Tuesday,TX_3,TX,HOUSEHOLD,NULL,NULL,NULL,NULL,0,476,1766.75,3.71
HOUSEHOLD_1,2014-11-19,11442,Wednesday,TX_3,TX,HOUSEHOLD,NULL,NULL,NULL,NULL,0,545,2223.42,4.08
HOUSEHOLD_1,2014-11-20,11442,Thursday,TX_3,TX,HOUSEHOLD,NULL,NULL,NULL,NULL,0,565,2148.21,3.80
HOUSEHOLD_1,2014-11-21,11442,Friday,TX_3,TX,HOUSEHOLD,NULL,NULL,NULL,NULL,0,674,2498.77,3.71
HOUSEHOLD_1,2014-11-22,11443,Saturday,TX_3,TX,HOUSEHOLD,NULL,NULL,NULL,NULL,0,749,2925.15,3.91
HOUSEHOLD_1,2014-11-23,11443,Sunday,TX_3,TX,HOUSEHOLD,NULL,NULL,NULL,NULL,0,914,3508.95,3.84
HOUSEHOLD_1,2014-11-24,11443,Monday,TX_3,TX,HOUSEHOLD,NULL,NULL,NULL,NULL,0,750,2747.64,3.66
HOUSEHOLD_1,2014-11-25,11443,Tuesday,TX_3,TX,HOUSEHOLD,NULL,NULL,NULL,NULL,0,652,2416.38,3.71
HOUSEHOLD_1,2014-11-26,11443,Wednesday,TX_3,TX,HOUSEHOLD,NULL,NULL,NULL,NULL,0,652,2385.28,3.66
HOUSEHOLD_1,2014-11-28,11443,Friday,TX_3,TX,HOUSEHOLD,NULL,NULL,NULL,NULL,0,614,2299.05,3.74
HOUSEHOLD_1,2014-11-29,11444,Saturday,TX_3,TX,HOUSEHOLD,NULL,NULL,NULL,NULL,0,711,2698.31,3.80
HOUSEHOLD_1,2014-11-30,11444,Sunday,TX_3,TX,HOUSEHOLD,NULL,NULL,NULL,NULL,0,754,2891.74,3.84
HOUSEHOLD_1,2014-12-01,11444,Monday,TX_3,TX,HOUSEHOLD,NULL,NULL,NULL,NULL,1,685,2431.91,3.55
HOUSEHOLD_1,2014-12-02,11444,Tuesday,TX_3,TX,HOUSEHOLD,NULL,NULL,NULL,NULL,0,618,2343.11,3.79
HOUSEHOLD_1,2014-12-03,11444,Wednesday,TX_3,TX,HOUSEHOLD,NULL,NULL,NULL,NULL,1,606,2164.69,3.57
HOUSEHOLD_1,2014-12-04,11444,Thursday,TX_3,TX,HOUSEHOLD,NULL,NULL,NULL,NULL,0,580,1907.01,3.29
HOUSEHOLD_1,2014-12-05,11444,Friday,TX_3,TX,HOUSEHOLD,NULL,NULL,NULL,NULL,1,765,2872.25,3.75
HOUSEHOLD_1,2014-12-06,11445,Saturday,TX_3,TX,HOUSEHOLD,NULL,NULL,NULL,NULL,1,906,3206.31,3.54
HOUSEHOLD_1,2014-12-07,11445,Sunday,TX_3,TX,HOUSEHOLD,NULL,NULL,NULL,NULL,1,763,2915.93,3.82
HOUSEHOLD_1,2014-12-08,11445,Monday,TX_3,TX,HOUSEHOLD,NULL,NULL,NULL,NULL,0,637,2155.69,3.38
HOUSEHOLD_1,2014-12-09,11445,Tuesday,TX_3,TX,HOUSEHOLD,NULL,NULL,NULL,NULL,1,555,2053.54,3.70
HOUSEHOLD_1,2014-12-10,11445,Wednesday,TX_3,TX,HOUSEHOLD,NULL,NULL,NULL,NULL,0,514,1766.04,3.44
HOUSEHOLD_1,2014-12-11,11445,Thursday,TX_3,TX,HOUSEHOLD,NULL,NULL,NULL,NULL,1,519,1951.91,3.76
HOUSEHOLD_1,2014-12-12,11445,Friday,TX_3,TX,HOUSEHOLD,NULL,NULL,NULL,NULL,1,633,2305.45,3.64
HOUSEHOLD_1,2014-12-13,11446,Saturday,TX_3,TX,HOUSEHOLD,NULL,NULL,NULL,NULL,1,786,2902.74,3.69
HOUSEHOLD_1,2014-12-14,11446,Sunday,TX_3,TX,HOUSEHOLD,NULL,NULL,NULL,NULL,0,812,2999.54,3.69
HOUSEHOLD_1,2014-12-15,11446,Monday,TX_3,TX,HOUSEHOLD,NULL,NULL,NULL,NULL,1,734,2692.78,3.67
HOUSEHOLD_1,2014-12-16,11446,Tuesday,TX_3,TX,HOUSEHOLD,NULL,NULL,NULL,NULL,0,628,2228.31,3.55
HOUSEHOLD_1,2014-12-17,11446,Wednesday,TX_3,TX,HOUSEHOLD,NULL,NULL,NULL,NULL,0,559,1917.63,3.43
HOUSEHOLD_1,2014-12-18,11446,Thursday,TX_3,TX,HOUSEHOLD,NULL,NULL,NULL,NULL,0,509,1934.55,3.80
HOUSEHOLD_1,2014-12-19,11446,Friday,TX_3,TX,HOUSEHOLD,NULL,NULL,NULL,NULL,0,539,1915.47,3.55
HOUSEHOLD_1,2014-12-20,11447,Saturday,TX_3,TX,HOUSEHOLD,NULL,NULL,NULL,NULL,0,723,2788.16,3.86
HOUSEHOLD_1,2014-12-21,11447,Sunday,TX_3,TX,HOUSEHOLD,NULL,NULL,NULL,NULL,0,709,2653.54,3.74
HOUSEHOLD_1,2014-12-22,11447,Monday,TX_3,TX,HOUSEHOLD,NULL,NULL,NULL,NULL,0,692,2473.76,3.57
HOUSEHOLD_1,2014-12-23,11447,Tuesday,TX_3,TX,HOUSEHOLD,NULL,NULL,NULL,NULL,0,643,2141.97,3.33
HOUSEHOLD_1,2014-12-26,11447,Friday,TX_3,TX,HOUSEHOLD,NULL,NULL,NULL,NULL,0,943,3511.25,3.72
HOUSEHOLD_1,2014-12-27,11448,Saturday,TX_3,TX,HOUSEHOLD,NULL,NULL,NULL,NULL,0,713,2807.85,3.94
HOUSEHOLD_1,2014-12-28,11448,Sunday,TX_3,TX,HOUSEHOLD,NULL,NULL,NULL,NULL,0,642,2126.75,3.31
HOUSEHOLD_1,2014-12-29,11448,Monday,TX_3,TX,HOUSEHOLD,NULL,NULL,NULL,NULL,0,711,2471.95,3.48
HOUSEHOLD_1,2014-12-30,11448,Tuesday,TX_3,TX,HOUSEHOLD,NULL,NULL,NULL,NULL,0,574,1996.41,3.48
HOUSEHOLD_1,2014-12-31,11448,Wednesday,TX_3,TX,HOUSEHOLD,NULL,NULL,NULL,NULL,0,545,1793.87,3.29
HOUSEHOLD_1,2015-01-02,11448,Friday,TX_3,TX,HOUSEHOLD,NULL,NULL,NULL,NULL,0,725,2731.53,3.77
HOUSEHOLD_1,2015-01-03,11449,Saturday,TX_3,TX,HOUSEHOLD,NULL,NULL,NULL,NULL,1,680,2753.74,4.05
HOUSEHOLD_1,2015-01-04,11449,Sunday,TX_3,TX,HOUSEHOLD,NULL,NULL,NULL,NULL,0,700,2786.11,3.98
HOUSEHOLD_1,2015-01-05,11449,Monday,TX_3,TX,HOUSEHOLD,NULL,NULL,NULL,NULL,1,566,2201.18,3.89
HOUSEHOLD_1,2015-01-06,11449,Tuesday,TX_3,TX,HOUSEHOLD,NULL,NULL,NULL,NULL,1,458,1750.33,3.82
HOUSEHOLD_1,2015-01-08,11449,Thursday,TX_3,TX,HOUSEHOLD,NULL,NULL,NULL,NULL,0,435,1625.16,3.74
HOUSEHOLD_1,2015-01-09,11449,Friday,TX_3,TX,HOUSEHOLD,NULL,NULL,NULL,NULL,1,472,1725.62,3.66
HOUSEHOLD_1,2015-01-10,11450,Saturday,TX_3,TX,HOUSEHOLD,NULL,NULL,NULL,NULL,0,722,2494.74,3.46
HOUSEHOLD_1,2015-01-11,11450,Sunday,TX_3,TX,HOUSEHOLD,NULL,NULL,NULL,NULL,1,808,2779.60,3.44
HOUSEHOLD_1,2015-01-12,11450,Monday,TX_3,TX,HOUSEHOLD,NULL,NULL,NULL,NULL,1,595,2120.58,3.56
HOUSEHOLD_1,2015-01-13,11450,Tuesday,TX_3,TX,HOUSEHOLD,NULL,NULL,NULL,NULL,1,548,1841.32,3.36
HOUSEHOLD_1,2015-01-14,11450,Wednesday,TX_3,TX,HOUSEHOLD,NULL,NULL,NULL,NULL,0,577,1913.75,3.32
HOUSEHOLD_1,2015-01-15,11450,Thursday,TX_3,TX,HOUSEHOLD,NULL,NULL,NULL,NULL,1,638,2280.02,3.57
HOUSEHOLD_1,2015-01-16,11450,Friday,TX_3,TX,HOUSEHOLD,NULL,NULL,NULL,NULL,0,727,2447.57,3.37
HOUSEHOLD_1,2015-01-17,11451,Saturday,TX_3,TX,HOUSEHOLD,NULL,NULL,NULL,NULL,0,889,3164.61,3.56
HOUSEHOLD_1,2015-01-18,11451,Sunday,TX_3,TX,HOUSEHOLD,NULL,NULL,NULL,NULL,0,822,2939.09,3.58
HOUSEHOLD_1,2015-01-20,11451,Tuesday,TX_3,TX,HOUSEHOLD,NULL,NULL,NULL,NULL,0,693,2443.82,3.53
HOUSEHOLD_1,2015-01-21,11451,Wednesday,TX_3,TX,HOUSEHOLD,NULL,NULL,NULL,NULL,0,622,2082.72,3.35
