03 Clean Data/daily_store_performance_clean.csv
dept_id,sale_date,wm_yr_wk,weekday,store_id,state_id,cat_id,event_name_1,event_type_1,event_name_2,event_type_2,snap_TX,total_units_sold,total_revenue,average_selling_price
HOUSEHOLD_1,2015-01-22,11451,Thursday,TX_3,TX,HOUSEHOLD,NULL,NULL,NULL,NULL,0,476,1503.36,3.16
HOUSEHOLD_1,2015-01-23,11451,Friday,TX_3,TX,HOUSEHOLD,NULL,NULL,NULL,NULL,0,577,1934.30,3.35
HOUSEHOLD_1,2015-01-24,11452,Saturday,TX_3,TX,HOUSEHOLD,NULL,NULL,NULL,NULL,0,896,3118.96,3.48
HOUSEHOLD_1,2015-01-25,11452,Sunday,TX_3,TX,HOUSEHOLD,NULL,NULL,NULL,NULL,0,789,2802.12,3.55
HOUSEHOLD_1,2015-01-26,11452,Monday,TX_3,TX,HOUSEHOLD,NULL,NULL,NULL,NULL,0,684,2357.86,3.45
HOUSEHOLD_1,2015-01-27,11452,Tuesday,TX_3,TX,HOUSEHOLD,NULL,NULL,NULL,NULL,0,584,2068.51,3.54
HOUSEHOLD_1,2015-01-28,11452,Wednesday,TX_3,TX,HOUSEHOLD,NULL,NULL,NULL,NULL,0,501,1561.46,3.12
HOUSEHOLD_1,2015-01-29,11452,Thursday,TX_3,TX,HOUSEHOLD,NULL,NULL,NULL,NULL,0,604,1986.65,3.29
HOUSEHOLD_1,2015-01-30,11452,Friday,TX_3,TX,HOUSEHOLD,NULL,NULL,NULL,NULL,0,975,3467.47,3.56
HOUSEHOLD_1,2015-01-31,11501,Saturday,TX_3,TX,HOUSEHOLD,NULL,NULL,NULL,NULL,0,1056,3574.90,3.39
HOUSEHOLD_1,2015-02-02,11501,Monday,TX_3,TX,HOUSEHOLD,NULL,NULL,NULL,NULL,0,750,2523.84,3.37
HOUSEHOLD_1,2015-02-03,11501,Tuesday,TX_3,TX,HOUSEHOLD,NULL,NULL,NULL,NULL,1,725,2492.37,3.44
HOUSEHOLD_1,2015-02-04,11501,Wednesday,TX_3,TX,HOUSEHOLD,NULL,NULL,NULL,NULL,0,736,2213.85,3.01
HOUSEHOLD_1,2015-02-05,11501,Thursday,TX_3,TX,HOUSEHOLD,NULL,NULL,NULL,NULL,1,619,1912.75,3.09
HOUSEHOLD_1,2015-02-06,11501,Friday,TX_3,TX,HOUSEHOLD,NULL,NULL,NULL,NULL,1,829,2768.42,3.34
HOUSEHOLD_1,2015-02-07,11502,Saturday,TX_3,TX,HOUSEHOLD,NULL,NULL,NULL,NULL,1,990,3225.40,3.26
HOUSEHOLD_1,2015-02-08,11502,Sunday,TX_3,TX,HOUSEHOLD,NULL,NULL,NULL,NULL,0,913,3418.17,3.74
HOUSEHOLD_1,2015-02-09,11502,Monday,TX_3,TX,HOUSEHOLD,NULL,NULL,NULL,NULL,1,819,2795.55,3.41
HOUSEHOLD_1,2015-02-10,11502,Tuesday,TX_3,TX,HOUSEHOLD,NULL,NULL,NULL,NULL,0,699,2408.96,3.45
HOUSEHOLD_1,2015-02-11,11502,Wednesday,TX_3,TX,HOUSEHOLD,NULL,NULL,NULL,NULL,1,725,2776.99,3.83
HOUSEHOLD_1,2015-02-12,11502,Thursday,TX_3,TX,HOUSEHOLD,NULL,NULL,NULL,NULL,1,686,2293.30,3.34
HOUSEHOLD_1,2015-02-13,11502,Friday,TX_3,TX,HOUSEHOLD,NULL,NULL,NULL,NULL,1,700,2315.00,3.31
HOUSEHOLD_1,2015-02-15,11503,Sunday,TX_3,TX,HOUSEHOLD,NULL,NULL,NULL,NULL,1,1128,3707.00,3.29
HOUSEHOLD_1,2015-02-17,11503,Tuesday,TX_3,TX,HOUSEHOLD,NULL,NULL,NULL,NULL,0,652,2467.17,3.78
HOUSEHOLD_1,2015-02-19,11503,Thursday,TX_3,TX,HOUSEHOLD,NULL,NULL,NULL,NULL,0,742,2449.48,3.30
HOUSEHOLD_1,2015-02-20,11503,Friday,TX_3,TX,HOUSEHOLD,NULL,NULL,NULL,NULL,0,918,3239.77,3.53
HOUSEHOLD_1,2015-02-21,11504,Saturday,TX_3,TX,HOUSEHOLD,NULL,NULL,NULL,NULL,0,1244,3838.32,3.09
HOUSEHOLD_1,2015-02-22,11504,Sunday,TX_3,TX,HOUSEHOLD,NULL,NULL,NULL,NULL,0,1148,3686.48,3.21
HOUSEHOLD_1,2015-02-23,11504,Monday,TX_3,TX,HOUSEHOLD,NULL,NULL,NULL,NULL,0,885,2823.54,3.19
HOUSEHOLD_1,2015-02-24,11504,Tuesday,TX_3,TX,HOUSEHOLD,NULL,NULL,NULL,NULL,0,850,2508.94,2.95
HOUSEHOLD_1,2015-02-26,11504,Thursday,TX_3,TX,HOUSEHOLD,NULL,NULL,NULL,NULL,0,777,2610.15,3.36
HOUSEHOLD_1,2015-02-27,11504,Friday,TX_3,TX,HOUSEHOLD,NULL,NULL,NULL,NULL,0,836,2733.10,3.27
HOUSEHOLD_1,2015-02-28,11505,Saturday,TX_3,TX,HOUSEHOLD,NULL,NULL,NULL,NULL,0,1096,3566.05,3.25
HOUSEHOLD_1,2015-03-01,11505,Sunday,TX_3,TX,HOUSEHOLD,NULL,NULL,NULL,NULL,1,1076,3988.22,3.71
HOUSEHOLD_1,2015-03-02,11505,Monday,TX_3,TX,HOUSEHOLD,NULL,NULL,NULL,NULL,0,872,3155.40,3.62
HOUSEHOLD_1,2015-03-03,11505,Tuesday,TX_3,TX,HOUSEHOLD,NULL,NULL,NULL,NULL,1,930,3264.06,3.51
HOUSEHOLD_1,2015-03-04,11505,Wednesday,TX_3,TX,HOUSEHOLD,NULL,NULL,NULL,NULL,0,845,2826.43,3.34
HOUSEHOLD_1,2015-03-06,11505,Friday,TX_3,TX,HOUSEHOLD,NULL,NULL,NULL,NULL,1,720,2702.20,3.75
HOUSEHOLD_1,2015-03-07,11506,Saturday,TX_3,TX,HOUSEHOLD,NULL,NULL,NULL,NULL,1,984,3420.24,3.48
HOUSEHOLD_1,2015-03-08,11506,Sunday,TX_3,TX,HOUSEHOLD,NULL,NULL,NULL,NULL,0,915,3456.24,3.78
HOUSEHOLD_1,2015-03-09,11506,Monday,TX_3,TX,HOUSEHOLD,NULL,NULL,NULL,NULL,1,753,2832.06,3.76
HOUSEHOLD_1,2015-03-10,11506,Tuesday,TX_3,TX,HOUSEHOLD,NULL,NULL,NULL,NULL,0,956,3411.87,3.57
HOUSEHOLD_1,2015-03-11,11506,Wednesday,TX_3,TX,HOUSEHOLD,NULL,NULL,NULL,NULL,1,850,2807.00,3.30
HOUSEHOLD_1,2015-03-12,11506,Thursday,TX_3,TX,HOUSEHOLD,NULL,NULL,NULL,NULL,1,775,2577.40,3.33
HOUSEHOLD_1,2015-03-13,11506,Friday,TX_3,TX,HOUSEHOLD,NULL,NULL,NULL,NULL,1,784,2610.53,3.33
HOUSEHOLD_1,2015-03-14,11507,Saturday,TX_3,TX,HOUSEHOLD,NULL,NULL,NULL,NULL,0,923,3341.66,3.62
HOUSEHOLD_1,2015-03-15,11507,Sunday,TX_3,TX,HOUSEHOLD,NULL,NULL,NULL,NULL,1,915,3216.62,3.52
HOUSEHOLD_1,2015-03-16,11507,Monday,TX_3,TX,HOUSEHOLD,NULL,NULL,NULL,NULL,0,821,3094.48,3.77
HOUSEHOLD_1,2015-03-18,11507,Wednesday,TX_3,TX,HOUSEHOLD,NULL,NULL,NULL,NULL,0,724,2597.56,3.59
HOUSEHOLD_1,2015-03-19,11507,Thursday,TX_3,TX,HOUSEHOLD,NULL,NULL,NULL,NULL,0,691,2665.36,3.86
HOUSEHOLD_1,2015-03-20,11507,Friday,TX_3,TX,HOUSEHOLD,NULL,NULL,NULL,NULL,0,773,2951.00,3.82
HOUSEHOLD_1,2015-03-21,11508,Saturday,TX_3,TX,HOUSEHOLD,NULL,NULL,NULL,NULL,0,906,3298.28,3.64
HOUSEHOLD_1,2015-03-22,11508,Sunday,TX_3,TX,HOUSEHOLD,NULL,NULL,NULL,NULL,0,952,3747.23,3.94
HOUSEHOLD_1,2015-03-23,11508,Monday,TX_3,TX,HOUSEHOLD,NULL,NULL,NULL,NULL,0,755,2681.51,3.55
HOUSEHOLD_1,2015-03-24,11508,Tuesday,TX_3,TX,HOUSEHOLD,NULL,NULL,NULL,NULL,0,732,2658.36,3.63
HOUSEHOLD_1,2015-03-25,11508,Wednesday,TX_3,TX,HOUSEHOLD,NULL,NULL,NULL,NULL,0,740,2676.52,3.62
HOUSEHOLD_1,2015-03-26,11508,Thursday,TX_3,TX,HOUSEHOLD,NULL,NULL,NULL,NULL,0,682,2486.64,3.65
HOUSEHOLD_1,2015-03-27,11508,Friday,TX_3,TX,HOUSEHOLD,NULL,NULL,NULL,NULL,0,718,2719.50,3.79
HOUSEHOLD_1,2015-03-28,11509,Saturday,TX_3,TX,HOUSEHOLD,NULL,NULL,NULL,NULL,0,976,3741.91,3.83
HOUSEHOLD_1,2015-03-29,11509,Sunday,TX_3,TX,HOUSEHOLD,NULL,NULL,NULL,NULL,0,909,3368.25,3.71
HOUSEHOLD_1,2015-03-30,11509,Monday,TX_3,TX,HOUSEHOLD,NULL,NULL,NULL,NULL,0,817,2993.28,3.66
HOUSEHOLD_1,2015-03-31,11509,Tuesday,TX_3,TX,HOUSEHOLD,NULL,NULL,NULL,NULL,0,786,2865.35,3.65
HOUSEHOLD_1,2015-04-01,11509,Wednesday,TX_3,TX,HOUSEHOLD,NULL,NULL,NULL,NULL,1,828,2938.77,3.55
HOUSEHOLD_1,2015-04-02,11509,Thursday,TX_3,TX,HOUSEHOLD,NULL,NULL,NULL,NULL,0,642,2417.73,3.77
HOUSEHOLD_1,2015-04-03,11509,Friday,TX_3,TX,HOUSEHOLD,NULL,NULL,NULL,NULL,1,966,3635.10,3.76
HOUSEHOLD_1,2015-04-04,11510,Saturday,TX_3,TX,HOUSEHOLD,NULL,NULL,NULL,NULL,0,974,3452.67,3.54
HOUSEHOLD_1,2015-04-06,11510,Monday,TX_3,TX,HOUSEHOLD,NULL,NULL,NULL,NULL,1,872,3223.47,3.70
HOUSEHOLD_1,2015-04-07,11510,Tuesday,TX_3,TX,HOUSEHOLD,NULL,NULL,NULL,NULL,1,836,2986.22,3.57
HOUSEHOLD_1,2015-04-08,11510,Wednesday,TX_3,TX,HOUSEHOLD,NULL,NULL,NULL,NULL,0,835,2695.56,3.23
HOUSEHOLD_1,2015-04-09,11510,Thursday,TX_3,TX,HOUSEHOLD,NULL,NULL,NULL,NULL,1,793,2412.53,3.04
HOUSEHOLD_1,2015-04-10,11510,Friday,TX_3,TX,HOUSEHOLD,NULL,NULL,NULL,NULL,0,889,2962.34,3.33
HOUSEHOLD_1,2015-04-13,11511,Monday,TX_3,TX,HOUSEHOLD,NULL,NULL,NULL,NULL,1,1027,3632.74,3.54
HOUSEHOLD_1,2015-04-14,11511,Tuesday,TX_3,TX,HOUSEHOLD,NULL,NULL,NULL,NULL,0,793,2608.09,3.29
HOUSEHOLD_1,2015-04-15,11511,Wednesday,TX_3,TX,HOUSEHOLD,NULL,NULL,NULL,NULL,1,816,2478.24,3.04
HOUSEHOLD_1,2015-04-16,11511,Thursday,TX_3,TX,HOUSEHOLD,NULL,NULL,NULL,NULL,0,751,2482.64,3.31
HOUSEHOLD_1,2015-04-17,11511,Friday,TX_3,TX,HOUSEHOLD,NULL,NULL,NULL,NULL,0,783,2710.19,3.46
HOUSEHOLD_1,2015-04-18,11512,Saturday,TX_3,TX,HOUSEHOLD,NULL,NULL,NULL,NULL,0,1136,4012.11,3.53
HOUSEHOLD_1,2015-04-19,11512,Sunday,TX_3,TX,HOUSEHOLD,NULL,NULL,NULL,NULL,0,1036,3645.04,3.52
HOUSEHOLD_1,2015-04-20,11512,Monday,TX_3,TX,HOUSEHOLD,NULL,NULL,NULL,NULL,0,870,3098.80,3.56
HOUSEHOLD_1,2015-04-21,11512,Tuesday,TX_3,TX,HOUSEHOLD,NULL,NULL,NULL,NULL,0,733,2640.62,3.60
HOUSEHOLD_1,2015-04-22,11512,Wednesday,TX_3,TX,HOUSEHOLD,NULL,NULL,NULL,NULL,0,749,2554.43,3.41
HOUSEHOLD_1,2015-04-23,11512,Thursday,TX_3,TX,HOUSEHOLD,NULL,NULL,NULL,NULL,0,725,2355.69,3.25
HOUSEHOLD_1,2015-04-24,11512,Friday,TX_3,TX,HOUSEHOLD,NULL,NULL,NULL,NULL,0,678,2639.48,3.89
HOUSEHOLD_1,2015-04-25,11513,Saturday,TX_3,TX,HOUSEHOLD,NULL,NULL,NULL,NULL,0,961,3552.12,3.70
HOUSEHOLD_1,2015-04-26,11513,Sunday,TX_3,TX,HOUSEHOLD,NULL,NULL,NULL,NULL,0,901,3554.31,3.94
HOUSEHOLD_1,2015-04-27,11513,Monday,TX_3,TX,HOUSEHOLD,NULL,NULL,NULL,NULL,0,839,3025.52,3.61
HOUSEHOLD_1,2015-04-28,11513,Tuesday,TX_3,TX,HOUSEHOLD,NULL,NULL,NULL,NULL,0,702,2439.08,3.47
HOUSEHOLD_1,2015-04-29,11513,Wednesday,TX_3,TX,HOUSEHOLD,NULL,NULL,NULL,NULL,0,679,2357.13,3.47
HOUSEHOLD_1,2015-04-30,11513,Thursday,TX_3,TX,HOUSEHOLD,NULL,NULL,NULL,NULL,0,710,2381.95,3.35
HOUSEHOLD_1,2015-05-01,11513,Friday,TX_3,TX,HOUSEHOLD,NULL,NULL,NULL,NULL,1,991,3555.78,3.59
HOUSEHOLD_1,2015-05-02,11514,Saturday,TX_3,TX,HOUSEHOLD,NULL,NULL,NULL,NULL,0,979,3448.03,3.52
HOUSEHOLD_1,2015-05-03,11514,Sunday,TX_3,TX,HOUSEHOLD,NULL,NULL,NULL,NULL,1,1004,3713.59,3.70
HOUSEHOLD_1,2015-05-04,11514,Monday,TX_3,TX,HOUSEHOLD,NULL,NULL,NULL,NULL,0,900,3184.70,3.54
HOUSEHOLD_1,2015-05-06,11514,Wednesday,TX_3,TX,HOUSEHOLD,NULL,NULL,NULL,NULL,1,774,2791.26,3.61
HOUSEHOLD_1,2015-05-07,11514,Thursday,TX_3,TX,HOUSEHOLD,NULL,NULL,NULL,NULL,1,729,2671.71,3.66
HOUSEHOLD_1,2015-05-08,11514,Friday,TX_3,TX,HOUSEHOLD,NULL,NULL,NULL,NULL,0,730,2632.44,3.61
HOUSEHOLD_1,2015-05-09,11515,Saturday,TX_3,TX,HOUSEHOLD,NULL,NULL,NULL,NULL,1,905,3227.33,3.57
HOUSEHOLD_1,2015-05-11,11515,Monday,TX_3,TX,HOUSEHOLD,NULL,NULL,NULL,NULL,1,915,3008.89,3.29
HOUSEHOLD_1,2015-05-12,11515,Tuesday,TX_3,TX,HOUSEHOLD,NULL,NULL,NULL,NULL,1,883,2963.75,3.36
HOUSEHOLD_1,2015-05-13,11515,Wednesday,TX_3,TX,HOUSEHOLD,NULL,NULL,NULL,NULL,1,844,2953.62,3.50
HOUSEHOLD_1,2015-05-14,11515,Thursday,TX_3,TX,HOUSEHOLD,NULL,NULL,NULL,NULL,0,778,2657.18,3.42
HOUSEHOLD_1,2015-05-15,11515,Friday,TX_3,TX,HOUSEHOLD,NULL,NULL,NULL,NULL,1,872,2951.89,3.39
HOUSEHOLD_1,2015-05-16,11516,Saturday,TX_3,TX,HOUSEHOLD,NULL,NULL,NULL,NULL,0,1158,3936.51,3.40
HOUSEHOLD_1,2015-05-17,11516,Sunday,TX_3,TX,HOUSEHOLD,NULL,NULL,NULL,NULL,0,1043,3523.59,3.38
HOUSEHOLD_1,2015-05-18,11516,Monday,TX_3,TX,HOUSEHOLD,NULL,NULL,NULL,NULL,0,837,2859.18,3.42
HOUSEHOLD_1,2015-05-19,11516,Tuesday,TX_3,TX,HOUSEHOLD,NULL,NULL,NULL,NULL,0,804,2665.19,3.31
HOUSEHOLD_1,2015-05-20,11516,Wednesday,TX_3,TX,HOUSEHOLD,NULL,NULL,NULL,NULL,0,858,2893.41,3.37
HOUSEHOLD_1,2015-05-21,11516,Thursday,TX_3,TX,HOUSEHOLD,NULL,NULL,NULL,NULL,0,737,2501.54,3.39
HOUSEHOLD_1,2015-05-22,11516,Friday,TX_3,TX,HOUSEHOLD,NULL,NULL,NULL,NULL,0,922,2971.20,3.22
HOUSEHOLD_1,2015-05-23,11517,Saturday,TX_3,TX,HOUSEHOLD,NULL,NULL,NULL,NULL,0,950,3527.40,3.71
HOUSEHOLD_1,2015-05-24,11517,Sunday,TX_3,TX,HOUSEHOLD,NULL,NULL,NULL,NULL,0,884,3216.77,3.64
HOUSEHOLD_1,2015-05-26,11517,Tuesday,TX_3,TX,HOUSEHOLD,NULL,NULL,NULL,NULL,0,764,2477.96,3.24
HOUSEHOLD_1,2015-05-27,11517,Wednesday,TX_3,TX,HOUSEHOLD,NULL,NULL,NULL,NULL,0,800,2699.57,3.37
HOUSEHOLD_1,2015-05-28,11517,Thursday,TX_3,TX,HOUSEHOLD,NULL,NULL,NULL,NULL,0,805,2691.12,3.34
HOUSEHOLD_1,2015-05-29,11517,Friday,TX_3,TX,HOUSEHOLD,NULL,NULL,NULL,NULL,0,905,2827.50,3.12
HOUSEHOLD_1,2015-05-30,11518,Saturday,TX_3,TX,HOUSEHOLD,NULL,NULL,NULL,NULL,0,969,3444.39,3.55
HOUSEHOLD_1,2015-05-31,11518,Sunday,TX_3,TX,HOUSEHOLD,NULL,NULL,NULL,NULL,0,1049,3634.99,3.47
HOUSEHOLD_1,2015-06-01,11518,Monday,TX_3,TX,HOUSEHOLD,NULL,NULL,NULL,NULL,1,1031,3402.09,3.30
HOUSEHOLD_1,2015-06-02,11518,Tuesday,TX_3,TX,HOUSEHOLD,NULL,NULL,NULL,NULL,0,910,2927.77,3.22
HOUSEHOLD_1,2015-06-03,11518,Wednesday,TX_3,TX,HOUSEHOLD,NULL,NULL,NULL,NULL,1,942,3074.08,3.26
HOUSEHOLD_1,2015-06-05,11518,Friday,TX_3,TX,HOUSEHOLD,NULL,NULL,NULL,NULL,1,969,3516.29,3.63
HOUSEHOLD_1,2015-06-06,11519,Saturday,TX_3,TX,HOUSEHOLD,NULL,NULL,NULL,NULL,1,902,3067.25,3.40
HOUSEHOLD_1,2015-06-07,11519,Sunday,TX_3,TX,HOUSEHOLD,NULL,NULL,NULL,NULL,1,1045,3865.75,3.70
HOUSEHOLD_1,2015-06-08,11519,Monday,TX_3,TX,HOUSEHOLD,NULL,NULL,NULL,NULL,0,873,2852.11,3.27
HOUSEHOLD_1,2015-06-09,11519,Tuesday,TX_3,TX,HOUSEHOLD,NULL,NULL,NULL,NULL,1,743,2584.63,3.48
HOUSEHOLD_1,2015-06-10,11519,Wednesday,TX_3,TX,HOUSEHOLD,NULL,NULL,NULL,NULL,0,745,2570.29,3.45
HOUSEHOLD_1,2015-06-11,11519,Thursday,TX_3,TX,HOUSEHOLD,NULL,NULL,NULL,NULL,1,725,2732.80,3.77
HOUSEHOLD_1,2015-06-12,11519,Friday,TX_3,TX,HOUSEHOLD,NULL,NULL,NULL,NULL,1,803,2741.71,3.41
HOUSEHOLD_1,2015-06-13,11520,Saturday,TX_3,TX,HOUSEHOLD,NULL,NULL,NULL,NULL,1,1024,3420.85,3.34
HOUSEHOLD_1,2015-06-14,11520,Sunday,TX_3,TX,HOUSEHOLD,NULL,NULL,NULL,NULL,0,907,3254.78,3.59
HOUSEHOLD_1,2015-06-15,11520,Monday,TX_3,TX,HOUSEHOLD,NULL,NULL,NULL,NULL,1,1010,3566.82,3.53
HOUSEHOLD_1,2015-06-17,11520,Wednesday,TX_3,TX,HOUSEHOLD,NULL,NULL,NULL,NULL,0,728,2223.49,3.05
HOUSEHOLD_1,2015-06-19,11520,Friday,TX_3,TX,HOUSEHOLD,NULL,NULL,NULL,NULL,0,846,2798.72,3.31
HOUSEHOLD_1,2015-06-20,11521,Saturday,TX_3,TX,HOUSEHOLD,NULL,NULL,NULL,NULL,0,1053,3665.91,3.48
HOUSEHOLD_1,2015-06-22,11521,Monday,TX_3,TX,HOUSEHOLD,NULL,NULL,NULL,NULL,0,767,2826.60,3.69
HOUSEHOLD_1,2015-06-23,11521,Tuesday,TX_3,TX,HOUSEHOLD,NULL,NULL,NULL,NULL,0,659,2269.08,3.44
HOUSEHOLD_1,2015-06-24,11521,Wednesday,TX_3,TX,HOUSEHOLD,NULL,NULL,NULL,NULL,0,632,2265.87,3.59
HOUSEHOLD_1,2015-06-25,11521,Thursday,TX_3,TX,HOUSEHOLD,NULL,NULL,NULL,NULL,0,793,2569.30,3.24
HOUSEHOLD_1,2015-06-26,11521,Friday,TX_3,TX,HOUSEHOLD,NULL,NULL,NULL,NULL,0,855,2758.19,3.23
HOUSEHOLD_1,2015-06-27,11522,Saturday,TX_3,TX,HOUSEHOLD,NULL,NULL,NULL,NULL,0,940,3288.74,3.50
HOUSEHOLD_1,2015-06-28,11522,Sunday,TX_3,TX,HOUSEHOLD,NULL,NULL,NULL,NULL,0,1118,3950.37,3.53
HOUSEHOLD_1,2015-06-29,11522,Monday,TX_3,TX,HOUSEHOLD,NULL,NULL,NULL,NULL,0,783,2731.82,3.49
HOUSEHOLD_1,2015-06-30,11522,Tuesday,TX_3,TX,HOUSEHOLD,NULL,NULL,NULL,NULL,0,692,2382.97,3.44
HOUSEHOLD_1,2015-07-01,11522,Wednesday,TX_3,TX,HOUSEHOLD,NULL,NULL,NULL,NULL,1,893,3033.67,3.40
HOUSEHOLD_1,2015-07-02,11522,Thursday,TX_3,TX,HOUSEHOLD,NULL,NULL,NULL,NULL,0,958,3366.13,3.51
HOUSEHOLD_1,2015-07-03,11522,Friday,TX_3,TX,HOUSEHOLD,NULL,NULL,NULL,NULL,1,1097,3879.01,3.54
HOUSEHOLD_1,2015-07-05,11523,Sunday,TX_3,TX,HOUSEHOLD,NULL,NULL,NULL,NULL,1,902,3228.44,3.58
HOUSEHOLD_1,2015-07-06,11523,Monday,TX_3,TX,HOUSEHOLD,NULL,NULL,NULL,NULL,1,837,2874.29,3.43
HOUSEHOLD_1,2015-07-07,11523,Tuesday,TX_3,TX,HOUSEHOLD,NULL,NULL,NULL,NULL,1,699,2579.77,3.69
HOUSEHOLD_1,2015-07-08,11523,Wednesday,TX_3,TX,HOUSEHOLD,NULL,NULL,NULL,NULL,0,622,2399.84,3.86
HOUSEHOLD_1,2015-07-09,11523,Thursday,TX_3,TX,HOUSEHOLD,NULL,NULL,NULL,NULL,1,681,2415.65,3.55
HOUSEHOLD_1,2015-07-10,11523,Friday,TX_3,TX,HOUSEHOLD,NULL,NULL,NULL,NULL,0,760,2748.28,3.62
HOUSEHOLD_1,2015-07-11,11524,Saturday,TX_3,TX,HOUSEHOLD,NULL,NULL,NULL,NULL,1,920,3288.39,3.57
HOUSEHOLD_1,2015-07-12,11524,Sunday,TX_3,TX,HOUSEHOLD,NULL,NULL,NULL,NULL,1,925,3541.64,3.83
HOUSEHOLD_1,2015-07-13,11524,Monday,TX_3,TX,HOUSEHOLD,NULL,NULL,NULL,NULL,1,748,2723.18,3.64
HOUSEHOLD_1,2015-07-14,11524,Tuesday,TX_3,TX,HOUSEHOLD,NULL,NULL,NULL,NULL,0,650,2295.15,3.53
HOUSEHOLD_1,2015-07-15,11524,Wednesday,TX_3,TX,HOUSEHOLD,NULL,NULL,NULL,NULL,1,654,2409.57,3.68
HOUSEHOLD_1,2015-07-16,11524,Thursday,TX_3,TX,HOUSEHOLD,NULL,NULL,NULL,NULL,0,762,2792.01,3.66
HOUSEHOLD_1,2015-07-17,11524,Friday,TX_3,TX,HOUSEHOLD,NULL,NULL,NULL,NULL,0,804,2981.18,3.71
HOUSEHOLD_1,2015-07-19,11525,Sunday,TX_3,TX,HOUSEHOLD,NULL,NULL,NULL,NULL,0,973,3470.05,3.57
HOUSEHOLD_1,2015-07-20,11525,Monday,TX_3,TX,HOUSEHOLD,NULL,NULL,NULL,NULL,0,835,2992.76,3.58
HOUSEHOLD_1,2015-07-21,11525,Tuesday,TX_3,TX,HOUSEHOLD,NULL,NULL,NULL,NULL,0,903,2810.86,3.11
HOUSEHOLD_1,2015-07-22,11525,Wednesday,TX_3,TX,HOUSEHOLD,NULL,NULL,NULL,NULL,0,775,2495.00,3.22
HOUSEHOLD_1,2015-07-23,11525,Thursday,TX_3,TX,HOUSEHOLD,NULL,NULL,NULL,NULL,0,721,2725.15,3.78
HOUSEHOLD_1,2015-07-24,11525,Friday,TX_3,TX,HOUSEHOLD,NULL,NULL,NULL,NULL,0,919,3087.73,3.36
HOUSEHOLD_1,2015-07-25,11526,Saturday,TX_3,TX,HOUSEHOLD,NULL,NULL,NULL,NULL,0,1032,3536.61,3.43
HOUSEHOLD_1,2015-07-26,11526,Sunday,TX_3,TX,HOUSEHOLD,NULL,NULL,NULL,NULL,0,949,3502.58,3.69
HOUSEHOLD_1,2015-07-27,11526,Monday,TX_3,TX,HOUSEHOLD,NULL,NULL,NULL,NULL,0,823,2842.04,3.45
HOUSEHOLD_1,2015-07-28,11526,Tuesday,TX_3,TX,HOUSEHOLD,NULL,NULL,NULL,NULL,0,720,2606.91,3.62
HOUSEHOLD_1,2015-07-29,11526,Wednesday,TX_3,TX,HOUSEHOLD,NULL,NULL,NULL,NULL,0,573,2035.48,3.55
HOUSEHOLD_1,2015-07-30,11526,Thursday,TX_3,TX,HOUSEHOLD,NULL,NULL,NULL,NULL,0,662,2389.60,3.61
HOUSEHOLD_1,2015-07-31,11526,Friday,TX_3,TX,HOUSEHOLD,NULL,NULL,NULL,NULL,0,1050,3753.16,3.57
HOUSEHOLD_1,2015-08-01,11527,Saturday,TX_3,TX,HOUSEHOLD,NULL,NULL,NULL,NULL,1,1118,4104.58,3.67
HOUSEHOLD_1,2015-08-02,11527,Sunday,TX_3,TX,HOUSEHOLD,NULL,NULL,NULL,NULL,0,946,3583.03,3.79
HOUSEHOLD_1,2015-08-03,11527,Monday,TX_3,TX,HOUSEHOLD,NULL,NULL,NULL,NULL,1,1007,3797.41,3.77
HOUSEHOLD_1,2015-08-04,11527,Tuesday,TX_3,TX,HOUSEHOLD,NULL,NULL,NULL,NULL,0,844,2834.74,3.36
HOUSEHOLD_1,2015-08-05,11527,Wednesday,TX_3,TX,HOUSEHOLD,NULL,NULL,NULL,NULL,1,721,2275.25,3.16
HOUSEHOLD_1,2015-08-06,11527,Thursday,TX_3,TX,HOUSEHOLD,NULL,NULL,NULL,NULL,1,736,2614.04,3.55
HOUSEHOLD_1,2015-08-07,11527,Friday,TX_3,TX,HOUSEHOLD,NULL,NULL,NULL,NULL,1,764,2868.90,3.76
HOUSEHOLD_1,2015-08-08,11528,Saturday,TX_3,TX,HOUSEHOLD,NULL,NULL,NULL,NULL,0,1067,4171.37,3.91
HOUSEHOLD_1,2015-08-09,11528,Sunday,TX_3,TX,HOUSEHOLD,NULL,NULL,NULL,NULL,1,906,3423.48,3.78
HOUSEHOLD_1,2015-08-10,11528,Monday,TX_3,TX,HOUSEHOLD,NULL,NULL,NULL,NULL,0,872,3137.82,3.60
HOUSEHOLD_1,2015-08-11,11528,Tuesday,TX_3,TX,HOUSEHOLD,NULL,NULL,NULL,NULL,1,632,2134.96,3.38
HOUSEHOLD_1,2015-08-12,11528,Wednesday,TX_3,TX,HOUSEHOLD,NULL,NULL,NULL,NULL,1,723,2614.10,3.62
HOUSEHOLD_1,2015-08-13,11528,Thursday,TX_3,TX,HOUSEHOLD,NULL,NULL,NULL,NULL,1,651,2377.68,3.65
HOUSEHOLD_1,2015-08-14,11528,Friday,TX_3,TX,HOUSEHOLD,NULL,NULL,NULL,NULL,0,906,3062.94,3.38
HOUSEHOLD_1,2015-08-15,11529,Saturday,TX_3,TX,HOUSEHOLD,NULL,NULL,NULL,NULL,1,932,3411.37,3.66
HOUSEHOLD_1,2015-08-16,11529,Sunday,TX_3,TX,HOUSEHOLD,NULL,NULL,NULL,NULL,0,1023,3807.22,3.72
