03 Clean Data/daily_store_performance_clean.csv
dept_id,sale_date,wm_yr_wk,weekday,store_id,state_id,cat_id,event_name_1,event_type_1,event_name_2,event_type_2,snap_TX,total_units_sold,total_revenue,average_selling_price
HOUSEHOLD_1,2015-08-17,11529,Monday,TX_3,TX,HOUSEHOLD,NULL,NULL,NULL,NULL,0,764,2721.41,3.56
HOUSEHOLD_1,2015-08-18,11529,Tuesday,TX_3,TX,HOUSEHOLD,NULL,NULL,NULL,NULL,0,801,2646.87,3.30
HOUSEHOLD_1,2015-08-19,11529,Wednesday,TX_3,TX,HOUSEHOLD,NULL,NULL,NULL,NULL,0,736,2590.18,3.52
HOUSEHOLD_1,2015-08-20,11529,Thursday,TX_3,TX,HOUSEHOLD,NULL,NULL,NULL,NULL,0,749,2408.94,3.22
HOUSEHOLD_1,2015-08-21,11529,Friday,TX_3,TX,HOUSEHOLD,NULL,NULL,NULL,NULL,0,968,3297.50,3.41
HOUSEHOLD_1,2015-08-22,11530,Saturday,TX_3,TX,HOUSEHOLD,NULL,NULL,NULL,NULL,0,1212,4313.73,3.56
HOUSEHOLD_1,2015-08-23,11530,Sunday,TX_3,TX,HOUSEHOLD,NULL,NULL,NULL,NULL,0,1076,3842.03,3.57
HOUSEHOLD_1,2015-08-24,11530,Monday,TX_3,TX,HOUSEHOLD,NULL,NULL,NULL,NULL,0,810,2817.73,3.48
HOUSEHOLD_1,2015-08-25,11530,Tuesday,TX_3,TX,HOUSEHOLD,NULL,NULL,NULL,NULL,0,794,2950.78,3.72
HOUSEHOLD_1,2015-08-26,11530,Wednesday,TX_3,TX,HOUSEHOLD,NULL,NULL,NULL,NULL,0,831,3233.99,3.89
HOUSEHOLD_1,2015-08-27,11530,Thursday,TX_3,TX,HOUSEHOLD,NULL,NULL,NULL,NULL,0,665,2442.84,3.67
HOUSEHOLD_1,2015-08-28,11530,Friday,TX_3,TX,HOUSEHOLD,NULL,NULL,NULL,NULL,0,766,2639.72,3.45
HOUSEHOLD_1,2015-08-29,11531,Saturday,TX_3,TX,HOUSEHOLD,NULL,NULL,NULL,NULL,0,1018,3613.77,3.55
HOUSEHOLD_1,2015-08-30,11531,Sunday,TX_3,TX,HOUSEHOLD,NULL,NULL,NULL,NULL,0,1099,4199.75,3.82
HOUSEHOLD_1,2015-08-31,11531,Monday,TX_3,TX,HOUSEHOLD,NULL,NULL,NULL,NULL,0,766,2818.81,3.68
HOUSEHOLD_1,2015-09-01,11531,Tuesday,TX_3,TX,HOUSEHOLD,NULL,NULL,NULL,NULL,1,823,3071.72,3.73
HOUSEHOLD_1,2015-09-02,11531,Wednesday,TX_3,TX,HOUSEHOLD,NULL,NULL,NULL,NULL,0,688,2867.12,4.17
HOUSEHOLD_1,2015-09-03,11531,Thursday,TX_3,TX,HOUSEHOLD,NULL,NULL,NULL,NULL,1,1091,3272.09,3.00
HOUSEHOLD_1,2015-09-04,11531,Friday,TX_3,TX,HOUSEHOLD,NULL,NULL,NULL,NULL,0,940,2995.89,3.19
HOUSEHOLD_1,2015-09-05,11532,Saturday,TX_3,TX,HOUSEHOLD,NULL,NULL,NULL,NULL,1,1183,4235.27,3.58
HOUSEHOLD_1,2015-09-06,11532,Sunday,TX_3,TX,HOUSEHOLD,NULL,NULL,NULL,NULL,1,929,3103.20,3.34
HOUSEHOLD_1,2015-09-08,11532,Tuesday,TX_3,TX,HOUSEHOLD,NULL,NULL,NULL,NULL,0,776,2850.35,3.67
HOUSEHOLD_1,2015-09-09,11532,Wednesday,TX_3,TX,HOUSEHOLD,NULL,NULL,NULL,NULL,1,728,2695.88,3.70
HOUSEHOLD_1,2015-09-10,11532,Thursday,TX_3,TX,HOUSEHOLD,NULL,NULL,NULL,NULL,0,768,2766.73,3.60
HOUSEHOLD_1,2015-09-11,11532,Friday,TX_3,TX,HOUSEHOLD,NULL,NULL,NULL,NULL,1,698,2588.91,3.71
HOUSEHOLD_1,2015-09-12,11533,Saturday,TX_3,TX,HOUSEHOLD,NULL,NULL,NULL,NULL,1,966,3397.66,3.52
HOUSEHOLD_1,2015-09-13,11533,Sunday,TX_3,TX,HOUSEHOLD,NULL,NULL,NULL,NULL,1,1046,3722.84,3.56
HOUSEHOLD_1,2015-09-14,11533,Monday,TX_3,TX,HOUSEHOLD,NULL,NULL,NULL,NULL,0,851,2944.47,3.46
HOUSEHOLD_1,2015-09-15,11533,Tuesday,TX_3,TX,HOUSEHOLD,NULL,NULL,NULL,NULL,1,723,2479.43,3.43
HOUSEHOLD_1,2015-09-16,11533,Wednesday,TX_3,TX,HOUSEHOLD,NULL,NULL,NULL,NULL,0,713,2604.32,3.65
HOUSEHOLD_1,2015-09-17,11533,Thursday,TX_3,TX,HOUSEHOLD,NULL,NULL,NULL,NULL,0,646,2250.46,3.48
HOUSEHOLD_1,2015-09-18,11533,Friday,TX_3,TX,HOUSEHOLD,NULL,NULL,NULL,NULL,0,727,2796.98,3.85
HOUSEHOLD_1,2015-09-19,11534,Saturday,TX_3,TX,HOUSEHOLD,NULL,NULL,NULL,NULL,0,1014,3750.51,3.70
HOUSEHOLD_1,2015-09-20,11534,Sunday,TX_3,TX,HOUSEHOLD,NULL,NULL,NULL,NULL,0,970,3735.10,3.85
HOUSEHOLD_1,2015-09-21,11534,Monday,TX_3,TX,HOUSEHOLD,NULL,NULL,NULL,NULL,0,687,2453.39,3.57
HOUSEHOLD_1,2015-09-22,11534,Tuesday,TX_3,TX,HOUSEHOLD,NULL,NULL,NULL,NULL,0,676,2549.25,3.77
HOUSEHOLD_1,2015-09-23,11534,Wednesday,TX_3,TX,HOUSEHOLD,NULL,NULL,NULL,NULL,0,613,2405.44,3.92
HOUSEHOLD_1,2015-09-25,11534,Friday,TX_3,TX,HOUSEHOLD,NULL,NULL,NULL,NULL,0,720,2759.95,3.83
HOUSEHOLD_1,2015-09-26,11535,Saturday,TX_3,TX,HOUSEHOLD,NULL,NULL,NULL,NULL,0,1027,3598.18,3.50
HOUSEHOLD_1,2015-09-27,11535,Sunday,TX_3,TX,HOUSEHOLD,NULL,NULL,NULL,NULL,0,983,3724.49,3.79
HOUSEHOLD_1,2015-09-28,11535,Monday,TX_3,TX,HOUSEHOLD,NULL,NULL,NULL,NULL,0,770,2854.44,3.71
HOUSEHOLD_1,2015-09-29,11535,Tuesday,TX_3,TX,HOUSEHOLD,NULL,NULL,NULL,NULL,0,544,2113.04,3.88
HOUSEHOLD_1,2015-09-30,11535,Wednesday,TX_3,TX,HOUSEHOLD,NULL,NULL,NULL,NULL,0,707,2352.82,3.33
HOUSEHOLD_1,2015-10-01,11535,Thursday,TX_3,TX,HOUSEHOLD,NULL,NULL,NULL,NULL,1,957,3410.73,3.56
HOUSEHOLD_1,2015-10-02,11535,Friday,TX_3,TX,HOUSEHOLD,NULL,NULL,NULL,NULL,0,1111,3566.71,3.21
HOUSEHOLD_1,2015-10-03,11536,Saturday,TX_3,TX,HOUSEHOLD,NULL,NULL,NULL,NULL,1,1231,4425.38,3.59
HOUSEHOLD_1,2015-10-04,11536,Sunday,TX_3,TX,HOUSEHOLD,NULL,NULL,NULL,NULL,0,1078,3618.21,3.36
HOUSEHOLD_1,2015-10-05,11536,Monday,TX_3,TX,HOUSEHOLD,NULL,NULL,NULL,NULL,1,885,3101.15,3.50
HOUSEHOLD_1,2015-10-06,11536,Tuesday,TX_3,TX,HOUSEHOLD,NULL,NULL,NULL,NULL,1,829,2761.64,3.33
HOUSEHOLD_1,2015-10-07,11536,Wednesday,TX_3,TX,HOUSEHOLD,NULL,NULL,NULL,NULL,1,736,2242.97,3.05
HOUSEHOLD_1,2015-10-08,11536,Thursday,TX_3,TX,HOUSEHOLD,NULL,NULL,NULL,NULL,0,846,2728.42,3.23
HOUSEHOLD_1,2015-10-09,11536,Friday,TX_3,TX,HOUSEHOLD,NULL,NULL,NULL,NULL,1,891,2817.22,3.16
HOUSEHOLD_1,2015-10-10,11537,Saturday,TX_3,TX,HOUSEHOLD,NULL,NULL,NULL,NULL,0,1156,3755.94,3.25
HOUSEHOLD_1,2015-10-11,11537,Sunday,TX_3,TX,HOUSEHOLD,NULL,NULL,NULL,NULL,1,1100,3868.08,3.52
HOUSEHOLD_1,2015-10-13,11537,Tuesday,TX_3,TX,HOUSEHOLD,NULL,NULL,NULL,NULL,1,660,2145.26,3.25
HOUSEHOLD_1,2015-10-14,11537,Wednesday,TX_3,TX,HOUSEHOLD,NULL,NULL,NULL,NULL,0,494,1641.72,3.32
HOUSEHOLD_1,2015-10-15,11537,Thursday,TX_3,TX,HOUSEHOLD,NULL,NULL,NULL,NULL,1,865,2774.31,3.21
HOUSEHOLD_1,2015-10-16,11537,Friday,TX_3,TX,HOUSEHOLD,NULL,NULL,NULL,NULL,0,792,2863.48,3.62
HOUSEHOLD_1,2015-10-17,11538,Saturday,TX_3,TX,HOUSEHOLD,NULL,NULL,NULL,NULL,0,940,3583.17,3.81
HOUSEHOLD_1,2015-10-18,11538,Sunday,TX_3,TX,HOUSEHOLD,NULL,NULL,NULL,NULL,0,939,3654.61,3.89
HOUSEHOLD_1,2015-10-19,11538,Monday,TX_3,TX,HOUSEHOLD,NULL,NULL,NULL,NULL,0,676,2554.88,3.78
HOUSEHOLD_1,2015-10-20,11538,Tuesday,TX_3,TX,HOUSEHOLD,NULL,NULL,NULL,NULL,0,678,2500.93,3.69
HOUSEHOLD_1,2015-10-21,11538,Wednesday,TX_3,TX,HOUSEHOLD,NULL,NULL,NULL,NULL,0,640,2380.20,3.72
HOUSEHOLD_1,2015-10-22,11538,Thursday,TX_3,TX,HOUSEHOLD,NULL,NULL,NULL,NULL,0,667,2300.18,3.45
HOUSEHOLD_1,2015-10-23,11538,Friday,TX_3,TX,HOUSEHOLD,NULL,NULL,NULL,NULL,0,794,2981.35,3.75
HOUSEHOLD_1,2015-10-24,11539,Saturday,TX_3,TX,HOUSEHOLD,NULL,NULL,NULL,NULL,0,768,2840.84,3.70
HOUSEHOLD_1,2015-10-25,11539,Sunday,TX_3,TX,HOUSEHOLD,NULL,NULL,NULL,NULL,0,738,2994.03,4.06
HOUSEHOLD_1,2015-10-26,11539,Monday,TX_3,TX,HOUSEHOLD,NULL,NULL,NULL,NULL,0,768,2846.81,3.71
HOUSEHOLD_1,2015-10-27,11539,Tuesday,TX_3,TX,HOUSEHOLD,NULL,NULL,NULL,NULL,0,684,2350.75,3.44
HOUSEHOLD_1,2015-10-28,11539,Wednesday,TX_3,TX,HOUSEHOLD,NULL,NULL,NULL,NULL,0,689,2384.93,3.46
HOUSEHOLD_1,2015-10-29,11539,Thursday,TX_3,TX,HOUSEHOLD,NULL,NULL,NULL,NULL,0,700,2530.40,3.61
HOUSEHOLD_1,2015-10-30,11539,Friday,TX_3,TX,HOUSEHOLD,NULL,NULL,NULL,NULL,0,845,3173.51,3.76
HOUSEHOLD_1,2015-11-01,11540,Sunday,TX_3,TX,HOUSEHOLD,NULL,NULL,NULL,NULL,1,1077,3804.25,3.53
HOUSEHOLD_1,2015-11-02,11540,Monday,TX_3,TX,HOUSEHOLD,NULL,NULL,NULL,NULL,0,793,3226.42,4.07
HOUSEHOLD_1,2015-11-03,11540,Tuesday,TX_3,TX,HOUSEHOLD,NULL,NULL,NULL,NULL,1,1059,3839.70,3.63
HOUSEHOLD_1,2015-11-04,11540,Wednesday,TX_3,TX,HOUSEHOLD,NULL,NULL,NULL,NULL,0,804,2944.94,3.66
HOUSEHOLD_1,2015-11-05,11540,Thursday,TX_3,TX,HOUSEHOLD,NULL,NULL,NULL,NULL,1,650,2200.86,3.39
HOUSEHOLD_1,2015-11-06,11540,Friday,TX_3,TX,HOUSEHOLD,NULL,NULL,NULL,NULL,1,860,3241.50,3.77
HOUSEHOLD_1,2015-11-07,11541,Saturday,TX_3,TX,HOUSEHOLD,NULL,NULL,NULL,NULL,1,1017,3886.03,3.82
HOUSEHOLD_1,2015-11-08,11541,Sunday,TX_3,TX,HOUSEHOLD,NULL,NULL,NULL,NULL,0,899,3319.20,3.69
HOUSEHOLD_1,2015-11-09,11541,Monday,TX_3,TX,HOUSEHOLD,NULL,NULL,NULL,NULL,1,792,2897.44,3.66
HOUSEHOLD_1,2015-11-10,11541,Tuesday,TX_3,TX,HOUSEHOLD,NULL,NULL,NULL,NULL,0,737,2486.65,3.37
HOUSEHOLD_1,2015-11-12,11541,Thursday,TX_3,TX,HOUSEHOLD,NULL,NULL,NULL,NULL,1,674,2138.26,3.17
HOUSEHOLD_1,2015-11-13,11541,Friday,TX_3,TX,HOUSEHOLD,NULL,NULL,NULL,NULL,1,656,2206.40,3.36
HOUSEHOLD_1,2015-11-14,11542,Saturday,TX_3,TX,HOUSEHOLD,NULL,NULL,NULL,NULL,0,962,3390.66,3.52
HOUSEHOLD_1,2015-11-15,11542,Sunday,TX_3,TX,HOUSEHOLD,NULL,NULL,NULL,NULL,1,1046,4217.30,4.03
HOUSEHOLD_1,2015-11-16,11542,Monday,TX_3,TX,HOUSEHOLD,NULL,NULL,NULL,NULL,0,759,2558.55,3.37
HOUSEHOLD_1,2015-11-17,11542,Tuesday,TX_3,TX,HOUSEHOLD,NULL,NULL,NULL,NULL,0,561,2077.18,3.70
HOUSEHOLD_1,2015-11-18,11542,Wednesday,TX_3,TX,HOUSEHOLD,NULL,NULL,NULL,NULL,0,765,2827.71,3.70
HOUSEHOLD_1,2015-11-19,11542,Thursday,TX_3,TX,HOUSEHOLD,NULL,NULL,NULL,NULL,0,696,2796.97,4.02
HOUSEHOLD_1,2015-11-20,11542,Friday,TX_3,TX,HOUSEHOLD,NULL,NULL,NULL,NULL,0,714,2724.99,3.82
HOUSEHOLD_1,2015-11-21,11543,Saturday,TX_3,TX,HOUSEHOLD,NULL,NULL,NULL,NULL,0,945,3560.08,3.77
HOUSEHOLD_1,2015-11-22,11543,Sunday,TX_3,TX,HOUSEHOLD,NULL,NULL,NULL,NULL,0,853,3393.21,3.98
HOUSEHOLD_1,2015-11-23,11543,Monday,TX_3,TX,HOUSEHOLD,NULL,NULL,NULL,NULL,0,666,2550.64,3.83
HOUSEHOLD_1,2015-11-24,11543,Tuesday,TX_3,TX,HOUSEHOLD,NULL,NULL,NULL,NULL,0,650,2506.59,3.86
HOUSEHOLD_1,2015-11-25,11543,Wednesday,TX_3,TX,HOUSEHOLD,NULL,NULL,NULL,NULL,0,642,2576.79,4.01
HOUSEHOLD_1,2015-11-27,11543,Friday,TX_3,TX,HOUSEHOLD,NULL,NULL,NULL,NULL,0,599,2500.47,4.17
HOUSEHOLD_1,2015-11-28,11544,Saturday,TX_3,TX,HOUSEHOLD,NULL,NULL,NULL,NULL,0,726,2779.83,3.83
HOUSEHOLD_1,2015-11-29,11544,Sunday,TX_3,TX,HOUSEHOLD,NULL,NULL,NULL,NULL,0,700,2915.94,4.17
HOUSEHOLD_1,2015-11-30,11544,Monday,TX_3,TX,HOUSEHOLD,NULL,NULL,NULL,NULL,0,789,2959.76,3.75
HOUSEHOLD_1,2015-12-01,11544,Tuesday,TX_3,TX,HOUSEHOLD,NULL,NULL,NULL,NULL,1,884,3008.65,3.40
HOUSEHOLD_1,2015-12-02,11544,Wednesday,TX_3,TX,HOUSEHOLD,NULL,NULL,NULL,NULL,0,775,2614.35,3.37
HOUSEHOLD_1,2015-12-03,11544,Thursday,TX_3,TX,HOUSEHOLD,NULL,NULL,NULL,NULL,1,877,3027.93,3.45
HOUSEHOLD_1,2015-12-04,11544,Friday,TX_3,TX,HOUSEHOLD,NULL,NULL,NULL,NULL,0,690,2728.13,3.95
HOUSEHOLD_1,2015-12-05,11545,Saturday,TX_3,TX,HOUSEHOLD,NULL,NULL,NULL,NULL,1,865,3256.45,3.76
HOUSEHOLD_1,2015-12-06,11545,Sunday,TX_3,TX,HOUSEHOLD,NULL,NULL,NULL,NULL,1,882,3442.07,3.90
HOUSEHOLD_1,2015-12-07,11545,Monday,TX_3,TX,HOUSEHOLD,NULL,NULL,NULL,NULL,1,780,2917.91,3.74
HOUSEHOLD_1,2015-12-08,11545,Tuesday,TX_3,TX,HOUSEHOLD,NULL,NULL,NULL,NULL,0,644,2431.52,3.78
HOUSEHOLD_1,2015-12-09,11545,Wednesday,TX_3,TX,HOUSEHOLD,NULL,NULL,NULL,NULL,1,633,2282.69,3.61
HOUSEHOLD_1,2015-12-10,11545,Thursday,TX_3,TX,HOUSEHOLD,NULL,NULL,NULL,NULL,0,742,2813.86,3.79
HOUSEHOLD_1,2015-12-11,11545,Friday,TX_3,TX,HOUSEHOLD,NULL,NULL,NULL,NULL,1,635,2360.36,3.72
HOUSEHOLD_1,2015-12-12,11546,Saturday,TX_3,TX,HOUSEHOLD,NULL,NULL,NULL,NULL,1,741,3086.54,4.17
HOUSEHOLD_1,2015-12-13,11546,Sunday,TX_3,TX,HOUSEHOLD,NULL,NULL,NULL,NULL,1,774,3155.83,4.08
HOUSEHOLD_1,2015-12-15,11546,Tuesday,TX_3,TX,HOUSEHOLD,NULL,NULL,NULL,NULL,1,708,2682.76,3.79
HOUSEHOLD_1,2015-12-16,11546,Wednesday,TX_3,TX,HOUSEHOLD,NULL,NULL,NULL,NULL,0,600,2243.64,3.74
HOUSEHOLD_1,2015-12-17,11546,Thursday,TX_3,TX,HOUSEHOLD,NULL,NULL,NULL,NULL,0,612,2384.33,3.90
HOUSEHOLD_1,2015-12-18,11546,Friday,TX_3,TX,HOUSEHOLD,NULL,NULL,NULL,NULL,0,588,2087.54,3.55
HOUSEHOLD_1,2015-12-19,11547,Saturday,TX_3,TX,HOUSEHOLD,NULL,NULL,NULL,NULL,0,765,3094.20,4.04
HOUSEHOLD_1,2015-12-20,11547,Sunday,TX_3,TX,HOUSEHOLD,NULL,NULL,NULL,NULL,0,812,3300.19,4.06
HOUSEHOLD_1,2015-12-21,11547,Monday,TX_3,TX,HOUSEHOLD,NULL,NULL,NULL,NULL,0,664,2374.51,3.58
HOUSEHOLD_1,2015-12-22,11547,Tuesday,TX_3,TX,HOUSEHOLD,NULL,NULL,NULL,NULL,0,794,2677.34,3.37
HOUSEHOLD_1,2015-12-23,11547,Wednesday,TX_3,TX,HOUSEHOLD,NULL,NULL,NULL,NULL,0,773,2675.09,3.46
HOUSEHOLD_1,2015-12-24,11547,Thursday,TX_3,TX,HOUSEHOLD,NULL,NULL,NULL,NULL,0,763,2575.72,3.38
HOUSEHOLD_1,2015-12-26,11548,Saturday,TX_3,TX,HOUSEHOLD,NULL,NULL,NULL,NULL,0,1093,4075.28,3.73
HOUSEHOLD_1,2015-12-27,11548,Sunday,TX_3,TX,HOUSEHOLD,NULL,NULL,NULL,NULL,0,725,2730.09,3.77
HOUSEHOLD_1,2015-12-28,11548,Monday,TX_3,TX,HOUSEHOLD,NULL,NULL,NULL,NULL,0,800,3215.40,4.02
HOUSEHOLD_1,2015-12-29,11548,Tuesday,TX_3,TX,HOUSEHOLD,NULL,NULL,NULL,NULL,0,744,2820.21,3.79
HOUSEHOLD_1,2015-12-30,11548,Wednesday,TX_3,TX,HOUSEHOLD,NULL,NULL,NULL,NULL,0,709,2874.49,4.05
HOUSEHOLD_1,2015-12-31,11548,Thursday,TX_3,TX,HOUSEHOLD,NULL,NULL,NULL,NULL,0,799,3055.28,3.82
HOUSEHOLD_1,2016-01-02,11549,Saturday,TX_3,TX,HOUSEHOLD,NULL,NULL,NULL,NULL,0,913,3684.36,4.04
HOUSEHOLD_1,2016-01-03,11549,Sunday,TX_3,TX,HOUSEHOLD,NULL,NULL,NULL,NULL,1,855,3438.76,4.02
HOUSEHOLD_1,2016-01-04,11549,Monday,TX_3,TX,HOUSEHOLD,NULL,NULL,NULL,NULL,0,930,3356.22,3.61
HOUSEHOLD_1,2016-01-05,11549,Tuesday,TX_3,TX,HOUSEHOLD,NULL,NULL,NULL,NULL,1,714,2756.59,3.86
HOUSEHOLD_1,2016-01-06,11549,Wednesday,TX_3,TX,HOUSEHOLD,NULL,NULL,NULL,NULL,1,548,2019.27,3.68
HOUSEHOLD_1,2016-01-08,11549,Friday,TX_3,TX,HOUSEHOLD,NULL,NULL,NULL,NULL,0,745,2715.55,3.65
HOUSEHOLD_1,2016-01-09,11550,Saturday,TX_3,TX,HOUSEHOLD,NULL,NULL,NULL,NULL,1,1004,3801.86,3.79
HOUSEHOLD_1,2016-01-10,11550,Sunday,TX_3,TX,HOUSEHOLD,NULL,NULL,NULL,NULL,0,838,3343.53,3.99
HOUSEHOLD_1,2016-01-11,11550,Monday,TX_3,TX,HOUSEHOLD,NULL,NULL,NULL,NULL,1,686,2441.38,3.56
HOUSEHOLD_1,2016-01-12,11550,Tuesday,TX_3,TX,HOUSEHOLD,NULL,NULL,NULL,NULL,1,625,2189.55,3.50
HOUSEHOLD_1,2016-01-13,11550,Wednesday,TX_3,TX,HOUSEHOLD,NULL,NULL,NULL,NULL,1,608,2127.65,3.50
HOUSEHOLD_1,2016-01-14,11550,Thursday,TX_3,TX,HOUSEHOLD,NULL,NULL,NULL,NULL,0,616,2373.19,3.85
HOUSEHOLD_1,2016-01-15,11550,Friday,TX_3,TX,HOUSEHOLD,NULL,NULL,NULL,NULL,1,713,2695.57,3.78
HOUSEHOLD_1,2016-01-16,11551,Saturday,TX_3,TX,HOUSEHOLD,NULL,NULL,NULL,NULL,0,971,3625.34,3.73
HOUSEHOLD_1,2016-01-17,11551,Sunday,TX_3,TX,HOUSEHOLD,NULL,NULL,NULL,NULL,0,857,3379.32,3.94
HOUSEHOLD_1,2016-01-19,11551,Tuesday,TX_3,TX,HOUSEHOLD,NULL,NULL,NULL,NULL,0,557,2089.77,3.75
HOUSEHOLD_1,2016-01-20,11551,Wednesday,TX_3,TX,HOUSEHOLD,NULL,NULL,NULL,NULL,0,571,1949.82,3.41
HOUSEHOLD_1,2016-01-21,11551,Thursday,TX_3,TX,HOUSEHOLD,NULL,NULL,NULL,NULL,0,590,2212.31,3.75
HOUSEHOLD_1,2016-01-22,11551,Friday,TX_3,TX,HOUSEHOLD,NULL,NULL,NULL,NULL,0,715,2675.43,3.74
HOUSEHOLD_1,2016-01-23,11552,Saturday,TX_3,TX,HOUSEHOLD,NULL,NULL,NULL,NULL,0,897,3742.77,4.17
HOUSEHOLD_1,2016-01-24,11552,Sunday,TX_3,TX,HOUSEHOLD,NULL,NULL,NULL,NULL,0,892,3507.38,3.93
HOUSEHOLD_1,2016-01-25,11552,Monday,TX_3,TX,HOUSEHOLD,NULL,NULL,NULL,NULL,0,738,3056.79,4.14
HOUSEHOLD_1,2016-01-26,11552,Tuesday,TX_3,TX,HOUSEHOLD,NULL,NULL,NULL,NULL,0,608,2376.77,3.91
HOUSEHOLD_1,2016-01-27,11552,Wednesday,TX_3,TX,HOUSEHOLD,NULL,NULL,NULL,NULL,0,553,2226.05,4.03
HOUSEHOLD_1,2016-01-28,11552,Thursday,TX_3,TX,HOUSEHOLD,NULL,NULL,NULL,NULL,0,642,2477.10,3.86
HOUSEHOLD_1,2016-01-29,11552,Friday,TX_3,TX,HOUSEHOLD,NULL,NULL,NULL,NULL,0,766,2903.59,3.79
HOUSEHOLD_1,2016-01-30,11601,Saturday,TX_3,TX,HOUSEHOLD,NULL,NULL,NULL,NULL,0,829,3286.32,3.96
HOUSEHOLD_1,2016-01-31,11601,Sunday,TX_3,TX,HOUSEHOLD,NULL,NULL,NULL,NULL,0,895,3640.13,4.07
HOUSEHOLD_1,2016-02-01,11601,Monday,TX_3,TX,HOUSEHOLD,NULL,NULL,NULL,NULL,1,903,3367.98,3.73
HOUSEHOLD_1,2016-02-02,11601,Tuesday,TX_3,TX,HOUSEHOLD,NULL,NULL,NULL,NULL,0,720,2771.05,3.85
HOUSEHOLD_1,2016-02-03,11601,Wednesday,TX_3,TX,HOUSEHOLD,NULL,NULL,NULL,NULL,1,841,3099.13,3.69
HOUSEHOLD_1,2016-02-04,11601,Thursday,TX_3,TX,HOUSEHOLD,NULL,NULL,NULL,NULL,0,698,2779.92,3.98
HOUSEHOLD_1,2016-02-05,11601,Friday,TX_3,TX,HOUSEHOLD,NULL,NULL,NULL,NULL,1,750,2857.34,3.81
HOUSEHOLD_1,2016-02-06,11602,Saturday,TX_3,TX,HOUSEHOLD,NULL,NULL,NULL,NULL,1,922,3637.29,3.95
HOUSEHOLD_1,2016-02-08,11602,Monday,TX_3,TX,HOUSEHOLD,NULL,NULL,NULL,NULL,0,767,2837.10,3.70
HOUSEHOLD_1,2016-02-09,11602,Tuesday,TX_3,TX,HOUSEHOLD,NULL,NULL,NULL,NULL,1,739,2868.52,3.88
HOUSEHOLD_1,2016-02-11,11602,Thursday,TX_3,TX,HOUSEHOLD,NULL,NULL,NULL,NULL,1,845,3485.87,4.13
HOUSEHOLD_1,2016-02-12,11602,Friday,TX_3,TX,HOUSEHOLD,NULL,NULL,NULL,NULL,1,816,3148.14,3.86
HOUSEHOLD_1,2016-02-13,11603,Saturday,TX_3,TX,HOUSEHOLD,NULL,NULL,NULL,NULL,1,1041,4416.35,4.24
HOUSEHOLD_1,2016-02-16,11603,Tuesday,TX_3,TX,HOUSEHOLD,NULL,NULL,NULL,NULL,0,657,2687.65,4.09
HOUSEHOLD_1,2016-02-18,11603,Thursday,TX_3,TX,HOUSEHOLD,NULL,NULL,NULL,NULL,0,704,2864.34,4.07
HOUSEHOLD_1,2016-02-19,11603,Friday,TX_3,TX,HOUSEHOLD,NULL,NULL,NULL,NULL,0,834,3366.52,4.04
HOUSEHOLD_1,2016-02-20,11604,Saturday,TX_3,TX,HOUSEHOLD,NULL,NULL,NULL,NULL,0,1137,3939.66,3.47
HOUSEHOLD_1,2016-02-21,11604,Sunday,TX_3,TX,HOUSEHOLD,NULL,NULL,NULL,NULL,0,1133,4127.97,3.64
HOUSEHOLD_1,2016-02-22,11604,Monday,TX_3,TX,HOUSEHOLD,NULL,NULL,NULL,NULL,0,930,3239.99,3.48
HOUSEHOLD_1,2016-02-23,11604,Tuesday,TX_3,TX,HOUSEHOLD,NULL,NULL,NULL,NULL,0,777,2820.31,3.63
HOUSEHOLD_1,2016-02-24,11604,Wednesday,TX_3,TX,HOUSEHOLD,NULL,NULL,NULL,NULL,0,800,2679.28,3.35
HOUSEHOLD_1,2016-02-25,11604,Thursday,TX_3,TX,HOUSEHOLD,NULL,NULL,NULL,NULL,0,744,2592.72,3.48
HOUSEHOLD_1,2016-02-26,11604,Friday,TX_3,TX,HOUSEHOLD,NULL,NULL,NULL,NULL,0,652,2449.88,3.76
HOUSEHOLD_1,2016-02-27,11605,Saturday,TX_3,TX,HOUSEHOLD,NULL,NULL,NULL,NULL,0,856,3207.87,3.75
HOUSEHOLD_1,2016-02-28,11605,Sunday,TX_3,TX,HOUSEHOLD,NULL,NULL,NULL,NULL,0,1011,3963.59,3.92
HOUSEHOLD_1,2016-02-29,11605,Monday,TX_3,TX,HOUSEHOLD,NULL,NULL,NULL,NULL,0,827,3241.21,3.92
HOUSEHOLD_1,2016-03-01,11605,Tuesday,TX_3,TX,HOUSEHOLD,NULL,NULL,NULL,NULL,1,903,3419.53,3.79
HOUSEHOLD_1,2016-03-02,11605,Wednesday,TX_3,TX,HOUSEHOLD,NULL,NULL,NULL,NULL,0,740,2916.93,3.94
HOUSEHOLD_1,2016-03-03,11605,Thursday,TX_3,TX,HOUSEHOLD,NULL,NULL,NULL,NULL,1,917,3478.99,3.79
HOUSEHOLD_1,2016-03-04,11605,Friday,TX_3,TX,HOUSEHOLD,NULL,NULL,NULL,NULL,0,774,2879.33,3.72
HOUSEHOLD_1,2016-03-05,11606,Saturday,TX_3,TX,HOUSEHOLD,NULL,NULL,NULL,NULL,1,985,3682.14,3.74
HOUSEHOLD_1,2016-03-06,11606,Sunday,TX_3,TX,HOUSEHOLD,NULL,NULL,NULL,NULL,1,1002,4108.18,4.10
HOUSEHOLD_1,2016-03-07,11606,Monday,TX_3,TX,HOUSEHOLD,NULL,NULL,NULL,NULL,1,769,2953.14,3.84
