03 Clean Data/daily_store_performance_clean.csv
dept_id,sale_date,wm_yr_wk,weekday,store_id,state_id,cat_id,event_name_1,event_type_1,event_name_2,event_type_2,snap_TX,total_units_sold,total_revenue,average_selling_price
HOUSEHOLD_1,2016-03-08,11606,Tuesday,TX_3,TX,HOUSEHOLD,NULL,NULL,NULL,NULL,0,708,2602.38,3.68
HOUSEHOLD_1,2016-03-09,11606,Wednesday,TX_3,TX,HOUSEHOLD,NULL,NULL,NULL,NULL,1,653,2400.29,3.68
HOUSEHOLD_1,2016-03-10,11606,Thursday,TX_3,TX,HOUSEHOLD,NULL,NULL,NULL,NULL,0,814,2910.59,3.58
HOUSEHOLD_1,2016-03-11,11606,Friday,TX_3,TX,HOUSEHOLD,NULL,NULL,NULL,NULL,1,750,2967.86,3.96
HOUSEHOLD_1,2016-03-12,11607,Saturday,TX_3,TX,HOUSEHOLD,NULL,NULL,NULL,NULL,1,958,3695.72,3.86
HOUSEHOLD_1,2016-03-13,11607,Sunday,TX_3,TX,HOUSEHOLD,NULL,NULL,NULL,NULL,1,865,3263.87,3.77
HOUSEHOLD_1,2016-03-14,11607,Monday,TX_3,TX,HOUSEHOLD,NULL,NULL,NULL,NULL,0,822,2994.02,3.64
HOUSEHOLD_1,2016-03-15,11607,Tuesday,TX_3,TX,HOUSEHOLD,NULL,NULL,NULL,NULL,1,772,3110.37,4.03
HOUSEHOLD_1,2016-03-16,11607,Wednesday,TX_3,TX,HOUSEHOLD,NULL,NULL,NULL,NULL,0,830,3128.57,3.77
HOUSEHOLD_1,2016-03-18,11607,Friday,TX_3,TX,HOUSEHOLD,NULL,NULL,NULL,NULL,0,791,2913.18,3.68
HOUSEHOLD_1,2016-03-19,11608,Saturday,TX_3,TX,HOUSEHOLD,NULL,NULL,NULL,NULL,0,951,3462.39,3.64
HOUSEHOLD_1,2016-03-20,11608,Sunday,TX_3,TX,HOUSEHOLD,NULL,NULL,NULL,NULL,0,881,3564.28,4.05
HOUSEHOLD_1,2016-03-21,11608,Monday,TX_3,TX,HOUSEHOLD,NULL,NULL,NULL,NULL,0,767,3199.60,4.17
HOUSEHOLD_1,2016-03-22,11608,Tuesday,TX_3,TX,HOUSEHOLD,NULL,NULL,NULL,NULL,0,619,2585.34,4.18
HOUSEHOLD_1,2016-03-23,11608,Wednesday,TX_3,TX,HOUSEHOLD,NULL,NULL,NULL,NULL,0,701,2688.17,3.83
HOUSEHOLD_1,2016-03-25,11608,Friday,TX_3,TX,HOUSEHOLD,NULL,NULL,NULL,NULL,0,742,2775.18,3.74
HOUSEHOLD_1,2016-03-26,11609,Saturday,TX_3,TX,HOUSEHOLD,NULL,NULL,NULL,NULL,0,815,3310.78,4.06
HOUSEHOLD_1,2016-03-28,11609,Monday,TX_3,TX,HOUSEHOLD,NULL,NULL,NULL,NULL,0,686,2792.09,4.07
HOUSEHOLD_1,2016-03-29,11609,Tuesday,TX_3,TX,HOUSEHOLD,NULL,NULL,NULL,NULL,0,638,2352.21,3.69
HOUSEHOLD_1,2016-03-30,11609,Wednesday,TX_3,TX,HOUSEHOLD,NULL,NULL,NULL,NULL,0,625,2565.33,4.10
HOUSEHOLD_1,2016-03-31,11609,Thursday,TX_3,TX,HOUSEHOLD,NULL,NULL,NULL,NULL,0,848,3227.96,3.81
HOUSEHOLD_1,2016-04-01,11609,Friday,TX_3,TX,HOUSEHOLD,NULL,NULL,NULL,NULL,1,928,3563.03,3.84
HOUSEHOLD_1,2016-04-02,11610,Saturday,TX_3,TX,HOUSEHOLD,NULL,NULL,NULL,NULL,0,1041,4108.94,3.95
HOUSEHOLD_1,2016-04-03,11610,Sunday,TX_3,TX,HOUSEHOLD,NULL,NULL,NULL,NULL,1,911,3708.37,4.07
HOUSEHOLD_1,2016-04-04,11610,Monday,TX_3,TX,HOUSEHOLD,NULL,NULL,NULL,NULL,0,803,3361.91,4.19
HOUSEHOLD_1,2016-04-05,11610,Tuesday,TX_3,TX,HOUSEHOLD,NULL,NULL,NULL,NULL,1,711,2682.71,3.77
HOUSEHOLD_1,2016-04-06,11610,Wednesday,TX_3,TX,HOUSEHOLD,NULL,NULL,NULL,NULL,1,757,2991.75,3.95
HOUSEHOLD_1,2016-04-07,11610,Thursday,TX_3,TX,HOUSEHOLD,NULL,NULL,NULL,NULL,1,734,3077.81,4.19
HOUSEHOLD_1,2016-04-08,11610,Friday,TX_3,TX,HOUSEHOLD,NULL,NULL,NULL,NULL,0,748,2862.50,3.83
HOUSEHOLD_1,2016-04-09,11611,Saturday,TX_3,TX,HOUSEHOLD,NULL,NULL,NULL,NULL,1,881,3361.69,3.82
HOUSEHOLD_1,2016-04-10,11611,Sunday,TX_3,TX,HOUSEHOLD,NULL,NULL,NULL,NULL,0,932,3931.30,4.22
HOUSEHOLD_1,2016-04-11,11611,Monday,TX_3,TX,HOUSEHOLD,NULL,NULL,NULL,NULL,1,739,2890.03,3.91
HOUSEHOLD_1,2016-04-12,11611,Tuesday,TX_3,TX,HOUSEHOLD,NULL,NULL,NULL,NULL,1,658,2747.16,4.18
HOUSEHOLD_1,2016-04-13,11611,Wednesday,TX_3,TX,HOUSEHOLD,NULL,NULL,NULL,NULL,1,582,2345.35,4.03
HOUSEHOLD_1,2016-04-14,11611,Thursday,TX_3,TX,HOUSEHOLD,NULL,NULL,NULL,NULL,0,614,2566.84,4.18
HOUSEHOLD_1,2016-04-15,11611,Friday,TX_3,TX,HOUSEHOLD,NULL,NULL,NULL,NULL,1,736,2809.37,3.82
HOUSEHOLD_1,2016-04-16,11612,Saturday,TX_3,TX,HOUSEHOLD,NULL,NULL,NULL,NULL,0,862,3597.11,4.17
HOUSEHOLD_1,2016-04-17,11612,Sunday,TX_3,TX,HOUSEHOLD,NULL,NULL,NULL,NULL,0,905,3791.01,4.19
HOUSEHOLD_1,2016-04-18,11612,Monday,TX_3,TX,HOUSEHOLD,NULL,NULL,NULL,NULL,0,602,2398.20,3.98
HOUSEHOLD_1,2016-04-19,11612,Tuesday,TX_3,TX,HOUSEHOLD,NULL,NULL,NULL,NULL,0,802,3315.42,4.13
HOUSEHOLD_1,2016-04-20,11612,Wednesday,TX_3,TX,HOUSEHOLD,NULL,NULL,NULL,NULL,0,611,2378.15,3.89
HOUSEHOLD_1,2016-04-21,11612,Thursday,TX_3,TX,HOUSEHOLD,NULL,NULL,NULL,NULL,0,745,2935.71,3.94
HOUSEHOLD_1,2016-04-22,11612,Friday,TX_3,TX,HOUSEHOLD,NULL,NULL,NULL,NULL,0,793,3142.38,3.96
HOUSEHOLD_1,2016-04-23,11613,Saturday,TX_3,TX,HOUSEHOLD,NULL,NULL,NULL,NULL,0,801,3145.76,3.93
HOUSEHOLD_1,2016-04-24,11613,Sunday,TX_3,TX,HOUSEHOLD,NULL,NULL,NULL,NULL,0,864,3679.41,4.26
HOUSEHOLD_1,2016-04-25,11613,Monday,TX_3,TX,HOUSEHOLD,NULL,NULL,NULL,NULL,0,800,3096.51,3.87
HOUSEHOLD_1,2016-04-26,11613,Tuesday,TX_3,TX,HOUSEHOLD,NULL,NULL,NULL,NULL,0,713,2689.02,3.77
HOUSEHOLD_1,2016-04-27,11613,Wednesday,TX_3,TX,HOUSEHOLD,NULL,NULL,NULL,NULL,0,601,2378.53,3.96
HOUSEHOLD_1,2016-04-28,11613,Thursday,TX_3,TX,HOUSEHOLD,NULL,NULL,NULL,NULL,0,680,2751.07,4.05
HOUSEHOLD_1,2016-04-29,11613,Friday,TX_3,TX,HOUSEHOLD,NULL,NULL,NULL,NULL,0,946,3650.63,3.86
HOUSEHOLD_1,2016-05-02,11614,Monday,TX_3,TX,HOUSEHOLD,NULL,NULL,NULL,NULL,0,820,3316.96,4.05
HOUSEHOLD_1,2016-05-03,11614,Tuesday,TX_3,TX,HOUSEHOLD,NULL,NULL,NULL,NULL,1,983,3694.39,3.76
HOUSEHOLD_1,2016-05-04,11614,Wednesday,TX_3,TX,HOUSEHOLD,NULL,NULL,NULL,NULL,0,715,2704.90,3.78
HOUSEHOLD_1,2016-05-06,11614,Friday,TX_3,TX,HOUSEHOLD,NULL,NULL,NULL,NULL,1,709,2835.00,4.00
HOUSEHOLD_1,2016-05-07,11615,Saturday,TX_3,TX,HOUSEHOLD,NULL,NULL,NULL,NULL,1,875,3415.47,3.90
HOUSEHOLD_1,2016-05-09,11615,Monday,TX_3,TX,HOUSEHOLD,NULL,NULL,NULL,NULL,1,806,3343.92,4.15
HOUSEHOLD_1,2016-05-10,11615,Tuesday,TX_3,TX,HOUSEHOLD,NULL,NULL,NULL,NULL,0,674,2720.19,4.04
HOUSEHOLD_1,2016-05-11,11615,Wednesday,TX_3,TX,HOUSEHOLD,NULL,NULL,NULL,NULL,1,687,2871.71,4.18
HOUSEHOLD_1,2016-05-12,11615,Thursday,TX_3,TX,HOUSEHOLD,NULL,NULL,NULL,NULL,1,676,2622.51,3.88
HOUSEHOLD_1,2016-05-13,11615,Friday,TX_3,TX,HOUSEHOLD,NULL,NULL,NULL,NULL,1,739,2931.50,3.97
HOUSEHOLD_1,2016-05-14,11616,Saturday,TX_3,TX,HOUSEHOLD,NULL,NULL,NULL,NULL,0,917,3475.59,3.79
HOUSEHOLD_1,2016-05-15,11616,Sunday,TX_3,TX,HOUSEHOLD,NULL,NULL,NULL,NULL,1,1002,4320.08,4.31
HOUSEHOLD_1,2016-05-16,11616,Monday,TX_3,TX,HOUSEHOLD,NULL,NULL,NULL,NULL,0,885,3595.98,4.06
HOUSEHOLD_1,2016-05-17,11616,Tuesday,TX_3,TX,HOUSEHOLD,NULL,NULL,NULL,NULL,0,862,3338.14,3.87
HOUSEHOLD_1,2016-05-18,11616,Wednesday,TX_3,TX,HOUSEHOLD,NULL,NULL,NULL,NULL,0,737,2742.80,3.72
HOUSEHOLD_1,2016-05-19,11616,Thursday,TX_3,TX,HOUSEHOLD,NULL,NULL,NULL,NULL,0,631,2426.59,3.85
HOUSEHOLD_1,2016-05-20,11616,Friday,TX_3,TX,HOUSEHOLD,NULL,NULL,NULL,NULL,0,935,3689.70,3.95
HOUSEHOLD_1,2016-05-21,11617,Saturday,TX_3,TX,HOUSEHOLD,NULL,NULL,NULL,NULL,0,955,3759.63,3.94
HOUSEHOLD_1,2016-05-22,11617,Sunday,TX_3,TX,HOUSEHOLD,NULL,NULL,NULL,NULL,0,980,4231.04,4.32
